           <...>-3072  [000] d...    87.564799: sched_stat_runtime: comm=CompositorTileW pid=3072 runtime=4597 [ns] vruntime=43859973791 [ns]
           <...>-3072  [000] d...    87.564800: sched_switch: prev_comm=CompositorTileW prev_pid=3072 prev_prio=120 prev_state=S ==> next_comm=swapper/0 next_pid=0 next_prio=120
          <idle>-0     [000] d...    87.564801: cpu_idle: state=6 cpu_id=0
          <idle>-0     [000] dN..    87.564803: cpu_idle: state=4294967295 cpu_id=0
          <idle>-0     [000] d...    87.564803: sched_switch: prev_comm=swapper/0 prev_pid=0 prev_prio=120 prev_state=R ==> next_comm=CompositorTileW next_pid=3072 next_prio=120
           <...>-3072  [000] d...    87.564804: sched_stat_runtime: comm=CompositorTileW pid=3072 runtime=2751 [ns] vruntime=43859976542 [ns]
           <...>-3072  [000] d...    87.564804: sched_switch: prev_comm=CompositorTileW prev_pid=3072 prev_prio=120 prev_state=S ==> next_comm=swapper/0 next_pid=0 next_prio=120
          <idle>-0     [000] d...    87.564805: cpu_idle: state=6 cpu_id=0
          <idle>-0     [000] dN..    87.564811: cpu_idle: state=4294967295 cpu_id=0
          <idle>-0     [000] d...    87.564812: sched_switch: prev_comm=swapper/0 prev_pid=0 prev_prio=120 prev_state=R ==> next_comm=CompositorTileW next_pid=3072 next_prio=120
           <...>-3072  [000] d...    87.564827: sched_stat_runtime: comm=CompositorTileW pid=3072 runtime=20842 [ns] vruntime=43859997384 [ns]
           <...>-3072  [000] d...    87.564828: sched_switch: prev_comm=CompositorTileW prev_pid=3072 prev_prio=120 prev_state=S ==> next_comm=swapper/0 next_pid=0 next_prio=120
          <idle>-0     [000] d...    87.564828: cpu_idle: state=6 cpu_id=0
          <idle>-0     [000] dN..    87.565391: cpu_idle: state=4294967295 cpu_id=0
          <idle>-0     [000] d...    87.565394: sched_switch: prev_comm=swapper/0 prev_pid=0 prev_prio=120 prev_state=R ==> next_comm=chrome next_pid=1896 next_prio=120
          chrome-1896  [000] d...    87.566348: sched_stat_runtime: comm=chrome pid=1896 runtime=980352 [ns] vruntime=43872684289 [ns]
          chrome-1896  [000] d...    87.566350: sutil_marker: Schedutil: get_next_freq: 800000: 1024
          chrome-1896  [000] d...    87.566351: sutil_marker: Schedutil: update-single-util: 109: 130
          chrome-1896  [000] d...    87.566352: sutil_marker: Schedutil: update-single-boost: 109: 130
          chrome-1896  [000] d...    87.566352: sutil_marker: Schedutil: update-single-freq: 800000: 800000
          chrome-1896  [000] d...    87.566353: sched_switch: prev_comm=chrome prev_pid=1896 prev_prio=120 prev_state=S ==> next_comm=swapper/0 next_pid=0 next_prio=120
          <idle>-0     [000] d...    87.566356: cpu_idle: state=4 cpu_id=0
          <idle>-0     [000] dN..    87.566573: cpu_idle: state=4294967295 cpu_id=0
          <idle>-0     [000] d...    87.566576: sched_switch: prev_comm=swapper/0 prev_pid=0 prev_prio=120 prev_state=R ==> next_comm=chrome next_pid=1896 next_prio=120
          chrome-1896  [000] d...    87.566647: sched_waking: comm=Xorg pid=1080 prio=120 target_cpu=002
          chrome-1896  [000] d...    87.566650: sched_wake_idle_without_ipi: cpu=2
          chrome-1896  [000] d...    87.566650: sched_wakeup: comm=Xorg pid=1080 prio=120 target_cpu=002
          chrome-1896  [000] d...    87.566652: sched_stat_runtime: comm=chrome pid=1896 runtime=102491 [ns] vruntime=43872786780 [ns]
          chrome-1896  [000] d...    87.566653: sched_switch: prev_comm=chrome prev_pid=1896 prev_prio=120 prev_state=S ==> next_comm=swapper/0 next_pid=0 next_prio=120
          <idle>-0     [000] d...    87.566672: cpu_idle: state=4 cpu_id=0
          <idle>-0     [000] dN..    87.566769: cpu_idle: state=4294967295 cpu_id=0
          <idle>-0     [000] d...    87.566772: sched_switch: prev_comm=swapper/0 prev_pid=0 prev_prio=120 prev_state=R ==> next_comm=chrome next_pid=1896 next_prio=120
          chrome-1896  [000] d...    87.567028: sched_waking: comm=Xorg pid=1080 prio=120 target_cpu=002
          chrome-1896  [000] d...    87.567030: sched_wake_idle_without_ipi: cpu=2
          chrome-1896  [000] d...    87.567030: sched_wakeup: comm=Xorg pid=1080 prio=120 target_cpu=002
          chrome-1896  [000] d...    87.567032: sched_stat_runtime: comm=chrome pid=1896 runtime=285320 [ns] vruntime=43873072100 [ns]
          chrome-1896  [000] d...    87.567032: sched_switch: prev_comm=chrome prev_pid=1896 prev_prio=120 prev_state=S ==> next_comm=swapper/0 next_pid=0 next_prio=120
          <idle>-0     [000] d...    87.567051: cpu_idle: state=4 cpu_id=0
          <idle>-0     [000] dN..    87.567116: cpu_idle: state=4294967295 cpu_id=0
          <idle>-0     [000] d...    87.567119: sched_switch: prev_comm=swapper/0 prev_pid=0 prev_prio=120 prev_state=R ==> next_comm=chrome next_pid=1896 next_prio=120
          chrome-1896  [000] d...    87.567130: sched_waking: comm=Xorg pid=1080 prio=120 target_cpu=002
          chrome-1896  [000] d...    87.567132: sched_wake_idle_without_ipi: cpu=2
          chrome-1896  [000] d...    87.567132: sched_wakeup: comm=Xorg pid=1080 prio=120 target_cpu=002
          chrome-1896  [000] d...    87.567133: sched_stat_runtime: comm=chrome pid=1896 runtime=39885 [ns] vruntime=43873111985 [ns]
          chrome-1896  [000] d...    87.567134: sched_switch: prev_comm=chrome prev_pid=1896 prev_prio=120 prev_state=S ==> next_comm=swapper/0 next_pid=0 next_prio=120
          <idle>-0     [000] d...    87.567136: cpu_idle: state=4 cpu_id=0
          <idle>-0     [000] dN..    87.567240: cpu_idle: state=4294967295 cpu_id=0
          <idle>-0     [000] d...    87.567242: sched_switch: prev_comm=swapper/0 prev_pid=0 prev_prio=120 prev_state=R ==> next_comm=chrome next_pid=1896 next_prio=120
          chrome-1896  [000] d...    87.567251: sched_waking: comm=Xorg pid=1080 prio=120 target_cpu=002
          chrome-1896  [000] d...    87.567253: sched_wake_idle_without_ipi: cpu=2
          chrome-1896  [000] d...    87.567253: sched_wakeup: comm=Xorg pid=1080 prio=120 target_cpu=002
          chrome-1896  [000] d...    87.567254: sched_stat_runtime: comm=chrome pid=1896 runtime=37805 [ns] vruntime=43873149790 [ns]
          chrome-1896  [000] d...    87.567255: sched_switch: prev_comm=chrome prev_pid=1896 prev_prio=120 prev_state=S ==> next_comm=swapper/0 next_pid=0 next_prio=120
          <idle>-0     [000] d...    87.567257: cpu_idle: state=3 cpu_id=0
          <idle>-0     [000] dN..    87.567390: cpu_idle: state=4294967295 cpu_id=0
          <idle>-0     [000] d...    87.567391: sched_switch: prev_comm=swapper/0 prev_pid=0 prev_prio=120 prev_state=R ==> next_comm=chrome next_pid=1896 next_prio=120
          chrome-1896  [000] d...    87.567396: sched_waking: comm=Xorg pid=1080 prio=120 target_cpu=002
          chrome-1896  [000] d...    87.567397: sched_wake_idle_without_ipi: cpu=2
          chrome-1896  [000] d...    87.567397: sched_wakeup: comm=Xorg pid=1080 prio=120 target_cpu=002
          chrome-1896  [000] d...    87.567398: sched_stat_runtime: comm=chrome pid=1896 runtime=50974 [ns] vruntime=43873200764 [ns]
          chrome-1896  [000] d...    87.567399: sutil_marker: Schedutil: get_next_freq: 800000: 1024
          chrome-1896  [000] d...    87.567399: sutil_marker: Schedutil: update-single-util: 130: 138
          chrome-1896  [000] d...    87.567399: sutil_marker: Schedutil: update-single-boost: 130: 138
          chrome-1896  [000] d...    87.567399: sutil_marker: Schedutil: update-single-freq: 800000: 800000
          chrome-1896  [000] d...    87.567399: sched_switch: prev_comm=chrome prev_pid=1896 prev_prio=120 prev_state=S ==> next_comm=swapper/0 next_pid=0 next_prio=120
          <idle>-0     [000] d...    87.567400: cpu_idle: state=3 cpu_id=0
          <idle>-0     [000] dN..    87.567542: cpu_idle: state=4294967295 cpu_id=0
          <idle>-0     [000] d...    87.567544: sched_switch: prev_comm=swapper/0 prev_pid=0 prev_prio=120 prev_state=R ==> next_comm=chrome next_pid=1896 next_prio=120
          chrome-1896  [000] d...    87.567553: sched_waking: comm=Chrome_ChildIOT pid=1903 prio=120 target_cpu=007
          chrome-1896  [000] d...    87.567554: sched_wake_idle_without_ipi: cpu=7
          chrome-1896  [000] d...    87.567554: sched_wakeup: comm=Chrome_ChildIOT pid=1903 prio=120 target_cpu=007
          chrome-1896  [000] d...    87.567623: sched_waking: comm=Xorg pid=1080 prio=120 target_cpu=002
          chrome-1896  [000] d...    87.567624: sched_wake_idle_without_ipi: cpu=2
          chrome-1896  [000] d...    87.567624: sched_wakeup: comm=Xorg pid=1080 prio=120 target_cpu=002
          chrome-1896  [000] d...    87.567627: sched_stat_runtime: comm=chrome pid=1896 runtime=84057 [ns] vruntime=43873284821 [ns]
          chrome-1896  [000] d...    87.567628: sched_switch: prev_comm=chrome prev_pid=1896 prev_prio=120 prev_state=S ==> next_comm=swapper/0 next_pid=0 next_prio=120
          <idle>-0     [000] d...    87.567646: cpu_idle: state=2 cpu_id=0
          <idle>-0     [000] dN..    87.567690: cpu_idle: state=4294967295 cpu_id=0
          <idle>-0     [000] d...    87.567690: sched_switch: prev_comm=swapper/0 prev_pid=0 prev_prio=120 prev_state=R ==> next_comm=chrome next_pid=1896 next_prio=120
          chrome-1896  [000] d...    87.567699: sched_waking: comm=Chrome_ChildIOT pid=1903 prio=120 target_cpu=007
          chrome-1896  [000] d...    87.567700: sched_wake_idle_without_ipi: cpu=7
          chrome-1896  [000] d...    87.567700: sched_wakeup: comm=Chrome_ChildIOT pid=1903 prio=120 target_cpu=007
          chrome-1896  [000] d...    87.567730: sched_stat_runtime: comm=chrome pid=1896 runtime=41316 [ns] vruntime=43873326137 [ns]
          chrome-1896  [000] d...    87.567730: sched_switch: prev_comm=chrome prev_pid=1896 prev_prio=120 prev_state=S ==> next_comm=swapper/0 next_pid=0 next_prio=120
          <idle>-0     [000] d...    87.567731: cpu_idle: state=2 cpu_id=0
          <idle>-0     [000] d...    87.568784: cpu_idle: state=4294967295 cpu_id=0
          <idle>-0     [000] d.h.    87.568805: sched_waking: comm=chrome pid=1896 prio=120 target_cpu=000
          <idle>-0     [000] d.h.    87.568814: sutil_marker: Schedutil: get_next_freq: 800000: 1024
          <idle>-0     [000] d.h.    87.568816: sutil_marker: Schedutil: update-single-util: 138: 136
          <idle>-0     [000] d.h.    87.568817: sutil_marker: Schedutil: update-single-boost: 138: 136
          <idle>-0     [000] d.h.    87.568817: sutil_marker: Schedutil: update-single-freq: 800000: 800000
          <idle>-0     [000] dNh.    87.568819: sched_wakeup: comm=chrome pid=1896 prio=120 target_cpu=000
          <idle>-0     [000] d...    87.568831: sched_switch: prev_comm=swapper/0 prev_pid=0 prev_prio=120 prev_state=R ==> next_comm=chrome next_pid=1896 next_prio=120
          chrome-1896  [000] d...    87.568947: sched_stat_runtime: comm=chrome pid=1896 runtime=137364 [ns] vruntime=43873463501 [ns]
          chrome-1896  [000] d...    87.568948: sched_switch: prev_comm=chrome prev_pid=1896 prev_prio=120 prev_state=S ==> next_comm=swapper/0 next_pid=0 next_prio=120
          <idle>-0     [000] d...    87.568951: cpu_idle: state=2 cpu_id=0
          <idle>-0     [000] dN..    87.579094: cpu_idle: state=4294967295 cpu_id=0
          <idle>-0     [000] d...    87.579096: sched_switch: prev_comm=swapper/0 prev_pid=0 prev_prio=120 prev_state=R ==> next_comm=chrome next_pid=1896 next_prio=120
          chrome-1896  [000] d...    87.579119: sched_stat_runtime: comm=chrome pid=1896 runtime=23956 [ns] vruntime=43873487457 [ns]
          chrome-1896  [000] d...    87.579119: sched_switch: prev_comm=chrome prev_pid=1896 prev_prio=120 prev_state=S ==> next_comm=swapper/0 next_pid=0 next_prio=120
          <idle>-0     [000] d...    87.579120: cpu_idle: state=2 cpu_id=0
          <idle>-0     [000] d...    87.579502: cpu_idle: state=4294967295 cpu_id=0
          <idle>-0     [000] d...    87.579538: cpu_idle: state=6 cpu_id=0
          <idle>-0     [000] dN..    87.591498: cpu_idle: state=4294967295 cpu_id=0
          <idle>-0     [000] dN..    87.591510: sutil_marker: Schedutil: get_next_freq: 800000: 1024
          <idle>-0     [000] dN..    87.591511: sutil_marker: Schedutil: update-single-util: 136: 87
          <idle>-0     [000] dN..    87.591512: sutil_marker: Schedutil: update-single-boost: 136: 87
          <idle>-0     [000] dN..    87.591512: sutil_marker: Schedutil: update-single-freq: 800000: 800000
          <idle>-0     [000] d...    87.591515: sched_switch: prev_comm=swapper/0 prev_pid=0 prev_prio=120 prev_state=R ==> next_comm=mate-maximus next_pid=1505 next_prio=120
    mate-maximus-1505  [000] d.h.    87.591521: sched_stat_runtime: comm=mate-maximus pid=1505 runtime=18430 [ns] vruntime=43861505887 [ns]
    mate-maximus-1505  [000] d...    87.591624: sched_stat_runtime: comm=mate-maximus pid=1505 runtime=103065 [ns] vruntime=43861608952 [ns]
    mate-maximus-1505  [000] d...    87.591628: sched_switch: prev_comm=mate-maximus prev_pid=1505 prev_prio=120 prev_state=S ==> next_comm=swapper/0 next_pid=0 next_prio=120
          <idle>-0     [000] d...    87.591639: cpu_idle: state=6 cpu_id=0
          <idle>-0     [000] dN..    87.595851: cpu_idle: state=4294967295 cpu_id=0
          <idle>-0     [000] d...    87.595862: sched_switch: prev_comm=swapper/0 prev_pid=0 prev_prio=120 prev_state=R ==> next_comm=chrome next_pid=1896 next_prio=120
          chrome-1896  [000] d...    87.595920: sched_stat_runtime: comm=chrome pid=1896 runtime=64152 [ns] vruntime=43873551609 [ns]
          chrome-1896  [000] d...    87.595943: sched_switch: prev_comm=chrome prev_pid=1896 prev_prio=120 prev_state=S ==> next_comm=swapper/0 next_pid=0 next_prio=120
          <idle>-0     [000] d...    87.595951: cpu_idle: state=6 cpu_id=0
          <idle>-0     [000] d...    87.597781: cpu_idle: state=4294967295 cpu_id=0
          <idle>-0     [000] d.h.    87.597789: sched_waking: comm=watchdog/0 pid=11 prio=0 target_cpu=000
          <idle>-0     [000] dNh.    87.597793: sched_wakeup: comm=watchdog/0 pid=11 prio=0 target_cpu=000
          <idle>-0     [000] d...    87.597804: sched_switch: prev_comm=swapper/0 prev_pid=0 prev_prio=120 prev_state=R ==> next_comm=watchdog/0 next_pid=11 next_prio=0
      watchdog/0-11    [000] d...    87.597817: sutil_marker: Schedutil: update-single-util: 87: 82
      watchdog/0-11    [000] d...    87.597818: sutil_marker: Schedutil: update-single-boost: 87: 82
      watchdog/0-11    [000] d...    87.597818: sutil_marker: Schedutil: update-single-freq: 800000: 4000000
      watchdog/0-11    [000] d...    87.597822: cpu_frequency: state=4000000 cpu_id=0
      watchdog/0-11    [000] d...    87.597825: sched_switch: prev_comm=watchdog/0 prev_pid=11 prev_prio=0 prev_state=S ==> next_comm=swapper/0 next_pid=0 next_prio=120
          <idle>-0     [000] d...    87.597835: cpu_idle: state=4 cpu_id=0
          <idle>-0     [000] dN..    87.598377: cpu_idle: state=4294967295 cpu_id=0
          <idle>-0     [000] d...    87.598379: sched_switch: prev_comm=swapper/0 prev_pid=0 prev_prio=120 prev_state=R ==> next_comm=SimpleCacheWork next_pid=1906 next_prio=120
           <...>-1906  [000] d...    87.598383: sched_stat_runtime: comm=SimpleCacheWork pid=1906 runtime=32970 [ns] vruntime=43861584579 [ns]
           <...>-1906  [000] d...    87.598383: sched_switch: prev_comm=SimpleCacheWork prev_pid=1906 prev_prio=120 prev_state=S ==> next_comm=swapper/0 next_pid=0 next_prio=120
          <idle>-0     [000] d...    87.598385: cpu_idle: state=4 cpu_id=0
          <idle>-0     [000] dN..    87.598573: cpu_idle: state=4294967295 cpu_id=0
          <idle>-0     [000] d...    87.598576: sched_switch: prev_comm=swapper/0 prev_pid=0 prev_prio=120 prev_state=R ==> next_comm=SimpleCacheWork next_pid=2370 next_prio=120
           <...>-2370  [000] d...    87.598579: sched_stat_runtime: comm=SimpleCacheWork pid=2370 runtime=29388 [ns] vruntime=43861615020 [ns]
           <...>-2370  [000] d...    87.598580: sched_switch: prev_comm=SimpleCacheWork prev_pid=2370 prev_prio=120 prev_state=S ==> next_comm=swapper/0 next_pid=0 next_prio=120
          <idle>-0     [000] d...    87.598581: cpu_idle: state=4 cpu_id=0
          <idle>-0     [000] dN..    87.598764: cpu_idle: state=4294967295 cpu_id=0
          <idle>-0     [000] d...    87.598767: sched_switch: prev_comm=swapper/0 prev_pid=0 prev_prio=120 prev_state=R ==> next_comm=SimpleCacheWork next_pid=1906 next_prio=120
           <...>-1906  [000] d...    87.598769: sched_stat_runtime: comm=SimpleCacheWork pid=1906 runtime=28120 [ns] vruntime=43861612699 [ns]
           <...>-1906  [000] d...    87.598770: sched_switch: prev_comm=SimpleCacheWork prev_pid=1906 prev_prio=120 prev_state=S ==> next_comm=swapper/0 next_pid=0 next_prio=120
          <idle>-0     [000] d...    87.598772: cpu_idle: state=4 cpu_id=0
          <idle>-0     [000] d...    87.599507: cpu_idle: state=4294967295 cpu_id=0
          <idle>-0     [000] d.s.    87.599532: sutil_marker: Schedutil: update-single-return: 82: 81
          <idle>-0     [000] d...    87.599535: cpu_idle: state=4 cpu_id=0
          <idle>-0     [000] dN..    87.603025: cpu_idle: state=4294967295 cpu_id=0
          <idle>-0     [000] dN..    87.603028: sutil_marker: Schedutil: update-single-return: 81: 87
          <idle>-0     [000] d...    87.603028: sched_switch: prev_comm=swapper/0 prev_pid=0 prev_prio=120 prev_state=R ==> next_comm=Chrome_ChildIOT next_pid=1903 next_prio=120
 Chrome_ChildIOT-1903  [000] d...    87.603073: sched_waking: comm=chrome pid=1896 prio=120 target_cpu=000
 Chrome_ChildIOT-1903  [000] d...    87.603074: sched_migrate_task: comm=chrome pid=1896 prio=120 orig_cpu=0 dest_cpu=1
 Chrome_ChildIOT-1903  [000] d...    87.603075: sutil_marker: Schedutil: attach_entity_load_avg: 0: 0
 Chrome_ChildIOT-1903  [000] d...    87.603075: sched_wake_idle_without_ipi: cpu=1
 Chrome_ChildIOT-1903  [000] d...    87.603076: sched_wakeup: comm=chrome pid=1896 prio=120 target_cpu=001
 Chrome_ChildIOT-1903  [000] d...    87.603098: sched_stat_runtime: comm=Chrome_ChildIOT pid=1903 runtime=72116 [ns] vruntime=43864086411 [ns]
 Chrome_ChildIOT-1903  [000] d...    87.603099: sched_switch: prev_comm=Chrome_ChildIOT prev_pid=1903 prev_prio=120 prev_state=S ==> next_comm=swapper/0 next_pid=0 next_prio=120
          <idle>-0     [000] d...    87.603101: cpu_idle: state=4 cpu_id=0
          <idle>-0     [000] dN..    87.603519: cpu_idle: state=4294967295 cpu_id=0
          <idle>-0     [000] d...    87.603521: sched_switch: prev_comm=swapper/0 prev_pid=0 prev_prio=120 prev_state=R ==> next_comm=Chrome_ChildIOT next_pid=1903 next_prio=120
 Chrome_ChildIOT-1903  [000] d...    87.603537: sched_waking: comm=chrome pid=1896 prio=120 target_cpu=001
 Chrome_ChildIOT-1903  [000] d...    87.603538: sched_wake_idle_without_ipi: cpu=1
 Chrome_ChildIOT-1903  [000] d...    87.603538: sched_wakeup: comm=chrome pid=1896 prio=120 target_cpu=001
 Chrome_ChildIOT-1903  [000] d...    87.603543: sched_stat_runtime: comm=Chrome_ChildIOT pid=1903 runtime=23092 [ns] vruntime=43864109503 [ns]
 Chrome_ChildIOT-1903  [000] d...    87.603544: sched_switch: prev_comm=Chrome_ChildIOT prev_pid=1903 prev_prio=120 prev_state=S ==> next_comm=swapper/0 next_pid=0 next_prio=120
          <idle>-0     [000] d...    87.603562: cpu_idle: state=4 cpu_id=0
          <idle>-0     [000] dN..    87.604029: cpu_idle: state=4294967295 cpu_id=0
          <idle>-0     [000] d...    87.604031: sched_switch: prev_comm=swapper/0 prev_pid=0 prev_prio=120 prev_state=R ==> next_comm=Chrome_ChildIOT next_pid=1903 next_prio=120
 Chrome_ChildIOT-1903  [000] d...    87.604068: sched_stat_runtime: comm=Chrome_ChildIOT pid=1903 runtime=64254 [ns] vruntime=43864173757 [ns]
 Chrome_ChildIOT-1903  [000] d...    87.604069: sutil_marker: Schedutil: update-single-return: 87: 30
 Chrome_ChildIOT-1903  [000] d...    87.604070: sched_switch: prev_comm=Chrome_ChildIOT prev_pid=1903 prev_prio=120 prev_state=S ==> next_comm=swapper/0 next_pid=0 next_prio=120
          <idle>-0     [000] d...    87.604072: cpu_idle: state=4 cpu_id=0
          <idle>-0     [000] dN..    87.605069: cpu_idle: state=4294967295 cpu_id=0
          <idle>-0     [000] d...    87.605072: sched_switch: prev_comm=swapper/0 prev_pid=0 prev_prio=120 prev_state=R ==> next_comm=Chrome_ChildIOT next_pid=1903 next_prio=120
 Chrome_ChildIOT-1903  [000] d...    87.605104: sched_waking: comm=Chrome_IOThread pid=1860 prio=120 target_cpu=003
 Chrome_ChildIOT-1903  [000] d...    87.605105: sched_wake_idle_without_ipi: cpu=3
 Chrome_ChildIOT-1903  [000] d...    87.605105: sched_wakeup: comm=Chrome_IOThread pid=1860 prio=120 target_cpu=003
 Chrome_ChildIOT-1903  [000] d...    87.605112: sched_stat_runtime: comm=Chrome_ChildIOT pid=1903 runtime=66612 [ns] vruntime=43864240369 [ns]
 Chrome_ChildIOT-1903  [000] d...    87.605113: sutil_marker: Schedutil: update-single-return: 30: 31
 Chrome_ChildIOT-1903  [000] d...    87.605113: sched_switch: prev_comm=Chrome_ChildIOT prev_pid=1903 prev_prio=120 prev_state=S ==> next_comm=swapper/0 next_pid=0 next_prio=120
          <idle>-0     [000] d...    87.605115: cpu_idle: state=4 cpu_id=0
          <idle>-0     [000] dN..    87.605244: cpu_idle: state=4294967295 cpu_id=0
          <idle>-0     [000] d...    87.605246: sched_switch: prev_comm=swapper/0 prev_pid=0 prev_prio=120 prev_state=R ==> next_comm=Chrome_ChildIOT next_pid=1903 next_prio=120
 Chrome_ChildIOT-1903  [000] d...    87.605258: sched_waking: comm=Chrome_IOThread pid=1860 prio=120 target_cpu=003
 Chrome_ChildIOT-1903  [000] d...    87.605259: sched_migrate_task: comm=Chrome_IOThread pid=1860 prio=120 orig_cpu=3 dest_cpu=5
 Chrome_ChildIOT-1903  [000] d...    87.605260: sutil_marker: Schedutil: attach_entity_load_avg: 0: 0
 Chrome_ChildIOT-1903  [000] d...    87.605261: sched_wake_idle_without_ipi: cpu=5
 Chrome_ChildIOT-1903  [000] d...    87.605261: sched_wakeup: comm=Chrome_IOThread pid=1860 prio=120 target_cpu=005
 Chrome_ChildIOT-1903  [000] d...    87.605282: sched_stat_runtime: comm=Chrome_ChildIOT pid=1903 runtime=63025 [ns] vruntime=43864303394 [ns]
 Chrome_ChildIOT-1903  [000] d...    87.605283: sched_switch: prev_comm=Chrome_ChildIOT prev_pid=1903 prev_prio=120 prev_state=S ==> next_comm=swapper/0 next_pid=0 next_prio=120
          <idle>-0     [000] d...    87.605285: cpu_idle: state=4 cpu_id=0
          <idle>-0     [000] dN..    87.617104: cpu_idle: state=4294967295 cpu_id=0
          <idle>-0     [000] d...    87.617108: sched_switch: prev_comm=swapper/0 prev_pid=0 prev_prio=120 prev_state=R ==> next_comm=chrome next_pid=3067 next_prio=120
           <...>-3067  [000] d...    87.617227: sched_waking: comm=Compositor pid=3069 prio=120 target_cpu=006
           <...>-3067  [000] d...    87.617229: sched_wake_idle_without_ipi: cpu=6
           <...>-3067  [000] d...    87.617229: sched_wakeup: comm=Compositor pid=3069 prio=120 target_cpu=006
           <...>-3067  [000] d...    87.617260: sched_stat_runtime: comm=chrome pid=3067 runtime=153727 [ns] vruntime=43863348926 [ns]
           <...>-3067  [000] d...    87.617261: sched_switch: prev_comm=chrome prev_pid=3067 prev_prio=120 prev_state=S ==> next_comm=swapper/0 next_pid=0 next_prio=120
          <idle>-0     [000] d...    87.617263: cpu_idle: state=6 cpu_id=0
          <idle>-0     [000] dN..    87.617356: cpu_idle: state=4294967295 cpu_id=0
          <idle>-0     [000] d...    87.617379: sched_switch: prev_comm=swapper/0 prev_pid=0 prev_prio=120 prev_state=R ==> next_comm=BrowserBlocking next_pid=1898 next_prio=120
 BrowserBlocking-1898  [000] d...    87.617383: sched_stat_runtime: comm=BrowserBlocking pid=1898 runtime=31589 [ns] vruntime=43861583198 [ns]
 BrowserBlocking-1898  [000] d...    87.617384: sched_switch: prev_comm=BrowserBlocking prev_pid=1898 prev_prio=120 prev_state=S ==> next_comm=swapper/0 next_pid=0 next_prio=120
          <idle>-0     [000] d...    87.617387: cpu_idle: state=6 cpu_id=0
          <idle>-0     [000] dN..    87.617723: cpu_idle: state=4294967295 cpu_id=0
          <idle>-0     [000] d...    87.617725: sched_switch: prev_comm=swapper/0 prev_pid=0 prev_prio=120 prev_state=R ==> next_comm=Chrome_CacheThr next_pid=1859 next_prio=120
           <...>-1859  [000] d...    87.617763: sched_waking: comm=Chrome_IOThread pid=1860 prio=120 target_cpu=005
           <...>-1859  [000] d...    87.617764: sched_wake_idle_without_ipi: cpu=5
           <...>-1859  [000] d...    87.617764: sched_wakeup: comm=Chrome_IOThread pid=1860 prio=120 target_cpu=005
           <...>-1859  [000] d...    87.617767: sched_stat_runtime: comm=Chrome_CacheThr pid=1859 runtime=67199 [ns] vruntime=43861618808 [ns]
           <...>-1859  [000] d...    87.617768: sched_switch: prev_comm=Chrome_CacheThr prev_pid=1859 prev_prio=120 prev_state=S ==> next_comm=swapper/0 next_pid=0 next_prio=120
          <idle>-0     [000] d...    87.617769: cpu_idle: state=6 cpu_id=0
          <idle>-0     [000] dN..    87.617861: cpu_idle: state=4294967295 cpu_id=0
          <idle>-0     [000] d...    87.617863: sched_switch: prev_comm=swapper/0 prev_pid=0 prev_prio=120 prev_state=R ==> next_comm=SimpleCacheWork next_pid=2370 next_prio=120
           <...>-2370  [000] d...    87.617866: sched_stat_runtime: comm=SimpleCacheWork pid=2370 runtime=7804 [ns] vruntime=43861622824 [ns]
           <...>-2370  [000] d...    87.617867: sched_switch: prev_comm=SimpleCacheWork prev_pid=2370 prev_prio=120 prev_state=S ==> next_comm=swapper/0 next_pid=0 next_prio=120
          <idle>-0     [000] d...    87.617868: cpu_idle: state=4 cpu_id=0
          <idle>-0     [000] dN..    87.618104: cpu_idle: state=4294967295 cpu_id=0
          <idle>-0     [000] d...    87.618106: sched_switch: prev_comm=swapper/0 prev_pid=0 prev_prio=120 prev_state=R ==> next_comm=SimpleCacheWork next_pid=1906 next_prio=120
           <...>-1906  [000] d...    87.618109: sched_stat_runtime: comm=SimpleCacheWork pid=1906 runtime=27556 [ns] vruntime=43861640255 [ns]
           <...>-1906  [000] d...    87.618110: sched_switch: prev_comm=SimpleCacheWork prev_pid=1906 prev_prio=120 prev_state=S ==> next_comm=swapper/0 next_pid=0 next_prio=120
          <idle>-0     [000] d...    87.618111: cpu_idle: state=4 cpu_id=0
          <idle>-0     [000] d...    87.619541: cpu_idle: state=4294967295 cpu_id=0
          <idle>-0     [000] d.s.    87.619560: sutil_marker: Schedutil: get_next_freq: 4000000: 1024
          <idle>-0     [000] d.s.    87.619562: sutil_marker: Schedutil: update-single-util: 31: 109
          <idle>-0     [000] d.s.    87.619562: sutil_marker: Schedutil: update-single-boost: 31: 109
          <idle>-0     [000] d.s.    87.619563: sutil_marker: Schedutil: update-single-freq: 4000000: 800000
          <idle>-0     [000] d.s.    87.619566: cpu_frequency: state=800000 cpu_id=0
          <idle>-0     [000] d...    87.619582: cpu_idle: state=6 cpu_id=0
          <idle>-0     [000] dN..    87.620708: cpu_idle: state=4294967295 cpu_id=0
          <idle>-0     [000] d...    87.620710: sched_switch: prev_comm=swapper/0 prev_pid=0 prev_prio=120 prev_state=R ==> next_comm=SimpleCacheWork next_pid=2370 next_prio=120
           <...>-2370  [000] d...    87.620713: sched_stat_runtime: comm=SimpleCacheWork pid=2370 runtime=57522 [ns] vruntime=43861680346 [ns]
           <...>-2370  [000] d...    87.620714: sched_switch: prev_comm=SimpleCacheWork prev_pid=2370 prev_prio=120 prev_state=S ==> next_comm=swapper/0 next_pid=0 next_prio=120
          <idle>-0     [000] d...    87.620715: cpu_idle: state=6 cpu_id=0
          <idle>-0     [000] dN..    87.622091: cpu_idle: state=4294967295 cpu_id=0
          <idle>-0     [000] d...    87.622093: sched_switch: prev_comm=swapper/0 prev_pid=0 prev_prio=120 prev_state=R ==> next_comm=SimpleCacheWork next_pid=1906 next_prio=120
           <...>-1906  [000] d...    87.622096: sched_stat_runtime: comm=SimpleCacheWork pid=1906 runtime=29845 [ns] vruntime=43861670100 [ns]
           <...>-1906  [000] d...    87.622114: sched_switch: prev_comm=SimpleCacheWork prev_pid=1906 prev_prio=120 prev_state=S ==> next_comm=swapper/0 next_pid=0 next_prio=120
          <idle>-0     [000] d...    87.622115: cpu_idle: state=4 cpu_id=0
          <idle>-0     [000] dN..    87.622270: cpu_idle: state=4294967295 cpu_id=0
          <idle>-0     [000] d...    87.622271: sched_switch: prev_comm=swapper/0 prev_pid=0 prev_prio=120 prev_state=R ==> next_comm=chrome next_pid=3067 next_prio=120
           <...>-3067  [000] d...    87.622386: sched_stat_runtime: comm=chrome pid=3067 runtime=118013 [ns] vruntime=43863466939 [ns]
           <...>-3067  [000] d...    87.622387: sched_switch: prev_comm=chrome prev_pid=3067 prev_prio=120 prev_state=S ==> next_comm=swapper/0 next_pid=0 next_prio=120
          <idle>-0     [000] d...    87.622388: cpu_idle: state=4 cpu_id=0
          <idle>-0     [000] dN..    87.622650: cpu_idle: state=4294967295 cpu_id=0
          <idle>-0     [000] d...    87.622652: sched_switch: prev_comm=swapper/0 prev_pid=0 prev_prio=120 prev_state=R ==> next_comm=SimpleCacheWork next_pid=2370 next_prio=120
           <...>-2370  [000] d...    87.622655: sched_stat_runtime: comm=SimpleCacheWork pid=2370 runtime=5928 [ns] vruntime=43861686274 [ns]
           <...>-2370  [000] d...    87.622656: sched_switch: prev_comm=SimpleCacheWork prev_pid=2370 prev_prio=120 prev_state=S ==> next_comm=swapper/0 next_pid=0 next_prio=120
          <idle>-0     [000] d...    87.622657: cpu_idle: state=4 cpu_id=0
          <idle>-0     [000] dN..    87.623035: cpu_idle: state=4294967295 cpu_id=0
          <idle>-0     [000] d...    87.623036: sched_switch: prev_comm=swapper/0 prev_pid=0 prev_prio=120 prev_state=R ==> next_comm=chrome next_pid=3067 next_prio=120
           <...>-3067  [000] d...    87.623047: sched_stat_runtime: comm=chrome pid=3067 runtime=14277 [ns] vruntime=43863481216 [ns]
           <...>-3067  [000] d...    87.623048: sched_switch: prev_comm=chrome prev_pid=3067 prev_prio=120 prev_state=S ==> next_comm=swapper/0 next_pid=0 next_prio=120
          <idle>-0     [000] d...    87.623050: sched_switch: prev_comm=swapper/0 prev_pid=0 prev_prio=120 prev_state=R ==> next_comm=chrome next_pid=3067 next_prio=120
           <...>-3067  [000] d...    87.623470: sched_stat_runtime: comm=chrome pid=3067 runtime=420397 [ns] vruntime=43863901613 [ns]
           <...>-3067  [000] d...    87.623478: sched_switch: prev_comm=chrome prev_pid=3067 prev_prio=120 prev_state=S ==> next_comm=swapper/0 next_pid=0 next_prio=120
          <idle>-0     [000] d...    87.623480: cpu_idle: state=1 cpu_id=0
          <idle>-0     [000] d...    87.623506: cpu_idle: state=4294967295 cpu_id=0
          <idle>-0     [000] d...    87.623531: cpu_idle: state=6 cpu_id=0
          <idle>-0     [000] dN..    87.623954: cpu_idle: state=4294967295 cpu_id=0
          <idle>-0     [000] d...    87.623957: sched_switch: prev_comm=swapper/0 prev_pid=0 prev_prio=120 prev_state=R ==> next_comm=chrome next_pid=3067 next_prio=120
           <...>-3067  [000] d...    87.624059: sched_waking: comm=ScriptStreamerT pid=3079 prio=120 target_cpu=006
           <...>-3067  [000] d...    87.624062: sched_migrate_task: comm=ScriptStreamerT pid=3079 prio=120 orig_cpu=6 dest_cpu=7
           <...>-3067  [000] d...    87.624064: sutil_marker: Schedutil: attach_entity_load_avg: 0: 0
           <...>-3067  [000] d...    87.624065: sched_wake_idle_without_ipi: cpu=7
           <...>-3067  [000] d...    87.624066: sched_wakeup: comm=ScriptStreamerT pid=3079 prio=120 target_cpu=007
           <...>-3067  [000] d...    87.624078: sched_waking: comm=Chrome_ChildIOT pid=3068 prio=120 target_cpu=004
           <...>-3067  [000] d...    87.624079: sched_wake_idle_without_ipi: cpu=4
           <...>-3067  [000] d...    87.624080: sched_wakeup: comm=Chrome_ChildIOT pid=3068 prio=120 target_cpu=004
           <...>-3067  [000] d...    87.624105: sched_stat_runtime: comm=chrome pid=3067 runtime=155050 [ns] vruntime=43864056663 [ns]
           <...>-3067  [000] d...    87.624107: sutil_marker: Schedutil: update-single-return: 109: 116
           <...>-3067  [000] d...    87.624109: sched_switch: prev_comm=chrome prev_pid=3067 prev_prio=120 prev_state=S ==> next_comm=swapper/0 next_pid=0 next_prio=120
          <idle>-0     [000] d...    87.624112: cpu_idle: state=6 cpu_id=0
          <idle>-0     [000] dN..    87.624172: cpu_idle: state=4294967295 cpu_id=0
          <idle>-0     [000] d...    87.624176: sched_switch: prev_comm=swapper/0 prev_pid=0 prev_prio=120 prev_state=R ==> next_comm=chrome next_pid=3067 next_prio=120
           <...>-3067  [000] d...    87.624218: sched_stat_runtime: comm=chrome pid=3067 runtime=74038 [ns] vruntime=43864130701 [ns]
           <...>-3067  [000] d...    87.624220: sched_switch: prev_comm=chrome prev_pid=3067 prev_prio=120 prev_state=S ==> next_comm=swapper/0 next_pid=0 next_prio=120
          <idle>-0     [000] d...    87.624223: cpu_idle: state=6 cpu_id=0
          <idle>-0     [000] dN..    87.624288: cpu_idle: state=4294967295 cpu_id=0
          <idle>-0     [000] d...    87.624293: sched_switch: prev_comm=swapper/0 prev_pid=0 prev_prio=120 prev_state=R ==> next_comm=SimpleCacheWork next_pid=1906 next_prio=120
           <...>-1906  [000] d...    87.624304: sched_waking: comm=SimpleCacheWork pid=2370 prio=120 target_cpu=000
           <...>-1906  [000] d...    87.624306: sched_migrate_task: comm=SimpleCacheWork pid=2370 prio=120 orig_cpu=0 dest_cpu=1
           <...>-1906  [000] d...    87.624308: sutil_marker: Schedutil: attach_entity_load_avg: 0: 0
           <...>-1906  [000] d...    87.624310: sched_wake_idle_without_ipi: cpu=1
           <...>-1906  [000] d...    87.624311: sched_wakeup: comm=SimpleCacheWork pid=2370 prio=120 target_cpu=001
           <...>-1906  [000] d...    87.624431: sched_waking: comm=Chrome_IOThread pid=1860 prio=120 target_cpu=006
           <...>-1906  [000] d...    87.624432: sched_wake_idle_without_ipi: cpu=6
           <...>-1906  [000] d...    87.624433: sched_wakeup: comm=Chrome_IOThread pid=1860 prio=120 target_cpu=006
           <...>-1906  [000] d...    87.624438: sched_stat_runtime: comm=SimpleCacheWork pid=1906 runtime=159493 [ns] vruntime=43861829593 [ns]
           <...>-1906  [000] d...    87.624440: sched_switch: prev_comm=SimpleCacheWork prev_pid=1906 prev_prio=120 prev_state=S ==> next_comm=swapper/0 next_pid=0 next_prio=120
          <idle>-0     [000] d...    87.624442: cpu_idle: state=4 cpu_id=0
          <idle>-0     [000] dN..    87.625207: cpu_idle: state=4294967295 cpu_id=0
          <idle>-0     [000] d...    87.625211: sched_switch: prev_comm=swapper/0 prev_pid=0 prev_prio=120 prev_state=R ==> next_comm=SimpleCacheWork next_pid=1906 next_prio=120
           <...>-1906  [000] d...    87.625220: sched_waking: comm=SimpleCacheWork pid=2466 prio=120 target_cpu=003
           <...>-1906  [000] d...    87.625222: sched_wake_idle_without_ipi: cpu=3
           <...>-1906  [000] d...    87.625223: sched_wakeup: comm=SimpleCacheWork pid=2466 prio=120 target_cpu=003
           <...>-1906  [000] d...    87.625237: sched_waking: comm=Chrome_IOThread pid=1860 prio=120 target_cpu=006
           <...>-1906  [000] d...    87.625238: sched_wake_idle_without_ipi: cpu=6
           <...>-1906  [000] d...    87.625238: sched_wakeup: comm=Chrome_IOThread pid=1860 prio=120 target_cpu=006
           <...>-1906  [000] d...    87.625244: sched_stat_runtime: comm=SimpleCacheWork pid=1906 runtime=58532 [ns] vruntime=43861888125 [ns]
           <...>-1906  [000] d...    87.625245: sched_switch: prev_comm=SimpleCacheWork prev_pid=1906 prev_prio=120 prev_state=S ==> next_comm=swapper/0 next_pid=0 next_prio=120
          <idle>-0     [000] d...    87.625248: cpu_idle: state=4 cpu_id=0
          <idle>-0     [000] dN..    87.625593: cpu_idle: state=4294967295 cpu_id=0
          <idle>-0     [000] d...    87.625595: sched_switch: prev_comm=swapper/0 prev_pid=0 prev_prio=120 prev_state=R ==> next_comm=Chrome_CacheThr next_pid=1859 next_prio=120
           <...>-1859  [000] d...    87.625793: sched_stat_runtime: comm=Chrome_CacheThr pid=1859 runtime=220381 [ns] vruntime=43861839189 [ns]
           <...>-1859  [000] d...    87.625795: sched_switch: prev_comm=Chrome_CacheThr prev_pid=1859 prev_prio=120 prev_state=S ==> next_comm=swapper/0 next_pid=0 next_prio=120
          <idle>-0     [000] d...    87.625797: cpu_idle: state=4 cpu_id=0
          <idle>-0     [000] d...    87.627543: cpu_idle: state=4294967295 cpu_id=0
          <idle>-0     [000] d.s.    87.627553: sutil_marker: Schedutil: update-single-return: 116: 35
          <idle>-0     [000] d...    87.627561: cpu_idle: state=6 cpu_id=0
          <idle>-0     [000] dN..    87.629128: cpu_idle: state=4294967295 cpu_id=0
          <idle>-0     [000] d...    87.629131: sched_switch: prev_comm=swapper/0 prev_pid=0 prev_prio=120 prev_state=R ==> next_comm=Xorg next_pid=1080 next_prio=120
            Xorg-1080  [000] d...    87.629197: sched_stat_runtime: comm=Xorg pid=1080 runtime=90907 [ns] vruntime=604238787 [ns]
            Xorg-1080  [000] d...    87.629199: sched_switch: prev_comm=Xorg prev_pid=1080 prev_prio=120 prev_state=S ==> next_comm=swapper/0 next_pid=0 next_prio=120
          <idle>-0     [000] d...    87.629201: cpu_idle: state=4 cpu_id=0
          <idle>-0     [000] dN..    87.629653: cpu_idle: state=4294967295 cpu_id=0
          <idle>-0     [000] d...    87.629659: sched_switch: prev_comm=swapper/0 prev_pid=0 prev_prio=120 prev_state=R ==> next_comm=chrome next_pid=1524 next_prio=120
          chrome-1524  [000] d...    87.629722: sched_waking: comm=Chrome_IOThread pid=1860 prio=120 target_cpu=006
          chrome-1524  [000] d...    87.629726: sched_migrate_task: comm=Chrome_IOThread pid=1860 prio=120 orig_cpu=6 dest_cpu=7
          chrome-1524  [000] d...    87.629728: sutil_marker: Schedutil: attach_entity_load_avg: 0: 0
          chrome-1524  [000] d...    87.629731: sched_wake_idle_without_ipi: cpu=7
          chrome-1524  [000] d...    87.629732: sched_wakeup: comm=Chrome_IOThread pid=1860 prio=120 target_cpu=007
          chrome-1524  [000] d...    87.629804: sched_waking: comm=CompositorTileW pid=1862 prio=120 target_cpu=007
          chrome-1524  [000] d...    87.629807: sched_migrate_task: comm=CompositorTileW pid=1862 prio=120 orig_cpu=7 dest_cpu=1
          chrome-1524  [000] d...    87.629809: sutil_marker: Schedutil: attach_entity_load_avg: 0: 0
          chrome-1524  [000] d...    87.629810: sched_wake_idle_without_ipi: cpu=1
          chrome-1524  [000] d...    87.629811: sched_wakeup: comm=CompositorTileW pid=1862 prio=120 target_cpu=001
          chrome-1524  [000] d...    87.629962: sched_stat_runtime: comm=chrome pid=1524 runtime=342687 [ns] vruntime=43873894296 [ns]
          chrome-1524  [000] d...    87.629964: sched_switch: prev_comm=chrome prev_pid=1524 prev_prio=120 prev_state=S ==> next_comm=swapper/0 next_pid=0 next_prio=120
          <idle>-0     [000] d...    87.629968: cpu_idle: state=4 cpu_id=0
          <idle>-0     [000] d...    87.631549: cpu_idle: state=4294967295 cpu_id=0
          <idle>-0     [000] d.s.    87.631580: sutil_marker: Schedutil: get_next_freq: 800000: 1024
          <idle>-0     [000] d.s.    87.631581: sutil_marker: Schedutil: update-single-util: 35: 282
          <idle>-0     [000] d.s.    87.631582: sutil_marker: Schedutil: update-single-boost: 35: 282
          <idle>-0     [000] d.s.    87.631582: sutil_marker: Schedutil: update-single-freq: 800000: 800000
          <idle>-0     [000] d.s.    87.631585: sched_waking: comm=ksoftirqd/0 pid=7 prio=120 target_cpu=000
          <idle>-0     [000] dNs.    87.631588: sched_wakeup: comm=ksoftirqd/0 pid=7 prio=120 target_cpu=000
          <idle>-0     [000] d...    87.631592: sched_switch: prev_comm=swapper/0 prev_pid=0 prev_prio=120 prev_state=R ==> next_comm=ksoftirqd/0 next_pid=7 next_prio=120
           <...>-7     [000] d...    87.631597: sched_stat_runtime: comm=ksoftirqd/0 pid=7 runtime=10711 [ns] vruntime=293058038953 [ns]
           <...>-7     [000] d...    87.631599: sched_switch: prev_comm=ksoftirqd/0 prev_pid=7 prev_prio=120 prev_state=S ==> next_comm=swapper/0 next_pid=0 next_prio=120
          <idle>-0     [000] d...    87.631603: cpu_idle: state=6 cpu_id=0
          <idle>-0     [000] d...    87.635542: cpu_idle: state=4294967295 cpu_id=0
          <idle>-0     [000] d.s.    87.635556: sutil_marker: Schedutil: get_next_freq: 800000: 1024
          <idle>-0     [000] d.s.    87.635557: sutil_marker: Schedutil: update-single-util: 282: 260
          <idle>-0     [000] d.s.    87.635557: sutil_marker: Schedutil: update-single-boost: 282: 260
          <idle>-0     [000] d.s.    87.635558: sutil_marker: Schedutil: update-single-freq: 800000: 800000
          <idle>-0     [000] d...    87.635593: cpu_idle: state=6 cpu_id=0
          <idle>-0     [000] dN..    87.637523: cpu_idle: state=4294967295 cpu_id=0
          <idle>-0     [000] d...    87.637531: sched_switch: prev_comm=swapper/0 prev_pid=0 prev_prio=120 prev_state=R ==> next_comm=chrome next_pid=1524 next_prio=120
          chrome-1524  [000] d...    87.637627: sched_stat_runtime: comm=chrome pid=1524 runtime=141048 [ns] vruntime=43874035344 [ns]
          chrome-1524  [000] d...    87.637631: sutil_marker: Schedutil: get_next_freq: 800000: 1024
          chrome-1524  [000] d...    87.637631: sutil_marker: Schedutil: update-single-util: 260: 252
          chrome-1524  [000] d...    87.637632: sutil_marker: Schedutil: update-single-boost: 260: 252
          chrome-1524  [000] d...    87.637633: sutil_marker: Schedutil: update-single-freq: 800000: 800000
          chrome-1524  [000] d...    87.637635: sched_switch: prev_comm=chrome prev_pid=1524 prev_prio=120 prev_state=S ==> next_comm=swapper/0 next_pid=0 next_prio=120
          <idle>-0     [000] d...    87.637641: cpu_idle: state=6 cpu_id=0
          <idle>-0     [000] dN..    87.637803: cpu_idle: state=4294967295 cpu_id=0
          <idle>-0     [000] d...    87.637811: sched_switch: prev_comm=swapper/0 prev_pid=0 prev_prio=120 prev_state=R ==> next_comm=chrome next_pid=1524 next_prio=120
          chrome-1524  [000] d...    87.637910: sched_stat_runtime: comm=chrome pid=1524 runtime=126640 [ns] vruntime=43874161984 [ns]
          chrome-1524  [000] d...    87.637915: sched_switch: prev_comm=chrome prev_pid=1524 prev_prio=120 prev_state=S ==> next_comm=swapper/0 next_pid=0 next_prio=120
          <idle>-0     [000] d...    87.637920: cpu_idle: state=4 cpu_id=0
          <idle>-0     [000] dN..    87.638071: cpu_idle: state=4294967295 cpu_id=0
          <idle>-0     [000] d...    87.638080: sched_switch: prev_comm=swapper/0 prev_pid=0 prev_prio=120 prev_state=R ==> next_comm=BrowserBlocking next_pid=1898 next_prio=120
 BrowserBlocking-1898  [000] d...    87.638097: sched_stat_runtime: comm=BrowserBlocking pid=1898 runtime=61311 [ns] vruntime=43862223295 [ns]
 BrowserBlocking-1898  [000] d...    87.638102: sched_switch: prev_comm=BrowserBlocking prev_pid=1898 prev_prio=120 prev_state=S ==> next_comm=swapper/0 next_pid=0 next_prio=120
          <idle>-0     [000] d...    87.638108: cpu_idle: state=4 cpu_id=0
          <idle>-0     [000] dN..    87.638986: cpu_idle: state=4294967295 cpu_id=0
          <idle>-0     [000] d...    87.638994: sched_switch: prev_comm=swapper/0 prev_pid=0 prev_prio=120 prev_state=R ==> next_comm=Chrome_CacheThr next_pid=1859 next_prio=120
           <...>-1859  [000] d...    87.639125: sched_stat_runtime: comm=Chrome_CacheThr pid=1859 runtime=166890 [ns] vruntime=43862328874 [ns]
           <...>-1859  [000] d...    87.639129: sched_switch: prev_comm=Chrome_CacheThr prev_pid=1859 prev_prio=120 prev_state=S ==> next_comm=swapper/0 next_pid=0 next_prio=120
          <idle>-0     [000] d...    87.639135: cpu_idle: state=3 cpu_id=0
          <idle>-0     [000] dN..    87.639256: cpu_idle: state=4294967295 cpu_id=0
          <idle>-0     [000] d...    87.639260: sched_switch: prev_comm=swapper/0 prev_pid=0 prev_prio=120 prev_state=R ==> next_comm=SimpleCacheWork next_pid=1906 next_prio=120
           <...>-1906  [000] d...    87.639270: sched_stat_runtime: comm=SimpleCacheWork pid=1906 runtime=32436 [ns] vruntime=43862194420 [ns]
           <...>-1906  [000] d...    87.639272: sched_switch: prev_comm=SimpleCacheWork prev_pid=1906 prev_prio=120 prev_state=S ==> next_comm=swapper/0 next_pid=0 next_prio=120
          <idle>-0     [000] d...    87.639275: cpu_idle: state=2 cpu_id=0
          <idle>-0     [000] d...    87.639411: cpu_idle: state=4294967295 cpu_id=0
          <idle>-0     [000] d...    87.639418: cpu_idle: state=2 cpu_id=0
          <idle>-0     [000] d...    87.639507: cpu_idle: state=4294967295 cpu_id=0
          <idle>-0     [000] d.s.    87.639544: sched_stat_runtime: comm=kworker/7:0 pid=53 runtime=13406 [ns] vruntime=39538250889 [ns]
          <idle>-0     [000] d.s.    87.639545: sched_migrate_task: comm=Chrome_IOThread pid=1860 prio=120 orig_cpu=7 dest_cpu=1
          <idle>-0     [000] d.s.    87.639548: sutil_marker: Schedutil: attach_entity_load_avg: 0: 0
          <idle>-0     [000] d.s.    87.639550: sched_wake_idle_without_ipi: cpu=1
          <idle>-0     [000] d...    87.639574: cpu_idle: state=6 cpu_id=0
          <idle>-0     [000] dN..    87.641452: cpu_idle: state=4294967295 cpu_id=0
          <idle>-0     [000] d...    87.641459: sched_switch: prev_comm=swapper/0 prev_pid=0 prev_prio=120 prev_state=R ==> next_comm=WorkerPool/14 next_pid=3080 next_prio=120
           <...>-3080  [000] d...    87.641668: sched_stat_runtime: comm=WorkerPool/14 pid=3080 runtime=251868 [ns] vruntime=43862413852 [ns]
           <...>-3080  [000] d...    87.641672: sched_switch: prev_comm=WorkerPool/14 prev_pid=3080 prev_prio=120 prev_state=S ==> next_comm=swapper/0 next_pid=0 next_prio=120
          <idle>-0     [000] d...    87.641679: cpu_idle: state=4 cpu_id=0
          <idle>-0     [000] dN..    87.642376: cpu_idle: state=4294967295 cpu_id=0
          <idle>-0     [000] d...    87.642384: sched_switch: prev_comm=swapper/0 prev_pid=0 prev_prio=120 prev_state=R ==> next_comm=chrome next_pid=1524 next_prio=120
          chrome-1524  [000] d...    87.642467: sched_stat_runtime: comm=chrome pid=1524 runtime=121173 [ns] vruntime=43874283157 [ns]
          chrome-1524  [000] d...    87.642471: sched_switch: prev_comm=chrome prev_pid=1524 prev_prio=120 prev_state=S ==> next_comm=swapper/0 next_pid=0 next_prio=120
          <idle>-0     [000] d...    87.642477: cpu_idle: state=4 cpu_id=0
          <idle>-0     [000] dN..    87.642921: cpu_idle: state=4294967295 cpu_id=0
          <idle>-0     [000] d...    87.642928: sched_switch: prev_comm=swapper/0 prev_pid=0 prev_prio=120 prev_state=R ==> next_comm=SimpleCacheWork next_pid=1906 next_prio=120
           <...>-1906  [000] d...    87.642940: sched_stat_runtime: comm=SimpleCacheWork pid=1906 runtime=54302 [ns] vruntime=43862337459 [ns]
           <...>-1906  [000] d...    87.642944: sched_switch: prev_comm=SimpleCacheWork prev_pid=1906 prev_prio=120 prev_state=S ==> next_comm=swapper/0 next_pid=0 next_prio=120
          <idle>-0     [000] d...    87.642949: cpu_idle: state=4 cpu_id=0
          <idle>-0     [000] dN..    87.643497: cpu_idle: state=4294967295 cpu_id=0
          <idle>-0     [000] d...    87.643504: sched_switch: prev_comm=swapper/0 prev_pid=0 prev_prio=120 prev_state=R ==> next_comm=chrome next_pid=1524 next_prio=120
          chrome-1524  [000] d.h.    87.643514: sched_stat_runtime: comm=chrome pid=1524 runtime=52386 [ns] vruntime=43874335543 [ns]
          chrome-1524  [000] d...    87.643771: sched_stat_runtime: comm=chrome pid=1524 runtime=256525 [ns] vruntime=43874592068 [ns]
          chrome-1524  [000] d...    87.643775: sched_switch: prev_comm=chrome prev_pid=1524 prev_prio=120 prev_state=S ==> next_comm=swapper/0 next_pid=0 next_prio=120
          <idle>-0     [000] d...    87.643780: cpu_idle: state=6 cpu_id=0
          <idle>-0     [000] d...    87.646817: cpu_idle: state=4294967295 cpu_id=0
          <idle>-0     [000] d.h.    87.646821: sched_waking: comm=chrome pid=1524 prio=120 target_cpu=000
          <idle>-0     [000] d.h.    87.646825: sutil_marker: Schedutil: get_next_freq: 800000: 1024
          <idle>-0     [000] d.h.    87.646826: sutil_marker: Schedutil: update-single-util: 252: 223
          <idle>-0     [000] d.h.    87.646826: sutil_marker: Schedutil: update-single-boost: 252: 223
          <idle>-0     [000] d.h.    87.646827: sutil_marker: Schedutil: update-single-freq: 800000: 800000
          <idle>-0     [000] dNh.    87.646828: sched_wakeup: comm=chrome pid=1524 prio=120 target_cpu=000
          <idle>-0     [000] d...    87.646832: sched_switch: prev_comm=swapper/0 prev_pid=0 prev_prio=120 prev_state=R ==> next_comm=chrome next_pid=1524 next_prio=120
          chrome-1524  [000] d...    87.646936: sched_stat_runtime: comm=chrome pid=1524 runtime=112765 [ns] vruntime=43874704833 [ns]
          chrome-1524  [000] d...    87.646939: sched_switch: prev_comm=chrome prev_pid=1524 prev_prio=120 prev_state=S ==> next_comm=swapper/0 next_pid=0 next_prio=120
          <idle>-0     [000] d...    87.646943: cpu_idle: state=4 cpu_id=0
          <idle>-0     [000] dN..    87.647133: cpu_idle: state=4294967295 cpu_id=0
          <idle>-0     [000] d...    87.647137: sched_switch: prev_comm=swapper/0 prev_pid=0 prev_prio=120 prev_state=R ==> next_comm=chrome next_pid=1524 next_prio=120
          chrome-1524  [000] d...    87.647225: sched_stat_runtime: comm=chrome pid=1524 runtime=97221 [ns] vruntime=43874802054 [ns]
          chrome-1524  [000] d...    87.647227: sched_switch: prev_comm=chrome prev_pid=1524 prev_prio=120 prev_state=S ==> next_comm=swapper/0 next_pid=0 next_prio=120
