           <...>-3071  [000] d...    87.237175: sched_waking: comm=CompositorTileW pid=3074 prio=120 target_cpu=007
           <...>-3071  [000] d...    87.237177: sched_wakeup: comm=CompositorTileW pid=3074 prio=120 target_cpu=007
           <...>-3071  [000] d...    87.237178: sched_stat_runtime: comm=CompositorTileW pid=3071 runtime=23216 [ns] vruntime=43841639608 [ns]
           <...>-3071  [000] d...    87.237178: sched_switch: prev_comm=CompositorTileW prev_pid=3071 prev_prio=120 prev_state=D ==> next_comm=swapper/0 next_pid=0 next_prio=120
          <idle>-0     [000] d...    87.237178: cpu_idle: state=4 cpu_id=0
          <idle>-0     [000] dN..    87.237184: cpu_idle: state=4294967295 cpu_id=0
          <idle>-0     [000] d...    87.237185: sched_switch: prev_comm=swapper/0 prev_pid=0 prev_prio=120 prev_state=R ==> next_comm=CompositorTileW next_pid=3071 next_prio=120
           <...>-3071  [000] d...    87.237277: sched_stat_runtime: comm=CompositorTileW pid=3071 runtime=94177 [ns] vruntime=43841733785 [ns]
           <...>-3071  [000] d...    87.237278: sched_switch: prev_comm=CompositorTileW prev_pid=3071 prev_prio=120 prev_state=S ==> next_comm=swapper/0 next_pid=0 next_prio=120
          <idle>-0     [000] d...    87.237279: cpu_idle: state=4 cpu_id=0
          <idle>-0     [000] dN..    87.237296: cpu_idle: state=4294967295 cpu_id=0
          <idle>-0     [000] d...    87.237296: sched_switch: prev_comm=swapper/0 prev_pid=0 prev_prio=120 prev_state=R ==> next_comm=CompositorTileW next_pid=3071 next_prio=120
           <...>-3071  [000] d...    87.237308: sched_waking: comm=CompositorTileW pid=3073 prio=120 target_cpu=004
           <...>-3071  [000] d...    87.237309: sched_migrate_task: comm=CompositorTileW pid=3073 prio=120 orig_cpu=4 dest_cpu=2
           <...>-3071  [000] d...    87.237309: sutil_marker: Schedutil: attach_entity_load_avg: 0: 0
           <...>-3071  [000] d...    87.237310: sched_wake_idle_without_ipi: cpu=2
           <...>-3071  [000] d...    87.237310: sched_wakeup: comm=CompositorTileW pid=3073 prio=120 target_cpu=002
           <...>-3071  [000] d...    87.237311: sched_stat_runtime: comm=CompositorTileW pid=3071 runtime=16218 [ns] vruntime=43841750003 [ns]
           <...>-3071  [000] d...    87.237311: sched_switch: prev_comm=CompositorTileW prev_pid=3071 prev_prio=120 prev_state=S ==> next_comm=swapper/0 next_pid=0 next_prio=120
          <idle>-0     [000] d...    87.237312: cpu_idle: state=4 cpu_id=0
          <idle>-0     [000] dN..    87.237316: cpu_idle: state=4294967295 cpu_id=0
          <idle>-0     [000] d...    87.237317: sched_switch: prev_comm=swapper/0 prev_pid=0 prev_prio=120 prev_state=R ==> next_comm=CompositorTileW next_pid=3071 next_prio=120
           <...>-3071  [000] d...    87.237340: sched_stat_runtime: comm=CompositorTileW pid=3071 runtime=24669 [ns] vruntime=43841774672 [ns]
           <...>-3071  [000] d...    87.237341: sched_switch: prev_comm=CompositorTileW prev_pid=3071 prev_prio=120 prev_state=S ==> next_comm=swapper/0 next_pid=0 next_prio=120
          <idle>-0     [000] d...    87.237342: cpu_idle: state=4 cpu_id=0
          <idle>-0     [000] dN..    87.237343: cpu_idle: state=4294967295 cpu_id=0
          <idle>-0     [000] d...    87.237344: sched_switch: prev_comm=swapper/0 prev_pid=0 prev_prio=120 prev_state=R ==> next_comm=Chrome_IOThread next_pid=1860 next_prio=120
 Chrome_IOThread-1860  [000] d...    87.237433: sched_waking: comm=chrome pid=1524 prio=120 target_cpu=006
 Chrome_IOThread-1860  [000] d...    87.237434: sched_migrate_task: comm=chrome pid=1524 prio=120 orig_cpu=6 dest_cpu=7
 Chrome_IOThread-1860  [000] d...    87.237435: sutil_marker: Schedutil: attach_entity_load_avg: 0: 0
 Chrome_IOThread-1860  [000] d...    87.237435: sched_wake_idle_without_ipi: cpu=7
 Chrome_IOThread-1860  [000] d...    87.237436: sched_wakeup: comm=chrome pid=1524 prio=120 target_cpu=007
 Chrome_IOThread-1860  [000] d...    87.237446: sched_stat_runtime: comm=Chrome_IOThread pid=1860 runtime=104136 [ns] vruntime=43851949740 [ns]
 Chrome_IOThread-1860  [000] d...    87.237447: sched_switch: prev_comm=Chrome_IOThread prev_pid=1860 prev_prio=120 prev_state=S ==> next_comm=swapper/0 next_pid=0 next_prio=120
          <idle>-0     [000] d...    87.237448: cpu_idle: state=1 cpu_id=0
          <idle>-0     [000] dN..    87.237460: cpu_idle: state=4294967295 cpu_id=0
          <idle>-0     [000] d...    87.237461: sched_switch: prev_comm=swapper/0 prev_pid=0 prev_prio=120 prev_state=R ==> next_comm=Chrome_ChildIOT next_pid=1903 next_prio=120
 Chrome_ChildIOT-1903  [000] d...    87.237492: sched_stat_runtime: comm=Chrome_ChildIOT pid=1903 runtime=23747 [ns] vruntime=43840322371 [ns]
 Chrome_ChildIOT-1903  [000] d...    87.237493: sched_switch: prev_comm=Chrome_ChildIOT prev_pid=1903 prev_prio=120 prev_state=S ==> next_comm=Chrome_IOThread next_pid=1860 next_prio=120
 Chrome_IOThread-1860  [000] d...    87.237515: sched_waking: comm=chrome pid=1524 prio=120 target_cpu=007
 Chrome_IOThread-1860  [000] d...    87.237516: sched_wake_idle_without_ipi: cpu=7
 Chrome_IOThread-1860  [000] d...    87.237516: sched_wakeup: comm=chrome pid=1524 prio=120 target_cpu=007
 Chrome_IOThread-1860  [000] d...    87.237541: sched_waking: comm=Chrome_ChildIOT pid=3068 prio=120 target_cpu=006
 Chrome_IOThread-1860  [000] d...    87.237542: sched_wake_idle_without_ipi: cpu=6
 Chrome_IOThread-1860  [000] d...    87.237542: sched_wakeup: comm=Chrome_ChildIOT pid=3068 prio=120 target_cpu=006
 Chrome_IOThread-1860  [000] d...    87.237586: sched_waking: comm=chrome pid=1524 prio=120 target_cpu=007
 Chrome_IOThread-1860  [000] d...    87.237587: sched_migrate_task: comm=chrome pid=1524 prio=120 orig_cpu=7 dest_cpu=0
 Chrome_IOThread-1860  [000] d...    87.237587: sched_stat_runtime: comm=Chrome_IOThread pid=1860 runtime=95453 [ns] vruntime=43852045193 [ns]
 Chrome_IOThread-1860  [000] d...    87.237588: sutil_marker: Schedutil: attach_entity_load_avg: 0: 0
 Chrome_IOThread-1860  [000] d...    87.237589: sched_wakeup: comm=chrome pid=1524 prio=120 target_cpu=000
 Chrome_IOThread-1860  [000] d...    87.237608: sched_stat_runtime: comm=Chrome_IOThread pid=1860 runtime=2144 [ns] vruntime=43852066184 [ns]
 Chrome_IOThread-1860  [000] d...    87.237609: sched_switch: prev_comm=Chrome_IOThread prev_pid=1860 prev_prio=120 prev_state=S ==> next_comm=swapper/0 next_pid=0 next_prio=120
          <idle>-0     [000] d...    87.237611: cpu_idle: state=1 cpu_id=0
          <idle>-0     [000] dN..    87.237612: cpu_idle: state=4294967295 cpu_id=0
          <idle>-0     [000] d...    87.237613: sched_switch: prev_comm=swapper/0 prev_pid=0 prev_prio=120 prev_state=R ==> next_comm=CompositorTileW next_pid=3071 next_prio=120
           <...>-3071  [000] d...    87.237614: sched_stat_runtime: comm=CompositorTileW pid=3071 runtime=3646 [ns] vruntime=43842173504 [ns]
           <...>-3071  [000] d...    87.237615: sched_switch: prev_comm=CompositorTileW prev_pid=3071 prev_prio=120 prev_state=S ==> next_comm=swapper/0 next_pid=0 next_prio=120
          <idle>-0     [000] d...    87.237616: cpu_idle: state=1 cpu_id=0
          <idle>-0     [000] dN..    87.237620: cpu_idle: state=4294967295 cpu_id=0
          <idle>-0     [000] d...    87.237621: sched_switch: prev_comm=swapper/0 prev_pid=0 prev_prio=120 prev_state=R ==> next_comm=CompositorTileW next_pid=3074 next_prio=120
           <...>-3074  [000] d...    87.237624: sched_waking: comm=CompositorTileW pid=3072 prio=120 target_cpu=007
           <...>-3074  [000] d...    87.237625: sched_wake_idle_without_ipi: cpu=7
           <...>-3074  [000] d...    87.237625: sched_wakeup: comm=CompositorTileW pid=3072 prio=120 target_cpu=007
           <...>-3074  [000] d...    87.237625: sched_waking: comm=CompositorTileW pid=3073 prio=120 target_cpu=004
           <...>-3074  [000] d...    87.237625: sched_wake_idle_without_ipi: cpu=4
           <...>-3074  [000] d...    87.237625: sched_wakeup: comm=CompositorTileW pid=3073 prio=120 target_cpu=004
           <...>-3074  [000] d...    87.237830: sched_waking: comm=Chrome_ChildIOT pid=3068 prio=120 target_cpu=006
           <...>-3074  [000] d...    87.237831: sched_migrate_task: comm=Chrome_ChildIOT pid=3068 prio=120 orig_cpu=6 dest_cpu=7
           <...>-3074  [000] d...    87.237832: sutil_marker: Schedutil: attach_entity_load_avg: 0: 0
           <...>-3074  [000] d...    87.237833: sched_wake_idle_without_ipi: cpu=7
           <...>-3074  [000] d...    87.237833: sched_wakeup: comm=Chrome_ChildIOT pid=3068 prio=120 target_cpu=007
           <...>-3074  [000] d...    87.237844: sched_stat_runtime: comm=CompositorTileW pid=3074 runtime=71237 [ns] vruntime=43840721414 [ns]
           <...>-3074  [000] d...    87.237846: sched_switch: prev_comm=CompositorTileW prev_pid=3074 prev_prio=120 prev_state=S ==> next_comm=Chrome_ChildIOT next_pid=1903 next_prio=120
 Chrome_ChildIOT-1903  [000] d...    87.237888: sched_stat_runtime: comm=Chrome_ChildIOT pid=1903 runtime=43844 [ns] vruntime=43840366215 [ns]
 Chrome_ChildIOT-1903  [000] d...    87.237890: sched_switch: prev_comm=Chrome_ChildIOT prev_pid=1903 prev_prio=120 prev_state=S ==> next_comm=Chrome_IOThread next_pid=1860 next_prio=120
 Chrome_IOThread-1860  [000] d...    87.237906: sched_waking: comm=chrome pid=1524 prio=120 target_cpu=005
 Chrome_IOThread-1860  [000] d...    87.237907: sched_migrate_task: comm=chrome pid=1524 prio=120 orig_cpu=5 dest_cpu=6
 Chrome_IOThread-1860  [000] d...    87.237908: sutil_marker: Schedutil: attach_entity_load_avg: 0: 0
 Chrome_IOThread-1860  [000] d...    87.237909: sched_wake_idle_without_ipi: cpu=6
 Chrome_IOThread-1860  [000] d...    87.237909: sched_wakeup: comm=chrome pid=1524 prio=120 target_cpu=006
 Chrome_IOThread-1860  [000] d...    87.237915: sched_stat_runtime: comm=Chrome_IOThread pid=1860 runtime=27110 [ns] vruntime=43852093294 [ns]
 Chrome_IOThread-1860  [000] d...    87.237916: sched_switch: prev_comm=Chrome_IOThread prev_pid=1860 prev_prio=120 prev_state=S ==> next_comm=swapper/0 next_pid=0 next_prio=120
          <idle>-0     [000] d...    87.237918: cpu_idle: state=1 cpu_id=0
          <idle>-0     [000] dN..    87.238421: cpu_idle: state=4294967295 cpu_id=0
          <idle>-0     [000] d...    87.238422: sched_switch: prev_comm=swapper/0 prev_pid=0 prev_prio=120 prev_state=R ==> next_comm=Chrome_IOThread next_pid=1860 next_prio=120
 Chrome_IOThread-1860  [000] d...    87.238429: sched_waking: comm=Chrome_ChildIOT pid=3068 prio=120 target_cpu=007
 Chrome_IOThread-1860  [000] d...    87.238429: sched_wake_idle_without_ipi: cpu=7
 Chrome_IOThread-1860  [000] d...    87.238429: sched_wakeup: comm=Chrome_ChildIOT pid=3068 prio=120 target_cpu=007
 Chrome_IOThread-1860  [000] d...    87.238434: sched_waking: comm=chrome pid=1524 prio=120 target_cpu=006
 Chrome_IOThread-1860  [000] d...    87.238434: sched_wake_idle_without_ipi: cpu=6
 Chrome_IOThread-1860  [000] d...    87.238434: sched_wakeup: comm=chrome pid=1524 prio=120 target_cpu=006
 Chrome_IOThread-1860  [000] d...    87.238439: sched_stat_runtime: comm=Chrome_IOThread pid=1860 runtime=18555 [ns] vruntime=43852111849 [ns]
 Chrome_IOThread-1860  [000] d...    87.238439: sched_switch: prev_comm=Chrome_IOThread prev_pid=1860 prev_prio=120 prev_state=S ==> next_comm=swapper/0 next_pid=0 next_prio=120
          <idle>-0     [000] d...    87.238440: cpu_idle: state=1 cpu_id=0
          <idle>-0     [000] dN..    87.238440: cpu_idle: state=4294967295 cpu_id=0
          <idle>-0     [000] d...    87.238441: sched_switch: prev_comm=swapper/0 prev_pid=0 prev_prio=120 prev_state=R ==> next_comm=Chrome_IOThread next_pid=1860 next_prio=120
 Chrome_IOThread-1860  [000] d...    87.238453: sched_stat_runtime: comm=Chrome_IOThread pid=1860 runtime=13242 [ns] vruntime=43852125091 [ns]
 Chrome_IOThread-1860  [000] d...    87.238453: sched_switch: prev_comm=Chrome_IOThread prev_pid=1860 prev_prio=120 prev_state=S ==> next_comm=swapper/0 next_pid=0 next_prio=120
          <idle>-0     [000] d...    87.238454: cpu_idle: state=1 cpu_id=0
          <idle>-0     [000] dN..    87.238536: cpu_idle: state=4294967295 cpu_id=0
          <idle>-0     [000] d...    87.238537: sched_switch: prev_comm=swapper/0 prev_pid=0 prev_prio=120 prev_state=R ==> next_comm=Chrome_IOThread next_pid=1860 next_prio=120
 Chrome_IOThread-1860  [000] d...    87.238539: sched_waking: comm=Chrome_ChildIOT pid=3068 prio=120 target_cpu=007
 Chrome_IOThread-1860  [000] d...    87.238540: sched_wake_idle_without_ipi: cpu=7
 Chrome_IOThread-1860  [000] d...    87.238540: sched_wakeup: comm=Chrome_ChildIOT pid=3068 prio=120 target_cpu=007
 Chrome_IOThread-1860  [000] d...    87.238542: sched_stat_runtime: comm=Chrome_IOThread pid=1860 runtime=6233 [ns] vruntime=43852131324 [ns]
 Chrome_IOThread-1860  [000] d...    87.238542: sched_switch: prev_comm=Chrome_IOThread prev_pid=1860 prev_prio=120 prev_state=S ==> next_comm=swapper/0 next_pid=0 next_prio=120
          <idle>-0     [000] d...    87.238543: cpu_idle: state=1 cpu_id=0
          <idle>-0     [000] dN..    87.238546: cpu_idle: state=4294967295 cpu_id=0
          <idle>-0     [000] d...    87.238546: sched_switch: prev_comm=swapper/0 prev_pid=0 prev_prio=120 prev_state=R ==> next_comm=Chrome_IOThread next_pid=1860 next_prio=120
 Chrome_IOThread-1860  [000] d...    87.238555: sched_stat_runtime: comm=Chrome_IOThread pid=1860 runtime=9449 [ns] vruntime=43852140773 [ns]
 Chrome_IOThread-1860  [000] d...    87.238555: sched_switch: prev_comm=Chrome_IOThread prev_pid=1860 prev_prio=120 prev_state=S ==> next_comm=swapper/0 next_pid=0 next_prio=120
          <idle>-0     [000] d...    87.238556: cpu_idle: state=1 cpu_id=0
          <idle>-0     [000] dN..    87.238701: cpu_idle: state=4294967295 cpu_id=0
          <idle>-0     [000] d...    87.238701: sched_switch: prev_comm=swapper/0 prev_pid=0 prev_prio=120 prev_state=R ==> next_comm=Chrome_IOThread next_pid=1860 next_prio=120
 Chrome_IOThread-1860  [000] d...    87.238744: sched_waking: comm=chrome pid=1524 prio=120 target_cpu=006
 Chrome_IOThread-1860  [000] d...    87.238745: sched_wake_idle_without_ipi: cpu=6
 Chrome_IOThread-1860  [000] d...    87.238745: sched_wakeup: comm=chrome pid=1524 prio=120 target_cpu=006
 Chrome_IOThread-1860  [000] d...    87.238832: sched_waking: comm=chrome pid=1524 prio=120 target_cpu=006
 Chrome_IOThread-1860  [000] d...    87.238833: sched_wake_idle_without_ipi: cpu=6
 Chrome_IOThread-1860  [000] d...    87.238833: sched_wakeup: comm=chrome pid=1524 prio=120 target_cpu=006
 Chrome_IOThread-1860  [000] d...    87.238900: sched_waking: comm=chrome pid=1524 prio=120 target_cpu=006
 Chrome_IOThread-1860  [000] d...    87.238901: sched_wake_idle_without_ipi: cpu=6
 Chrome_IOThread-1860  [000] d...    87.238901: sched_wakeup: comm=chrome pid=1524 prio=120 target_cpu=006
 Chrome_IOThread-1860  [000] d...    87.238931: sched_waking: comm=SimpleCacheWork pid=2466 prio=120 target_cpu=000
 Chrome_IOThread-1860  [000] d...    87.238932: sched_migrate_task: comm=SimpleCacheWork pid=2466 prio=120 orig_cpu=0 dest_cpu=2
 Chrome_IOThread-1860  [000] d...    87.238933: sutil_marker: Schedutil: attach_entity_load_avg: 0: 0
 Chrome_IOThread-1860  [000] d...    87.238933: sched_wake_idle_without_ipi: cpu=2
 Chrome_IOThread-1860  [000] d...    87.238933: sched_wakeup: comm=SimpleCacheWork pid=2466 prio=120 target_cpu=002
 Chrome_IOThread-1860  [000] d...    87.238972: sched_waking: comm=chrome pid=1524 prio=120 target_cpu=006
 Chrome_IOThread-1860  [000] d...    87.238973: sched_wake_idle_without_ipi: cpu=6
 Chrome_IOThread-1860  [000] d...    87.238973: sched_wakeup: comm=chrome pid=1524 prio=120 target_cpu=006
 Chrome_IOThread-1860  [000] d...    87.238990: sched_waking: comm=Chrome_ChildIOT pid=3068 prio=120 target_cpu=007
 Chrome_IOThread-1860  [000] d...    87.238991: sched_wake_idle_without_ipi: cpu=7
 Chrome_IOThread-1860  [000] d...    87.238991: sched_wakeup: comm=Chrome_ChildIOT pid=3068 prio=120 target_cpu=007
 Chrome_IOThread-1860  [000] d...    87.239104: sched_stat_runtime: comm=Chrome_IOThread pid=1860 runtime=403666 [ns] vruntime=43852544439 [ns]
 Chrome_IOThread-1860  [000] d...    87.239105: sched_switch: prev_comm=Chrome_IOThread prev_pid=1860 prev_prio=120 prev_state=S ==> next_comm=swapper/0 next_pid=0 next_prio=120
          <idle>-0     [000] d...    87.239106: cpu_idle: state=3 cpu_id=0
          <idle>-0     [000] dN..    87.239217: cpu_idle: state=4294967295 cpu_id=0
          <idle>-0     [000] d...    87.239218: sched_switch: prev_comm=swapper/0 prev_pid=0 prev_prio=120 prev_state=R ==> next_comm=Chrome_IOThread next_pid=1860 next_prio=120
 Chrome_IOThread-1860  [000] d...    87.239256: sched_waking: comm=Chrome_ChildIOT pid=3068 prio=120 target_cpu=007
 Chrome_IOThread-1860  [000] d...    87.239257: sched_wake_idle_without_ipi: cpu=7
 Chrome_IOThread-1860  [000] d...    87.239258: sched_wakeup: comm=Chrome_ChildIOT pid=3068 prio=120 target_cpu=007
 Chrome_IOThread-1860  [000] d...    87.239308: sched_waking: comm=WorkerPool/1900 pid=1900 prio=120 target_cpu=007
 Chrome_IOThread-1860  [000] d...    87.239309: sched_wake_idle_without_ipi: cpu=7
 Chrome_IOThread-1860  [000] d...    87.239309: sched_wakeup: comm=WorkerPool/1900 pid=1900 prio=120 target_cpu=007
 Chrome_IOThread-1860  [000] d...    87.239324: sched_waking: comm=chrome pid=1524 prio=120 target_cpu=006
 Chrome_IOThread-1860  [000] d...    87.239325: sched_wake_idle_without_ipi: cpu=6
 Chrome_IOThread-1860  [000] d...    87.239325: sched_wakeup: comm=chrome pid=1524 prio=120 target_cpu=006
 Chrome_IOThread-1860  [000] d...    87.239337: sched_waking: comm=Chrome_ChildIOT pid=3068 prio=120 target_cpu=007
 Chrome_IOThread-1860  [000] d...    87.239338: sched_wake_idle_without_ipi: cpu=7
 Chrome_IOThread-1860  [000] d...    87.239338: sched_wakeup: comm=Chrome_ChildIOT pid=3068 prio=120 target_cpu=007
 Chrome_IOThread-1860  [000] d...    87.239355: sched_waking: comm=WorkerPool/1818 pid=1818 prio=120 target_cpu=005
 Chrome_IOThread-1860  [000] d...    87.239356: sched_wake_idle_without_ipi: cpu=5
 Chrome_IOThread-1860  [000] d...    87.239356: sched_wakeup: comm=WorkerPool/1818 pid=1818 prio=120 target_cpu=005
 Chrome_IOThread-1860  [000] d...    87.239374: sched_waking: comm=Chrome_ChildIOT pid=3068 prio=120 target_cpu=007
 Chrome_IOThread-1860  [000] d...    87.239375: sched_wake_idle_without_ipi: cpu=7
 Chrome_IOThread-1860  [000] d...    87.239375: sched_wakeup: comm=Chrome_ChildIOT pid=3068 prio=120 target_cpu=007
 Chrome_IOThread-1860  [000] d...    87.239390: sched_waking: comm=chrome pid=1524 prio=120 target_cpu=006
 Chrome_IOThread-1860  [000] d...    87.239391: sched_wake_idle_without_ipi: cpu=6
 Chrome_IOThread-1860  [000] d...    87.239391: sched_wakeup: comm=chrome pid=1524 prio=120 target_cpu=006
 Chrome_IOThread-1860  [000] d...    87.239394: sched_waking: comm=Chrome_ChildIOT pid=3068 prio=120 target_cpu=007
 Chrome_IOThread-1860  [000] d...    87.239395: sched_wake_idle_without_ipi: cpu=7
 Chrome_IOThread-1860  [000] d...    87.239395: sched_wakeup: comm=Chrome_ChildIOT pid=3068 prio=120 target_cpu=007
 Chrome_IOThread-1860  [000] d...    87.239401: sched_waking: comm=chrome pid=1524 prio=120 target_cpu=006
 Chrome_IOThread-1860  [000] d...    87.239402: sched_wake_idle_without_ipi: cpu=6
 Chrome_IOThread-1860  [000] d...    87.239402: sched_wakeup: comm=chrome pid=1524 prio=120 target_cpu=006
 Chrome_IOThread-1860  [000] d...    87.239437: sched_waking: comm=Chrome_ChildIOT pid=3068 prio=120 target_cpu=007
 Chrome_IOThread-1860  [000] d...    87.239438: sched_wake_idle_without_ipi: cpu=7
 Chrome_IOThread-1860  [000] d...    87.239438: sched_wakeup: comm=Chrome_ChildIOT pid=3068 prio=120 target_cpu=007
 Chrome_IOThread-1860  [000] d...    87.239450: sched_waking: comm=chrome pid=1524 prio=120 target_cpu=006
 Chrome_IOThread-1860  [000] d...    87.239450: sched_wake_idle_without_ipi: cpu=6
 Chrome_IOThread-1860  [000] d...    87.239451: sched_wakeup: comm=chrome pid=1524 prio=120 target_cpu=006
 Chrome_IOThread-1860  [000] d...    87.239454: sched_waking: comm=Chrome_ChildIOT pid=3068 prio=120 target_cpu=007
 Chrome_IOThread-1860  [000] d...    87.239454: sched_wake_idle_without_ipi: cpu=7
 Chrome_IOThread-1860  [000] d...    87.239454: sched_wakeup: comm=Chrome_ChildIOT pid=3068 prio=120 target_cpu=007
 Chrome_IOThread-1860  [000] d.h.    87.239479: sched_stat_runtime: comm=Chrome_IOThread pid=1860 runtime=263010 [ns] vruntime=43852807449 [ns]
 Chrome_IOThread-1860  [000] d...    87.239638: sched_stat_runtime: comm=Chrome_IOThread pid=1860 runtime=159129 [ns] vruntime=43852966578 [ns]
 Chrome_IOThread-1860  [000] d...    87.239639: sched_switch: prev_comm=Chrome_IOThread prev_pid=1860 prev_prio=120 prev_state=S ==> next_comm=swapper/0 next_pid=0 next_prio=120
          <idle>-0     [000] d...    87.239640: cpu_idle: state=4 cpu_id=0
          <idle>-0     [000] dN..    87.240407: cpu_idle: state=4294967295 cpu_id=0
          <idle>-0     [000] d...    87.240409: sched_switch: prev_comm=swapper/0 prev_pid=0 prev_prio=120 prev_state=R ==> next_comm=Chrome_IOThread next_pid=1860 next_prio=120
 Chrome_IOThread-1860  [000] d...    87.240508: sched_waking: comm=chrome pid=1524 prio=120 target_cpu=006
 Chrome_IOThread-1860  [000] d...    87.240509: sched_wake_idle_without_ipi: cpu=6
 Chrome_IOThread-1860  [000] d...    87.240510: sched_wakeup: comm=chrome pid=1524 prio=120 target_cpu=006
 Chrome_IOThread-1860  [000] d...    87.240536: sched_waking: comm=chrome pid=1524 prio=120 target_cpu=006
 Chrome_IOThread-1860  [000] d...    87.240537: sched_wake_idle_without_ipi: cpu=6
 Chrome_IOThread-1860  [000] d...    87.240537: sched_wakeup: comm=chrome pid=1524 prio=120 target_cpu=006
 Chrome_IOThread-1860  [000] d...    87.240551: sched_waking: comm=Chrome_ChildIOT pid=3068 prio=120 target_cpu=007
 Chrome_IOThread-1860  [000] d...    87.240552: sched_wake_idle_without_ipi: cpu=7
 Chrome_IOThread-1860  [000] d...    87.240552: sched_wakeup: comm=Chrome_ChildIOT pid=3068 prio=120 target_cpu=007
 Chrome_IOThread-1860  [000] d...    87.240597: sched_waking: comm=chrome pid=1524 prio=120 target_cpu=006
 Chrome_IOThread-1860  [000] d...    87.240598: sched_migrate_task: comm=chrome pid=1524 prio=120 orig_cpu=6 dest_cpu=7
 Chrome_IOThread-1860  [000] d...    87.240599: sutil_marker: Schedutil: attach_entity_load_avg: 0: 0
 Chrome_IOThread-1860  [000] d...    87.240599: sched_wake_idle_without_ipi: cpu=7
 Chrome_IOThread-1860  [000] d...    87.240599: sched_wakeup: comm=chrome pid=1524 prio=120 target_cpu=007
 Chrome_IOThread-1860  [000] d...    87.240849: sched_waking: comm=chrome pid=1524 prio=120 target_cpu=007
 Chrome_IOThread-1860  [000] d...    87.240852: sched_wakeup: comm=chrome pid=1524 prio=120 target_cpu=007
 Chrome_IOThread-1860  [000] d...    87.240905: sched_waking: comm=SimpleCacheWork pid=2425 prio=120 target_cpu=001
 Chrome_IOThread-1860  [000] d...    87.240907: sched_migrate_task: comm=SimpleCacheWork pid=2425 prio=120 orig_cpu=1 dest_cpu=2
 Chrome_IOThread-1860  [000] d...    87.240907: sutil_marker: Schedutil: attach_entity_load_avg: 0: 0
 Chrome_IOThread-1860  [000] d...    87.240908: sched_wake_idle_without_ipi: cpu=2
 Chrome_IOThread-1860  [000] d...    87.240908: sched_wakeup: comm=SimpleCacheWork pid=2425 prio=120 target_cpu=002
 Chrome_IOThread-1860  [000] d...    87.240927: sched_waking: comm=chrome pid=1524 prio=120 target_cpu=007
 Chrome_IOThread-1860  [000] d...    87.240928: sched_wake_idle_without_ipi: cpu=7
 Chrome_IOThread-1860  [000] d...    87.240928: sched_wakeup: comm=chrome pid=1524 prio=120 target_cpu=007
 Chrome_IOThread-1860  [000] d.s1    87.241024: sched_waking: comm=dnsmasq pid=2173 prio=120 target_cpu=001
 Chrome_IOThread-1860  [000] d.s1    87.241025: sched_migrate_task: comm=dnsmasq pid=2173 prio=120 orig_cpu=1 dest_cpu=2
 Chrome_IOThread-1860  [000] d.s1    87.241026: sutil_marker: Schedutil: attach_entity_load_avg: 0: 0
 Chrome_IOThread-1860  [000] d.s1    87.241026: sched_wake_idle_without_ipi: cpu=2
 Chrome_IOThread-1860  [000] d.s1    87.241026: sched_wakeup: comm=dnsmasq pid=2173 prio=120 target_cpu=002
 Chrome_IOThread-1860  [000] d...    87.241065: sched_waking: comm=chrome pid=1524 prio=120 target_cpu=007
 Chrome_IOThread-1860  [000] d...    87.241066: sched_wake_idle_without_ipi: cpu=7
 Chrome_IOThread-1860  [000] d...    87.241066: sched_wakeup: comm=chrome pid=1524 prio=120 target_cpu=007
 Chrome_IOThread-1860  [000] d...    87.241163: sched_waking: comm=chrome pid=1524 prio=120 target_cpu=007
 Chrome_IOThread-1860  [000] d...    87.241164: sched_wake_idle_without_ipi: cpu=7
 Chrome_IOThread-1860  [000] d...    87.241164: sched_wakeup: comm=chrome pid=1524 prio=120 target_cpu=007
 Chrome_IOThread-1860  [000] d.s1    87.241274: sched_waking: comm=dnsmasq pid=2173 prio=120 target_cpu=002
 Chrome_IOThread-1860  [000] d.s1    87.241276: sched_wake_idle_without_ipi: cpu=2
 Chrome_IOThread-1860  [000] d.s1    87.241276: sched_wakeup: comm=dnsmasq pid=2173 prio=120 target_cpu=002
 Chrome_IOThread-1860  [000] d...    87.241318: sched_waking: comm=chrome pid=1524 prio=120 target_cpu=007
 Chrome_IOThread-1860  [000] d...    87.241319: sched_wake_idle_without_ipi: cpu=7
 Chrome_IOThread-1860  [000] d...    87.241319: sched_wakeup: comm=chrome pid=1524 prio=120 target_cpu=007
 Chrome_IOThread-1860  [000] d...    87.241428: sched_stat_runtime: comm=Chrome_IOThread pid=1860 runtime=1043584 [ns] vruntime=43854010162 [ns]
 Chrome_IOThread-1860  [000] d...    87.241429: sutil_marker: Schedutil: get_next_freq: 800000: 1024
 Chrome_IOThread-1860  [000] d...    87.241429: sutil_marker: Schedutil: update-single-util: 327: 398
 Chrome_IOThread-1860  [000] d...    87.241429: sutil_marker: Schedutil: update-single-boost: 327: 398
 Chrome_IOThread-1860  [000] d...    87.241429: sutil_marker: Schedutil: update-single-freq: 800000: 800000
 Chrome_IOThread-1860  [000] d...    87.241430: sched_switch: prev_comm=Chrome_IOThread prev_pid=1860 prev_prio=120 prev_state=S ==> next_comm=swapper/0 next_pid=0 next_prio=120
          <idle>-0     [000] d...    87.241431: cpu_idle: state=4 cpu_id=0
          <idle>-0     [000] dN..    87.242628: cpu_idle: state=4294967295 cpu_id=0
          <idle>-0     [000] d...    87.242630: sched_switch: prev_comm=swapper/0 prev_pid=0 prev_prio=120 prev_state=R ==> next_comm=Chrome_IOThread next_pid=1860 next_prio=120
 Chrome_IOThread-1860  [000] d...    87.242652: sched_waking: comm=chrome pid=1524 prio=120 target_cpu=007
 Chrome_IOThread-1860  [000] d...    87.242669: sched_wake_idle_without_ipi: cpu=7
 Chrome_IOThread-1860  [000] d...    87.242669: sched_wakeup: comm=chrome pid=1524 prio=120 target_cpu=007
 Chrome_IOThread-1860  [000] d...    87.242695: sched_stat_runtime: comm=Chrome_IOThread pid=1860 runtime=89846 [ns] vruntime=43854100008 [ns]
 Chrome_IOThread-1860  [000] d...    87.242696: sched_switch: prev_comm=Chrome_IOThread prev_pid=1860 prev_prio=120 prev_state=S ==> next_comm=swapper/0 next_pid=0 next_prio=120
          <idle>-0     [000] d...    87.242697: cpu_idle: state=4 cpu_id=0
          <idle>-0     [000] dN..    87.242779: cpu_idle: state=4294967295 cpu_id=0
          <idle>-0     [000] d...    87.242781: sched_switch: prev_comm=swapper/0 prev_pid=0 prev_prio=120 prev_state=R ==> next_comm=ServiceWorker T next_pid=3076 next_prio=120
           <...>-3076  [000] d...    87.243107: sched_waking: comm=Chrome_ChildIOT pid=3068 prio=120 target_cpu=007
           <...>-3076  [000] d...    87.243108: sched_wake_idle_without_ipi: cpu=7
           <...>-3076  [000] d...    87.243108: sched_wakeup: comm=Chrome_ChildIOT pid=3068 prio=120 target_cpu=007
           <...>-3076  [000] d...    87.243161: sched_waking: comm=chrome pid=3067 prio=120 target_cpu=001
           <...>-3076  [000] d...    87.243165: sched_wake_idle_without_ipi: cpu=1
           <...>-3076  [000] d...    87.243165: sched_wakeup: comm=chrome pid=3067 prio=120 target_cpu=001
           <...>-3076  [000] d...    87.243181: sched_stat_runtime: comm=ServiceWorker T pid=3076 runtime=429156 [ns] vruntime=43852158249 [ns]
           <...>-3076  [000] d...    87.243182: sched_switch: prev_comm=ServiceWorker T prev_pid=3076 prev_prio=120 prev_state=S ==> next_comm=swapper/0 next_pid=0 next_prio=120
          <idle>-0     [000] d...    87.243183: cpu_idle: state=2 cpu_id=0
          <idle>-0     [000] d...    87.243477: cpu_idle: state=4294967295 cpu_id=0
          <idle>-0     [000] d.s.    87.243481: sutil_marker: Schedutil: get_next_freq: 800000: 1024
          <idle>-0     [000] d.s.    87.243481: sutil_marker: Schedutil: update-single-util: 398: 261
          <idle>-0     [000] d.s.    87.243481: sutil_marker: Schedutil: update-single-boost: 398: 261
          <idle>-0     [000] d.s.    87.243482: sutil_marker: Schedutil: update-single-freq: 800000: 800000
          <idle>-0     [000] d...    87.243485: cpu_idle: state=4 cpu_id=0
          <idle>-0     [000] d...    87.247481: cpu_idle: state=4294967295 cpu_id=0
          <idle>-0     [000] d.s.    87.247489: sutil_marker: Schedutil: get_next_freq: 800000: 1024
          <idle>-0     [000] d.s.    87.247490: sutil_marker: Schedutil: update-single-util: 261: 240
          <idle>-0     [000] d.s.    87.247490: sutil_marker: Schedutil: update-single-boost: 261: 240
          <idle>-0     [000] d.s.    87.247491: sutil_marker: Schedutil: update-single-freq: 800000: 800000
          <idle>-0     [000] d...    87.247500: cpu_idle: state=6 cpu_id=0
          <idle>-0     [000] dN..    87.249244: cpu_idle: state=4294967295 cpu_id=0
          <idle>-0     [000] d...    87.249247: sched_switch: prev_comm=swapper/0 prev_pid=0 prev_prio=120 prev_state=R ==> next_comm=Chrome_ChildIOT next_pid=3068 next_prio=120
 Chrome_ChildIOT-3068  [000] d...    87.249272: sched_waking: comm=Chrome_IOThread pid=1860 prio=120 target_cpu=004
 Chrome_ChildIOT-3068  [000] d...    87.249274: sched_wake_idle_without_ipi: cpu=4
 Chrome_ChildIOT-3068  [000] d...    87.249275: sched_wakeup: comm=Chrome_IOThread pid=1860 prio=120 target_cpu=004
 Chrome_ChildIOT-3068  [000] d...    87.249306: sched_stat_runtime: comm=Chrome_ChildIOT pid=3068 runtime=66480 [ns] vruntime=43848057499 [ns]
 Chrome_ChildIOT-3068  [000] d...    87.249308: sched_switch: prev_comm=Chrome_ChildIOT prev_pid=3068 prev_prio=120 prev_state=S ==> next_comm=swapper/0 next_pid=0 next_prio=120
          <idle>-0     [000] d...    87.249311: cpu_idle: state=4 cpu_id=0
          <idle>-0     [000] dN..    87.249489: cpu_idle: state=4294967295 cpu_id=0
          <idle>-0     [000] d...    87.249490: sched_switch: prev_comm=swapper/0 prev_pid=0 prev_prio=120 prev_state=R ==> next_comm=Chrome_ChildIOT next_pid=3068 next_prio=120
 Chrome_ChildIOT-3068  [000] d...    87.249508: sched_waking: comm=Chrome_IOThread pid=1860 prio=120 target_cpu=004
 Chrome_ChildIOT-3068  [000] d...    87.249510: sched_wake_idle_without_ipi: cpu=4
 Chrome_ChildIOT-3068  [000] d...    87.249510: sched_wakeup: comm=Chrome_IOThread pid=1860 prio=120 target_cpu=004
 Chrome_ChildIOT-3068  [000] d...    87.249535: sched_stat_runtime: comm=Chrome_ChildIOT pid=3068 runtime=49316 [ns] vruntime=43848106815 [ns]
 Chrome_ChildIOT-3068  [000] d...    87.249537: sched_switch: prev_comm=Chrome_ChildIOT prev_pid=3068 prev_prio=120 prev_state=S ==> next_comm=swapper/0 next_pid=0 next_prio=120
          <idle>-0     [000] d...    87.249540: cpu_idle: state=4 cpu_id=0
          <idle>-0     [000] dN..    87.249743: cpu_idle: state=4294967295 cpu_id=0
          <idle>-0     [000] d...    87.249747: sched_switch: prev_comm=swapper/0 prev_pid=0 prev_prio=120 prev_state=R ==> next_comm=Chrome_ChildIOT next_pid=3068 next_prio=120
 Chrome_ChildIOT-3068  [000] d...    87.249761: sched_waking: comm=Chrome_IOThread pid=1860 prio=120 target_cpu=004
 Chrome_ChildIOT-3068  [000] d...    87.249763: sched_wake_idle_without_ipi: cpu=4
 Chrome_ChildIOT-3068  [000] d...    87.249763: sched_wakeup: comm=Chrome_IOThread pid=1860 prio=120 target_cpu=004
 Chrome_ChildIOT-3068  [000] d...    87.249789: sched_stat_runtime: comm=Chrome_ChildIOT pid=3068 runtime=49716 [ns] vruntime=43848156531 [ns]
 Chrome_ChildIOT-3068  [000] d...    87.249790: sched_switch: prev_comm=Chrome_ChildIOT prev_pid=3068 prev_prio=120 prev_state=S ==> next_comm=swapper/0 next_pid=0 next_prio=120
          <idle>-0     [000] d...    87.249792: cpu_idle: state=4 cpu_id=0
          <idle>-0     [000] dN..    87.250199: cpu_idle: state=4294967295 cpu_id=0
          <idle>-0     [000] d...    87.250201: sched_switch: prev_comm=swapper/0 prev_pid=0 prev_prio=120 prev_state=R ==> next_comm=marco next_pid=2113 next_prio=120
           marco-2113  [000] d...    87.250251: sched_waking: comm=Xorg pid=1080 prio=120 target_cpu=002
           marco-2113  [000] d...    87.250254: sched_wake_idle_without_ipi: cpu=2
           marco-2113  [000] d...    87.250254: sched_wakeup: comm=Xorg pid=1080 prio=120 target_cpu=002
           marco-2113  [000] d...    87.250257: sched_stat_runtime: comm=marco pid=2113 runtime=61248 [ns] vruntime=43842161256 [ns]
           marco-2113  [000] d...    87.250258: sched_switch: prev_comm=marco prev_pid=2113 prev_prio=120 prev_state=S ==> next_comm=swapper/0 next_pid=0 next_prio=120
          <idle>-0     [000] d...    87.250260: cpu_idle: state=4 cpu_id=0
          <idle>-0     [000] dN..    87.250280: cpu_idle: state=4294967295 cpu_id=0
          <idle>-0     [000] d...    87.250282: sched_switch: prev_comm=swapper/0 prev_pid=0 prev_prio=120 prev_state=R ==> next_comm=marco next_pid=2113 next_prio=120
           marco-2113  [000] d...    87.250335: sched_waking: comm=Xorg pid=1080 prio=120 target_cpu=002
           marco-2113  [000] d...    87.250337: sched_wake_idle_without_ipi: cpu=2
           marco-2113  [000] d...    87.250338: sched_wakeup: comm=Xorg pid=1080 prio=120 target_cpu=002
           marco-2113  [000] d...    87.250340: sched_stat_runtime: comm=marco pid=2113 runtime=62007 [ns] vruntime=43842223263 [ns]
           marco-2113  [000] d...    87.250341: sched_switch: prev_comm=marco prev_pid=2113 prev_prio=120 prev_state=S ==> next_comm=swapper/0 next_pid=0 next_prio=120
          <idle>-0     [000] d...    87.250342: cpu_idle: state=4 cpu_id=0
          <idle>-0     [000] dN..    87.250420: cpu_idle: state=4294967295 cpu_id=0
          <idle>-0     [000] d...    87.250421: sched_switch: prev_comm=swapper/0 prev_pid=0 prev_prio=120 prev_state=R ==> next_comm=Chrome_ChildIOT next_pid=3068 next_prio=120
 Chrome_ChildIOT-3068  [000] d...    87.250446: sched_waking: comm=Chrome_IOThread pid=1860 prio=120 target_cpu=004
 Chrome_ChildIOT-3068  [000] d...    87.250448: sched_wake_idle_without_ipi: cpu=4
 Chrome_ChildIOT-3068  [000] d...    87.250448: sched_wakeup: comm=Chrome_IOThread pid=1860 prio=120 target_cpu=004
 Chrome_ChildIOT-3068  [000] d...    87.250457: sched_stat_runtime: comm=Chrome_ChildIOT pid=3068 runtime=40259 [ns] vruntime=43848196790 [ns]
 Chrome_ChildIOT-3068  [000] d...    87.250459: sched_switch: prev_comm=Chrome_ChildIOT prev_pid=3068 prev_prio=120 prev_state=S ==> next_comm=swapper/0 next_pid=0 next_prio=120
          <idle>-0     [000] d...    87.250460: cpu_idle: state=3 cpu_id=0
          <idle>-0     [000] dN..    87.250491: cpu_idle: state=4294967295 cpu_id=0
          <idle>-0     [000] d...    87.250493: sched_switch: prev_comm=swapper/0 prev_pid=0 prev_prio=120 prev_state=R ==> next_comm=marco next_pid=2113 next_prio=120
           marco-2113  [000] d...    87.250542: sched_stat_runtime: comm=marco pid=2113 runtime=52634 [ns] vruntime=43842275897 [ns]
           marco-2113  [000] d...    87.250544: sched_switch: prev_comm=marco prev_pid=2113 prev_prio=120 prev_state=S ==> next_comm=swapper/0 next_pid=0 next_prio=120
          <idle>-0     [000] d...    87.250546: cpu_idle: state=4 cpu_id=0
          <idle>-0     [000] d...    87.251482: cpu_idle: state=4294967295 cpu_id=0
          <idle>-0     [000] d.s.    87.251495: sutil_marker: Schedutil: get_next_freq: 800000: 1024
          <idle>-0     [000] d.s.    87.251495: sutil_marker: Schedutil: update-single-util: 240: 232
          <idle>-0     [000] d.s.    87.251496: sutil_marker: Schedutil: update-single-boost: 240: 232
          <idle>-0     [000] d.s.    87.251496: sutil_marker: Schedutil: update-single-freq: 800000: 800000
          <idle>-0     [000] d...    87.251506: cpu_idle: state=4 cpu_id=0
          <idle>-0     [000] dN..    87.253059: cpu_idle: state=4294967295 cpu_id=0
          <idle>-0     [000] d...    87.253065: sched_switch: prev_comm=swapper/0 prev_pid=0 prev_prio=120 prev_state=R ==> next_comm=WorkerPool/1819 next_pid=1819 next_prio=120
           <...>-1819  [000] d...    87.253156: sched_stat_runtime: comm=WorkerPool/1819 pid=1819 runtime=102201 [ns] vruntime=43842202209 [ns]
           <...>-1819  [000] d...    87.253160: sched_switch: prev_comm=WorkerPool/1819 prev_pid=1819 prev_prio=120 prev_state=S ==> next_comm=swapper/0 next_pid=0 next_prio=120
          <idle>-0     [000] d...    87.253164: cpu_idle: state=4 cpu_id=0
          <idle>-0     [000] dN..    87.254540: cpu_idle: state=4294967295 cpu_id=0
          <idle>-0     [000] d...    87.254544: sched_switch: prev_comm=swapper/0 prev_pid=0 prev_prio=120 prev_state=R ==> next_comm=CompositorTileW next_pid=3074 next_prio=120
           <...>-3074  [000] d...    87.254554: sched_waking: comm=CompositorTileW pid=3073 prio=120 target_cpu=004
           <...>-3074  [000] d...    87.254556: sched_migrate_task: comm=CompositorTileW pid=3073 prio=120 orig_cpu=4 dest_cpu=7
           <...>-3074  [000] d...    87.254558: sutil_marker: Schedutil: attach_entity_load_avg: 0: 0
           <...>-3074  [000] d...    87.254559: sched_wake_idle_without_ipi: cpu=7
           <...>-3074  [000] d...    87.254560: sched_wakeup: comm=CompositorTileW pid=3073 prio=120 target_cpu=007
           <...>-3074  [000] d...    87.254562: sched_waking: comm=CompositorTileW pid=3072 prio=120 target_cpu=007
           <...>-3074  [000] d...    87.254564: sched_migrate_task: comm=CompositorTileW pid=3072 prio=120 orig_cpu=7 dest_cpu=0
           <...>-3074  [000] d...    87.254565: sched_stat_runtime: comm=CompositorTileW pid=3074 runtime=29571 [ns] vruntime=43842129579 [ns]
           <...>-3074  [000] d...    87.254566: sutil_marker: Schedutil: attach_entity_load_avg: 0: 0
           <...>-3074  [000] d...    87.254567: sched_wakeup: comm=CompositorTileW pid=3072 prio=120 target_cpu=000
           <...>-3074  [000] d...    87.254579: sched_waking: comm=CompositorTileW pid=3073 prio=120 target_cpu=007
           <...>-3074  [000] d...    87.254583: sched_migrate_task: comm=CompositorTileW pid=3073 prio=120 orig_cpu=7 dest_cpu=2
           <...>-3074  [000] d...    87.254584: sutil_marker: Schedutil: attach_entity_load_avg: 0: 0
           <...>-3074  [000] d...    87.254585: sched_wakeup: comm=CompositorTileW pid=3073 prio=120 target_cpu=002
           <...>-3074  [000] d...    87.254654: sched_waking: comm=CompositorTileW pid=3071 prio=120 target_cpu=007
           <...>-3074  [000] d...    87.254656: sched_migrate_task: comm=CompositorTileW pid=3071 prio=120 orig_cpu=7 dest_cpu=0
           <...>-3074  [000] d...    87.254657: sched_stat_runtime: comm=CompositorTileW pid=3074 runtime=92149 [ns] vruntime=43842221728 [ns]
           <...>-3074  [000] d...    87.254658: sutil_marker: Schedutil: attach_entity_load_avg: 0: 0
           <...>-3074  [000] d...    87.254659: sched_wakeup: comm=CompositorTileW pid=3071 prio=120 target_cpu=000
           <...>-3074  [000] d...    87.254704: sched_stat_runtime: comm=CompositorTileW pid=3074 runtime=46521 [ns] vruntime=43842268249 [ns]
           <...>-3074  [000] d...    87.254706: sched_switch: prev_comm=CompositorTileW prev_pid=3074 prev_prio=120 prev_state=S ==> next_comm=CompositorTileW next_pid=3072 next_prio=120
           <...>-3072  [000] d...    87.254711: sched_stat_runtime: comm=CompositorTileW pid=3072 runtime=7609 [ns] vruntime=43842138466 [ns]
           <...>-3072  [000] d...    87.254712: sched_switch: prev_comm=CompositorTileW prev_pid=3072 prev_prio=120 prev_state=S ==> next_comm=CompositorTileW next_pid=3071 next_prio=120
           <...>-3071  [000] d...    87.254734: sched_stat_runtime: comm=CompositorTileW pid=3071 runtime=23185 [ns] vruntime=43842180092 [ns]
           <...>-3071  [000] d...    87.254745: sched_switch: prev_comm=CompositorTileW prev_pid=3071 prev_prio=120 prev_state=S ==> next_comm=swapper/0 next_pid=0 next_prio=120
          <idle>-0     [000] d...    87.254748: cpu_idle: state=4 cpu_id=0
          <idle>-0     [000] dN..    87.254817: cpu_idle: state=4294967295 cpu_id=0
          <idle>-0     [000] d...    87.254820: sched_switch: prev_comm=swapper/0 prev_pid=0 prev_prio=120 prev_state=R ==> next_comm=WorkerPool/1819 next_pid=1819 next_prio=120
           <...>-1819  [000] d...    87.254876: sched_stat_runtime: comm=WorkerPool/1819 pid=1819 runtime=62189 [ns] vruntime=43842264398 [ns]
           <...>-1819  [000] d...    87.254884: sched_switch: prev_comm=WorkerPool/1819 prev_pid=1819 prev_prio=120 prev_state=S ==> next_comm=swapper/0 next_pid=0 next_prio=120
          <idle>-0     [000] d...    87.254886: cpu_idle: state=4 cpu_id=0
          <idle>-0     [000] dN..    87.254994: cpu_idle: state=4294967295 cpu_id=0
          <idle>-0     [000] d...    87.254996: sched_switch: prev_comm=swapper/0 prev_pid=0 prev_prio=120 prev_state=R ==> next_comm=chrome next_pid=1524 next_prio=120
          chrome-1524  [000] d...    87.255060: sched_stat_runtime: comm=chrome pid=1524 runtime=69459 [ns] vruntime=43854169467 [ns]
          chrome-1524  [000] d...    87.255062: sched_switch: prev_comm=chrome prev_pid=1524 prev_prio=120 prev_state=S ==> next_comm=swapper/0 next_pid=0 next_prio=120
          <idle>-0     [000] d...    87.255065: cpu_idle: state=3 cpu_id=0
          <idle>-0     [000] dN..    87.255107: cpu_idle: state=4294967295 cpu_id=0
          <idle>-0     [000] d...    87.255109: sched_switch: prev_comm=swapper/0 prev_pid=0 prev_prio=120 prev_state=R ==> next_comm=WorkerPool/1819 next_pid=1819 next_prio=120
           <...>-1819  [000] d...    87.255130: sched_stat_runtime: comm=WorkerPool/1819 pid=1819 runtime=25343 [ns] vruntime=43842289741 [ns]
           <...>-1819  [000] d...    87.255132: sched_switch: prev_comm=WorkerPool/1819 prev_pid=1819 prev_prio=120 prev_state=S ==> next_comm=swapper/0 next_pid=0 next_prio=120
          <idle>-0     [000] d...    87.255134: cpu_idle: state=3 cpu_id=0
          <idle>-0     [000] dN..    87.255160: cpu_idle: state=4294967295 cpu_id=0
          <idle>-0     [000] d...    87.255162: sched_switch: prev_comm=swapper/0 prev_pid=0 prev_prio=120 prev_state=R ==> next_comm=chrome next_pid=1524 next_prio=120
          chrome-1524  [000] d...    87.255212: sched_stat_runtime: comm=chrome pid=1524 runtime=54591 [ns] vruntime=43854224058 [ns]
          chrome-1524  [000] d...    87.255214: sched_switch: prev_comm=chrome prev_pid=1524 prev_prio=120 prev_state=S ==> next_comm=swapper/0 next_pid=0 next_prio=120
          <idle>-0     [000] d...    87.255217: cpu_idle: state=2 cpu_id=0
          <idle>-0     [000] dN..    87.255290: cpu_idle: state=4294967295 cpu_id=0
          <idle>-0     [000] d...    87.255311: sched_switch: prev_comm=swapper/0 prev_pid=0 prev_prio=120 prev_state=R ==> next_comm=chrome next_pid=1524 next_prio=120
          chrome-1524  [000] d...    87.255379: sched_stat_runtime: comm=chrome pid=1524 runtime=90715 [ns] vruntime=43854314773 [ns]
          chrome-1524  [000] d...    87.255382: sched_switch: prev_comm=chrome prev_pid=1524 prev_prio=120 prev_state=S ==> next_comm=swapper/0 next_pid=0 next_prio=120
          <idle>-0     [000] d...    87.255387: cpu_idle: state=2 cpu_id=0
          <idle>-0     [000] dN..    87.255426: cpu_idle: state=4294967295 cpu_id=0
          <idle>-0     [000] d...    87.255429: sched_switch: prev_comm=swapper/0 prev_pid=0 prev_prio=120 prev_state=R ==> next_comm=WorkerPool/1819 next_pid=1819 next_prio=120
           <...>-1819  [000] d.h.    87.255483: sched_stat_runtime: comm=WorkerPool/1819 pid=1819 runtime=59584 [ns] vruntime=43842374357 [ns]
           <...>-1819  [000] d...    87.255527: sched_stat_runtime: comm=WorkerPool/1819 pid=1819 runtime=43961 [ns] vruntime=43842418318 [ns]
           <...>-1819  [000] d...    87.255530: sched_switch: prev_comm=WorkerPool/1819 prev_pid=1819 prev_prio=120 prev_state=S ==> next_comm=swapper/0 next_pid=0 next_prio=120
          <idle>-0     [000] d...    87.255537: cpu_idle: state=2 cpu_id=0
          <idle>-0     [000] dN..    87.255551: cpu_idle: state=4294967295 cpu_id=0
          <idle>-0     [000] d...    87.255554: sched_switch: prev_comm=swapper/0 prev_pid=0 prev_prio=120 prev_state=R ==> next_comm=chrome next_pid=1524 next_prio=120
          chrome-1524  [000] d...    87.255626: sched_stat_runtime: comm=chrome pid=1524 runtime=77382 [ns] vruntime=43854392155 [ns]
          chrome-1524  [000] d...    87.255629: sched_switch: prev_comm=chrome prev_pid=1524 prev_prio=120 prev_state=S ==> next_comm=swapper/0 next_pid=0 next_prio=120
          <idle>-0     [000] d...    87.255635: cpu_idle: state=2 cpu_id=0
          <idle>-0     [000] dN..    87.255745: cpu_idle: state=4294967295 cpu_id=0
          <idle>-0     [000] d...    87.255750: sched_switch: prev_comm=swapper/0 prev_pid=0 prev_prio=120 prev_state=R ==> next_comm=chrome next_pid=1524 next_prio=120
          chrome-1524  [000] d...    87.255830: sched_stat_runtime: comm=chrome pid=1524 runtime=86198 [ns] vruntime=43854478353 [ns]
          chrome-1524  [000] d...    87.255832: sched_switch: prev_comm=chrome prev_pid=1524 prev_prio=120 prev_state=S ==> next_comm=swapper/0 next_pid=0 next_prio=120
          <idle>-0     [000] d...    87.255839: cpu_idle: state=2 cpu_id=0
          <idle>-0     [000] dN..    87.255852: cpu_idle: state=4294967295 cpu_id=0
          <idle>-0     [000] d...    87.255855: sched_switch: prev_comm=swapper/0 prev_pid=0 prev_prio=120 prev_state=R ==> next_comm=chrome next_pid=1524 next_prio=120
          chrome-1524  [000] d...    87.255928: sched_stat_runtime: comm=chrome pid=1524 runtime=80310 [ns] vruntime=43854558663 [ns]
          chrome-1524  [000] d...    87.255930: sched_switch: prev_comm=chrome prev_pid=1524 prev_prio=120 prev_state=S ==> next_comm=swapper/0 next_pid=0 next_prio=120
          <idle>-0     [000] d...    87.255937: cpu_idle: state=2 cpu_id=0
          <idle>-0     [000] dN..    87.255993: cpu_idle: state=4294967295 cpu_id=0
          <idle>-0     [000] d...    87.255997: sched_switch: prev_comm=swapper/0 prev_pid=0 prev_prio=120 prev_state=R ==> next_comm=WorkerPool/1819 next_pid=1819 next_prio=120
           <...>-1819  [000] d...    87.256128: sched_stat_runtime: comm=WorkerPool/1819 pid=1819 runtime=137257 [ns] vruntime=43842695920 [ns]
           <...>-1819  [000] d...    87.256130: sched_switch: prev_comm=WorkerPool/1819 prev_pid=1819 prev_prio=120 prev_state=S ==> next_comm=swapper/0 next_pid=0 next_prio=120
          <idle>-0     [000] d...    87.256136: cpu_idle: state=2 cpu_id=0
          <idle>-0     [000] dN..    87.256212: cpu_idle: state=4294967295 cpu_id=0
          <idle>-0     [000] d...    87.256216: sched_switch: prev_comm=swapper/0 prev_pid=0 prev_prio=120 prev_state=R ==> next_comm=WorkerPool/1819 next_pid=1819 next_prio=120
           <...>-1819  [000] d...    87.256271: sched_stat_runtime: comm=WorkerPool/1819 pid=1819 runtime=60894 [ns] vruntime=43842756814 [ns]
           <...>-1819  [000] d...    87.256274: sched_switch: prev_comm=WorkerPool/1819 prev_pid=1819 prev_prio=120 prev_state=S ==> next_comm=swapper/0 next_pid=0 next_prio=120
          <idle>-0     [000] d...    87.256280: cpu_idle: state=4 cpu_id=0
          <idle>-0     [000] dN..    87.256535: cpu_idle: state=4294967295 cpu_id=0
          <idle>-0     [000] d...    87.256541: sched_switch: prev_comm=swapper/0 prev_pid=0 prev_prio=120 prev_state=R ==> next_comm=chrome next_pid=1524 next_prio=120
          chrome-1524  [000] d...    87.256665: sched_stat_runtime: comm=chrome pid=1524 runtime=133659 [ns] vruntime=43854692322 [ns]
          chrome-1524  [000] d...    87.256669: sched_switch: prev_comm=chrome prev_pid=1524 prev_prio=120 prev_state=S ==> next_comm=swapper/0 next_pid=0 next_prio=120
          <idle>-0     [000] d...    87.256677: cpu_idle: state=4 cpu_id=0
          <idle>-0     [000] dN..    87.256882: cpu_idle: state=4294967295 cpu_id=0
          <idle>-0     [000] d...    87.256888: sched_switch: prev_comm=swapper/0 prev_pid=0 prev_prio=120 prev_state=R ==> next_comm=WorkerPool/1819 next_pid=1819 next_prio=120
           <...>-1819  [000] d...    87.256922: sched_stat_runtime: comm=WorkerPool/1819 pid=1819 runtime=43479 [ns] vruntime=43842800293 [ns]
           <...>-1819  [000] d...    87.256925: sched_switch: prev_comm=WorkerPool/1819 prev_pid=1819 prev_prio=120 prev_state=S ==> next_comm=swapper/0 next_pid=0 next_prio=120
          <idle>-0     [000] d...    87.256932: cpu_idle: state=4 cpu_id=0
          <idle>-0     [000] dN..    87.256998: cpu_idle: state=4294967295 cpu_id=0
          <idle>-0     [000] d...    87.257002: sched_switch: prev_comm=swapper/0 prev_pid=0 prev_prio=120 prev_state=R ==> next_comm=WorkerPool/1819 next_pid=1819 next_prio=120
           <...>-1819  [000] d...    87.257026: sched_stat_runtime: comm=WorkerPool/1819 pid=1819 runtime=31438 [ns] vruntime=43842831731 [ns]
           <...>-1819  [000] d...    87.257028: sched_switch: prev_comm=WorkerPool/1819 prev_pid=1819 prev_prio=120 prev_state=S ==> next_comm=swapper/0 next_pid=0 next_prio=120
          <idle>-0     [000] d...    87.257033: cpu_idle: state=4 cpu_id=0
          <idle>-0     [000] dN..    87.257041: cpu_idle: state=4294967295 cpu_id=0
