     threaded-ml-1603  [000] d...    87.369997: sched_wakeup: comm=pulseaudio pid=1481 prio=109 target_cpu=001
     threaded-ml-1603  [000] d...    87.369999: sched_stat_runtime: comm=threaded-ml pid=1603 runtime=7533 [ns] vruntime=43849872749 [ns]
     threaded-ml-1603  [000] d...    87.370000: sched_switch: prev_comm=threaded-ml prev_pid=1603 prev_prio=120 prev_state=S ==> next_comm=swapper/0 next_pid=0 next_prio=120
          <idle>-0     [000] d...    87.370000: cpu_idle: state=4 cpu_id=0
          <idle>-0     [000] dN..    87.370150: cpu_idle: state=4294967295 cpu_id=0
          <idle>-0     [000] d...    87.370152: sched_switch: prev_comm=swapper/0 prev_pid=0 prev_prio=120 prev_state=R ==> next_comm=Chrome_IOThread next_pid=1860 next_prio=120
 Chrome_IOThread-1860  [000] d...    87.370188: sched_stat_runtime: comm=Chrome_IOThread pid=1860 runtime=62084 [ns] vruntime=43861907343 [ns]
 Chrome_IOThread-1860  [000] d...    87.370189: sched_switch: prev_comm=Chrome_IOThread prev_pid=1860 prev_prio=120 prev_state=S ==> next_comm=swapper/0 next_pid=0 next_prio=120
          <idle>-0     [000] d...    87.370190: cpu_idle: state=4 cpu_id=0
          <idle>-0     [000] dN..    87.370426: cpu_idle: state=4294967295 cpu_id=0
          <idle>-0     [000] d...    87.370428: sched_switch: prev_comm=swapper/0 prev_pid=0 prev_prio=120 prev_state=R ==> next_comm=Chrome_IOThread next_pid=1860 next_prio=120
 Chrome_IOThread-1860  [000] d...    87.370464: sched_stat_runtime: comm=Chrome_IOThread pid=1860 runtime=61510 [ns] vruntime=43861968853 [ns]
 Chrome_IOThread-1860  [000] d...    87.370465: sched_switch: prev_comm=Chrome_IOThread prev_pid=1860 prev_prio=120 prev_state=S ==> next_comm=swapper/0 next_pid=0 next_prio=120
          <idle>-0     [000] d...    87.370467: cpu_idle: state=4 cpu_id=0
          <idle>-0     [000] dN..    87.370716: cpu_idle: state=4294967295 cpu_id=0
          <idle>-0     [000] d...    87.370718: sched_switch: prev_comm=swapper/0 prev_pid=0 prev_prio=120 prev_state=R ==> next_comm=Chrome_IOThread next_pid=1860 next_prio=120
 Chrome_IOThread-1860  [000] d...    87.370754: sched_stat_runtime: comm=Chrome_IOThread pid=1860 runtime=63055 [ns] vruntime=43862031908 [ns]
 Chrome_IOThread-1860  [000] d...    87.370755: sched_switch: prev_comm=Chrome_IOThread prev_pid=1860 prev_prio=120 prev_state=S ==> next_comm=swapper/0 next_pid=0 next_prio=120
          <idle>-0     [000] d...    87.370756: cpu_idle: state=3 cpu_id=0
          <idle>-0     [000] dN..    87.371376: cpu_idle: state=4294967295 cpu_id=0
          <idle>-0     [000] d...    87.371377: sched_switch: prev_comm=swapper/0 prev_pid=0 prev_prio=120 prev_state=R ==> next_comm=Chrome_IOThread next_pid=1860 next_prio=120
 Chrome_IOThread-1860  [000] d...    87.371407: sched_stat_runtime: comm=Chrome_IOThread pid=1860 runtime=57878 [ns] vruntime=43862089786 [ns]
 Chrome_IOThread-1860  [000] d...    87.371408: sched_switch: prev_comm=Chrome_IOThread prev_pid=1860 prev_prio=120 prev_state=S ==> next_comm=swapper/0 next_pid=0 next_prio=120
          <idle>-0     [000] d...    87.371409: cpu_idle: state=2 cpu_id=0
          <idle>-0     [000] d...    87.371487: cpu_idle: state=4294967295 cpu_id=0
          <idle>-0     [000] d...    87.371512: cpu_idle: state=4 cpu_id=0
          <idle>-0     [000] dN..    87.371681: cpu_idle: state=4294967295 cpu_id=0
          <idle>-0     [000] d...    87.371683: sched_switch: prev_comm=swapper/0 prev_pid=0 prev_prio=120 prev_state=R ==> next_comm=Chrome_IOThread next_pid=1860 next_prio=120
 Chrome_IOThread-1860  [000] d...    87.371719: sched_stat_runtime: comm=Chrome_IOThread pid=1860 runtime=64240 [ns] vruntime=43862154026 [ns]
 Chrome_IOThread-1860  [000] d...    87.371720: sched_switch: prev_comm=Chrome_IOThread prev_pid=1860 prev_prio=120 prev_state=S ==> next_comm=swapper/0 next_pid=0 next_prio=120
          <idle>-0     [000] d...    87.371721: cpu_idle: state=4 cpu_id=0
          <idle>-0     [000] dN..    87.371980: cpu_idle: state=4294967295 cpu_id=0
          <idle>-0     [000] d...    87.371982: sched_switch: prev_comm=swapper/0 prev_pid=0 prev_prio=120 prev_state=R ==> next_comm=Chrome_IOThread next_pid=1860 next_prio=120
 Chrome_IOThread-1860  [000] d...    87.372001: sched_stat_runtime: comm=Chrome_IOThread pid=1860 runtime=43661 [ns] vruntime=43862197687 [ns]
 Chrome_IOThread-1860  [000] d...    87.372002: sched_switch: prev_comm=Chrome_IOThread prev_pid=1860 prev_prio=120 prev_state=S ==> next_comm=swapper/0 next_pid=0 next_prio=120
          <idle>-0     [000] d...    87.372003: cpu_idle: state=4 cpu_id=0
          <idle>-0     [000] dN..    87.372283: cpu_idle: state=4294967295 cpu_id=0
          <idle>-0     [000] d...    87.372285: sched_switch: prev_comm=swapper/0 prev_pid=0 prev_prio=120 prev_state=R ==> next_comm=Chrome_IOThread next_pid=1860 next_prio=120
 Chrome_IOThread-1860  [000] d...    87.372324: sched_stat_runtime: comm=Chrome_IOThread pid=1860 runtime=65162 [ns] vruntime=43862262849 [ns]
 Chrome_IOThread-1860  [000] d...    87.372325: sched_switch: prev_comm=Chrome_IOThread prev_pid=1860 prev_prio=120 prev_state=S ==> next_comm=swapper/0 next_pid=0 next_prio=120
          <idle>-0     [000] d...    87.372326: cpu_idle: state=4 cpu_id=0
          <idle>-0     [000] dN..    87.372603: cpu_idle: state=4294967295 cpu_id=0
          <idle>-0     [000] d...    87.372605: sched_switch: prev_comm=swapper/0 prev_pid=0 prev_prio=120 prev_state=R ==> next_comm=Chrome_IOThread next_pid=1860 next_prio=120
 Chrome_IOThread-1860  [000] d...    87.372647: sched_stat_runtime: comm=Chrome_IOThread pid=1860 runtime=66081 [ns] vruntime=43862328930 [ns]
 Chrome_IOThread-1860  [000] d...    87.372648: sched_switch: prev_comm=Chrome_IOThread prev_pid=1860 prev_prio=120 prev_state=S ==> next_comm=swapper/0 next_pid=0 next_prio=120
          <idle>-0     [000] d...    87.372649: cpu_idle: state=4 cpu_id=0
          <idle>-0     [000] dN..    87.372780: cpu_idle: state=4294967295 cpu_id=0
          <idle>-0     [000] d...    87.372782: sched_switch: prev_comm=swapper/0 prev_pid=0 prev_prio=120 prev_state=R ==> next_comm=Chrome_IOThread next_pid=1860 next_prio=120
 Chrome_IOThread-1860  [000] d...    87.372804: sched_waking: comm=Chrome_ChildIOT pid=3068 prio=120 target_cpu=005
 Chrome_IOThread-1860  [000] d...    87.372806: sched_wake_idle_without_ipi: cpu=5
 Chrome_IOThread-1860  [000] d...    87.372806: sched_wakeup: comm=Chrome_ChildIOT pid=3068 prio=120 target_cpu=005
 Chrome_IOThread-1860  [000] d...    87.372830: sched_stat_runtime: comm=Chrome_IOThread pid=1860 runtime=77080 [ns] vruntime=43862406010 [ns]
 Chrome_IOThread-1860  [000] d...    87.372831: sched_switch: prev_comm=Chrome_IOThread prev_pid=1860 prev_prio=120 prev_state=S ==> next_comm=swapper/0 next_pid=0 next_prio=120
          <idle>-0     [000] d...    87.372832: cpu_idle: state=3 cpu_id=0
          <idle>-0     [000] dN..    87.372894: cpu_idle: state=4294967295 cpu_id=0
          <idle>-0     [000] d...    87.372894: sched_switch: prev_comm=swapper/0 prev_pid=0 prev_prio=120 prev_state=R ==> next_comm=Chrome_IOThread next_pid=1860 next_prio=120
 Chrome_IOThread-1860  [000] d...    87.372916: sched_stat_runtime: comm=Chrome_IOThread pid=1860 runtime=67662 [ns] vruntime=43862473672 [ns]
 Chrome_IOThread-1860  [000] d...    87.372917: sched_switch: prev_comm=Chrome_IOThread prev_pid=1860 prev_prio=120 prev_state=S ==> next_comm=swapper/0 next_pid=0 next_prio=120
          <idle>-0     [000] d...    87.372917: cpu_idle: state=3 cpu_id=0
          <idle>-0     [000] dN..    87.373554: cpu_idle: state=4294967295 cpu_id=0
          <idle>-0     [000] d...    87.373555: sched_switch: prev_comm=swapper/0 prev_pid=0 prev_prio=120 prev_state=R ==> next_comm=Chrome_IOThread next_pid=1860 next_prio=120
 Chrome_IOThread-1860  [000] d...    87.373568: sched_stat_runtime: comm=Chrome_IOThread pid=1860 runtime=36914 [ns] vruntime=43862510586 [ns]
 Chrome_IOThread-1860  [000] d...    87.373569: sched_switch: prev_comm=Chrome_IOThread prev_pid=1860 prev_prio=120 prev_state=S ==> next_comm=swapper/0 next_pid=0 next_prio=120
          <idle>-0     [000] d...    87.373570: cpu_idle: state=4 cpu_id=0
          <idle>-0     [000] dN..    87.373684: cpu_idle: state=4294967295 cpu_id=0
          <idle>-0     [000] d...    87.373686: sched_switch: prev_comm=swapper/0 prev_pid=0 prev_prio=120 prev_state=R ==> next_comm=Chrome_IOThread next_pid=1860 next_prio=120
 Chrome_IOThread-1860  [000] d...    87.373918: sched_waking: comm=Chrome_ChildIOT pid=3068 prio=120 target_cpu=005
 Chrome_IOThread-1860  [000] d...    87.373920: sched_wake_idle_without_ipi: cpu=5
 Chrome_IOThread-1860  [000] d...    87.373920: sched_wakeup: comm=Chrome_ChildIOT pid=3068 prio=120 target_cpu=005
 Chrome_IOThread-1860  [000] d...    87.373958: sched_stat_runtime: comm=Chrome_IOThread pid=1860 runtime=297352 [ns] vruntime=43862807938 [ns]
 Chrome_IOThread-1860  [000] d...    87.373959: sched_switch: prev_comm=Chrome_IOThread prev_pid=1860 prev_prio=120 prev_state=S ==> next_comm=swapper/0 next_pid=0 next_prio=120
          <idle>-0     [000] d...    87.373960: cpu_idle: state=3 cpu_id=0
          <idle>-0     [000] dN..    87.374132: cpu_idle: state=4294967295 cpu_id=0
          <idle>-0     [000] d...    87.374133: sched_switch: prev_comm=swapper/0 prev_pid=0 prev_prio=120 prev_state=R ==> next_comm=Chrome_IOThread next_pid=1860 next_prio=120
 Chrome_IOThread-1860  [000] d...    87.374162: sched_stat_runtime: comm=Chrome_IOThread pid=1860 runtime=52705 [ns] vruntime=43862860643 [ns]
 Chrome_IOThread-1860  [000] d...    87.374162: sched_switch: prev_comm=Chrome_IOThread prev_pid=1860 prev_prio=120 prev_state=S ==> next_comm=swapper/0 next_pid=0 next_prio=120
          <idle>-0     [000] d...    87.374163: cpu_idle: state=3 cpu_id=0
          <idle>-0     [000] dN..    87.374235: cpu_idle: state=4294967295 cpu_id=0
          <idle>-0     [000] d...    87.374235: sched_switch: prev_comm=swapper/0 prev_pid=0 prev_prio=120 prev_state=R ==> next_comm=Chrome_IOThread next_pid=1860 next_prio=120
 Chrome_IOThread-1860  [000] d...    87.374286: sched_waking: comm=Chrome_DBThread pid=1854 prio=120 target_cpu=006
 Chrome_IOThread-1860  [000] d...    87.374287: sched_wake_idle_without_ipi: cpu=6
 Chrome_IOThread-1860  [000] d...    87.374287: sched_wakeup: comm=Chrome_DBThread pid=1854 prio=120 target_cpu=006
 Chrome_IOThread-1860  [000] d...    87.374317: sched_waking: comm=Chrome_CacheThr pid=1859 prio=120 target_cpu=005
 Chrome_IOThread-1860  [000] d...    87.374317: sched_wake_idle_without_ipi: cpu=5
 Chrome_IOThread-1860  [000] d...    87.374318: sched_wakeup: comm=Chrome_CacheThr pid=1859 prio=120 target_cpu=005
 Chrome_IOThread-1860  [000] d...    87.374320: sched_stat_runtime: comm=Chrome_IOThread pid=1860 runtime=111378 [ns] vruntime=43862972021 [ns]
 Chrome_IOThread-1860  [000] d...    87.374320: sched_switch: prev_comm=Chrome_IOThread prev_pid=1860 prev_prio=120 prev_state=S ==> next_comm=swapper/0 next_pid=0 next_prio=120
          <idle>-0     [000] d...    87.374321: cpu_idle: state=3 cpu_id=0
          <idle>-0     [000] dN..    87.374411: cpu_idle: state=4294967295 cpu_id=0
          <idle>-0     [000] d...    87.374412: sched_switch: prev_comm=swapper/0 prev_pid=0 prev_prio=120 prev_state=R ==> next_comm=Chrome_IOThread next_pid=1860 next_prio=120
 Chrome_IOThread-1860  [000] d...    87.374432: sched_waking: comm=SimpleCacheWork pid=2466 prio=120 target_cpu=004
 Chrome_IOThread-1860  [000] d...    87.374433: sched_wake_idle_without_ipi: cpu=4
 Chrome_IOThread-1860  [000] d...    87.374433: sched_wakeup: comm=SimpleCacheWork pid=2466 prio=120 target_cpu=004
 Chrome_IOThread-1860  [000] d...    87.374438: sched_stat_runtime: comm=Chrome_IOThread pid=1860 runtime=49723 [ns] vruntime=43863021744 [ns]
 Chrome_IOThread-1860  [000] d...    87.374439: sutil_marker: Schedutil: get_next_freq: 800000: 1024
 Chrome_IOThread-1860  [000] d...    87.374439: sutil_marker: Schedutil: update-single-util: 431: 394
 Chrome_IOThread-1860  [000] d...    87.374439: sutil_marker: Schedutil: update-single-boost: 431: 394
 Chrome_IOThread-1860  [000] d...    87.374439: sutil_marker: Schedutil: update-single-freq: 800000: 800000
 Chrome_IOThread-1860  [000] d...    87.374440: sched_switch: prev_comm=Chrome_IOThread prev_pid=1860 prev_prio=120 prev_state=S ==> next_comm=swapper/0 next_pid=0 next_prio=120
          <idle>-0     [000] d...    87.374441: cpu_idle: state=3 cpu_id=0
          <idle>-0     [000] dN..    87.374565: cpu_idle: state=4294967295 cpu_id=0
          <idle>-0     [000] d...    87.374566: sched_switch: prev_comm=swapper/0 prev_pid=0 prev_prio=120 prev_state=R ==> next_comm=Chrome_IOThread next_pid=1860 next_prio=120
 Chrome_IOThread-1860  [000] d...    87.374594: sched_waking: comm=Chrome_ChildIOT pid=3068 prio=120 target_cpu=005
 Chrome_IOThread-1860  [000] d...    87.374594: sched_wake_idle_without_ipi: cpu=5
 Chrome_IOThread-1860  [000] d...    87.374595: sched_wakeup: comm=Chrome_ChildIOT pid=3068 prio=120 target_cpu=005
 Chrome_IOThread-1860  [000] d...    87.374621: sched_waking: comm=Chrome_CacheThr pid=1859 prio=120 target_cpu=005
 Chrome_IOThread-1860  [000] d...    87.374622: sched_migrate_task: comm=Chrome_CacheThr pid=1859 prio=120 orig_cpu=5 dest_cpu=6
 Chrome_IOThread-1860  [000] d...    87.374622: sutil_marker: Schedutil: attach_entity_load_avg: 0: 0
 Chrome_IOThread-1860  [000] d...    87.374623: sched_wake_idle_without_ipi: cpu=6
 Chrome_IOThread-1860  [000] d...    87.374623: sched_wakeup: comm=Chrome_CacheThr pid=1859 prio=120 target_cpu=006
 Chrome_IOThread-1860  [000] d...    87.374648: sched_stat_runtime: comm=Chrome_IOThread pid=1860 runtime=83802 [ns] vruntime=43863105546 [ns]
 Chrome_IOThread-1860  [000] d...    87.374649: sched_switch: prev_comm=Chrome_IOThread prev_pid=1860 prev_prio=120 prev_state=S ==> next_comm=swapper/0 next_pid=0 next_prio=120
          <idle>-0     [000] d...    87.374650: cpu_idle: state=2 cpu_id=0
          <idle>-0     [000] dN..    87.374655: cpu_idle: state=4294967295 cpu_id=0
          <idle>-0     [000] d...    87.374656: sched_switch: prev_comm=swapper/0 prev_pid=0 prev_prio=120 prev_state=R ==> next_comm=Chrome_IOThread next_pid=1860 next_prio=120
 Chrome_IOThread-1860  [000] d...    87.374667: sched_stat_runtime: comm=Chrome_IOThread pid=1860 runtime=13045 [ns] vruntime=43863118591 [ns]
 Chrome_IOThread-1860  [000] d...    87.374668: sched_switch: prev_comm=Chrome_IOThread prev_pid=1860 prev_prio=120 prev_state=S ==> next_comm=swapper/0 next_pid=0 next_prio=120
          <idle>-0     [000] d...    87.374668: cpu_idle: state=2 cpu_id=0
          <idle>-0     [000] dN..    87.374869: cpu_idle: state=4294967295 cpu_id=0
          <idle>-0     [000] d...    87.374869: sched_switch: prev_comm=swapper/0 prev_pid=0 prev_prio=120 prev_state=R ==> next_comm=Chrome_IOThread next_pid=1860 next_prio=120
 Chrome_IOThread-1860  [000] d...    87.375087: sched_waking: comm=SimpleCacheWork pid=2425 prio=120 target_cpu=002
 Chrome_IOThread-1860  [000] d...    87.375088: sched_wake_idle_without_ipi: cpu=2
 Chrome_IOThread-1860  [000] d...    87.375089: sched_wakeup: comm=SimpleCacheWork pid=2425 prio=120 target_cpu=002
 Chrome_IOThread-1860  [000] d...    87.375246: sched_stat_runtime: comm=Chrome_IOThread pid=1860 runtime=377378 [ns] vruntime=43863495969 [ns]
 Chrome_IOThread-1860  [000] d...    87.375247: sched_switch: prev_comm=Chrome_IOThread prev_pid=1860 prev_prio=120 prev_state=S ==> next_comm=swapper/0 next_pid=0 next_prio=120
          <idle>-0     [000] d...    87.375248: cpu_idle: state=2 cpu_id=0
          <idle>-0     [000] dN..    87.375344: cpu_idle: state=4294967295 cpu_id=0
          <idle>-0     [000] d...    87.375344: sched_switch: prev_comm=swapper/0 prev_pid=0 prev_prio=120 prev_state=R ==> next_comm=Chrome_IOThread next_pid=1860 next_prio=120
 Chrome_IOThread-1860  [000] d...    87.375355: sched_stat_runtime: comm=Chrome_IOThread pid=1860 runtime=11854 [ns] vruntime=43863507823 [ns]
 Chrome_IOThread-1860  [000] d...    87.375355: sched_switch: prev_comm=Chrome_IOThread prev_pid=1860 prev_prio=120 prev_state=S ==> next_comm=swapper/0 next_pid=0 next_prio=120
          <idle>-0     [000] d...    87.375356: cpu_idle: state=2 cpu_id=0
          <idle>-0     [000] d...    87.375487: cpu_idle: state=4294967295 cpu_id=0
          <idle>-0     [000] d.s.    87.375491: sutil_marker: Schedutil: get_next_freq: 800000: 1024
          <idle>-0     [000] d.s.    87.375491: sutil_marker: Schedutil: update-single-util: 394: 396
          <idle>-0     [000] d.s.    87.375491: sutil_marker: Schedutil: update-single-boost: 394: 396
          <idle>-0     [000] d.s.    87.375491: sutil_marker: Schedutil: update-single-freq: 800000: 800000
          <idle>-0     [000] d...    87.375511: cpu_idle: state=4 cpu_id=0
          <idle>-0     [000] dN..    87.375963: cpu_idle: state=4294967295 cpu_id=0
          <idle>-0     [000] d...    87.375965: sched_switch: prev_comm=swapper/0 prev_pid=0 prev_prio=120 prev_state=R ==> next_comm=Chrome_IOThread next_pid=1860 next_prio=120
 Chrome_IOThread-1860  [000] d...    87.376005: sched_stat_runtime: comm=Chrome_IOThread pid=1860 runtime=65203 [ns] vruntime=43863573026 [ns]
 Chrome_IOThread-1860  [000] d...    87.376006: sched_switch: prev_comm=Chrome_IOThread prev_pid=1860 prev_prio=120 prev_state=S ==> next_comm=swapper/0 next_pid=0 next_prio=120
          <idle>-0     [000] d...    87.376007: cpu_idle: state=3 cpu_id=0
          <idle>-0     [000] dN..    87.376575: cpu_idle: state=4294967295 cpu_id=0
          <idle>-0     [000] d...    87.376576: sched_switch: prev_comm=swapper/0 prev_pid=0 prev_prio=120 prev_state=R ==> next_comm=Chrome_IOThread next_pid=1860 next_prio=120
 Chrome_IOThread-1860  [000] d...    87.376658: sched_waking: comm=SimpleCacheWork pid=2370 prio=120 target_cpu=005
 Chrome_IOThread-1860  [000] d...    87.376659: sched_wake_idle_without_ipi: cpu=5
 Chrome_IOThread-1860  [000] d...    87.376659: sched_wakeup: comm=SimpleCacheWork pid=2370 prio=120 target_cpu=005
 Chrome_IOThread-1860  [000] d...    87.376911: sched_waking: comm=Chrome_ChildIOT pid=3068 prio=120 target_cpu=005
 Chrome_IOThread-1860  [000] d...    87.376912: sched_wake_idle_without_ipi: cpu=5
 Chrome_IOThread-1860  [000] d...    87.376913: sched_wakeup: comm=Chrome_ChildIOT pid=3068 prio=120 target_cpu=005
 Chrome_IOThread-1860  [000] d...    87.377514: sched_waking: comm=Chrome_ChildIOT pid=3068 prio=120 target_cpu=005
 Chrome_IOThread-1860  [000] d...    87.377515: sched_wake_idle_without_ipi: cpu=5
 Chrome_IOThread-1860  [000] d...    87.377516: sched_wakeup: comm=Chrome_ChildIOT pid=3068 prio=120 target_cpu=005
 Chrome_IOThread-1860  [000] d...    87.377526: sched_waking: comm=SimpleCacheWork pid=2466 prio=120 target_cpu=004
 Chrome_IOThread-1860  [000] d...    87.377527: sched_wake_idle_without_ipi: cpu=4
 Chrome_IOThread-1860  [000] d...    87.377527: sched_wakeup: comm=SimpleCacheWork pid=2466 prio=120 target_cpu=004
 Chrome_IOThread-1860  [000] d...    87.377670: sched_waking: comm=Chrome_ChildIOT pid=3068 prio=120 target_cpu=005
 Chrome_IOThread-1860  [000] d...    87.377671: sched_wake_idle_without_ipi: cpu=5
 Chrome_IOThread-1860  [000] d...    87.377671: sched_wakeup: comm=Chrome_ChildIOT pid=3068 prio=120 target_cpu=005
 Chrome_IOThread-1860  [000] d...    87.377710: sched_waking: comm=Chrome_ChildIOT pid=3068 prio=120 target_cpu=005
 Chrome_IOThread-1860  [000] d...    87.377711: sched_wake_idle_without_ipi: cpu=5
 Chrome_IOThread-1860  [000] d...    87.377711: sched_wakeup: comm=Chrome_ChildIOT pid=3068 prio=120 target_cpu=005
 Chrome_IOThread-1860  [000] d...    87.377780: sched_waking: comm=Chrome_ChildIOT pid=3068 prio=120 target_cpu=005
 Chrome_IOThread-1860  [000] d...    87.377781: sched_wake_idle_without_ipi: cpu=5
 Chrome_IOThread-1860  [000] d...    87.377781: sched_wakeup: comm=Chrome_ChildIOT pid=3068 prio=120 target_cpu=005
 Chrome_IOThread-1860  [000] d...    87.377856: sched_waking: comm=SimpleCacheWork pid=2425 prio=120 target_cpu=002
 Chrome_IOThread-1860  [000] d...    87.377857: sched_wake_idle_without_ipi: cpu=2
 Chrome_IOThread-1860  [000] d...    87.377857: sched_wakeup: comm=SimpleCacheWork pid=2425 prio=120 target_cpu=002
 Chrome_IOThread-1860  [000] d...    87.377890: sched_stat_runtime: comm=Chrome_IOThread pid=1860 runtime=1336097 [ns] vruntime=43864909123 [ns]
 Chrome_IOThread-1860  [000] d...    87.377890: sutil_marker: Schedutil: get_next_freq: 800000: 1024
 Chrome_IOThread-1860  [000] d...    87.377891: sutil_marker: Schedutil: update-single-util: 396: 406
 Chrome_IOThread-1860  [000] d...    87.377891: sutil_marker: Schedutil: update-single-boost: 396: 406
 Chrome_IOThread-1860  [000] d...    87.377891: sutil_marker: Schedutil: update-single-freq: 800000: 800000
 Chrome_IOThread-1860  [000] d...    87.377891: sched_switch: prev_comm=Chrome_IOThread prev_pid=1860 prev_prio=120 prev_state=S ==> next_comm=swapper/0 next_pid=0 next_prio=120
          <idle>-0     [000] d...    87.377893: cpu_idle: state=4 cpu_id=0
          <idle>-0     [000] dN..    87.377955: cpu_idle: state=4294967295 cpu_id=0
          <idle>-0     [000] d...    87.377957: sched_switch: prev_comm=swapper/0 prev_pid=0 prev_prio=120 prev_state=R ==> next_comm=Chrome_IOThread next_pid=1860 next_prio=120
 Chrome_IOThread-1860  [000] d...    87.377986: sched_stat_runtime: comm=Chrome_IOThread pid=1860 runtime=57408 [ns] vruntime=43864966531 [ns]
 Chrome_IOThread-1860  [000] d...    87.377987: sched_switch: prev_comm=Chrome_IOThread prev_pid=1860 prev_prio=120 prev_state=S ==> next_comm=swapper/0 next_pid=0 next_prio=120
          <idle>-0     [000] d...    87.377988: cpu_idle: state=4 cpu_id=0
          <idle>-0     [000] dN..    87.378113: cpu_idle: state=4294967295 cpu_id=0
          <idle>-0     [000] d...    87.378115: sched_switch: prev_comm=swapper/0 prev_pid=0 prev_prio=120 prev_state=R ==> next_comm=Chrome_IOThread next_pid=1860 next_prio=120
 Chrome_IOThread-1860  [000] d...    87.378188: sched_stat_runtime: comm=Chrome_IOThread pid=1860 runtime=98167 [ns] vruntime=43865064698 [ns]
 Chrome_IOThread-1860  [000] d...    87.378189: sched_switch: prev_comm=Chrome_IOThread prev_pid=1860 prev_prio=120 prev_state=S ==> next_comm=swapper/0 next_pid=0 next_prio=120
          <idle>-0     [000] d...    87.378190: cpu_idle: state=3 cpu_id=0
          <idle>-0     [000] dN..    87.378245: cpu_idle: state=4294967295 cpu_id=0
          <idle>-0     [000] d...    87.378246: sched_switch: prev_comm=swapper/0 prev_pid=0 prev_prio=120 prev_state=R ==> next_comm=Chrome_IOThread next_pid=1860 next_prio=120
 Chrome_IOThread-1860  [000] d...    87.378288: sched_waking: comm=Chrome_ChildIOT pid=3068 prio=120 target_cpu=006
 Chrome_IOThread-1860  [000] d...    87.378289: sched_wake_idle_without_ipi: cpu=6
 Chrome_IOThread-1860  [000] d...    87.378289: sched_wakeup: comm=Chrome_ChildIOT pid=3068 prio=120 target_cpu=006
 Chrome_IOThread-1860  [000] d...    87.378369: sched_stat_runtime: comm=Chrome_IOThread pid=1860 runtime=176205 [ns] vruntime=43865240903 [ns]
 Chrome_IOThread-1860  [000] d...    87.378386: sched_switch: prev_comm=Chrome_IOThread prev_pid=1860 prev_prio=120 prev_state=S ==> next_comm=swapper/0 next_pid=0 next_prio=120
          <idle>-0     [000] d...    87.378387: cpu_idle: state=3 cpu_id=0
          <idle>-0     [000] dN..    87.378461: cpu_idle: state=4294967295 cpu_id=0
          <idle>-0     [000] d...    87.378462: sched_switch: prev_comm=swapper/0 prev_pid=0 prev_prio=120 prev_state=R ==> next_comm=Chrome_IOThread next_pid=1860 next_prio=120
 Chrome_IOThread-1860  [000] d...    87.378476: sched_stat_runtime: comm=Chrome_IOThread pid=1860 runtime=38040 [ns] vruntime=43865278943 [ns]
 Chrome_IOThread-1860  [000] d...    87.378477: sched_switch: prev_comm=Chrome_IOThread prev_pid=1860 prev_prio=120 prev_state=S ==> next_comm=swapper/0 next_pid=0 next_prio=120
          <idle>-0     [000] d...    87.378478: cpu_idle: state=3 cpu_id=0
          <idle>-0     [000] d...    87.379509: cpu_idle: state=4294967295 cpu_id=0
          <idle>-0     [000] d.s.    87.379513: sutil_marker: Schedutil: get_next_freq: 800000: 1024
          <idle>-0     [000] d.s.    87.379513: sutil_marker: Schedutil: update-single-util: 406: 400
          <idle>-0     [000] d.s.    87.379513: sutil_marker: Schedutil: update-single-boost: 406: 400
          <idle>-0     [000] d.s.    87.379513: sutil_marker: Schedutil: update-single-freq: 800000: 800000
          <idle>-0     [000] d...    87.379516: cpu_idle: state=6 cpu_id=0
          <idle>-0     [000] dN..    87.381153: cpu_idle: state=4294967295 cpu_id=0
          <idle>-0     [000] d...    87.381154: sched_switch: prev_comm=swapper/0 prev_pid=0 prev_prio=120 prev_state=R ==> next_comm=Chrome_IOThread next_pid=1860 next_prio=120
 Chrome_IOThread-1860  [000] d...    87.381257: sched_waking: comm=SimpleCacheWork pid=2370 prio=120 target_cpu=005
 Chrome_IOThread-1860  [000] d...    87.381258: sched_migrate_task: comm=SimpleCacheWork pid=2370 prio=120 orig_cpu=5 dest_cpu=6
 Chrome_IOThread-1860  [000] d...    87.381259: sutil_marker: Schedutil: attach_entity_load_avg: 0: 0
 Chrome_IOThread-1860  [000] d...    87.381259: sched_wake_idle_without_ipi: cpu=6
 Chrome_IOThread-1860  [000] d...    87.381260: sched_wakeup: comm=SimpleCacheWork pid=2370 prio=120 target_cpu=006
 Chrome_IOThread-1860  [000] d...    87.381386: sched_stat_runtime: comm=Chrome_IOThread pid=1860 runtime=256517 [ns] vruntime=43865535460 [ns]
 Chrome_IOThread-1860  [000] d...    87.381388: sched_switch: prev_comm=Chrome_IOThread prev_pid=1860 prev_prio=120 prev_state=S ==> next_comm=swapper/0 next_pid=0 next_prio=120
          <idle>-0     [000] d...    87.381389: cpu_idle: state=4 cpu_id=0
          <idle>-0     [000] dN..    87.382803: cpu_idle: state=4294967295 cpu_id=0
          <idle>-0     [000] d...    87.382805: sched_switch: prev_comm=swapper/0 prev_pid=0 prev_prio=120 prev_state=R ==> next_comm=Chrome_IOThread next_pid=1860 next_prio=120
 Chrome_IOThread-1860  [000] d...    87.382830: sched_stat_runtime: comm=Chrome_IOThread pid=1860 runtime=50776 [ns] vruntime=43865586236 [ns]
 Chrome_IOThread-1860  [000] d...    87.382831: sutil_marker: Schedutil: get_next_freq: 800000: 1024
 Chrome_IOThread-1860  [000] d...    87.382831: sutil_marker: Schedutil: update-single-util: 400: 380
 Chrome_IOThread-1860  [000] d...    87.382832: sutil_marker: Schedutil: update-single-boost: 400: 380
 Chrome_IOThread-1860  [000] d...    87.382832: sutil_marker: Schedutil: update-single-freq: 800000: 800000
 Chrome_IOThread-1860  [000] d...    87.382832: sched_switch: prev_comm=Chrome_IOThread prev_pid=1860 prev_prio=120 prev_state=S ==> next_comm=swapper/0 next_pid=0 next_prio=120
          <idle>-0     [000] d...    87.382833: cpu_idle: state=4 cpu_id=0
          <idle>-0     [000] d...    87.383510: cpu_idle: state=4294967295 cpu_id=0
          <idle>-0     [000] d...    87.383514: cpu_idle: state=6 cpu_id=0
          <idle>-0     [000] dN..    87.383589: cpu_idle: state=4294967295 cpu_id=0
          <idle>-0     [000] d...    87.383591: sched_switch: prev_comm=swapper/0 prev_pid=0 prev_prio=120 prev_state=R ==> next_comm=Chrome_IOThread next_pid=1860 next_prio=120
 Chrome_IOThread-1860  [000] d...    87.383639: sched_stat_runtime: comm=Chrome_IOThread pid=1860 runtime=90744 [ns] vruntime=43865676980 [ns]
 Chrome_IOThread-1860  [000] d...    87.383640: sched_switch: prev_comm=Chrome_IOThread prev_pid=1860 prev_prio=120 prev_state=S ==> next_comm=swapper/0 next_pid=0 next_prio=120
          <idle>-0     [000] d...    87.383642: cpu_idle: state=6 cpu_id=0
          <idle>-0     [000] dN..    87.383963: cpu_idle: state=4294967295 cpu_id=0
          <idle>-0     [000] d...    87.383965: sched_switch: prev_comm=swapper/0 prev_pid=0 prev_prio=120 prev_state=R ==> next_comm=Chrome_IOThread next_pid=1860 next_prio=120
 Chrome_IOThread-1860  [000] d...    87.383977: sched_waking: comm=Chrome_ChildIOT pid=3068 prio=120 target_cpu=006
 Chrome_IOThread-1860  [000] d...    87.383979: sched_wake_idle_without_ipi: cpu=6
 Chrome_IOThread-1860  [000] d...    87.383979: sched_wakeup: comm=Chrome_ChildIOT pid=3068 prio=120 target_cpu=006
 Chrome_IOThread-1860  [000] d...    87.384002: sched_stat_runtime: comm=Chrome_IOThread pid=1860 runtime=65147 [ns] vruntime=43865742127 [ns]
 Chrome_IOThread-1860  [000] d...    87.384003: sched_switch: prev_comm=Chrome_IOThread prev_pid=1860 prev_prio=120 prev_state=S ==> next_comm=swapper/0 next_pid=0 next_prio=120
          <idle>-0     [000] d...    87.384004: cpu_idle: state=4 cpu_id=0
          <idle>-0     [000] d...    87.387524: cpu_idle: state=4294967295 cpu_id=0
          <idle>-0     [000] d.s.    87.387529: sutil_marker: Schedutil: get_next_freq: 800000: 1024
          <idle>-0     [000] d.s.    87.387529: sutil_marker: Schedutil: update-single-util: 380: 348
          <idle>-0     [000] d.s.    87.387529: sutil_marker: Schedutil: update-single-boost: 380: 348
          <idle>-0     [000] d.s.    87.387529: sutil_marker: Schedutil: update-single-freq: 800000: 800000
          <idle>-0     [000] d...    87.387551: cpu_idle: state=6 cpu_id=0
          <idle>-0     [000] dN..    87.390413: cpu_idle: state=4294967295 cpu_id=0
          <idle>-0     [000] d...    87.390420: sched_switch: prev_comm=swapper/0 prev_pid=0 prev_prio=120 prev_state=R ==> next_comm=Chrome_IOThread next_pid=1860 next_prio=120
 Chrome_IOThread-1860  [000] d...    87.390551: sched_waking: comm=CompositorTileW pid=1862 prio=120 target_cpu=006
 Chrome_IOThread-1860  [000] d...    87.390556: sched_wake_idle_without_ipi: cpu=6
 Chrome_IOThread-1860  [000] d...    87.390558: sched_wakeup: comm=CompositorTileW pid=1862 prio=120 target_cpu=006
 Chrome_IOThread-1860  [000] d...    87.390593: sched_waking: comm=Chrome_ChildIOT pid=3068 prio=120 target_cpu=006
 Chrome_IOThread-1860  [000] d...    87.390598: sched_migrate_task: comm=Chrome_ChildIOT pid=3068 prio=120 orig_cpu=6 dest_cpu=1
 Chrome_IOThread-1860  [000] d...    87.390601: sutil_marker: Schedutil: attach_entity_load_avg: 0: 0
 Chrome_IOThread-1860  [000] d...    87.390603: sched_wake_idle_without_ipi: cpu=1
 Chrome_IOThread-1860  [000] d...    87.390603: sched_wakeup: comm=Chrome_ChildIOT pid=3068 prio=120 target_cpu=001
 Chrome_IOThread-1860  [000] d...    87.390627: sched_stat_runtime: comm=Chrome_IOThread pid=1860 runtime=258101 [ns] vruntime=43866000228 [ns]
 Chrome_IOThread-1860  [000] d...    87.390632: sched_switch: prev_comm=Chrome_IOThread prev_pid=1860 prev_prio=120 prev_state=S ==> next_comm=swapper/0 next_pid=0 next_prio=120
          <idle>-0     [000] d...    87.390638: cpu_idle: state=4 cpu_id=0
          <idle>-0     [000] d...    87.391525: cpu_idle: state=4294967295 cpu_id=0
          <idle>-0     [000] d.s.    87.391541: sutil_marker: Schedutil: get_next_freq: 800000: 1024
          <idle>-0     [000] d.s.    87.391543: sutil_marker: Schedutil: update-single-util: 348: 325
          <idle>-0     [000] d.s.    87.391544: sutil_marker: Schedutil: update-single-boost: 348: 325
          <idle>-0     [000] d.s.    87.391544: sutil_marker: Schedutil: update-single-freq: 800000: 800000
          <idle>-0     [000] d...    87.391562: cpu_idle: state=6 cpu_id=0
          <idle>-0     [000] d...    87.395523: cpu_idle: state=4294967295 cpu_id=0
          <idle>-0     [000] d.s.    87.395540: sutil_marker: Schedutil: get_next_freq: 800000: 1024
          <idle>-0     [000] d.s.    87.395541: sutil_marker: Schedutil: update-single-util: 325: 299
          <idle>-0     [000] d.s.    87.395542: sutil_marker: Schedutil: update-single-boost: 325: 299
          <idle>-0     [000] d.s.    87.395543: sutil_marker: Schedutil: update-single-freq: 800000: 800000
          <idle>-0     [000] d...    87.395566: cpu_idle: state=6 cpu_id=0
          <idle>-0     [000] dN..    87.396092: cpu_idle: state=4294967295 cpu_id=0
          <idle>-0     [000] d...    87.396102: sched_switch: prev_comm=swapper/0 prev_pid=0 prev_prio=120 prev_state=R ==> next_comm=Chrome_IOThread next_pid=1860 next_prio=120
 Chrome_IOThread-1860  [000] d...    87.396153: sched_waking: comm=Chrome_ChildIOT pid=1903 prio=120 target_cpu=007
 Chrome_IOThread-1860  [000] d...    87.396159: sched_wake_idle_without_ipi: cpu=7
 Chrome_IOThread-1860  [000] d...    87.396160: sched_wakeup: comm=Chrome_ChildIOT pid=1903 prio=120 target_cpu=007
 Chrome_IOThread-1860  [000] d...    87.396228: sched_stat_runtime: comm=Chrome_IOThread pid=1860 runtime=165671 [ns] vruntime=43866165899 [ns]
 Chrome_IOThread-1860  [000] d...    87.396232: sched_switch: prev_comm=Chrome_IOThread prev_pid=1860 prev_prio=120 prev_state=S ==> next_comm=swapper/0 next_pid=0 next_prio=120
          <idle>-0     [000] d...    87.396240: cpu_idle: state=6 cpu_id=0
          <idle>-0     [000] dN..    87.396420: cpu_idle: state=4294967295 cpu_id=0
          <idle>-0     [000] d...    87.396429: sched_switch: prev_comm=swapper/0 prev_pid=0 prev_prio=120 prev_state=R ==> next_comm=Chrome_IOThread next_pid=1860 next_prio=120
 Chrome_IOThread-1860  [000] d...    87.396548: sched_waking: comm=CompositorTileW pid=1862 prio=120 target_cpu=006
 Chrome_IOThread-1860  [000] d...    87.396554: sched_wake_idle_without_ipi: cpu=6
 Chrome_IOThread-1860  [000] d...    87.396556: sched_wakeup: comm=CompositorTileW pid=1862 prio=120 target_cpu=006
 Chrome_IOThread-1860  [000] d...    87.396575: sched_stat_runtime: comm=Chrome_IOThread pid=1860 runtime=160348 [ns] vruntime=43866326247 [ns]
 Chrome_IOThread-1860  [000] d...    87.396579: sutil_marker: Schedutil: get_next_freq: 800000: 1024
 Chrome_IOThread-1860  [000] d...    87.396580: sutil_marker: Schedutil: update-single-util: 299: 300
 Chrome_IOThread-1860  [000] d...    87.396581: sutil_marker: Schedutil: update-single-boost: 299: 300
 Chrome_IOThread-1860  [000] d...    87.396582: sutil_marker: Schedutil: update-single-freq: 800000: 800000
 Chrome_IOThread-1860  [000] d...    87.396585: sched_switch: prev_comm=Chrome_IOThread prev_pid=1860 prev_prio=120 prev_state=S ==> next_comm=swapper/0 next_pid=0 next_prio=120
          <idle>-0     [000] d...    87.396596: cpu_idle: state=6 cpu_id=0
          <idle>-0     [000] dN..    87.396755: cpu_idle: state=4294967295 cpu_id=0
          <idle>-0     [000] d...    87.396763: sched_switch: prev_comm=swapper/0 prev_pid=0 prev_prio=120 prev_state=R ==> next_comm=Chrome_IOThread next_pid=1860 next_prio=120
 Chrome_IOThread-1860  [000] d...    87.396806: sched_waking: comm=Chrome_ChildIOT pid=3068 prio=120 target_cpu=001
 Chrome_IOThread-1860  [000] d...    87.396812: sched_wake_idle_without_ipi: cpu=1
 Chrome_IOThread-1860  [000] d...    87.396813: sched_wakeup: comm=Chrome_ChildIOT pid=3068 prio=120 target_cpu=001
 Chrome_IOThread-1860  [000] d...    87.396836: sched_stat_runtime: comm=Chrome_IOThread pid=1860 runtime=86336 [ns] vruntime=43866412583 [ns]
 Chrome_IOThread-1860  [000] d...    87.396839: sched_switch: prev_comm=Chrome_IOThread prev_pid=1860 prev_prio=120 prev_state=S ==> next_comm=swapper/0 next_pid=0 next_prio=120
          <idle>-0     [000] d...    87.396847: cpu_idle: state=6 cpu_id=0
          <idle>-0     [000] dN..    87.398236: cpu_idle: state=4294967295 cpu_id=0
          <idle>-0     [000] d...    87.398247: sched_switch: prev_comm=swapper/0 prev_pid=0 prev_prio=120 prev_state=R ==> next_comm=threaded-ml next_pid=1603 next_prio=120
     threaded-ml-1603  [000] d...    87.398284: sched_stat_runtime: comm=threaded-ml pid=1603 runtime=76623 [ns] vruntime=43854489206 [ns]
     threaded-ml-1603  [000] d...    87.398297: sched_switch: prev_comm=threaded-ml prev_pid=1603 prev_prio=120 prev_state=S ==> next_comm=swapper/0 next_pid=0 next_prio=120
          <idle>-0     [000] d...    87.398305: cpu_idle: state=6 cpu_id=0
          <idle>-0     [000] dN..    87.398525: cpu_idle: state=4294967295 cpu_id=0
          <idle>-0     [000] d...    87.398536: sched_switch: prev_comm=swapper/0 prev_pid=0 prev_prio=120 prev_state=R ==> next_comm=threaded-ml next_pid=1603 next_prio=120
     threaded-ml-1603  [000] d...    87.398572: sched_stat_runtime: comm=threaded-ml pid=1603 runtime=82257 [ns] vruntime=43854571463 [ns]
     threaded-ml-1603  [000] d...    87.398575: sutil_marker: Schedutil: get_next_freq: 800000: 1024
     threaded-ml-1603  [000] d...    87.398576: sutil_marker: Schedutil: update-single-util: 300: 293
     threaded-ml-1603  [000] d...    87.398577: sutil_marker: Schedutil: update-single-boost: 300: 293
     threaded-ml-1603  [000] d...    87.398577: sutil_marker: Schedutil: update-single-freq: 800000: 800000
     threaded-ml-1603  [000] d...    87.398589: sched_switch: prev_comm=threaded-ml prev_pid=1603 prev_prio=120 prev_state=S ==> next_comm=swapper/0 next_pid=0 next_prio=120
          <idle>-0     [000] d...    87.398598: cpu_idle: state=4 cpu_id=0
          <idle>-0     [000] dN..    87.399257: cpu_idle: state=4294967295 cpu_id=0
          <idle>-0     [000] d...    87.399260: sched_switch: prev_comm=swapper/0 prev_pid=0 prev_prio=120 prev_state=R ==> next_comm=Chrome_IOThread next_pid=1860 next_prio=120
 Chrome_IOThread-1860  [000] d...    87.399270: sched_waking: comm=Chrome_ChildIOT pid=1903 prio=120 target_cpu=007
 Chrome_IOThread-1860  [000] d...    87.399271: sched_wake_idle_without_ipi: cpu=7
 Chrome_IOThread-1860  [000] d...    87.399271: sched_wakeup: comm=Chrome_ChildIOT pid=1903 prio=120 target_cpu=007
 Chrome_IOThread-1860  [000] d...    87.399283: sched_stat_runtime: comm=Chrome_IOThread pid=1860 runtime=49213 [ns] vruntime=43866461796 [ns]
 Chrome_IOThread-1860  [000] d...    87.399286: sched_switch: prev_comm=Chrome_IOThread prev_pid=1860 prev_prio=120 prev_state=S ==> next_comm=swapper/0 next_pid=0 next_prio=120
          <idle>-0     [000] d...    87.399288: cpu_idle: state=4 cpu_id=0
          <idle>-0     [000] dN..    87.399296: cpu_idle: state=4294967295 cpu_id=0
          <idle>-0     [000] d...    87.399297: sched_switch: prev_comm=swapper/0 prev_pid=0 prev_prio=120 prev_state=R ==> next_comm=Chrome_IOThread next_pid=1860 next_prio=120
 Chrome_IOThread-1860  [000] d...    87.399321: sched_waking: comm=CompositorTileW pid=1862 prio=120 target_cpu=006
 Chrome_IOThread-1860  [000] d...    87.399322: sched_wake_idle_without_ipi: cpu=6
 Chrome_IOThread-1860  [000] d...    87.399322: sched_wakeup: comm=CompositorTileW pid=1862 prio=120 target_cpu=006
 Chrome_IOThread-1860  [000] d...    87.399325: sched_stat_runtime: comm=Chrome_IOThread pid=1860 runtime=30058 [ns] vruntime=43866491854 [ns]
 Chrome_IOThread-1860  [000] d...    87.399326: sched_switch: prev_comm=Chrome_IOThread prev_pid=1860 prev_prio=120 prev_state=S ==> next_comm=swapper/0 next_pid=0 next_prio=120
          <idle>-0     [000] d...    87.399328: cpu_idle: state=4 cpu_id=0
          <idle>-0     [000] d...    87.399507: cpu_idle: state=4294967295 cpu_id=0
          <idle>-0     [000] d...    87.399574: cpu_idle: state=4 cpu_id=0
          <idle>-0     [000] dN..    87.399663: cpu_idle: state=4294967295 cpu_id=0
          <idle>-0     [000] d...    87.399665: sched_switch: prev_comm=swapper/0 prev_pid=0 prev_prio=120 prev_state=R ==> next_comm=Chrome_IOThread next_pid=1860 next_prio=120
 Chrome_IOThread-1860  [000] d...    87.399675: sched_waking: comm=Chrome_ChildIOT pid=1903 prio=120 target_cpu=007
 Chrome_IOThread-1860  [000] d...    87.399676: sched_wake_idle_without_ipi: cpu=7
 Chrome_IOThread-1860  [000] d...    87.399676: sched_wakeup: comm=Chrome_ChildIOT pid=1903 prio=120 target_cpu=007
 Chrome_IOThread-1860  [000] d...    87.399689: sched_stat_runtime: comm=Chrome_IOThread pid=1860 runtime=25070 [ns] vruntime=43866516924 [ns]
 Chrome_IOThread-1860  [000] d...    87.399693: sched_switch: prev_comm=Chrome_IOThread prev_pid=1860 prev_prio=120 prev_state=S ==> next_comm=swapper/0 next_pid=0 next_prio=120
          <idle>-0     [000] d...    87.399695: cpu_idle: state=4 cpu_id=0
          <idle>-0     [000] dN..    87.399769: cpu_idle: state=4294967295 cpu_id=0
          <idle>-0     [000] d...    87.399770: sched_switch: prev_comm=swapper/0 prev_pid=0 prev_prio=120 prev_state=R ==> next_comm=Chrome_IOThread next_pid=1860 next_prio=120
 Chrome_IOThread-1860  [000] d...    87.399778: sched_waking: comm=Chrome_ChildIOT pid=1903 prio=120 target_cpu=007
 Chrome_IOThread-1860  [000] d...    87.399779: sched_wake_idle_without_ipi: cpu=7
 Chrome_IOThread-1860  [000] d...    87.399780: sched_wakeup: comm=Chrome_ChildIOT pid=1903 prio=120 target_cpu=007
 Chrome_IOThread-1860  [000] d...    87.399800: sched_waking: comm=CompositorTileW pid=1862 prio=120 target_cpu=006
 Chrome_IOThread-1860  [000] d...    87.399801: sched_wake_idle_without_ipi: cpu=6
 Chrome_IOThread-1860  [000] d...    87.399801: sched_wakeup: comm=CompositorTileW pid=1862 prio=120 target_cpu=006
 Chrome_IOThread-1860  [000] d...    87.399804: sched_stat_runtime: comm=Chrome_IOThread pid=1860 runtime=37098 [ns] vruntime=43866554022 [ns]
 Chrome_IOThread-1860  [000] d...    87.399805: sched_switch: prev_comm=Chrome_IOThread prev_pid=1860 prev_prio=120 prev_state=S ==> next_comm=swapper/0 next_pid=0 next_prio=120
          <idle>-0     [000] d...    87.399807: cpu_idle: state=4 cpu_id=0
          <idle>-0     [000] dN..    87.400029: cpu_idle: state=4294967295 cpu_id=0
          <idle>-0     [000] d...    87.400031: sched_switch: prev_comm=swapper/0 prev_pid=0 prev_prio=120 prev_state=R ==> next_comm=Chrome_IOThread next_pid=1860 next_prio=120
 Chrome_IOThread-1860  [000] d...    87.400040: sched_waking: comm=Chrome_ChildIOT pid=1903 prio=120 target_cpu=007
 Chrome_IOThread-1860  [000] d...    87.400041: sched_wake_idle_without_ipi: cpu=7
 Chrome_IOThread-1860  [000] d...    87.400041: sched_wakeup: comm=Chrome_ChildIOT pid=1903 prio=120 target_cpu=007
 Chrome_IOThread-1860  [000] d...    87.400056: sched_stat_runtime: comm=Chrome_IOThread pid=1860 runtime=28752 [ns] vruntime=43866582774 [ns]
 Chrome_IOThread-1860  [000] d...    87.400057: sched_switch: prev_comm=Chrome_IOThread prev_pid=1860 prev_prio=120 prev_state=S ==> next_comm=swapper/0 next_pid=0 next_prio=120
          <idle>-0     [000] d...    87.400059: cpu_idle: state=4 cpu_id=0
          <idle>-0     [000] dN..    87.400532: cpu_idle: state=4294967295 cpu_id=0
          <idle>-0     [000] d...    87.400534: sched_switch: prev_comm=swapper/0 prev_pid=0 prev_prio=120 prev_state=R ==> next_comm=Chrome_IOThread next_pid=1860 next_prio=120
 Chrome_IOThread-1860  [000] d...    87.400546: sched_waking: comm=Chrome_ChildIOT pid=1903 prio=120 target_cpu=007
 Chrome_IOThread-1860  [000] d...    87.400547: sched_wake_idle_without_ipi: cpu=7
 Chrome_IOThread-1860  [000] d...    87.400547: sched_wakeup: comm=Chrome_ChildIOT pid=1903 prio=120 target_cpu=007
 Chrome_IOThread-1860  [000] d...    87.400555: sched_stat_runtime: comm=Chrome_IOThread pid=1860 runtime=50551 [ns] vruntime=43866633325 [ns]
 Chrome_IOThread-1860  [000] d...    87.400556: sched_switch: prev_comm=Chrome_IOThread prev_pid=1860 prev_prio=120 prev_state=S ==> next_comm=swapper/0 next_pid=0 next_prio=120
          <idle>-0     [000] d...    87.400558: cpu_idle: state=4 cpu_id=0
          <idle>-0     [000] d...    87.401425: cpu_idle: state=4294967295 cpu_id=0
          <idle>-0     [000] d...    87.401426: cpu_idle: state=4 cpu_id=0
          <idle>-0     [000] d...    87.401474: cpu_idle: state=4294967295 cpu_id=0
          <idle>-0     [000] d.h.    87.401475: sched_waking: comm=skype pid=1803 prio=120 target_cpu=000
          <idle>-0     [000] d.h.    87.401477: sutil_marker: Schedutil: get_next_freq: 800000: 1024
          <idle>-0     [000] d.h.    87.401477: sutil_marker: Schedutil: update-single-util: 293: 281
          <idle>-0     [000] d.h.    87.401477: sutil_marker: Schedutil: update-single-boost: 293: 281
          <idle>-0     [000] d.h.    87.401477: sutil_marker: Schedutil: update-single-freq: 800000: 800000
          <idle>-0     [000] dNh.    87.401478: sched_wakeup: comm=skype pid=1803 prio=120 target_cpu=000
          <idle>-0     [000] d...    87.401479: sched_switch: prev_comm=swapper/0 prev_pid=0 prev_prio=120 prev_state=R ==> next_comm=skype next_pid=1803 next_prio=120
           skype-1803  [000] d...    87.401503: sched_stat_runtime: comm=skype pid=1803 runtime=26596 [ns] vruntime=43854659921 [ns]
           skype-1803  [000] d...    87.401504: sched_switch: prev_comm=skype prev_pid=1803 prev_prio=120 prev_state=S ==> next_comm=swapper/0 next_pid=0 next_prio=120
          <idle>-0     [000] d...    87.401506: cpu_idle: state=6 cpu_id=0
          <idle>-0     [000] dN..    87.417755: cpu_idle: state=4294967295 cpu_id=0
          <idle>-0     [000] d...    87.417758: sched_switch: prev_comm=swapper/0 prev_pid=0 prev_prio=120 prev_state=R ==> next_comm=Chrome_CacheThr next_pid=1859 next_prio=120
           <...>-1859  [000] d...    87.417802: sched_waking: comm=Chrome_IOThread pid=1860 prio=120 target_cpu=002
           <...>-1859  [000] d...    87.417803: sched_wake_idle_without_ipi: cpu=2
           <...>-1859  [000] d...    87.417803: sched_wakeup: comm=Chrome_IOThread pid=1860 prio=120 target_cpu=002
           <...>-1859  [000] d...    87.417807: sched_stat_runtime: comm=Chrome_CacheThr pid=1859 runtime=50327 [ns] vruntime=43854683652 [ns]
           <...>-1859  [000] d...    87.417808: sched_switch: prev_comm=Chrome_CacheThr prev_pid=1859 prev_prio=120 prev_state=S ==> next_comm=swapper/0 next_pid=0 next_prio=120
          <idle>-0     [000] d...    87.417809: cpu_idle: state=4 cpu_id=0
          <idle>-0     [000] d...    87.419491: cpu_idle: state=4294967295 cpu_id=0
          <idle>-0     [000] d.s.    87.419501: sutil_marker: Schedutil: get_next_freq: 800000: 1024
          <idle>-0     [000] d.s.    87.419502: sutil_marker: Schedutil: update-single-util: 281: 59
          <idle>-0     [000] d.s.    87.419502: sutil_marker: Schedutil: update-single-boost: 281: 59
          <idle>-0     [000] d.s.    87.419502: sutil_marker: Schedutil: update-single-freq: 800000: 800000
          <idle>-0     [000] d...    87.419505: cpu_idle: state=6 cpu_id=0
          <idle>-0     [000] dN..    87.420074: cpu_idle: state=4294967295 cpu_id=0
          <idle>-0     [000] d...    87.420075: sched_switch: prev_comm=swapper/0 prev_pid=0 prev_prio=120 prev_state=R ==> next_comm=Chrome_CacheThr next_pid=1859 next_prio=120
           <...>-1859  [000] d...    87.420185: sched_stat_runtime: comm=Chrome_CacheThr pid=1859 runtime=111861 [ns] vruntime=43854795513 [ns]
           <...>-1859  [000] d...    87.420185: sched_switch: prev_comm=Chrome_CacheThr prev_pid=1859 prev_prio=120 prev_state=S ==> next_comm=swapper/0 next_pid=0 next_prio=120
          <idle>-0     [000] d...    87.420186: cpu_idle: state=4 cpu_id=0
          <idle>-0     [000] dN..    87.420527: cpu_idle: state=4294967295 cpu_id=0
          <idle>-0     [000] d...    87.420528: sched_switch: prev_comm=swapper/0 prev_pid=0 prev_prio=120 prev_state=R ==> next_comm=threaded-ml next_pid=1603 next_prio=120
     threaded-ml-1603  [000] d...    87.420535: sched_waking: comm=pulseaudio pid=1481 prio=109 target_cpu=001
     threaded-ml-1603  [000] d...    87.420536: sched_wake_idle_without_ipi: cpu=1
     threaded-ml-1603  [000] d...    87.420536: sched_wakeup: comm=pulseaudio pid=1481 prio=109 target_cpu=001
     threaded-ml-1603  [000] d...    87.420540: sched_stat_runtime: comm=threaded-ml pid=1603 runtime=14656 [ns] vruntime=43854647981 [ns]
     threaded-ml-1603  [000] d...    87.420541: sched_switch: prev_comm=threaded-ml prev_pid=1603 prev_prio=120 prev_state=S ==> next_comm=swapper/0 next_pid=0 next_prio=120
          <idle>-0     [000] d...    87.420541: cpu_idle: state=4 cpu_id=0
          <idle>-0     [000] dN..    87.420670: cpu_idle: state=4294967295 cpu_id=0
          <idle>-0     [000] d...    87.420671: sched_switch: prev_comm=swapper/0 prev_pid=0 prev_prio=120 prev_state=R ==> next_comm=threaded-ml next_pid=1603 next_prio=120
     threaded-ml-1603  [000] d...    87.420676: sched_stat_runtime: comm=threaded-ml pid=1603 runtime=7325 [ns] vruntime=43854655306 [ns]
     threaded-ml-1603  [000] d...    87.420676: sched_switch: prev_comm=threaded-ml prev_pid=1603 prev_prio=120 prev_state=S ==> next_comm=swapper/0 next_pid=0 next_prio=120
          <idle>-0     [000] d...    87.420677: cpu_idle: state=4 cpu_id=0
          <idle>-0     [000] dN..    87.420911: cpu_idle: state=4294967295 cpu_id=0
          <idle>-0     [000] d...    87.420912: sched_switch: prev_comm=swapper/0 prev_pid=0 prev_prio=120 prev_state=R ==> next_comm=threaded-ml next_pid=1603 next_prio=120
     threaded-ml-1603  [000] d...    87.420914: sched_waking: comm=pulseaudio pid=1481 prio=109 target_cpu=001
     threaded-ml-1603  [000] d...    87.420915: sched_wake_idle_without_ipi: cpu=1
     threaded-ml-1603  [000] d...    87.420915: sched_wakeup: comm=pulseaudio pid=1481 prio=109 target_cpu=001
     threaded-ml-1603  [000] d...    87.420917: sched_stat_runtime: comm=threaded-ml pid=1603 runtime=6990 [ns] vruntime=43854662296 [ns]
     threaded-ml-1603  [000] d...    87.420918: sched_switch: prev_comm=threaded-ml prev_pid=1603 prev_prio=120 prev_state=S ==> next_comm=swapper/0 next_pid=0 next_prio=120
          <idle>-0     [000] d...    87.420918: cpu_idle: state=4 cpu_id=0
          <idle>-0     [000] dN..    87.421281: cpu_idle: state=4294967295 cpu_id=0
          <idle>-0     [000] d...    87.421282: sched_switch: prev_comm=swapper/0 prev_pid=0 prev_prio=120 prev_state=R ==> next_comm=threaded-ml next_pid=1603 next_prio=120
     threaded-ml-1603  [000] d...    87.421284: sched_waking: comm=pulseaudio pid=1481 prio=109 target_cpu=001
     threaded-ml-1603  [000] d...    87.421285: sched_wake_idle_without_ipi: cpu=1
