 Chrome_IOThread-1860  [000] d...    87.490061: sched_stat_runtime: comm=Chrome_IOThread pid=1860 runtime=99280 [ns] vruntime=43868405042 [ns]
 Chrome_IOThread-1860  [000] d...    87.490065: sched_switch: prev_comm=Chrome_IOThread prev_pid=1860 prev_prio=120 prev_state=S ==> next_comm=swapper/0 next_pid=0 next_prio=120
          <idle>-0     [000] d...    87.490074: cpu_idle: state=6 cpu_id=0
          <idle>-0     [000] d...    87.492215: cpu_idle: state=4294967295 cpu_id=0
          <idle>-0     [000] d.h.    87.492218: sched_waking: comm=Chrome_IOThread pid=1860 prio=120 target_cpu=000
          <idle>-0     [000] d.h.    87.492221: sutil_marker: Schedutil: get_next_freq: 800000: 1024
          <idle>-0     [000] d.h.    87.492221: sutil_marker: Schedutil: update-single-util: 144: 405
          <idle>-0     [000] d.h.    87.492221: sutil_marker: Schedutil: update-single-boost: 144: 405
          <idle>-0     [000] d.h.    87.492222: sutil_marker: Schedutil: update-single-freq: 800000: 800000
          <idle>-0     [000] dNh.    87.492222: sched_wakeup: comm=Chrome_IOThread pid=1860 prio=120 target_cpu=000
          <idle>-0     [000] d...    87.492225: sched_switch: prev_comm=swapper/0 prev_pid=0 prev_prio=120 prev_state=R ==> next_comm=Chrome_IOThread next_pid=1860 next_prio=120
 Chrome_IOThread-1860  [000] d...    87.492255: sched_stat_runtime: comm=Chrome_IOThread pid=1860 runtime=31570 [ns] vruntime=43868436612 [ns]
 Chrome_IOThread-1860  [000] d...    87.492256: sched_switch: prev_comm=Chrome_IOThread prev_pid=1860 prev_prio=120 prev_state=S ==> next_comm=swapper/0 next_pid=0 next_prio=120
          <idle>-0     [000] d...    87.492258: cpu_idle: state=6 cpu_id=0
          <idle>-0     [000] dN..    87.495326: cpu_idle: state=4294967295 cpu_id=0
          <idle>-0     [000] d...    87.495328: sched_switch: prev_comm=swapper/0 prev_pid=0 prev_prio=120 prev_state=R ==> next_comm=Chrome_IOThread next_pid=1860 next_prio=120
 Chrome_IOThread-1860  [000] d.h.    87.495498: sched_stat_runtime: comm=Chrome_IOThread pid=1860 runtime=198838 [ns] vruntime=43868635450 [ns]
 Chrome_IOThread-1860  [000] d...    87.495570: sched_stat_runtime: comm=Chrome_IOThread pid=1860 runtime=72321 [ns] vruntime=43868707771 [ns]
 Chrome_IOThread-1860  [000] d...    87.495571: sched_switch: prev_comm=Chrome_IOThread prev_pid=1860 prev_prio=120 prev_state=S ==> next_comm=swapper/0 next_pid=0 next_prio=120
          <idle>-0     [000] d...    87.495572: cpu_idle: state=6 cpu_id=0
          <idle>-0     [000] dN..    87.495627: cpu_idle: state=4294967295 cpu_id=0
          <idle>-0     [000] d...    87.495629: sched_switch: prev_comm=swapper/0 prev_pid=0 prev_prio=120 prev_state=R ==> next_comm=Chrome_IOThread next_pid=1860 next_prio=120
 Chrome_IOThread-1860  [000] d...    87.495812: sched_waking: comm=chrome pid=1524 prio=120 target_cpu=002
 Chrome_IOThread-1860  [000] d...    87.495813: sched_wake_idle_without_ipi: cpu=2
 Chrome_IOThread-1860  [000] d...    87.495814: sched_wakeup: comm=chrome pid=1524 prio=120 target_cpu=002
 Chrome_IOThread-1860  [000] d...    87.495894: sched_waking: comm=Chrome_ChildIOT pid=3068 prio=120 target_cpu=001
 Chrome_IOThread-1860  [000] d...    87.495896: sched_migrate_task: comm=Chrome_ChildIOT pid=3068 prio=120 orig_cpu=1 dest_cpu=3
 Chrome_IOThread-1860  [000] d...    87.495896: sutil_marker: Schedutil: attach_entity_load_avg: 0: 0
 Chrome_IOThread-1860  [000] d...    87.495897: sched_wake_idle_without_ipi: cpu=3
 Chrome_IOThread-1860  [000] d...    87.495897: sched_wakeup: comm=Chrome_ChildIOT pid=3068 prio=120 target_cpu=003
 Chrome_IOThread-1860  [000] d...    87.496046: sched_waking: comm=chrome pid=1524 prio=120 target_cpu=002
 Chrome_IOThread-1860  [000] d...    87.496047: sched_wake_idle_without_ipi: cpu=2
 Chrome_IOThread-1860  [000] d...    87.496047: sched_wakeup: comm=chrome pid=1524 prio=120 target_cpu=002
 Chrome_IOThread-1860  [000] d...    87.496092: sched_waking: comm=Chrome_ChildIOT pid=3068 prio=120 target_cpu=003
 Chrome_IOThread-1860  [000] d...    87.496093: sched_wake_idle_without_ipi: cpu=3
 Chrome_IOThread-1860  [000] d...    87.496093: sched_wakeup: comm=Chrome_ChildIOT pid=3068 prio=120 target_cpu=003
 Chrome_IOThread-1860  [000] d...    87.496186: sched_waking: comm=SimpleCacheWork pid=2425 prio=120 target_cpu=003
 Chrome_IOThread-1860  [000] d...    87.496187: sched_wake_idle_without_ipi: cpu=3
 Chrome_IOThread-1860  [000] d...    87.496187: sched_wakeup: comm=SimpleCacheWork pid=2425 prio=120 target_cpu=003
 Chrome_IOThread-1860  [000] d...    87.496271: sched_waking: comm=chrome pid=1524 prio=120 target_cpu=002
 Chrome_IOThread-1860  [000] d...    87.496273: sched_wake_idle_without_ipi: cpu=2
 Chrome_IOThread-1860  [000] d...    87.496273: sched_wakeup: comm=chrome pid=1524 prio=120 target_cpu=002
 Chrome_IOThread-1860  [000] d...    87.496361: sched_waking: comm=Chrome_ChildIOT pid=3068 prio=120 target_cpu=003
 Chrome_IOThread-1860  [000] d...    87.496362: sched_wake_idle_without_ipi: cpu=3
 Chrome_IOThread-1860  [000] d...    87.496362: sched_wakeup: comm=Chrome_ChildIOT pid=3068 prio=120 target_cpu=003
 Chrome_IOThread-1860  [000] d...    87.496556: sched_stat_runtime: comm=Chrome_IOThread pid=1860 runtime=962026 [ns] vruntime=43869669797 [ns]
 Chrome_IOThread-1860  [000] d...    87.496557: sutil_marker: Schedutil: get_next_freq: 800000: 1024
 Chrome_IOThread-1860  [000] d...    87.496558: sutil_marker: Schedutil: update-single-util: 405: 396
 Chrome_IOThread-1860  [000] d...    87.496558: sutil_marker: Schedutil: update-single-boost: 405: 396
 Chrome_IOThread-1860  [000] d...    87.496558: sutil_marker: Schedutil: update-single-freq: 800000: 800000
 Chrome_IOThread-1860  [000] d...    87.496559: sched_switch: prev_comm=Chrome_IOThread prev_pid=1860 prev_prio=120 prev_state=S ==> next_comm=swapper/0 next_pid=0 next_prio=120
          <idle>-0     [000] d...    87.496561: cpu_idle: state=4 cpu_id=0
          <idle>-0     [000] dN..    87.496620: cpu_idle: state=4294967295 cpu_id=0
          <idle>-0     [000] d...    87.496621: sched_switch: prev_comm=swapper/0 prev_pid=0 prev_prio=120 prev_state=R ==> next_comm=Chrome_IOThread next_pid=1860 next_prio=120
 Chrome_IOThread-1860  [000] d...    87.496790: sched_stat_runtime: comm=Chrome_IOThread pid=1860 runtime=172748 [ns] vruntime=43869842545 [ns]
 Chrome_IOThread-1860  [000] d...    87.496791: sched_switch: prev_comm=Chrome_IOThread prev_pid=1860 prev_prio=120 prev_state=S ==> next_comm=swapper/0 next_pid=0 next_prio=120
          <idle>-0     [000] d...    87.496793: cpu_idle: state=6 cpu_id=0
          <idle>-0     [000] dN..    87.496900: cpu_idle: state=4294967295 cpu_id=0
          <idle>-0     [000] d...    87.496902: sched_switch: prev_comm=swapper/0 prev_pid=0 prev_prio=120 prev_state=R ==> next_comm=Chrome_IOThread next_pid=1860 next_prio=120
 Chrome_IOThread-1860  [000] d...    87.497007: sched_waking: comm=chrome pid=1524 prio=120 target_cpu=002
 Chrome_IOThread-1860  [000] d...    87.497009: sched_wake_idle_without_ipi: cpu=2
 Chrome_IOThread-1860  [000] d...    87.497009: sched_wakeup: comm=chrome pid=1524 prio=120 target_cpu=002
 Chrome_IOThread-1860  [000] d...    87.497069: sched_waking: comm=Chrome_ChildIOT pid=3068 prio=120 target_cpu=003
 Chrome_IOThread-1860  [000] d...    87.497069: sched_wake_idle_without_ipi: cpu=3
 Chrome_IOThread-1860  [000] d...    87.497070: sched_wakeup: comm=Chrome_ChildIOT pid=3068 prio=120 target_cpu=003
 Chrome_IOThread-1860  [000] d...    87.497200: sched_waking: comm=chrome pid=1524 prio=120 target_cpu=002
 Chrome_IOThread-1860  [000] d...    87.497204: sched_wake_idle_without_ipi: cpu=2
 Chrome_IOThread-1860  [000] d...    87.497204: sched_wakeup: comm=chrome pid=1524 prio=120 target_cpu=002
 Chrome_IOThread-1860  [000] d...    87.497233: sched_waking: comm=Chrome_ChildIOT pid=3068 prio=120 target_cpu=003
 Chrome_IOThread-1860  [000] d...    87.497233: sched_wake_idle_without_ipi: cpu=3
 Chrome_IOThread-1860  [000] d...    87.497234: sched_wakeup: comm=Chrome_ChildIOT pid=3068 prio=120 target_cpu=003
 Chrome_IOThread-1860  [000] d...    87.497297: sched_stat_runtime: comm=Chrome_IOThread pid=1860 runtime=426288 [ns] vruntime=43870268833 [ns]
 Chrome_IOThread-1860  [000] d...    87.497298: sutil_marker: Schedutil: get_next_freq: 800000: 1024
 Chrome_IOThread-1860  [000] d...    87.497298: sutil_marker: Schedutil: update-single-util: 396: 403
 Chrome_IOThread-1860  [000] d...    87.497299: sutil_marker: Schedutil: update-single-boost: 396: 403
 Chrome_IOThread-1860  [000] d...    87.497299: sutil_marker: Schedutil: update-single-freq: 800000: 800000
 Chrome_IOThread-1860  [000] d...    87.497299: sched_switch: prev_comm=Chrome_IOThread prev_pid=1860 prev_prio=120 prev_state=S ==> next_comm=swapper/0 next_pid=0 next_prio=120
          <idle>-0     [000] d...    87.497302: cpu_idle: state=4 cpu_id=0
          <idle>-0     [000] dN..    87.497445: cpu_idle: state=4294967295 cpu_id=0
          <idle>-0     [000] d...    87.497447: sched_switch: prev_comm=swapper/0 prev_pid=0 prev_prio=120 prev_state=R ==> next_comm=Chrome_IOThread next_pid=1860 next_prio=120
 Chrome_IOThread-1860  [000] d...    87.497462: sched_waking: comm=Chrome_ChildIOT pid=3068 prio=120 target_cpu=003
 Chrome_IOThread-1860  [000] d...    87.497463: sched_wake_idle_without_ipi: cpu=3
 Chrome_IOThread-1860  [000] d...    87.497463: sched_wakeup: comm=Chrome_ChildIOT pid=3068 prio=120 target_cpu=003
 Chrome_IOThread-1860  [000] d...    87.497470: sched_stat_runtime: comm=Chrome_IOThread pid=1860 runtime=78526 [ns] vruntime=43870347359 [ns]
 Chrome_IOThread-1860  [000] d...    87.497471: sched_switch: prev_comm=Chrome_IOThread prev_pid=1860 prev_prio=120 prev_state=S ==> next_comm=swapper/0 next_pid=0 next_prio=120
          <idle>-0     [000] d...    87.497472: cpu_idle: state=4 cpu_id=0
          <idle>-0     [000] dN..    87.497549: cpu_idle: state=4294967295 cpu_id=0
          <idle>-0     [000] d...    87.497551: sched_switch: prev_comm=swapper/0 prev_pid=0 prev_prio=120 prev_state=R ==> next_comm=Chrome_IOThread next_pid=1860 next_prio=120
 Chrome_IOThread-1860  [000] d...    87.497566: sched_waking: comm=Chrome_ChildIOT pid=1903 prio=120 target_cpu=007
 Chrome_IOThread-1860  [000] d...    87.497567: sched_wake_idle_without_ipi: cpu=7
 Chrome_IOThread-1860  [000] d...    87.497568: sched_wakeup: comm=Chrome_ChildIOT pid=1903 prio=120 target_cpu=007
 Chrome_IOThread-1860  [000] d...    87.497589: sched_stat_runtime: comm=Chrome_IOThread pid=1860 runtime=64466 [ns] vruntime=43870411825 [ns]
 Chrome_IOThread-1860  [000] d...    87.497590: sched_switch: prev_comm=Chrome_IOThread prev_pid=1860 prev_prio=120 prev_state=S ==> next_comm=swapper/0 next_pid=0 next_prio=120
          <idle>-0     [000] d...    87.497591: cpu_idle: state=4 cpu_id=0
          <idle>-0     [000] dN..    87.498238: cpu_idle: state=4294967295 cpu_id=0
          <idle>-0     [000] d...    87.498240: sched_switch: prev_comm=swapper/0 prev_pid=0 prev_prio=120 prev_state=R ==> next_comm=Chrome_IOThread next_pid=1860 next_prio=120
 Chrome_IOThread-1860  [000] d...    87.498290: sched_waking: comm=chrome pid=1524 prio=120 target_cpu=002
 Chrome_IOThread-1860  [000] d...    87.498293: sched_wake_idle_without_ipi: cpu=2
 Chrome_IOThread-1860  [000] d...    87.498293: sched_wakeup: comm=chrome pid=1524 prio=120 target_cpu=002
 Chrome_IOThread-1860  [000] d...    87.498327: sched_stat_runtime: comm=Chrome_IOThread pid=1860 runtime=112879 [ns] vruntime=43870524704 [ns]
 Chrome_IOThread-1860  [000] d...    87.498328: sched_switch: prev_comm=Chrome_IOThread prev_pid=1860 prev_prio=120 prev_state=S ==> next_comm=swapper/0 next_pid=0 next_prio=120
          <idle>-0     [000] d...    87.498330: cpu_idle: state=4 cpu_id=0
          <idle>-0     [000] d...    87.499458: cpu_idle: state=4294967295 cpu_id=0
          <idle>-0     [000] d...    87.499460: cpu_idle: state=4 cpu_id=0
          <idle>-0     [000] d...    87.499496: cpu_idle: state=4294967295 cpu_id=0
          <idle>-0     [000] d.s.    87.499504: sutil_marker: Schedutil: get_next_freq: 800000: 1024
          <idle>-0     [000] d.s.    87.499504: sutil_marker: Schedutil: update-single-util: 403: 390
          <idle>-0     [000] d.s.    87.499504: sutil_marker: Schedutil: update-single-boost: 403: 390
          <idle>-0     [000] d.s.    87.499504: sutil_marker: Schedutil: update-single-freq: 800000: 800000
          <idle>-0     [000] d...    87.499510: cpu_idle: state=2 cpu_id=0
          <idle>-0     [000] d...    87.503496: cpu_idle: state=4294967295 cpu_id=0
          <idle>-0     [000] d...    87.503500: cpu_idle: state=6 cpu_id=0
          <idle>-0     [000] d...    87.507533: cpu_idle: state=4294967295 cpu_id=0
          <idle>-0     [000] d.s.    87.507541: sutil_marker: Schedutil: get_next_freq: 800000: 1024
          <idle>-0     [000] d.s.    87.507542: sutil_marker: Schedutil: update-single-util: 390: 290
          <idle>-0     [000] d.s.    87.507542: sutil_marker: Schedutil: update-single-boost: 390: 290
          <idle>-0     [000] d.s.    87.507542: sutil_marker: Schedutil: update-single-freq: 800000: 800000
          <idle>-0     [000] d...    87.507550: cpu_idle: state=6 cpu_id=0
          <idle>-0     [000] d...    87.511530: cpu_idle: state=4294967295 cpu_id=0
          <idle>-0     [000] d.s.    87.511538: sutil_marker: Schedutil: get_next_freq: 800000: 1024
          <idle>-0     [000] d.s.    87.511539: sutil_marker: Schedutil: update-single-util: 290: 267
          <idle>-0     [000] d.s.    87.511539: sutil_marker: Schedutil: update-single-boost: 290: 267
          <idle>-0     [000] d.s.    87.511539: sutil_marker: Schedutil: update-single-freq: 800000: 800000
          <idle>-0     [000] d...    87.511550: cpu_idle: state=6 cpu_id=0
          <idle>-0     [000] dN..    87.513643: cpu_idle: state=4294967295 cpu_id=0
          <idle>-0     [000] d...    87.513650: sched_switch: prev_comm=swapper/0 prev_pid=0 prev_prio=120 prev_state=R ==> next_comm=Chrome_IOThread next_pid=1860 next_prio=120
 Chrome_IOThread-1860  [000] d...    87.513694: sched_waking: comm=Chrome_ChildIOT pid=3068 prio=120 target_cpu=003
 Chrome_IOThread-1860  [000] d...    87.513698: sched_wake_idle_without_ipi: cpu=3
 Chrome_IOThread-1860  [000] d...    87.513698: sched_wakeup: comm=Chrome_ChildIOT pid=3068 prio=120 target_cpu=003
 Chrome_IOThread-1860  [000] d...    87.513715: sched_stat_runtime: comm=Chrome_IOThread pid=1860 runtime=93324 [ns] vruntime=43870618028 [ns]
 Chrome_IOThread-1860  [000] d...    87.513717: sched_switch: prev_comm=Chrome_IOThread prev_pid=1860 prev_prio=120 prev_state=S ==> next_comm=swapper/0 next_pid=0 next_prio=120
          <idle>-0     [000] d...    87.513722: cpu_idle: state=6 cpu_id=0
          <idle>-0     [000] dN..    87.515025: cpu_idle: state=4294967295 cpu_id=0
          <idle>-0     [000] d...    87.515038: sched_switch: prev_comm=swapper/0 prev_pid=0 prev_prio=120 prev_state=R ==> next_comm=CompositorTileW next_pid=3072 next_prio=120
           <...>-3072  [000] d...    87.515087: sched_waking: comm=Compositor pid=3069 prio=120 target_cpu=005
           <...>-3072  [000] d...    87.515095: sched_wake_idle_without_ipi: cpu=5
           <...>-3072  [000] d...    87.515096: sched_wakeup: comm=Compositor pid=3069 prio=120 target_cpu=005
           <...>-3072  [000] d...    87.515122: sched_stat_runtime: comm=CompositorTileW pid=3072 runtime=132267 [ns] vruntime=43859682672 [ns]
           <...>-3072  [000] d...    87.515126: sched_switch: prev_comm=CompositorTileW prev_pid=3072 prev_prio=120 prev_state=S ==> next_comm=swapper/0 next_pid=0 next_prio=120
          <idle>-0     [000] d...    87.515134: cpu_idle: state=6 cpu_id=0
          <idle>-0     [000] dN..    87.516081: cpu_idle: state=4294967295 cpu_id=0
          <idle>-0     [000] d...    87.516094: sched_switch: prev_comm=swapper/0 prev_pid=0 prev_prio=120 prev_state=R ==> next_comm=chrome next_pid=1896 next_prio=120
          chrome-1896  [000] d...    87.516267: sched_waking: comm=Xorg pid=1080 prio=120 target_cpu=001
          chrome-1896  [000] d...    87.516275: sched_wake_idle_without_ipi: cpu=1
          chrome-1896  [000] d...    87.516276: sched_wakeup: comm=Xorg pid=1080 prio=120 target_cpu=001
          chrome-1896  [000] d...    87.516285: sched_stat_runtime: comm=chrome pid=1896 runtime=198547 [ns] vruntime=43866246401 [ns]
          chrome-1896  [000] d...    87.516288: sched_switch: prev_comm=chrome prev_pid=1896 prev_prio=120 prev_state=S ==> next_comm=swapper/0 next_pid=0 next_prio=120
          <idle>-0     [000] d...    87.516298: cpu_idle: state=6 cpu_id=0
          <idle>-0     [000] dN..    87.516449: cpu_idle: state=4294967295 cpu_id=0
          <idle>-0     [000] d...    87.516461: sched_switch: prev_comm=swapper/0 prev_pid=0 prev_prio=120 prev_state=R ==> next_comm=chrome next_pid=1896 next_prio=120
          chrome-1896  [000] d...    87.517342: sched_waking: comm=Xorg pid=1080 prio=120 target_cpu=001
          chrome-1896  [000] d...    87.517350: sched_wake_idle_without_ipi: cpu=1
          chrome-1896  [000] d...    87.517351: sched_wakeup: comm=Xorg pid=1080 prio=120 target_cpu=001
          chrome-1896  [000] d...    87.517357: sched_stat_runtime: comm=chrome pid=1896 runtime=943519 [ns] vruntime=43867189920 [ns]
          chrome-1896  [000] d...    87.517361: sutil_marker: Schedutil: get_next_freq: 800000: 1024
          chrome-1896  [000] d...    87.517362: sutil_marker: Schedutil: update-single-util: 267: 133
          chrome-1896  [000] d...    87.517362: sutil_marker: Schedutil: update-single-boost: 267: 133
          chrome-1896  [000] d...    87.517363: sutil_marker: Schedutil: update-single-freq: 800000: 800000
          chrome-1896  [000] d...    87.517365: sched_switch: prev_comm=chrome prev_pid=1896 prev_prio=120 prev_state=S ==> next_comm=swapper/0 next_pid=0 next_prio=120
          <idle>-0     [000] d...    87.517375: cpu_idle: state=6 cpu_id=0
          <idle>-0     [000] dN..    87.517513: cpu_idle: state=4294967295 cpu_id=0
          <idle>-0     [000] d...    87.517525: sched_switch: prev_comm=swapper/0 prev_pid=0 prev_prio=120 prev_state=R ==> next_comm=chrome next_pid=1896 next_prio=120
          chrome-1896  [000] d...    87.517576: sched_waking: comm=Xorg pid=1080 prio=120 target_cpu=001
          chrome-1896  [000] d...    87.517582: sched_wake_idle_without_ipi: cpu=1
          chrome-1896  [000] d...    87.517583: sched_wakeup: comm=Xorg pid=1080 prio=120 target_cpu=001
          chrome-1896  [000] d...    87.517591: sched_stat_runtime: comm=chrome pid=1896 runtime=107287 [ns] vruntime=43867297207 [ns]
          chrome-1896  [000] d...    87.517595: sched_switch: prev_comm=chrome prev_pid=1896 prev_prio=120 prev_state=S ==> next_comm=swapper/0 next_pid=0 next_prio=120
          <idle>-0     [000] d...    87.517603: cpu_idle: state=6 cpu_id=0
          <idle>-0     [000] dN..    87.517726: cpu_idle: state=4294967295 cpu_id=0
          <idle>-0     [000] d...    87.517739: sched_switch: prev_comm=swapper/0 prev_pid=0 prev_prio=120 prev_state=R ==> next_comm=chrome next_pid=1896 next_prio=120
          chrome-1896  [000] d...    87.517783: sched_waking: comm=Xorg pid=1080 prio=120 target_cpu=001
          chrome-1896  [000] d...    87.517789: sched_wake_idle_without_ipi: cpu=1
          chrome-1896  [000] d...    87.517790: sched_wakeup: comm=Xorg pid=1080 prio=120 target_cpu=001
          chrome-1896  [000] d...    87.517807: sched_stat_runtime: comm=chrome pid=1896 runtime=115791 [ns] vruntime=43867412998 [ns]
          chrome-1896  [000] d...    87.517811: sched_switch: prev_comm=chrome prev_pid=1896 prev_prio=120 prev_state=S ==> next_comm=swapper/0 next_pid=0 next_prio=120
          <idle>-0     [000] d...    87.517819: cpu_idle: state=6 cpu_id=0
          <idle>-0     [000] dN..    87.517935: cpu_idle: state=4294967295 cpu_id=0
          <idle>-0     [000] d...    87.517948: sched_switch: prev_comm=swapper/0 prev_pid=0 prev_prio=120 prev_state=R ==> next_comm=chrome next_pid=1896 next_prio=120
          chrome-1896  [000] d...    87.517994: sched_waking: comm=Xorg pid=1080 prio=120 target_cpu=001
          chrome-1896  [000] d...    87.518000: sched_wake_idle_without_ipi: cpu=1
          chrome-1896  [000] d...    87.518001: sched_wakeup: comm=Xorg pid=1080 prio=120 target_cpu=001
          chrome-1896  [000] d...    87.518009: sched_stat_runtime: comm=chrome pid=1896 runtime=109714 [ns] vruntime=43867522712 [ns]
          chrome-1896  [000] d...    87.518012: sched_switch: prev_comm=chrome prev_pid=1896 prev_prio=120 prev_state=S ==> next_comm=swapper/0 next_pid=0 next_prio=120
          <idle>-0     [000] d...    87.518020: cpu_idle: state=6 cpu_id=0
          <idle>-0     [000] dN..    87.518146: cpu_idle: state=4294967295 cpu_id=0
          <idle>-0     [000] d...    87.518159: sched_switch: prev_comm=swapper/0 prev_pid=0 prev_prio=120 prev_state=R ==> next_comm=chrome next_pid=1896 next_prio=120
          chrome-1896  [000] d...    87.518222: sched_waking: comm=Chrome_ChildIOT pid=1903 prio=120 target_cpu=007
          chrome-1896  [000] d...    87.518229: sched_wake_idle_without_ipi: cpu=7
          chrome-1896  [000] d...    87.518230: sched_wakeup: comm=Chrome_ChildIOT pid=1903 prio=120 target_cpu=007
          chrome-1896  [000] d...    87.518409: sched_waking: comm=Xorg pid=1080 prio=120 target_cpu=001
          chrome-1896  [000] d...    87.518415: sched_migrate_task: comm=Xorg pid=1080 prio=120 orig_cpu=1 dest_cpu=2
          chrome-1896  [000] d...    87.518418: sutil_marker: Schedutil: attach_entity_load_avg: 0: 0
          chrome-1896  [000] d...    87.518421: sched_wake_idle_without_ipi: cpu=2
          chrome-1896  [000] d...    87.518422: sched_wakeup: comm=Xorg pid=1080 prio=120 target_cpu=002
          chrome-1896  [000] d...    87.518438: sched_stat_runtime: comm=chrome pid=1896 runtime=327801 [ns] vruntime=43867850513 [ns]
          chrome-1896  [000] d...    87.518442: sched_switch: prev_comm=chrome prev_pid=1896 prev_prio=120 prev_state=S ==> next_comm=swapper/0 next_pid=0 next_prio=120
          <idle>-0     [000] d...    87.518452: cpu_idle: state=6 cpu_id=0
          <idle>-0     [000] dN..    87.518604: cpu_idle: state=4294967295 cpu_id=0
          <idle>-0     [000] d...    87.518616: sched_switch: prev_comm=swapper/0 prev_pid=0 prev_prio=120 prev_state=R ==> next_comm=chrome next_pid=1896 next_prio=120
          chrome-1896  [000] d...    87.518676: sched_waking: comm=Chrome_ChildIOT pid=1903 prio=120 target_cpu=007
          chrome-1896  [000] d...    87.518683: sched_wake_idle_without_ipi: cpu=7
          chrome-1896  [000] d...    87.518684: sched_wakeup: comm=Chrome_ChildIOT pid=1903 prio=120 target_cpu=007
          chrome-1896  [000] d...    87.518746: sched_stat_runtime: comm=chrome pid=1896 runtime=171125 [ns] vruntime=43868021638 [ns]
          chrome-1896  [000] d...    87.518750: sched_switch: prev_comm=chrome prev_pid=1896 prev_prio=120 prev_state=S ==> next_comm=swapper/0 next_pid=0 next_prio=120
          <idle>-0     [000] d...    87.518759: cpu_idle: state=2 cpu_id=0
          <idle>-0     [000] dN..    87.528910: cpu_idle: state=4294967295 cpu_id=0
          <idle>-0     [000] d...    87.528918: sched_switch: prev_comm=swapper/0 prev_pid=0 prev_prio=120 prev_state=R ==> next_comm=Chrome_CacheThr next_pid=1859 next_prio=120
           <...>-1859  [000] d...    87.529071: sched_waking: comm=Chrome_IOThread pid=1860 prio=120 target_cpu=001
           <...>-1859  [000] d...    87.529076: sched_wake_idle_without_ipi: cpu=1
           <...>-1859  [000] d...    87.529076: sched_wakeup: comm=Chrome_IOThread pid=1860 prio=120 target_cpu=001
           <...>-1859  [000] d...    87.529090: sched_stat_runtime: comm=Chrome_CacheThr pid=1859 runtime=177097 [ns] vruntime=43858795125 [ns]
           <...>-1859  [000] d...    87.529093: sched_switch: prev_comm=Chrome_CacheThr prev_pid=1859 prev_prio=120 prev_state=S ==> next_comm=swapper/0 next_pid=0 next_prio=120
          <idle>-0     [000] d...    87.529098: cpu_idle: state=2 cpu_id=0
          <idle>-0     [000] dN..    87.529134: cpu_idle: state=4294967295 cpu_id=0
          <idle>-0     [000] d...    87.529137: sched_switch: prev_comm=swapper/0 prev_pid=0 prev_prio=120 prev_state=R ==> next_comm=chrome next_pid=1896 next_prio=120
          chrome-1896  [000] d...    87.529174: sched_stat_runtime: comm=chrome pid=1896 runtime=44868 [ns] vruntime=43868066506 [ns]
          chrome-1896  [000] d...    87.529177: sched_switch: prev_comm=chrome prev_pid=1896 prev_prio=120 prev_state=S ==> next_comm=swapper/0 next_pid=0 next_prio=120
          <idle>-0     [000] d...    87.529179: cpu_idle: state=2 cpu_id=0
          <idle>-0     [000] d...    87.531502: cpu_idle: state=4294967295 cpu_id=0
          <idle>-0     [000] d.s.    87.531540: sutil_marker: Schedutil: get_next_freq: 800000: 1024
          <idle>-0     [000] d.s.    87.531541: sutil_marker: Schedutil: update-single-util: 133: 108
          <idle>-0     [000] d.s.    87.531542: sutil_marker: Schedutil: update-single-boost: 133: 108
          <idle>-0     [000] d.s.    87.531542: sutil_marker: Schedutil: update-single-freq: 800000: 800000
          <idle>-0     [000] d...    87.531553: cpu_idle: state=2 cpu_id=0
          <idle>-0     [000] dN..    87.532096: cpu_idle: state=4294967295 cpu_id=0
          <idle>-0     [000] d...    87.532099: sched_switch: prev_comm=swapper/0 prev_pid=0 prev_prio=120 prev_state=R ==> next_comm=chrome next_pid=3067 next_prio=120
           <...>-3067  [000] d...    87.532166: sched_stat_runtime: comm=chrome pid=3067 runtime=76676 [ns] vruntime=43870694704 [ns]
           <...>-3067  [000] d...    87.532168: sched_switch: prev_comm=chrome prev_pid=3067 prev_prio=120 prev_state=S ==> next_comm=swapper/0 next_pid=0 next_prio=120
          <idle>-0     [000] d...    87.532172: cpu_idle: state=6 cpu_id=0
          <idle>-0     [000] dN..    87.532397: cpu_idle: state=4294967295 cpu_id=0
          <idle>-0     [000] d...    87.532403: sched_switch: prev_comm=swapper/0 prev_pid=0 prev_prio=120 prev_state=R ==> next_comm=chrome next_pid=1896 next_prio=120
          chrome-1896  [000] d...    87.532578: sched_waking: comm=Xorg pid=1080 prio=120 target_cpu=002
          chrome-1896  [000] d...    87.532587: sched_wake_idle_without_ipi: cpu=2
          chrome-1896  [000] d...    87.532588: sched_wakeup: comm=Xorg pid=1080 prio=120 target_cpu=002
          chrome-1896  [000] d...    87.532597: sched_stat_runtime: comm=chrome pid=1896 runtime=232745 [ns] vruntime=43868299251 [ns]
          chrome-1896  [000] d...    87.532601: sched_switch: prev_comm=chrome prev_pid=1896 prev_prio=120 prev_state=S ==> next_comm=swapper/0 next_pid=0 next_prio=120
          <idle>-0     [000] d...    87.532607: cpu_idle: state=6 cpu_id=0
          <idle>-0     [000] dN..    87.532721: cpu_idle: state=4294967295 cpu_id=0
          <idle>-0     [000] d...    87.532728: sched_switch: prev_comm=swapper/0 prev_pid=0 prev_prio=120 prev_state=R ==> next_comm=chrome next_pid=1896 next_prio=120
          chrome-1896  [000] d...    87.533550: sched_waking: comm=Xorg pid=1080 prio=120 target_cpu=002
          chrome-1896  [000] d...    87.533556: sched_wake_idle_without_ipi: cpu=2
          chrome-1896  [000] d...    87.533557: sched_wakeup: comm=Xorg pid=1080 prio=120 target_cpu=002
          chrome-1896  [000] d...    87.533562: sched_stat_runtime: comm=chrome pid=1896 runtime=866264 [ns] vruntime=43869165515 [ns]
          chrome-1896  [000] d...    87.533564: sutil_marker: Schedutil: get_next_freq: 800000: 1024
          chrome-1896  [000] d...    87.533565: sutil_marker: Schedutil: update-single-util: 108: 332
          chrome-1896  [000] d...    87.533566: sutil_marker: Schedutil: update-single-boost: 108: 332
          chrome-1896  [000] d...    87.533566: sutil_marker: Schedutil: update-single-freq: 800000: 800000
          chrome-1896  [000] d...    87.533568: sched_switch: prev_comm=chrome prev_pid=1896 prev_prio=120 prev_state=S ==> next_comm=swapper/0 next_pid=0 next_prio=120
          <idle>-0     [000] d...    87.533572: cpu_idle: state=4 cpu_id=0
          <idle>-0     [000] dN..    87.533696: cpu_idle: state=4294967295 cpu_id=0
          <idle>-0     [000] d...    87.533702: sched_switch: prev_comm=swapper/0 prev_pid=0 prev_prio=120 prev_state=R ==> next_comm=chrome next_pid=1896 next_prio=120
          chrome-1896  [000] d...    87.533746: sched_waking: comm=Xorg pid=1080 prio=120 target_cpu=002
          chrome-1896  [000] d...    87.533751: sched_wake_idle_without_ipi: cpu=2
          chrome-1896  [000] d...    87.533752: sched_wakeup: comm=Xorg pid=1080 prio=120 target_cpu=002
          chrome-1896  [000] d...    87.533758: sched_stat_runtime: comm=chrome pid=1896 runtime=88760 [ns] vruntime=43869254275 [ns]
          chrome-1896  [000] d...    87.533761: sched_switch: prev_comm=chrome prev_pid=1896 prev_prio=120 prev_state=S ==> next_comm=swapper/0 next_pid=0 next_prio=120
          <idle>-0     [000] d...    87.533765: cpu_idle: state=4 cpu_id=0
          <idle>-0     [000] dN..    87.533821: cpu_idle: state=4294967295 cpu_id=0
          <idle>-0     [000] d...    87.533824: sched_switch: prev_comm=swapper/0 prev_pid=0 prev_prio=120 prev_state=R ==> next_comm=chrome next_pid=1896 next_prio=120
          chrome-1896  [000] d...    87.533844: sched_stat_runtime: comm=chrome pid=1896 runtime=33949 [ns] vruntime=43869288224 [ns]
          chrome-1896  [000] d...    87.533846: sched_switch: prev_comm=chrome prev_pid=1896 prev_prio=120 prev_state=S ==> next_comm=swapper/0 next_pid=0 next_prio=120
          <idle>-0     [000] d...    87.533848: cpu_idle: state=4 cpu_id=0
          <idle>-0     [000] dN..    87.533889: cpu_idle: state=4294967295 cpu_id=0
          <idle>-0     [000] d...    87.533892: sched_switch: prev_comm=swapper/0 prev_pid=0 prev_prio=120 prev_state=R ==> next_comm=chrome next_pid=1896 next_prio=120
          chrome-1896  [000] d...    87.533910: sched_waking: comm=Xorg pid=1080 prio=120 target_cpu=002
          chrome-1896  [000] d...    87.533913: sched_wake_idle_without_ipi: cpu=2
          chrome-1896  [000] d...    87.533914: sched_wakeup: comm=Xorg pid=1080 prio=120 target_cpu=002
          chrome-1896  [000] d...    87.533916: sched_stat_runtime: comm=chrome pid=1896 runtime=44517 [ns] vruntime=43869332741 [ns]
          chrome-1896  [000] d...    87.533918: sched_switch: prev_comm=chrome prev_pid=1896 prev_prio=120 prev_state=S ==> next_comm=swapper/0 next_pid=0 next_prio=120
          <idle>-0     [000] d...    87.533920: cpu_idle: state=4 cpu_id=0
          <idle>-0     [000] dN..    87.533980: cpu_idle: state=4294967295 cpu_id=0
          <idle>-0     [000] d...    87.533984: sched_switch: prev_comm=swapper/0 prev_pid=0 prev_prio=120 prev_state=R ==> next_comm=chrome next_pid=1896 next_prio=120
          chrome-1896  [000] d...    87.534016: sched_waking: comm=Chrome_ChildIOT pid=1903 prio=120 target_cpu=007
          chrome-1896  [000] d...    87.534019: sched_wake_idle_without_ipi: cpu=7
          chrome-1896  [000] d...    87.534020: sched_wakeup: comm=Chrome_ChildIOT pid=1903 prio=120 target_cpu=007
          chrome-1896  [000] d...    87.534202: sched_waking: comm=Xorg pid=1080 prio=120 target_cpu=002
          chrome-1896  [000] d...    87.534206: sched_wake_idle_without_ipi: cpu=2
          chrome-1896  [000] d...    87.534207: sched_wakeup: comm=Xorg pid=1080 prio=120 target_cpu=002
          chrome-1896  [000] d...    87.534219: sched_stat_runtime: comm=chrome pid=1896 runtime=254413 [ns] vruntime=43869587154 [ns]
          chrome-1896  [000] d...    87.534221: sched_switch: prev_comm=chrome prev_pid=1896 prev_prio=120 prev_state=S ==> next_comm=swapper/0 next_pid=0 next_prio=120
          <idle>-0     [000] d...    87.534225: cpu_idle: state=4 cpu_id=0
          <idle>-0     [000] dN..    87.534335: cpu_idle: state=4294967295 cpu_id=0
          <idle>-0     [000] d...    87.534339: sched_switch: prev_comm=swapper/0 prev_pid=0 prev_prio=120 prev_state=R ==> next_comm=chrome next_pid=1896 next_prio=120
          chrome-1896  [000] d...    87.534380: sched_waking: comm=Chrome_ChildIOT pid=1903 prio=120 target_cpu=007
          chrome-1896  [000] d...    87.534383: sched_wake_idle_without_ipi: cpu=7
          chrome-1896  [000] d...    87.534384: sched_wakeup: comm=Chrome_ChildIOT pid=1903 prio=120 target_cpu=007
          chrome-1896  [000] d...    87.534431: sched_stat_runtime: comm=chrome pid=1896 runtime=101604 [ns] vruntime=43869688758 [ns]
          chrome-1896  [000] d...    87.534433: sched_switch: prev_comm=chrome prev_pid=1896 prev_prio=120 prev_state=S ==> next_comm=swapper/0 next_pid=0 next_prio=120
          <idle>-0     [000] d...    87.534436: cpu_idle: state=2 cpu_id=0
          <idle>-0     [000] dN..    87.534454: cpu_idle: state=4294967295 cpu_id=0
          <idle>-0     [000] d...    87.534455: sched_switch: prev_comm=swapper/0 prev_pid=0 prev_prio=120 prev_state=R ==> next_comm=SimpleCacheWork next_pid=1906 next_prio=120
           <...>-1906  [000] d...    87.534464: sched_stat_runtime: comm=SimpleCacheWork pid=1906 runtime=15369 [ns] vruntime=43858778187 [ns]
           <...>-1906  [000] d...    87.534466: sched_switch: prev_comm=SimpleCacheWork prev_pid=1906 prev_prio=120 prev_state=S ==> next_comm=swapper/0 next_pid=0 next_prio=120
          <idle>-0     [000] d...    87.534467: cpu_idle: state=2 cpu_id=0
          <idle>-0     [000] dN..    87.534470: cpu_idle: state=4294967295 cpu_id=0
          <idle>-0     [000] d...    87.534471: sched_switch: prev_comm=swapper/0 prev_pid=0 prev_prio=120 prev_state=R ==> next_comm=Chrome_CacheThr next_pid=1859 next_prio=120
           <...>-1859  [000] d...    87.534838: sched_stat_runtime: comm=Chrome_CacheThr pid=1859 runtime=370531 [ns] vruntime=43859165656 [ns]
           <...>-1859  [000] d...    87.534840: sched_switch: prev_comm=Chrome_CacheThr prev_pid=1859 prev_prio=120 prev_state=S ==> next_comm=swapper/0 next_pid=0 next_prio=120
          <idle>-0     [000] d...    87.534844: cpu_idle: state=2 cpu_id=0
          <idle>-0     [000] d...    87.535501: cpu_idle: state=4294967295 cpu_id=0
          <idle>-0     [000] d...    87.535513: cpu_idle: state=2 cpu_id=0
          <idle>-0     [000] d...    87.539502: cpu_idle: state=4294967295 cpu_id=0
          <idle>-0     [000] d.s.    87.539510: sutil_marker: Schedutil: get_next_freq: 800000: 1024
          <idle>-0     [000] d.s.    87.539511: sutil_marker: Schedutil: update-single-util: 332: 123
          <idle>-0     [000] d.s.    87.539512: sutil_marker: Schedutil: update-single-boost: 332: 123
          <idle>-0     [000] d.s.    87.539513: sutil_marker: Schedutil: update-single-freq: 800000: 800000
          <idle>-0     [000] d...    87.539524: cpu_idle: state=2 cpu_id=0
          <idle>-0     [000] d...    87.543502: cpu_idle: state=4294967295 cpu_id=0
          <idle>-0     [000] d.s.    87.543506: sutil_marker: Schedutil: get_next_freq: 800000: 1024
          <idle>-0     [000] d.s.    87.543506: sutil_marker: Schedutil: update-single-util: 123: 113
          <idle>-0     [000] d.s.    87.543507: sutil_marker: Schedutil: update-single-boost: 123: 113
          <idle>-0     [000] d.s.    87.543508: sutil_marker: Schedutil: update-single-freq: 800000: 800000
          <idle>-0     [000] d...    87.543513: cpu_idle: state=6 cpu_id=0
          <idle>-0     [000] dN..    87.545826: cpu_idle: state=4294967295 cpu_id=0
          <idle>-0     [000] d...    87.545833: sched_switch: prev_comm=swapper/0 prev_pid=0 prev_prio=120 prev_state=R ==> next_comm=chrome next_pid=1896 next_prio=120
          chrome-1896  [000] d...    87.545888: sched_stat_runtime: comm=chrome pid=1896 runtime=78629 [ns] vruntime=43869767387 [ns]
          chrome-1896  [000] d...    87.545892: sched_switch: prev_comm=chrome prev_pid=1896 prev_prio=120 prev_state=S ==> next_comm=swapper/0 next_pid=0 next_prio=120
          <idle>-0     [000] d...    87.545897: cpu_idle: state=4 cpu_id=0
          <idle>-0     [000] d...    87.547544: cpu_idle: state=4294967295 cpu_id=0
          <idle>-0     [000] d.s.    87.547588: sutil_marker: Schedutil: get_next_freq: 800000: 1024
          <idle>-0     [000] d.s.    87.547589: sutil_marker: Schedutil: update-single-util: 113: 106
          <idle>-0     [000] d.s.    87.547590: sutil_marker: Schedutil: update-single-boost: 113: 106
          <idle>-0     [000] d.s.    87.547591: sutil_marker: Schedutil: update-single-freq: 800000: 800000
          <idle>-0     [000] d.s.    87.547595: sched_waking: comm=ksoftirqd/0 pid=7 prio=120 target_cpu=000
          <idle>-0     [000] dNs.    87.547600: sched_wakeup: comm=ksoftirqd/0 pid=7 prio=120 target_cpu=000
          <idle>-0     [000] d...    87.547604: sched_switch: prev_comm=swapper/0 prev_pid=0 prev_prio=120 prev_state=R ==> next_comm=ksoftirqd/0 next_pid=7 next_prio=120
           <...>-7     [000] d...    87.547612: sched_stat_runtime: comm=ksoftirqd/0 pid=7 runtime=14947 [ns] vruntime=293046381752 [ns]
           <...>-7     [000] d...    87.547614: sched_switch: prev_comm=ksoftirqd/0 prev_pid=7 prev_prio=120 prev_state=S ==> next_comm=swapper/0 next_pid=0 next_prio=120
          <idle>-0     [000] d...    87.547618: cpu_idle: state=6 cpu_id=0
          <idle>-0     [000] dN..    87.548925: cpu_idle: state=4294967295 cpu_id=0
          <idle>-0     [000] d...    87.548932: sched_switch: prev_comm=swapper/0 prev_pid=0 prev_prio=120 prev_state=R ==> next_comm=chrome next_pid=1896 next_prio=120
          chrome-1896  [000] d...    87.549121: sched_waking: comm=Xorg pid=1080 prio=120 target_cpu=002
          chrome-1896  [000] d...    87.549130: sched_wake_idle_without_ipi: cpu=2
          chrome-1896  [000] d...    87.549131: sched_wakeup: comm=Xorg pid=1080 prio=120 target_cpu=002
          chrome-1896  [000] d...    87.549140: sched_stat_runtime: comm=chrome pid=1896 runtime=228828 [ns] vruntime=43869996215 [ns]
          chrome-1896  [000] d...    87.549142: sched_switch: prev_comm=chrome prev_pid=1896 prev_prio=120 prev_state=S ==> next_comm=swapper/0 next_pid=0 next_prio=120
          <idle>-0     [000] d...    87.549148: cpu_idle: state=6 cpu_id=0
          <idle>-0     [000] dN..    87.549308: cpu_idle: state=4294967295 cpu_id=0
          <idle>-0     [000] d...    87.549317: sched_switch: prev_comm=swapper/0 prev_pid=0 prev_prio=120 prev_state=R ==> next_comm=chrome next_pid=1896 next_prio=120
          chrome-1896  [000] d.s1    87.549947: sched_waking: comm=ksoftirqd/0 pid=7 prio=120 target_cpu=000
          chrome-1896  [000] d.s1    87.549952: sutil_marker: Schedutil: get_next_freq: 800000: 1024
          chrome-1896  [000] d.s1    87.549953: sutil_marker: Schedutil: update-single-util: 106: 120
          chrome-1896  [000] d.s1    87.549954: sutil_marker: Schedutil: update-single-boost: 106: 120
          chrome-1896  [000] d.s1    87.549954: sutil_marker: Schedutil: update-single-freq: 800000: 800000
          chrome-1896  [000] dNs1    87.549957: sched_wakeup: comm=ksoftirqd/0 pid=7 prio=120 target_cpu=000
          chrome-1896  [000] dN..    87.549965: sched_stat_runtime: comm=chrome pid=1896 runtime=677090 [ns] vruntime=43870673305 [ns]
          chrome-1896  [000] d...    87.549968: sched_switch: prev_comm=chrome prev_pid=1896 prev_prio=120 prev_state=R ==> next_comm=ksoftirqd/0 next_pid=7 next_prio=120
           <...>-7     [000] d...    87.550085: sched_stat_runtime: comm=ksoftirqd/0 pid=7 runtime=136326 [ns] vruntime=293048242482 [ns]
           <...>-7     [000] d...    87.550088: sched_switch: prev_comm=ksoftirqd/0 prev_pid=7 prev_prio=120 prev_state=S ==> next_comm=chrome next_pid=1896 next_prio=120
          chrome-1896  [000] d...    87.550382: sched_waking: comm=Xorg pid=1080 prio=120 target_cpu=002
          chrome-1896  [000] d...    87.550390: sched_wake_idle_without_ipi: cpu=2
          chrome-1896  [000] d...    87.550391: sched_wakeup: comm=Xorg pid=1080 prio=120 target_cpu=002
          chrome-1896  [000] d...    87.550397: sched_stat_runtime: comm=chrome pid=1896 runtime=312015 [ns] vruntime=43870985320 [ns]
          chrome-1896  [000] d...    87.550411: sched_switch: prev_comm=chrome prev_pid=1896 prev_prio=120 prev_state=S ==> next_comm=swapper/0 next_pid=0 next_prio=120
          <idle>-0     [000] d...    87.550417: cpu_idle: state=4 cpu_id=0
          <idle>-0     [000] dN..    87.550556: cpu_idle: state=4294967295 cpu_id=0
          <idle>-0     [000] d...    87.550565: sched_switch: prev_comm=swapper/0 prev_pid=0 prev_prio=120 prev_state=R ==> next_comm=chrome next_pid=1896 next_prio=120
          chrome-1896  [000] d...    87.550620: sched_waking: comm=Xorg pid=1080 prio=120 target_cpu=002
          chrome-1896  [000] d...    87.550626: sched_wake_idle_without_ipi: cpu=2
          chrome-1896  [000] d...    87.550627: sched_wakeup: comm=Xorg pid=1080 prio=120 target_cpu=002
          chrome-1896  [000] d...    87.550635: sched_stat_runtime: comm=chrome pid=1896 runtime=108401 [ns] vruntime=43871093721 [ns]
          chrome-1896  [000] d...    87.550638: sutil_marker: Schedutil: get_next_freq: 800000: 1024
          chrome-1896  [000] d...    87.550639: sutil_marker: Schedutil: update-single-util: 120: 130
          chrome-1896  [000] d...    87.550640: sutil_marker: Schedutil: update-single-boost: 120: 130
          chrome-1896  [000] d...    87.550640: sutil_marker: Schedutil: update-single-freq: 800000: 800000
          chrome-1896  [000] d...    87.550642: sched_switch: prev_comm=chrome prev_pid=1896 prev_prio=120 prev_state=S ==> next_comm=swapper/0 next_pid=0 next_prio=120
          <idle>-0     [000] d...    87.550648: cpu_idle: state=4 cpu_id=0
          <idle>-0     [000] dN..    87.550763: cpu_idle: state=4294967295 cpu_id=0
          <idle>-0     [000] d...    87.550775: sched_switch: prev_comm=swapper/0 prev_pid=0 prev_prio=120 prev_state=R ==> next_comm=chrome next_pid=1896 next_prio=120
          chrome-1896  [000] d...    87.550833: sched_waking: comm=Xorg pid=1080 prio=120 target_cpu=002
          chrome-1896  [000] d...    87.550840: sched_wake_idle_without_ipi: cpu=2
          chrome-1896  [000] d...    87.550842: sched_wakeup: comm=Xorg pid=1080 prio=120 target_cpu=002
          chrome-1896  [000] d...    87.550852: sched_stat_runtime: comm=chrome pid=1896 runtime=121024 [ns] vruntime=43871214745 [ns]
          chrome-1896  [000] d...    87.550855: sched_switch: prev_comm=chrome prev_pid=1896 prev_prio=120 prev_state=S ==> next_comm=swapper/0 next_pid=0 next_prio=120
          <idle>-0     [000] d...    87.550859: cpu_idle: state=4 cpu_id=0
          <idle>-0     [000] dN..    87.550959: cpu_idle: state=4294967295 cpu_id=0
          <idle>-0     [000] d...    87.550963: sched_switch: prev_comm=swapper/0 prev_pid=0 prev_prio=120 prev_state=R ==> next_comm=chrome next_pid=1896 next_prio=120
          chrome-1896  [000] d...    87.551016: sched_waking: comm=Xorg pid=1080 prio=120 target_cpu=002
          chrome-1896  [000] d...    87.551023: sched_wake_idle_without_ipi: cpu=2
          chrome-1896  [000] d...    87.551024: sched_wakeup: comm=Xorg pid=1080 prio=120 target_cpu=002
          chrome-1896  [000] d...    87.551031: sched_stat_runtime: comm=chrome pid=1896 runtime=78880 [ns] vruntime=43871293625 [ns]
          chrome-1896  [000] d...    87.551035: sched_switch: prev_comm=chrome prev_pid=1896 prev_prio=120 prev_state=S ==> next_comm=swapper/0 next_pid=0 next_prio=120
          <idle>-0     [000] d...    87.551040: cpu_idle: state=4 cpu_id=0
          <idle>-0     [000] dN..    87.551139: cpu_idle: state=4294967295 cpu_id=0
          <idle>-0     [000] d...    87.551143: sched_switch: prev_comm=swapper/0 prev_pid=0 prev_prio=120 prev_state=R ==> next_comm=chrome next_pid=1896 next_prio=120
          chrome-1896  [000] d...    87.551192: sched_waking: comm=Chrome_ChildIOT pid=1903 prio=120 target_cpu=007
          chrome-1896  [000] d...    87.551198: sched_wake_idle_without_ipi: cpu=7
          chrome-1896  [000] d...    87.551198: sched_wakeup: comm=Chrome_ChildIOT pid=1903 prio=120 target_cpu=007
          chrome-1896  [000] d...    87.551393: sched_waking: comm=Xorg pid=1080 prio=120 target_cpu=002
          chrome-1896  [000] d...    87.551398: sched_wake_idle_without_ipi: cpu=2
          chrome-1896  [000] d...    87.551399: sched_wakeup: comm=Xorg pid=1080 prio=120 target_cpu=002
          chrome-1896  [000] d...    87.551415: sched_stat_runtime: comm=chrome pid=1896 runtime=282200 [ns] vruntime=43871575825 [ns]
          chrome-1896  [000] d...    87.551418: sched_switch: prev_comm=chrome prev_pid=1896 prev_prio=120 prev_state=S ==> next_comm=swapper/0 next_pid=0 next_prio=120
          <idle>-0     [000] d...    87.551423: cpu_idle: state=2 cpu_id=0
          <idle>-0     [000] d...    87.551502: cpu_idle: state=4294967295 cpu_id=0
          <idle>-0     [000] d...    87.551560: cpu_idle: state=2 cpu_id=0
          <idle>-0     [000] dN..    87.551599: cpu_idle: state=4294967295 cpu_id=0
          <idle>-0     [000] d...    87.551602: sched_switch: prev_comm=swapper/0 prev_pid=0 prev_prio=120 prev_state=R ==> next_comm=chrome next_pid=1896 next_prio=120
          chrome-1896  [000] d...    87.551645: sched_waking: comm=Chrome_ChildIOT pid=1903 prio=120 target_cpu=007
          chrome-1896  [000] d...    87.551648: sched_wake_idle_without_ipi: cpu=7
          chrome-1896  [000] d...    87.551649: sched_wakeup: comm=Chrome_ChildIOT pid=1903 prio=120 target_cpu=007
          chrome-1896  [000] d...    87.551715: sched_stat_runtime: comm=chrome pid=1896 runtime=119567 [ns] vruntime=43871695392 [ns]
          chrome-1896  [000] d...    87.551718: sutil_marker: Schedutil: get_next_freq: 800000: 1024
          chrome-1896  [000] d...    87.551719: sutil_marker: Schedutil: update-single-util: 130: 140
          chrome-1896  [000] d...    87.551720: sutil_marker: Schedutil: update-single-boost: 130: 140
          chrome-1896  [000] d...    87.551721: sutil_marker: Schedutil: update-single-freq: 800000: 800000
          chrome-1896  [000] d...    87.551723: sched_switch: prev_comm=chrome prev_pid=1896 prev_prio=120 prev_state=S ==> next_comm=swapper/0 next_pid=0 next_prio=120
          <idle>-0     [000] d...    87.551726: cpu_idle: state=2 cpu_id=0
          <idle>-0     [000] d...    87.555502: cpu_idle: state=4294967295 cpu_id=0
          <idle>-0     [000] d...    87.555512: cpu_idle: state=2 cpu_id=0
          <idle>-0     [000] d...    87.559503: cpu_idle: state=4294967295 cpu_id=0
          <idle>-0     [000] d.s.    87.559509: sutil_marker: Schedutil: get_next_freq: 800000: 1024
          <idle>-0     [000] d.s.    87.559510: sutil_marker: Schedutil: update-single-util: 140: 119
          <idle>-0     [000] d.s.    87.559511: sutil_marker: Schedutil: update-single-boost: 140: 119
          <idle>-0     [000] d.s.    87.559512: sutil_marker: Schedutil: update-single-freq: 800000: 800000
          <idle>-0     [000] d...    87.559518: cpu_idle: state=2 cpu_id=0
          <idle>-0     [000] dN..    87.562499: cpu_idle: state=4294967295 cpu_id=0
          <idle>-0     [000] d...    87.562499: sched_switch: prev_comm=swapper/0 prev_pid=0 prev_prio=120 prev_state=R ==> next_comm=chrome next_pid=1896 next_prio=120
          chrome-1896  [000] d...    87.562506: sched_stat_runtime: comm=chrome pid=1896 runtime=8545 [ns] vruntime=43871703937 [ns]
          chrome-1896  [000] d...    87.562506: sched_switch: prev_comm=chrome prev_pid=1896 prev_prio=120 prev_state=S ==> next_comm=swapper/0 next_pid=0 next_prio=120
          <idle>-0     [000] d...    87.562507: cpu_idle: state=4 cpu_id=0
          <idle>-0     [000] d...    87.563503: cpu_idle: state=4294967295 cpu_id=0
          <idle>-0     [000] d.s.    87.563531: sutil_marker: Schedutil: get_next_freq: 800000: 1024
          <idle>-0     [000] d.s.    87.563532: sutil_marker: Schedutil: update-single-util: 119: 109
          <idle>-0     [000] d.s.    87.563532: sutil_marker: Schedutil: update-single-boost: 119: 109
          <idle>-0     [000] d.s.    87.563532: sutil_marker: Schedutil: update-single-freq: 800000: 800000
          <idle>-0     [000] d...    87.563543: cpu_idle: state=6 cpu_id=0
          <idle>-0     [000] dN..    87.564544: cpu_idle: state=4294967295 cpu_id=0
          <idle>-0     [000] d...    87.564548: sched_switch: prev_comm=swapper/0 prev_pid=0 prev_prio=120 prev_state=R ==> next_comm=CompositorTileW next_pid=3072 next_prio=120
           <...>-3072  [000] d...    87.564574: sched_waking: comm=CompositorTileW pid=3074 prio=120 target_cpu=005
           <...>-3072  [000] d...    87.564576: sched_migrate_task: comm=CompositorTileW pid=3074 prio=120 orig_cpu=5 dest_cpu=1
           <...>-3072  [000] d...    87.564578: sutil_marker: Schedutil: attach_entity_load_avg: 0: 0
           <...>-3072  [000] d...    87.564579: sched_wake_idle_without_ipi: cpu=1
           <...>-3072  [000] d...    87.564579: sched_wakeup: comm=CompositorTileW pid=3074 prio=120 target_cpu=001
           <...>-3072  [000] d...    87.564782: sched_stat_runtime: comm=CompositorTileW pid=3072 runtime=265257 [ns] vruntime=43859969194 [ns]
           <...>-3072  [000] d...    87.564784: sched_switch: prev_comm=CompositorTileW prev_pid=3072 prev_prio=120 prev_state=S ==> next_comm=swapper/0 next_pid=0 next_prio=120
          <idle>-0     [000] d...    87.564791: cpu_idle: state=6 cpu_id=0
          <idle>-0     [000] dN..    87.564796: cpu_idle: state=4294967295 cpu_id=0
          <idle>-0     [000] d...    87.564798: sched_switch: prev_comm=swapper/0 prev_pid=0 prev_prio=120 prev_state=R ==> next_comm=CompositorTileW next_pid=3072 next_prio=120
