          <idle>-0     [001] dN..    87.410170: cpu_idle: state=4294967295 cpu_id=1
          <idle>-0     [001] d...    87.410173: sched_switch: prev_comm=swapper/1 prev_pid=0 prev_prio=120 prev_state=R ==> next_comm=Chrome_ChildIOT next_pid=3068 next_prio=120
 Chrome_ChildIOT-3068  [001] d...    87.410200: sched_waking: comm=Chrome_IOThread pid=1860 prio=120 target_cpu=002
 Chrome_ChildIOT-3068  [001] d...    87.410201: sched_wake_idle_without_ipi: cpu=2
 Chrome_ChildIOT-3068  [001] d...    87.410202: sched_wakeup: comm=Chrome_IOThread pid=1860 prio=120 target_cpu=002
 Chrome_ChildIOT-3068  [001] d...    87.410225: sched_stat_runtime: comm=Chrome_ChildIOT pid=3068 runtime=81899 [ns] vruntime=8447546828 [ns]
 Chrome_ChildIOT-3068  [001] d...    87.410226: sched_switch: prev_comm=Chrome_ChildIOT prev_pid=3068 prev_prio=120 prev_state=S ==> next_comm=swapper/1 next_pid=0 next_prio=120
          <idle>-0     [001] d...    87.410228: cpu_idle: state=6 cpu_id=1
          <idle>-0     [001] dN..    87.410510: cpu_idle: state=4294967295 cpu_id=1
          <idle>-0     [001] d...    87.410512: sched_switch: prev_comm=swapper/1 prev_pid=0 prev_prio=120 prev_state=R ==> next_comm=Chrome_ChildIOT next_pid=3068 next_prio=120
 Chrome_ChildIOT-3068  [001] d...    87.410578: sched_waking: comm=chrome pid=3067 prio=120 target_cpu=003
 Chrome_ChildIOT-3068  [001] d...    87.410580: sched_wake_idle_without_ipi: cpu=3
 Chrome_ChildIOT-3068  [001] d...    87.410580: sched_wakeup: comm=chrome pid=3067 prio=120 target_cpu=003
 Chrome_ChildIOT-3068  [001] d...    87.410584: sched_stat_runtime: comm=Chrome_ChildIOT pid=3068 runtime=104599 [ns] vruntime=8447651427 [ns]
 Chrome_ChildIOT-3068  [001] d...    87.410585: sched_switch: prev_comm=Chrome_ChildIOT prev_pid=3068 prev_prio=120 prev_state=S ==> next_comm=swapper/1 next_pid=0 next_prio=120
          <idle>-0     [001] d...    87.410587: cpu_idle: state=6 cpu_id=1
          <idle>-0     [001] dN..    87.410685: cpu_idle: state=4294967295 cpu_id=1
          <idle>-0     [001] d...    87.410687: sched_switch: prev_comm=swapper/1 prev_pid=0 prev_prio=120 prev_state=R ==> next_comm=Chrome_ChildIOT next_pid=3068 next_prio=120
 Chrome_ChildIOT-3068  [001] d...    87.410698: sched_stat_runtime: comm=Chrome_ChildIOT pid=3068 runtime=39857 [ns] vruntime=8447691284 [ns]
 Chrome_ChildIOT-3068  [001] d...    87.410698: sched_switch: prev_comm=Chrome_ChildIOT prev_pid=3068 prev_prio=120 prev_state=S ==> next_comm=swapper/1 next_pid=0 next_prio=120
          <idle>-0     [001] d...    87.410700: cpu_idle: state=6 cpu_id=1
          <idle>-0     [001] d...    87.410743: cpu_idle: state=4294967295 cpu_id=1
          <idle>-0     [001] d...    87.410744: cpu_idle: state=6 cpu_id=1
          <idle>-0     [001] d...    87.410797: cpu_idle: state=4294967295 cpu_id=1
          <idle>-0     [001] d...    87.410798: cpu_idle: state=6 cpu_id=1
          <idle>-0     [001] d...    87.413860: cpu_idle: state=4294967295 cpu_id=1
          <idle>-0     [001] d...    87.413931: cpu_idle: state=6 cpu_id=1
          <idle>-0     [001] dN..    87.413933: cpu_idle: state=4294967295 cpu_id=1
          <idle>-0     [001] d...    87.413935: sched_switch: prev_comm=swapper/1 prev_pid=0 prev_prio=120 prev_state=R ==> next_comm=Chrome_ChildIOT next_pid=3068 next_prio=120
 Chrome_ChildIOT-3068  [001] d...    87.413951: sched_waking: comm=Compositor pid=3069 prio=120 target_cpu=002
 Chrome_ChildIOT-3068  [001] d...    87.413953: sched_wake_idle_without_ipi: cpu=2
 Chrome_ChildIOT-3068  [001] d...    87.413953: sched_wakeup: comm=Compositor pid=3069 prio=120 target_cpu=002
 Chrome_ChildIOT-3068  [001] d...    87.413957: sched_stat_runtime: comm=Chrome_ChildIOT pid=3068 runtime=23803 [ns] vruntime=8447715087 [ns]
 Chrome_ChildIOT-3068  [001] d...    87.413958: sched_switch: prev_comm=Chrome_ChildIOT prev_pid=3068 prev_prio=120 prev_state=S ==> next_comm=swapper/1 next_pid=0 next_prio=120
          <idle>-0     [001] d...    87.413959: cpu_idle: state=6 cpu_id=1
          <idle>-0     [001] dN..    87.417032: cpu_idle: state=4294967295 cpu_id=1
          <idle>-0     [001] d...    87.417034: sched_switch: prev_comm=swapper/1 prev_pid=0 prev_prio=120 prev_state=R ==> next_comm=Chrome_ChildIOT next_pid=3068 next_prio=120
 Chrome_ChildIOT-3068  [001] d...    87.417049: sched_waking: comm=Chrome_IOThread pid=1860 prio=120 target_cpu=002
 Chrome_ChildIOT-3068  [001] d...    87.417050: sched_wake_idle_without_ipi: cpu=2
 Chrome_ChildIOT-3068  [001] d...    87.417050: sched_wakeup: comm=Chrome_IOThread pid=1860 prio=120 target_cpu=002
 Chrome_ChildIOT-3068  [001] d...    87.417055: sched_stat_runtime: comm=Chrome_ChildIOT pid=3068 runtime=21991 [ns] vruntime=8447737078 [ns]
 Chrome_ChildIOT-3068  [001] d...    87.417056: sched_switch: prev_comm=Chrome_ChildIOT prev_pid=3068 prev_prio=120 prev_state=S ==> next_comm=swapper/1 next_pid=0 next_prio=120
          <idle>-0     [001] d...    87.417074: cpu_idle: state=6 cpu_id=1
          <idle>-0     [001] dN..    87.417280: cpu_idle: state=4294967295 cpu_id=1
          <idle>-0     [001] d...    87.417283: sched_switch: prev_comm=swapper/1 prev_pid=0 prev_prio=120 prev_state=R ==> next_comm=Chrome_ChildIOT next_pid=3068 next_prio=120
 Chrome_ChildIOT-3068  [001] d...    87.417298: sched_stat_runtime: comm=Chrome_ChildIOT pid=3068 runtime=40794 [ns] vruntime=8447777872 [ns]
 Chrome_ChildIOT-3068  [001] d...    87.417299: sched_switch: prev_comm=Chrome_ChildIOT prev_pid=3068 prev_prio=120 prev_state=S ==> next_comm=swapper/1 next_pid=0 next_prio=120
          <idle>-0     [001] d...    87.417301: cpu_idle: state=6 cpu_id=1
          <idle>-0     [001] dN..    87.417365: cpu_idle: state=4294967295 cpu_id=1
          <idle>-0     [001] d...    87.417367: sched_switch: prev_comm=swapper/1 prev_pid=0 prev_prio=120 prev_state=R ==> next_comm=Chrome_ChildIOT next_pid=3068 next_prio=120
 Chrome_ChildIOT-3068  [001] d...    87.417388: sched_waking: comm=ServiceWorker T pid=3076 prio=120 target_cpu=001
 Chrome_ChildIOT-3068  [001] d...    87.417390: sched_migrate_task: comm=ServiceWorker T pid=3076 prio=120 orig_cpu=1 dest_cpu=4
 Chrome_ChildIOT-3068  [001] d...    87.417390: sutil_marker: Schedutil: attach_entity_load_avg: 0: 0
 Chrome_ChildIOT-3068  [001] d...    87.417391: sched_wake_idle_without_ipi: cpu=4
 Chrome_ChildIOT-3068  [001] d...    87.417391: sched_wakeup: comm=ServiceWorker T pid=3076 prio=120 target_cpu=004
 Chrome_ChildIOT-3068  [001] d...    87.417414: sched_stat_runtime: comm=Chrome_ChildIOT pid=3068 runtime=108877 [ns] vruntime=8447886749 [ns]
 Chrome_ChildIOT-3068  [001] d...    87.417415: sched_switch: prev_comm=Chrome_ChildIOT prev_pid=3068 prev_prio=120 prev_state=S ==> next_comm=swapper/1 next_pid=0 next_prio=120
          <idle>-0     [001] d...    87.417417: cpu_idle: state=6 cpu_id=1
          <idle>-0     [001] dN..    87.417525: cpu_idle: state=4294967295 cpu_id=1
          <idle>-0     [001] d...    87.417528: sched_switch: prev_comm=swapper/1 prev_pid=0 prev_prio=120 prev_state=R ==> next_comm=Chrome_ChildIOT next_pid=3068 next_prio=120
 Chrome_ChildIOT-3068  [001] d...    87.417566: sched_waking: comm=Chrome_IOThread pid=1860 prio=120 target_cpu=002
 Chrome_ChildIOT-3068  [001] d...    87.417567: sched_wake_idle_without_ipi: cpu=2
 Chrome_ChildIOT-3068  [001] d...    87.417568: sched_wakeup: comm=Chrome_IOThread pid=1860 prio=120 target_cpu=002
 Chrome_ChildIOT-3068  [001] d...    87.417591: sched_stat_runtime: comm=Chrome_ChildIOT pid=3068 runtime=88423 [ns] vruntime=8447975172 [ns]
 Chrome_ChildIOT-3068  [001] d...    87.417591: sched_switch: prev_comm=Chrome_ChildIOT prev_pid=3068 prev_prio=120 prev_state=S ==> next_comm=swapper/1 next_pid=0 next_prio=120
          <idle>-0     [001] d...    87.417594: cpu_idle: state=6 cpu_id=1
          <idle>-0     [001] dN..    87.417672: cpu_idle: state=4294967295 cpu_id=1
          <idle>-0     [001] d...    87.417674: sched_switch: prev_comm=swapper/1 prev_pid=0 prev_prio=120 prev_state=R ==> next_comm=Chrome_ChildIOT next_pid=3068 next_prio=120
 Chrome_ChildIOT-3068  [001] d...    87.417689: sched_stat_runtime: comm=Chrome_ChildIOT pid=3068 runtime=40253 [ns] vruntime=8448015425 [ns]
 Chrome_ChildIOT-3068  [001] d...    87.417690: sched_switch: prev_comm=Chrome_ChildIOT prev_pid=3068 prev_prio=120 prev_state=S ==> next_comm=swapper/1 next_pid=0 next_prio=120
          <idle>-0     [001] d...    87.417692: cpu_idle: state=6 cpu_id=1
          <idle>-0     [001] dN..    87.418113: cpu_idle: state=4294967295 cpu_id=1
          <idle>-0     [001] d...    87.418116: sched_switch: prev_comm=swapper/1 prev_pid=0 prev_prio=120 prev_state=R ==> next_comm=SimpleCacheWork next_pid=1906 next_prio=120
           <...>-1906  [001] d...    87.418119: sched_stat_runtime: comm=SimpleCacheWork pid=1906 runtime=64366 [ns] vruntime=8436079791 [ns]
           <...>-1906  [001] d...    87.418120: sched_switch: prev_comm=SimpleCacheWork prev_pid=1906 prev_prio=120 prev_state=S ==> next_comm=swapper/1 next_pid=0 next_prio=120
          <idle>-0     [001] d...    87.418122: cpu_idle: state=6 cpu_id=1
          <idle>-0     [001] dN..    87.418534: cpu_idle: state=4294967295 cpu_id=1
          <idle>-0     [001] d...    87.418537: sched_switch: prev_comm=swapper/1 prev_pid=0 prev_prio=120 prev_state=R ==> next_comm=Chrome_ChildIOT next_pid=3068 next_prio=120
 Chrome_ChildIOT-3068  [001] d...    87.418554: sched_waking: comm=ServiceWorker T pid=3076 prio=120 target_cpu=004
 Chrome_ChildIOT-3068  [001] d...    87.418555: sched_wake_idle_without_ipi: cpu=4
 Chrome_ChildIOT-3068  [001] d...    87.418556: sched_wakeup: comm=ServiceWorker T pid=3076 prio=120 target_cpu=004
 Chrome_ChildIOT-3068  [001] d...    87.418561: sched_stat_runtime: comm=Chrome_ChildIOT pid=3068 runtime=50340 [ns] vruntime=8448065765 [ns]
 Chrome_ChildIOT-3068  [001] d...    87.418561: sched_switch: prev_comm=Chrome_ChildIOT prev_pid=3068 prev_prio=120 prev_state=S ==> next_comm=swapper/1 next_pid=0 next_prio=120
          <idle>-0     [001] d...    87.418563: cpu_idle: state=6 cpu_id=1
          <idle>-0     [001] dN..    87.418570: cpu_idle: state=4294967295 cpu_id=1
          <idle>-0     [001] d...    87.418571: sched_switch: prev_comm=swapper/1 prev_pid=0 prev_prio=120 prev_state=R ==> next_comm=SimpleCacheWork next_pid=2424 next_prio=120
 SimpleCacheWork-2424  [001] d...    87.418574: sched_stat_runtime: comm=SimpleCacheWork pid=2424 runtime=9548 [ns] vruntime=8436110655 [ns]
 SimpleCacheWork-2424  [001] d...    87.418574: sched_switch: prev_comm=SimpleCacheWork prev_pid=2424 prev_prio=120 prev_state=S ==> next_comm=swapper/1 next_pid=0 next_prio=120
          <idle>-0     [001] d...    87.418575: cpu_idle: state=6 cpu_id=1
          <idle>-0     [001] dN..    87.418639: cpu_idle: state=4294967295 cpu_id=1
          <idle>-0     [001] dNs.    87.418666: sched_waking: comm=Chrome_IOThread pid=1860 prio=120 target_cpu=002
          <idle>-0     [001] dNs.    87.418667: sched_wake_idle_without_ipi: cpu=2
          <idle>-0     [001] dNs.    87.418667: sched_wakeup: comm=Chrome_IOThread pid=1860 prio=120 target_cpu=002
          <idle>-0     [001] d...    87.418679: sched_switch: prev_comm=swapper/1 prev_pid=0 prev_prio=120 prev_state=R ==> next_comm=Chrome_ChildIOT next_pid=3068 next_prio=120
 Chrome_ChildIOT-3068  [001] d...    87.418696: sched_stat_runtime: comm=Chrome_ChildIOT pid=3068 runtime=84132 [ns] vruntime=8448149897 [ns]
 Chrome_ChildIOT-3068  [001] d...    87.418696: sched_switch: prev_comm=Chrome_ChildIOT prev_pid=3068 prev_prio=120 prev_state=S ==> next_comm=swapper/1 next_pid=0 next_prio=120
          <idle>-0     [001] d...    87.418698: cpu_idle: state=6 cpu_id=1
          <idle>-0     [001] dN..    87.418722: cpu_idle: state=4294967295 cpu_id=1
          <idle>-0     [001] d...    87.418724: sched_switch: prev_comm=swapper/1 prev_pid=0 prev_prio=120 prev_state=R ==> next_comm=Chrome_ChildIOT next_pid=3068 next_prio=120
 Chrome_ChildIOT-3068  [001] d...    87.418739: sched_stat_runtime: comm=Chrome_ChildIOT pid=3068 runtime=17779 [ns] vruntime=8448167676 [ns]
 Chrome_ChildIOT-3068  [001] d...    87.418739: sched_switch: prev_comm=Chrome_ChildIOT prev_pid=3068 prev_prio=120 prev_state=S ==> next_comm=swapper/1 next_pid=0 next_prio=120
          <idle>-0     [001] d...    87.418741: cpu_idle: state=2 cpu_id=1
          <idle>-0     [001] d...    87.418916: cpu_idle: state=4294967295 cpu_id=1
          <idle>-0     [001] d...    87.418922: cpu_idle: state=6 cpu_id=1
          <idle>-0     [001] dN..    87.419089: cpu_idle: state=4294967295 cpu_id=1
          <idle>-0     [001] d...    87.419091: sched_switch: prev_comm=swapper/1 prev_pid=0 prev_prio=120 prev_state=R ==> next_comm=Chrome_ChildIOT next_pid=3068 next_prio=120
 Chrome_ChildIOT-3068  [001] d...    87.419108: sched_stat_runtime: comm=Chrome_ChildIOT pid=3068 runtime=39856 [ns] vruntime=8448207532 [ns]
 Chrome_ChildIOT-3068  [001] d...    87.419108: sched_switch: prev_comm=Chrome_ChildIOT prev_pid=3068 prev_prio=120 prev_state=S ==> next_comm=swapper/1 next_pid=0 next_prio=120
          <idle>-0     [001] d...    87.419109: cpu_idle: state=6 cpu_id=1
          <idle>-0     [001] dN..    87.419171: cpu_idle: state=4294967295 cpu_id=1
          <idle>-0     [001] d...    87.419172: sched_switch: prev_comm=swapper/1 prev_pid=0 prev_prio=120 prev_state=R ==> next_comm=SimpleCacheWork next_pid=1906 next_prio=120
           <...>-1906  [001] d...    87.419175: sched_stat_runtime: comm=SimpleCacheWork pid=1906 runtime=46820 [ns] vruntime=8436254352 [ns]
           <...>-1906  [001] d...    87.419175: sched_switch: prev_comm=SimpleCacheWork prev_pid=1906 prev_prio=120 prev_state=S ==> next_comm=swapper/1 next_pid=0 next_prio=120
          <idle>-0     [001] d...    87.419176: cpu_idle: state=6 cpu_id=1
          <idle>-0     [001] dN..    87.419254: cpu_idle: state=4294967295 cpu_id=1
          <idle>-0     [001] d...    87.419255: sched_switch: prev_comm=swapper/1 prev_pid=0 prev_prio=120 prev_state=R ==> next_comm=Chrome_ChildIOT next_pid=3068 next_prio=120
 Chrome_ChildIOT-3068  [001] d...    87.419266: sched_waking: comm=ServiceWorker T pid=3076 prio=120 target_cpu=004
 Chrome_ChildIOT-3068  [001] d...    87.419267: sched_wake_idle_without_ipi: cpu=4
 Chrome_ChildIOT-3068  [001] d...    87.419267: sched_wakeup: comm=ServiceWorker T pid=3076 prio=120 target_cpu=004
 Chrome_ChildIOT-3068  [001] d...    87.419270: sched_stat_runtime: comm=Chrome_ChildIOT pid=3068 runtime=37073 [ns] vruntime=8448244605 [ns]
 Chrome_ChildIOT-3068  [001] d...    87.419271: sched_switch: prev_comm=Chrome_ChildIOT prev_pid=3068 prev_prio=120 prev_state=S ==> next_comm=swapper/1 next_pid=0 next_prio=120
          <idle>-0     [001] d...    87.419272: cpu_idle: state=6 cpu_id=1
          <idle>-0     [001] dN..    87.419327: cpu_idle: state=4294967295 cpu_id=1
          <idle>-0     [001] d...    87.419328: sched_switch: prev_comm=swapper/1 prev_pid=0 prev_prio=120 prev_state=R ==> next_comm=Chrome_ChildIOT next_pid=3068 next_prio=120
 Chrome_ChildIOT-3068  [001] d...    87.419344: sched_waking: comm=Chrome_IOThread pid=1860 prio=120 target_cpu=002
 Chrome_ChildIOT-3068  [001] d...    87.419345: sched_wake_idle_without_ipi: cpu=2
 Chrome_ChildIOT-3068  [001] d...    87.419345: sched_wakeup: comm=Chrome_IOThread pid=1860 prio=120 target_cpu=002
 Chrome_ChildIOT-3068  [001] d...    87.419352: sched_stat_runtime: comm=Chrome_ChildIOT pid=3068 runtime=49551 [ns] vruntime=8448294156 [ns]
 Chrome_ChildIOT-3068  [001] d...    87.419352: sched_switch: prev_comm=Chrome_ChildIOT prev_pid=3068 prev_prio=120 prev_state=S ==> next_comm=swapper/1 next_pid=0 next_prio=120
          <idle>-0     [001] d...    87.419354: cpu_idle: state=2 cpu_id=1
          <idle>-0     [001] dN..    87.419382: cpu_idle: state=4294967295 cpu_id=1
          <idle>-0     [001] d...    87.419383: sched_switch: prev_comm=swapper/1 prev_pid=0 prev_prio=120 prev_state=R ==> next_comm=Chrome_ChildIOT next_pid=3068 next_prio=120
 Chrome_ChildIOT-3068  [001] d...    87.419387: sched_waking: comm=Chrome_IOThread pid=1860 prio=120 target_cpu=002
 Chrome_ChildIOT-3068  [001] d...    87.419388: sched_wake_idle_without_ipi: cpu=2
 Chrome_ChildIOT-3068  [001] d...    87.419388: sched_wakeup: comm=Chrome_IOThread pid=1860 prio=120 target_cpu=002
 Chrome_ChildIOT-3068  [001] d...    87.419397: sched_stat_runtime: comm=Chrome_ChildIOT pid=3068 runtime=15798 [ns] vruntime=8448309954 [ns]
 Chrome_ChildIOT-3068  [001] d...    87.419397: sched_switch: prev_comm=Chrome_ChildIOT prev_pid=3068 prev_prio=120 prev_state=S ==> next_comm=swapper/1 next_pid=0 next_prio=120
          <idle>-0     [001] d...    87.419398: cpu_idle: state=2 cpu_id=1
          <idle>-0     [001] dN..    87.419625: cpu_idle: state=4294967295 cpu_id=1
          <idle>-0     [001] d...    87.419625: sched_switch: prev_comm=swapper/1 prev_pid=0 prev_prio=120 prev_state=R ==> next_comm=Chrome_ChildIOT next_pid=3068 next_prio=120
 Chrome_ChildIOT-3068  [001] d...    87.419643: sched_stat_runtime: comm=Chrome_ChildIOT pid=3068 runtime=19138 [ns] vruntime=8448329092 [ns]
 Chrome_ChildIOT-3068  [001] d...    87.419643: sched_switch: prev_comm=Chrome_ChildIOT prev_pid=3068 prev_prio=120 prev_state=S ==> next_comm=swapper/1 next_pid=0 next_prio=120
          <idle>-0     [001] d...    87.419645: cpu_idle: state=6 cpu_id=1
          <idle>-0     [001] dN..    87.419719: cpu_idle: state=4294967295 cpu_id=1
          <idle>-0     [001] d...    87.419721: sched_switch: prev_comm=swapper/1 prev_pid=0 prev_prio=120 prev_state=R ==> next_comm=SimpleCacheWork next_pid=2424 next_prio=120
 SimpleCacheWork-2424  [001] d...    87.419723: sched_stat_runtime: comm=SimpleCacheWork pid=2424 runtime=4999 [ns] vruntime=8436334091 [ns]
 SimpleCacheWork-2424  [001] d...    87.419724: sched_switch: prev_comm=SimpleCacheWork prev_pid=2424 prev_prio=120 prev_state=S ==> next_comm=swapper/1 next_pid=0 next_prio=120
          <idle>-0     [001] d...    87.419726: cpu_idle: state=6 cpu_id=1
          <idle>-0     [001] dN..    87.419868: cpu_idle: state=4294967295 cpu_id=1
          <idle>-0     [001] d...    87.419869: sched_switch: prev_comm=swapper/1 prev_pid=0 prev_prio=120 prev_state=R ==> next_comm=SimpleCacheWork next_pid=1906 next_prio=120
           <...>-1906  [001] d...    87.419871: sched_stat_runtime: comm=SimpleCacheWork pid=1906 runtime=5089 [ns] vruntime=8436334181 [ns]
           <...>-1906  [001] d...    87.419872: sched_switch: prev_comm=SimpleCacheWork prev_pid=1906 prev_prio=120 prev_state=S ==> next_comm=swapper/1 next_pid=0 next_prio=120
          <idle>-0     [001] d...    87.419875: cpu_idle: state=2 cpu_id=1
          <idle>-0     [001] dN..    87.419886: cpu_idle: state=4294967295 cpu_id=1
          <idle>-0     [001] d...    87.419886: sched_switch: prev_comm=swapper/1 prev_pid=0 prev_prio=120 prev_state=R ==> next_comm=SimpleCacheWork next_pid=2424 next_prio=120
 SimpleCacheWork-2424  [001] d...    87.419887: sched_stat_runtime: comm=SimpleCacheWork pid=2424 runtime=2265 [ns] vruntime=8436336356 [ns]
 SimpleCacheWork-2424  [001] d...    87.419888: sched_switch: prev_comm=SimpleCacheWork prev_pid=2424 prev_prio=120 prev_state=S ==> next_comm=swapper/1 next_pid=0 next_prio=120
          <idle>-0     [001] d...    87.419889: cpu_idle: state=2 cpu_id=1
          <idle>-0     [001] d...    87.419939: cpu_idle: state=4294967295 cpu_id=1
          <idle>-0     [001] d...    87.419941: cpu_idle: state=2 cpu_id=1
          <idle>-0     [001] dN..    87.419955: cpu_idle: state=4294967295 cpu_id=1
          <idle>-0     [001] d...    87.419956: sched_switch: prev_comm=swapper/1 prev_pid=0 prev_prio=120 prev_state=R ==> next_comm=SimpleCacheWork next_pid=1906 next_prio=120
           <...>-1906  [001] d...    87.419957: sched_stat_runtime: comm=SimpleCacheWork pid=1906 runtime=2349 [ns] vruntime=8436336530 [ns]
           <...>-1906  [001] d...    87.419957: sched_switch: prev_comm=SimpleCacheWork prev_pid=1906 prev_prio=120 prev_state=S ==> next_comm=swapper/1 next_pid=0 next_prio=120
          <idle>-0     [001] d...    87.419958: cpu_idle: state=2 cpu_id=1
          <idle>-0     [001] dN..    87.420005: cpu_idle: state=4294967295 cpu_id=1
          <idle>-0     [001] d...    87.420006: sched_switch: prev_comm=swapper/1 prev_pid=0 prev_prio=120 prev_state=R ==> next_comm=SimpleCacheWork next_pid=2424 next_prio=120
 SimpleCacheWork-2424  [001] d...    87.420007: sched_stat_runtime: comm=SimpleCacheWork pid=2424 runtime=2021 [ns] vruntime=8436338377 [ns]
 SimpleCacheWork-2424  [001] d...    87.420007: sched_switch: prev_comm=SimpleCacheWork prev_pid=2424 prev_prio=120 prev_state=S ==> next_comm=swapper/1 next_pid=0 next_prio=120
          <idle>-0     [001] d...    87.420008: cpu_idle: state=2 cpu_id=1
          <idle>-0     [001] d...    87.420052: cpu_idle: state=4294967295 cpu_id=1
          <idle>-0     [001] d...    87.420053: cpu_idle: state=2 cpu_id=1
          <idle>-0     [001] dN..    87.420066: cpu_idle: state=4294967295 cpu_id=1
          <idle>-0     [001] d...    87.420067: sched_switch: prev_comm=swapper/1 prev_pid=0 prev_prio=120 prev_state=R ==> next_comm=SimpleCacheWork next_pid=1906 next_prio=120
           <...>-1906  [001] d...    87.420068: sched_stat_runtime: comm=SimpleCacheWork pid=1906 runtime=2303 [ns] vruntime=8436338833 [ns]
           <...>-1906  [001] d...    87.420068: sched_switch: prev_comm=SimpleCacheWork prev_pid=1906 prev_prio=120 prev_state=S ==> next_comm=swapper/1 next_pid=0 next_prio=120
          <idle>-0     [001] d...    87.420069: cpu_idle: state=2 cpu_id=1
          <idle>-0     [001] d...    87.420093: cpu_idle: state=4294967295 cpu_id=1
          <idle>-0     [001] d...    87.420095: cpu_idle: state=2 cpu_id=1
          <idle>-0     [001] dN..    87.420537: cpu_idle: state=4294967295 cpu_id=1
          <idle>-0     [001] d...    87.420537: sched_switch: prev_comm=swapper/1 prev_pid=0 prev_prio=120 prev_state=R ==> next_comm=pulseaudio next_pid=1481 next_prio=109
      pulseaudio-1481  [001] d...    87.420562: sched_waking: comm=alsa-sink-USB A pid=2139 prio=94 target_cpu=006
      pulseaudio-1481  [001] d...    87.420563: sched_wake_idle_without_ipi: cpu=6
      pulseaudio-1481  [001] d...    87.420563: sched_wakeup: comm=alsa-sink-USB A pid=2139 prio=94 target_cpu=006
      pulseaudio-1481  [001] d...    87.420586: sched_stat_runtime: comm=pulseaudio pid=1481 runtime=50333 [ns] vruntime=6248068 [ns]
      pulseaudio-1481  [001] d...    87.420587: sutil_marker: Schedutil: get_next_freq: 800000: 1024
      pulseaudio-1481  [001] d...    87.420587: sutil_marker: Schedutil: update-single-util: 91: 26
      pulseaudio-1481  [001] d...    87.420587: sutil_marker: Schedutil: update-single-boost: 91: 26
      pulseaudio-1481  [001] d...    87.420587: sutil_marker: Schedutil: update-single-freq: 800000: 800000
      pulseaudio-1481  [001] d...    87.420588: sched_switch: prev_comm=pulseaudio prev_pid=1481 prev_prio=109 prev_state=S ==> next_comm=swapper/1 next_pid=0 next_prio=120
          <idle>-0     [001] d...    87.420589: cpu_idle: state=2 cpu_id=1
          <idle>-0     [001] dN..    87.420658: cpu_idle: state=4294967295 cpu_id=1
          <idle>-0     [001] d...    87.420659: sched_switch: prev_comm=swapper/1 prev_pid=0 prev_prio=120 prev_state=R ==> next_comm=pulseaudio next_pid=1481 next_prio=109
      pulseaudio-1481  [001] d...    87.420668: sched_waking: comm=threaded-ml pid=1603 prio=120 target_cpu=000
      pulseaudio-1481  [001] d...    87.420669: sched_wake_idle_without_ipi: cpu=0
      pulseaudio-1481  [001] d...    87.420669: sched_wakeup: comm=threaded-ml pid=1603 prio=120 target_cpu=000
      pulseaudio-1481  [001] d...    87.420673: sched_stat_runtime: comm=pulseaudio pid=1481 runtime=16356 [ns] vruntime=6249473 [ns]
      pulseaudio-1481  [001] d...    87.420674: sched_switch: prev_comm=pulseaudio prev_pid=1481 prev_prio=109 prev_state=S ==> next_comm=swapper/1 next_pid=0 next_prio=120
          <idle>-0     [001] d...    87.420675: cpu_idle: state=2 cpu_id=1
          <idle>-0     [001] dN..    87.420916: cpu_idle: state=4294967295 cpu_id=1
          <idle>-0     [001] d...    87.420916: sched_switch: prev_comm=swapper/1 prev_pid=0 prev_prio=120 prev_state=R ==> next_comm=pulseaudio next_pid=1481 next_prio=109
      pulseaudio-1481  [001] d...    87.420921: sched_waking: comm=alsa-sink-USB A pid=2139 prio=94 target_cpu=006
      pulseaudio-1481  [001] d...    87.420921: sched_wake_idle_without_ipi: cpu=6
      pulseaudio-1481  [001] d...    87.420921: sched_wakeup: comm=alsa-sink-USB A pid=2139 prio=94 target_cpu=006
      pulseaudio-1481  [001] d...    87.420924: sched_stat_runtime: comm=pulseaudio pid=1481 runtime=9677 [ns] vruntime=6250304 [ns]
      pulseaudio-1481  [001] d...    87.420925: sched_switch: prev_comm=pulseaudio prev_pid=1481 prev_prio=109 prev_state=S ==> next_comm=swapper/1 next_pid=0 next_prio=120
          <idle>-0     [001] d...    87.420943: cpu_idle: state=2 cpu_id=1
          <idle>-0     [001] dN..    87.421285: cpu_idle: state=4294967295 cpu_id=1
          <idle>-0     [001] d...    87.421286: sched_switch: prev_comm=swapper/1 prev_pid=0 prev_prio=120 prev_state=R ==> next_comm=pulseaudio next_pid=1481 next_prio=109
      pulseaudio-1481  [001] d...    87.421290: sched_waking: comm=alsa-sink-USB A pid=2139 prio=94 target_cpu=006
      pulseaudio-1481  [001] d...    87.421290: sched_wake_idle_without_ipi: cpu=6
      pulseaudio-1481  [001] d...    87.421290: sched_wakeup: comm=alsa-sink-USB A pid=2139 prio=94 target_cpu=006
      pulseaudio-1481  [001] d...    87.421294: sched_stat_runtime: comm=pulseaudio pid=1481 runtime=9239 [ns] vruntime=6251097 [ns]
      pulseaudio-1481  [001] d...    87.421294: sched_switch: prev_comm=pulseaudio prev_pid=1481 prev_prio=109 prev_state=S ==> next_comm=swapper/1 next_pid=0 next_prio=120
          <idle>-0     [001] d...    87.421312: cpu_idle: state=4 cpu_id=1
          <idle>-0     [001] d...    87.429373: cpu_idle: state=4294967295 cpu_id=1
          <idle>-0     [001] d...    87.429446: cpu_idle: state=6 cpu_id=1
          <idle>-0     [001] d...    87.429672: cpu_idle: state=4294967295 cpu_id=1
          <idle>-0     [001] d...    87.429705: cpu_idle: state=6 cpu_id=1
          <idle>-0     [001] dN..    87.430630: cpu_idle: state=4294967295 cpu_id=1
          <idle>-0     [001] d...    87.430659: sched_switch: prev_comm=swapper/1 prev_pid=0 prev_prio=120 prev_state=R ==> next_comm=SimpleCacheWork next_pid=2424 next_prio=120
 SimpleCacheWork-2424  [001] d...    87.430671: sched_stat_runtime: comm=SimpleCacheWork pid=2424 runtime=37445 [ns] vruntime=8436375822 [ns]
 SimpleCacheWork-2424  [001] d...    87.430676: sched_switch: prev_comm=SimpleCacheWork prev_pid=2424 prev_prio=120 prev_state=S ==> next_comm=swapper/1 next_pid=0 next_prio=120
          <idle>-0     [001] d...    87.430686: cpu_idle: state=6 cpu_id=1
          <idle>-0     [001] d...    87.433078: cpu_idle: state=4294967295 cpu_id=1
          <idle>-0     [001] d...    87.433144: cpu_idle: state=6 cpu_id=1
          <idle>-0     [001] d...    87.433385: cpu_idle: state=4294967295 cpu_id=1
          <idle>-0     [001] d...    87.433452: cpu_idle: state=6 cpu_id=1
          <idle>-0     [001] dN..    87.433570: cpu_idle: state=4294967295 cpu_id=1
          <idle>-0     [001] d...    87.433579: sched_switch: prev_comm=swapper/1 prev_pid=0 prev_prio=120 prev_state=R ==> next_comm=SimpleCacheWork next_pid=1906 next_prio=120
           <...>-1906  [001] d...    87.433588: sched_stat_runtime: comm=SimpleCacheWork pid=1906 runtime=14977 [ns] vruntime=8436353810 [ns]
           <...>-1906  [001] d...    87.433592: sched_switch: prev_comm=SimpleCacheWork prev_pid=1906 prev_prio=120 prev_state=S ==> next_comm=swapper/1 next_pid=0 next_prio=120
          <idle>-0     [001] d...    87.433602: cpu_idle: state=6 cpu_id=1
          <idle>-0     [001] d...    87.433663: cpu_idle: state=4294967295 cpu_id=1
          <idle>-0     [001] d...    87.433691: cpu_idle: state=6 cpu_id=1
          <idle>-0     [001] d...    87.433944: cpu_idle: state=4294967295 cpu_id=1
          <idle>-0     [001] d...    87.433983: sched_switch: prev_comm=swapper/1 prev_pid=0 prev_prio=120 prev_state=R ==> next_comm=SimpleCacheWork next_pid=2424 next_prio=120
 SimpleCacheWork-2424  [001] d...    87.433994: sched_stat_runtime: comm=SimpleCacheWork pid=2424 runtime=26889 [ns] vruntime=8436402711 [ns]
 SimpleCacheWork-2424  [001] d...    87.434000: sched_switch: prev_comm=SimpleCacheWork prev_pid=2424 prev_prio=120 prev_state=S ==> next_comm=swapper/1 next_pid=0 next_prio=120
          <idle>-0     [001] d...    87.434010: cpu_idle: state=6 cpu_id=1
          <idle>-0     [001] dN..    87.434225: cpu_idle: state=4294967295 cpu_id=1
          <idle>-0     [001] d...    87.434235: sched_switch: prev_comm=swapper/1 prev_pid=0 prev_prio=120 prev_state=R ==> next_comm=SimpleCacheWork next_pid=1906 next_prio=120
           <...>-1906  [001] d...    87.434242: sched_stat_runtime: comm=SimpleCacheWork pid=1906 runtime=52104 [ns] vruntime=8436405914 [ns]
           <...>-1906  [001] d...    87.434245: sutil_marker: Schedutil: get_next_freq: 800000: 1024
           <...>-1906  [001] d...    87.434247: sutil_marker: Schedutil: update-single-util: 26: 23
           <...>-1906  [001] d...    87.434247: sutil_marker: Schedutil: update-single-boost: 26: 23
           <...>-1906  [001] d...    87.434248: sutil_marker: Schedutil: update-single-freq: 800000: 800000
           <...>-1906  [001] d...    87.434251: sched_switch: prev_comm=SimpleCacheWork prev_pid=1906 prev_prio=120 prev_state=S ==> next_comm=swapper/1 next_pid=0 next_prio=120
          <idle>-0     [001] d...    87.434262: sched_switch: prev_comm=swapper/1 prev_pid=0 prev_prio=120 prev_state=R ==> next_comm=SimpleCacheWork next_pid=1906 next_prio=120
           <...>-1906  [001] d...    87.434268: sched_stat_runtime: comm=SimpleCacheWork pid=1906 runtime=14071 [ns] vruntime=8436419985 [ns]
           <...>-1906  [001] d...    87.434271: sched_switch: prev_comm=SimpleCacheWork prev_pid=1906 prev_prio=120 prev_state=S ==> next_comm=swapper/1 next_pid=0 next_prio=120
          <idle>-0     [001] d...    87.434276: cpu_idle: state=6 cpu_id=1
          <idle>-0     [001] dN..    87.436951: cpu_idle: state=4294967295 cpu_id=1
          <idle>-0     [001] d...    87.436963: sched_switch: prev_comm=swapper/1 prev_pid=0 prev_prio=120 prev_state=R ==> next_comm=Chrome_ChildIOT next_pid=1903 next_prio=120
 Chrome_ChildIOT-1903  [001] d...    87.437048: sched_waking: comm=chrome pid=1896 prio=120 target_cpu=005
 Chrome_ChildIOT-1903  [001] d...    87.437055: sched_wake_idle_without_ipi: cpu=5
 Chrome_ChildIOT-1903  [001] d...    87.437056: sched_wakeup: comm=chrome pid=1896 prio=120 target_cpu=005
 Chrome_ChildIOT-1903  [001] d...    87.437084: sched_stat_runtime: comm=Chrome_ChildIOT pid=1903 runtime=126220 [ns] vruntime=8436455312 [ns]
 Chrome_ChildIOT-1903  [001] d...    87.437089: sched_switch: prev_comm=Chrome_ChildIOT prev_pid=1903 prev_prio=120 prev_state=S ==> next_comm=swapper/1 next_pid=0 next_prio=120
          <idle>-0     [001] d...    87.437098: cpu_idle: state=6 cpu_id=1
          <idle>-0     [001] dN..    87.439566: cpu_idle: state=4294967295 cpu_id=1
          <idle>-0     [001] d...    87.439577: sched_switch: prev_comm=swapper/1 prev_pid=0 prev_prio=120 prev_state=R ==> next_comm=marco next_pid=2113 next_prio=120
           marco-2113  [001] d...    87.439662: sched_stat_runtime: comm=marco pid=2113 runtime=90970 [ns] vruntime=8436420062 [ns]
           marco-2113  [001] d...    87.439666: sched_switch: prev_comm=marco prev_pid=2113 prev_prio=120 prev_state=S ==> next_comm=swapper/1 next_pid=0 next_prio=120
          <idle>-0     [001] d...    87.439677: cpu_idle: state=6 cpu_id=1
          <idle>-0     [001] dN..    87.439774: cpu_idle: state=4294967295 cpu_id=1
          <idle>-0     [001] d...    87.439785: sched_switch: prev_comm=swapper/1 prev_pid=0 prev_prio=120 prev_state=R ==> next_comm=marco next_pid=2113 next_prio=120
           marco-2113  [001] d...    87.439839: sched_waking: comm=Xorg pid=1080 prio=120 target_cpu=007
           marco-2113  [001] d...    87.439845: sched_wake_idle_without_ipi: cpu=7
           marco-2113  [001] d...    87.439846: sched_wakeup: comm=Xorg pid=1080 prio=120 target_cpu=007
           marco-2113  [001] d...    87.439852: sched_stat_runtime: comm=marco pid=2113 runtime=115295 [ns] vruntime=8436535357 [ns]
           marco-2113  [001] d...    87.439857: sched_switch: prev_comm=marco prev_pid=2113 prev_prio=120 prev_state=S ==> next_comm=swapper/1 next_pid=0 next_prio=120
          <idle>-0     [001] d...    87.439865: cpu_idle: state=6 cpu_id=1
          <idle>-0     [001] dN..    87.439938: cpu_idle: state=4294967295 cpu_id=1
          <idle>-0     [001] d...    87.439949: sched_switch: prev_comm=swapper/1 prev_pid=0 prev_prio=120 prev_state=R ==> next_comm=marco next_pid=2113 next_prio=120
           marco-2113  [001] d...    87.439989: sched_waking: comm=Xorg pid=1080 prio=120 target_cpu=007
           marco-2113  [001] d...    87.439995: sched_wake_idle_without_ipi: cpu=7
           marco-2113  [001] d...    87.439996: sched_wakeup: comm=Xorg pid=1080 prio=120 target_cpu=007
           marco-2113  [001] d...    87.440003: sched_stat_runtime: comm=marco pid=2113 runtime=98755 [ns] vruntime=8436634112 [ns]
           marco-2113  [001] d...    87.440007: sched_switch: prev_comm=marco prev_pid=2113 prev_prio=120 prev_state=S ==> next_comm=swapper/1 next_pid=0 next_prio=120
          <idle>-0     [001] d...    87.440015: cpu_idle: state=6 cpu_id=1
          <idle>-0     [001] dN..    87.440117: cpu_idle: state=4294967295 cpu_id=1
          <idle>-0     [001] d...    87.440129: sched_switch: prev_comm=swapper/1 prev_pid=0 prev_prio=120 prev_state=R ==> next_comm=marco next_pid=2113 next_prio=120
           marco-2113  [001] d...    87.440202: sched_stat_runtime: comm=marco pid=2113 runtime=8144 [ns] vruntime=8436755334 [ns]
           marco-2113  [001] d...    87.440209: sched_switch: prev_comm=marco prev_pid=2113 prev_prio=120 prev_state=S ==> next_comm=Chrome_ChildIOT next_pid=1903 next_prio=120
 Chrome_ChildIOT-1903  [001] d...    87.440318: sched_waking: comm=chrome pid=1896 prio=120 target_cpu=005
 Chrome_ChildIOT-1903  [001] d...    87.440323: sched_wake_idle_without_ipi: cpu=5
 Chrome_ChildIOT-1903  [001] d...    87.440324: sched_wakeup: comm=chrome pid=1896 prio=120 target_cpu=005
 Chrome_ChildIOT-1903  [001] d...    87.440349: sched_stat_runtime: comm=Chrome_ChildIOT pid=1903 runtime=147137 [ns] vruntime=8436602449 [ns]
 Chrome_ChildIOT-1903  [001] d...    87.440352: sched_switch: prev_comm=Chrome_ChildIOT prev_pid=1903 prev_prio=120 prev_state=S ==> next_comm=swapper/1 next_pid=0 next_prio=120
          <idle>-0     [001] d...    87.440362: cpu_idle: state=6 cpu_id=1
          <idle>-0     [001] d...    87.443382: cpu_idle: state=4294967295 cpu_id=1
          <idle>-0     [001] d...    87.443446: cpu_idle: state=6 cpu_id=1
          <idle>-0     [001] d...    87.443495: cpu_idle: state=4294967295 cpu_id=1
          <idle>-0     [001] d...    87.443497: cpu_idle: state=6 cpu_id=1
          <idle>-0     [001] d...    87.445826: cpu_idle: state=4294967295 cpu_id=1
          <idle>-0     [001] d.s.    87.445876: sched_waking: comm=Chrome_IOThread pid=1860 prio=120 target_cpu=002
          <idle>-0     [001] d.s.    87.445881: sched_wake_idle_without_ipi: cpu=2
          <idle>-0     [001] d.s.    87.445882: sched_wakeup: comm=Chrome_IOThread pid=1860 prio=120 target_cpu=002
          <idle>-0     [001] d...    87.445893: cpu_idle: state=6 cpu_id=1
          <idle>-0     [001] d...    87.446141: cpu_idle: state=4294967295 cpu_id=1
          <idle>-0     [001] d.s.    87.446191: sched_waking: comm=Chrome_IOThread pid=1860 prio=120 target_cpu=002
          <idle>-0     [001] d.s.    87.446197: sched_wake_idle_without_ipi: cpu=2
          <idle>-0     [001] d.s.    87.446198: sched_wakeup: comm=Chrome_IOThread pid=1860 prio=120 target_cpu=002
          <idle>-0     [001] d...    87.446211: cpu_idle: state=6 cpu_id=1
          <idle>-0     [001] d...    87.446461: cpu_idle: state=4294967295 cpu_id=1
          <idle>-0     [001] d...    87.446497: cpu_idle: state=6 cpu_id=1
          <idle>-0     [001] d...    87.448505: cpu_idle: state=4294967295 cpu_id=1
          <idle>-0     [001] d...    87.448542: cpu_idle: state=6 cpu_id=1
          <idle>-0     [001] d...    87.450391: cpu_idle: state=4294967295 cpu_id=1
          <idle>-0     [001] d...    87.450445: cpu_idle: state=6 cpu_id=1
          <idle>-0     [001] dN..    87.455460: cpu_idle: state=4294967295 cpu_id=1
          <idle>-0     [001] d...    87.455472: sched_switch: prev_comm=swapper/1 prev_pid=0 prev_prio=120 prev_state=R ==> next_comm=pulseaudio next_pid=1481 next_prio=109
      pulseaudio-1481  [001] d.h.    87.455498: sched_stat_runtime: comm=pulseaudio pid=1481 runtime=33997 [ns] vruntime=6254018 [ns]
      pulseaudio-1481  [001] d...    87.455581: sched_waking: comm=threaded-ml pid=1603 prio=120 target_cpu=000
      pulseaudio-1481  [001] d...    87.455584: sched_migrate_task: comm=threaded-ml pid=1603 prio=120 orig_cpu=0 dest_cpu=3
      pulseaudio-1481  [001] d...    87.455586: sutil_marker: Schedutil: attach_entity_load_avg: 0: 0
      pulseaudio-1481  [001] d...    87.455589: sched_wake_idle_without_ipi: cpu=3
      pulseaudio-1481  [001] d...    87.455590: sched_wakeup: comm=threaded-ml pid=1603 prio=120 target_cpu=003
      pulseaudio-1481  [001] d...    87.455626: sched_stat_runtime: comm=pulseaudio pid=1481 runtime=128907 [ns] vruntime=6265095 [ns]
      pulseaudio-1481  [001] d...    87.455628: sched_stat_runtime: comm=threaded-ml pid=1603 runtime=37361 [ns] vruntime=8108654485 [ns]
      pulseaudio-1481  [001] d...    87.455629: sched_migrate_task: comm=chrome pid=3067 prio=120 orig_cpu=3 dest_cpu=1
      pulseaudio-1481  [001] d...    87.455629: sutil_marker: Schedutil: attach_entity_load_avg: 0: 0
      pulseaudio-1481  [001] d...    87.455630: sched_switch: prev_comm=pulseaudio prev_pid=1481 prev_prio=109 prev_state=S ==> next_comm=chrome next_pid=3067 next_prio=120
           <...>-3067  [001] d...    87.455781: sched_waking: comm=Chrome_ChildIOT pid=3068 prio=120 target_cpu=000
           <...>-3067  [001] d...    87.455783: sched_wake_idle_without_ipi: cpu=0
           <...>-3067  [001] d...    87.455783: sched_wakeup: comm=Chrome_ChildIOT pid=3068 prio=120 target_cpu=000
           <...>-3067  [001] d...    87.455792: sched_stat_runtime: comm=chrome pid=3067 runtime=162263 [ns] vruntime=8448491355 [ns]
           <...>-3067  [001] d...    87.455794: sched_switch: prev_comm=chrome prev_pid=3067 prev_prio=120 prev_state=S ==> next_comm=swapper/1 next_pid=0 next_prio=120
          <idle>-0     [001] d...    87.455796: cpu_idle: state=4 cpu_id=1
          <idle>-0     [001] dN..    87.455990: cpu_idle: state=4294967295 cpu_id=1
          <idle>-0     [001] d...    87.455992: sched_switch: prev_comm=swapper/1 prev_pid=0 prev_prio=120 prev_state=R ==> next_comm=BrowserBlocking next_pid=1894 next_prio=120
 BrowserBlocking-1894  [001] d...    87.455997: sched_waking: comm=BrowserBlocking pid=1898 prio=120 target_cpu=004
 BrowserBlocking-1894  [001] d...    87.455998: sched_migrate_task: comm=BrowserBlocking pid=1898 prio=120 orig_cpu=4 dest_cpu=0
 BrowserBlocking-1894  [001] d...    87.455998: sutil_marker: Schedutil: attach_entity_load_avg: 0: 0
 BrowserBlocking-1894  [001] d...    87.455999: sched_wake_idle_without_ipi: cpu=0
 BrowserBlocking-1894  [001] d...    87.455999: sched_wakeup: comm=BrowserBlocking pid=1898 prio=120 target_cpu=000
 BrowserBlocking-1894  [001] d...    87.456239: sched_waking: comm=Chrome_IOThread pid=1860 prio=120 target_cpu=002
 BrowserBlocking-1894  [001] d...    87.456240: sched_wake_idle_without_ipi: cpu=2
 BrowserBlocking-1894  [001] d...    87.456240: sched_wakeup: comm=Chrome_IOThread pid=1860 prio=120 target_cpu=002
 BrowserBlocking-1894  [001] d...    87.456244: sched_stat_runtime: comm=BrowserBlocking pid=1894 runtime=252617 [ns] vruntime=8436743972 [ns]
 BrowserBlocking-1894  [001] d...    87.456244: sutil_marker: Schedutil: get_next_freq: 800000: 1024
 BrowserBlocking-1894  [001] d...    87.456245: sutil_marker: Schedutil: update-single-util: 23: 751
 BrowserBlocking-1894  [001] d...    87.456245: sutil_marker: Schedutil: update-single-boost: 23: 751
 BrowserBlocking-1894  [001] d...    87.456245: sutil_marker: Schedutil: update-single-freq: 800000: 800000
 BrowserBlocking-1894  [001] d...    87.456245: sched_switch: prev_comm=BrowserBlocking prev_pid=1894 prev_prio=120 prev_state=S ==> next_comm=swapper/1 next_pid=0 next_prio=120
          <idle>-0     [001] d...    87.456246: cpu_idle: state=6 cpu_id=1
          <idle>-0     [001] d...    87.456542: cpu_idle: state=4294967295 cpu_id=1
          <idle>-0     [001] d...    87.456553: cpu_idle: state=4 cpu_id=1
          <idle>-0     [001] d...    87.456810: cpu_idle: state=4294967295 cpu_id=1
          <idle>-0     [001] d...    87.456821: cpu_idle: state=4 cpu_id=1
          <idle>-0     [001] d...    87.457101: cpu_idle: state=4294967295 cpu_id=1
          <idle>-0     [001] d...    87.457117: cpu_idle: state=4 cpu_id=1
          <idle>-0     [001] d...    87.457503: cpu_idle: state=4294967295 cpu_id=1
          <idle>-0     [001] d...    87.457528: cpu_idle: state=4 cpu_id=1
          <idle>-0     [001] d...    87.458108: cpu_idle: state=4294967295 cpu_id=1
          <idle>-0     [001] d...    87.458135: cpu_idle: state=4 cpu_id=1
          <idle>-0     [001] dN..    87.458584: cpu_idle: state=4294967295 cpu_id=1
          <idle>-0     [001] d...    87.458585: sched_switch: prev_comm=swapper/1 prev_pid=0 prev_prio=120 prev_state=R ==> next_comm=dnsmasq next_pid=2173 next_prio=120
           <...>-2173  [001] d...    87.458616: sched_stat_runtime: comm=dnsmasq pid=2173 runtime=59790 [ns] vruntime=224504852 [ns]
           <...>-2173  [001] d...    87.458617: sched_switch: prev_comm=dnsmasq prev_pid=2173 prev_prio=120 prev_state=S ==> next_comm=swapper/1 next_pid=0 next_prio=120
          <idle>-0     [001] d...    87.458619: cpu_idle: state=4 cpu_id=1
          <idle>-0     [001] d...    87.458645: cpu_idle: state=4294967295 cpu_id=1
          <idle>-0     [001] d...    87.458655: cpu_idle: state=4 cpu_id=1
          <idle>-0     [001] dN..    87.458678: cpu_idle: state=4294967295 cpu_id=1
          <idle>-0     [001] d...    87.458679: sched_switch: prev_comm=swapper/1 prev_pid=0 prev_prio=120 prev_state=R ==> next_comm=chrome next_pid=3067 next_prio=120
           <...>-3067  [001] d...    87.458836: sched_stat_runtime: comm=chrome pid=3067 runtime=159565 [ns] vruntime=8448650920 [ns]
           <...>-3067  [001] d...    87.458837: sched_switch: prev_comm=chrome prev_pid=3067 prev_prio=120 prev_state=S ==> next_comm=swapper/1 next_pid=0 next_prio=120
          <idle>-0     [001] d...    87.458839: cpu_idle: state=4 cpu_id=1
          <idle>-0     [001] dN..    87.458919: cpu_idle: state=4294967295 cpu_id=1
          <idle>-0     [001] d...    87.458920: sched_switch: prev_comm=swapper/1 prev_pid=0 prev_prio=120 prev_state=R ==> next_comm=chrome next_pid=3067 next_prio=120
           <...>-3067  [001] d...    87.459079: sched_waking: comm=Compositor pid=3069 prio=120 target_cpu=005
           <...>-3067  [001] d...    87.459080: sched_wake_idle_without_ipi: cpu=5
           <...>-3067  [001] d...    87.459080: sched_wakeup: comm=Compositor pid=3069 prio=120 target_cpu=005
           <...>-3067  [001] d...    87.459102: sched_stat_runtime: comm=chrome pid=3067 runtime=184378 [ns] vruntime=8448835298 [ns]
           <...>-3067  [001] d...    87.459103: sched_switch: prev_comm=chrome prev_pid=3067 prev_prio=120 prev_state=S ==> next_comm=swapper/1 next_pid=0 next_prio=120
          <idle>-0     [001] d...    87.459104: cpu_idle: state=3 cpu_id=1
          <idle>-0     [001] d...    87.459516: cpu_idle: state=4294967295 cpu_id=1
          <idle>-0     [001] d.s.    87.459520: sutil_marker: Schedutil: get_next_freq: 800000: 1024
          <idle>-0     [001] d.s.    87.459520: sutil_marker: Schedutil: update-single-util: 751: 710
          <idle>-0     [001] d.s.    87.459520: sutil_marker: Schedutil: update-single-boost: 751: 710
          <idle>-0     [001] d.s.    87.459520: sutil_marker: Schedutil: update-single-freq: 800000: 800000
          <idle>-0     [001] d.s.    87.459524: sched_waking: comm=rcu_sched pid=8 prio=120 target_cpu=003
          <idle>-0     [001] d.s.    87.459525: sched_wakeup: comm=rcu_sched pid=8 prio=120 target_cpu=003
          <idle>-0     [001] d...    87.459526: cpu_idle: state=6 cpu_id=1
          <idle>-0     [001] dN..    87.460334: cpu_idle: state=4294967295 cpu_id=1
          <idle>-0     [001] d...    87.460335: sched_switch: prev_comm=swapper/1 prev_pid=0 prev_prio=120 prev_state=R ==> next_comm=Chrome_ChildIOT next_pid=1903 next_prio=120
 Chrome_ChildIOT-1903  [001] d...    87.460365: sched_waking: comm=chrome pid=1896 prio=120 target_cpu=005
 Chrome_ChildIOT-1903  [001] d...    87.460367: sched_wake_idle_without_ipi: cpu=5
 Chrome_ChildIOT-1903  [001] d...    87.460367: sched_wakeup: comm=chrome pid=1896 prio=120 target_cpu=005
 Chrome_ChildIOT-1903  [001] d...    87.460380: sched_waking: comm=Chrome_ChildIOT pid=3068 prio=120 target_cpu=003
 Chrome_ChildIOT-1903  [001] d...    87.460381: sched_wake_idle_without_ipi: cpu=3
 Chrome_ChildIOT-1903  [001] d...    87.460381: sched_wakeup: comm=Chrome_ChildIOT pid=3068 prio=120 target_cpu=003
 Chrome_ChildIOT-1903  [001] d...    87.460404: sched_stat_runtime: comm=Chrome_ChildIOT pid=1903 runtime=121273 [ns] vruntime=8436956571 [ns]
 Chrome_ChildIOT-1903  [001] d...    87.460406: sched_switch: prev_comm=Chrome_ChildIOT prev_pid=1903 prev_prio=120 prev_state=S ==> next_comm=swapper/1 next_pid=0 next_prio=120
          <idle>-0     [001] d...    87.460407: cpu_idle: state=4 cpu_id=1
          <idle>-0     [001] dN..    87.460545: cpu_idle: state=4294967295 cpu_id=1
          <idle>-0     [001] d...    87.460546: sched_switch: prev_comm=swapper/1 prev_pid=0 prev_prio=120 prev_state=R ==> next_comm=chrome next_pid=3067 next_prio=120
           <...>-3067  [001] d...    87.460640: sched_stat_runtime: comm=chrome pid=3067 runtime=107507 [ns] vruntime=8448942805 [ns]
           <...>-3067  [001] d...    87.460641: sched_switch: prev_comm=chrome prev_pid=3067 prev_prio=120 prev_state=S ==> next_comm=swapper/1 next_pid=0 next_prio=120
          <idle>-0     [001] d...    87.460642: cpu_idle: state=4 cpu_id=1
          <idle>-0     [001] dN..    87.461829: cpu_idle: state=4294967295 cpu_id=1
          <idle>-0     [001] d...    87.461831: sched_switch: prev_comm=swapper/1 prev_pid=0 prev_prio=120 prev_state=R ==> next_comm=Chrome_ChildIOT next_pid=1903 next_prio=120
 Chrome_ChildIOT-1903  [001] d...    87.461867: sched_waking: comm=chrome pid=1896 prio=120 target_cpu=005
 Chrome_ChildIOT-1903  [001] d...    87.461868: sched_wake_idle_without_ipi: cpu=5
 Chrome_ChildIOT-1903  [001] d...    87.461868: sched_wakeup: comm=chrome pid=1896 prio=120 target_cpu=005
 Chrome_ChildIOT-1903  [001] d...    87.461874: sched_stat_runtime: comm=Chrome_ChildIOT pid=1903 runtime=76200 [ns] vruntime=8437032771 [ns]
 Chrome_ChildIOT-1903  [001] d...    87.461875: sched_switch: prev_comm=Chrome_ChildIOT prev_pid=1903 prev_prio=120 prev_state=S ==> next_comm=swapper/1 next_pid=0 next_prio=120
          <idle>-0     [001] d...    87.461892: cpu_idle: state=4 cpu_id=1
          <idle>-0     [001] dN..    87.462607: cpu_idle: state=4294967295 cpu_id=1
          <idle>-0     [001] d...    87.462609: sched_switch: prev_comm=swapper/1 prev_pid=0 prev_prio=120 prev_state=R ==> next_comm=Chrome_ChildIOT next_pid=1903 next_prio=120
 Chrome_ChildIOT-1903  [001] d.s.    87.462670: sched_waking: comm=dnsmasq pid=2173 prio=120 target_cpu=001
 Chrome_ChildIOT-1903  [001] d.s.    87.462671: sched_migrate_task: comm=dnsmasq pid=2173 prio=120 orig_cpu=1 dest_cpu=2
 Chrome_ChildIOT-1903  [001] d.s.    87.462672: sutil_marker: Schedutil: attach_entity_load_avg: 0: 0
 Chrome_ChildIOT-1903  [001] d.s.    87.462673: sched_wake_idle_without_ipi: cpu=2
 Chrome_ChildIOT-1903  [001] d.s.    87.462673: sched_wakeup: comm=dnsmasq pid=2173 prio=120 target_cpu=002
 Chrome_ChildIOT-1903  [001] d...    87.462704: sched_waking: comm=chrome pid=1896 prio=120 target_cpu=005
 Chrome_ChildIOT-1903  [001] d...    87.462704: sched_wake_idle_without_ipi: cpu=5
 Chrome_ChildIOT-1903  [001] d...    87.462705: sched_wakeup: comm=chrome pid=1896 prio=120 target_cpu=005
 Chrome_ChildIOT-1903  [001] d...    87.462714: sched_stat_runtime: comm=Chrome_ChildIOT pid=1903 runtime=129755 [ns] vruntime=8437162526 [ns]
 Chrome_ChildIOT-1903  [001] d...    87.462715: sched_switch: prev_comm=Chrome_ChildIOT prev_pid=1903 prev_prio=120 prev_state=S ==> next_comm=swapper/1 next_pid=0 next_prio=120
          <idle>-0     [001] d...    87.462716: cpu_idle: state=4 cpu_id=1
          <idle>-0     [001] d...    87.463494: cpu_idle: state=4294967295 cpu_id=1
          <idle>-0     [001] d...    87.463501: cpu_idle: state=6 cpu_id=1
          <idle>-0     [001] dN..    87.463899: cpu_idle: state=4294967295 cpu_id=1
          <idle>-0     [001] d...    87.463900: sched_switch: prev_comm=swapper/1 prev_pid=0 prev_prio=120 prev_state=R ==> next_comm=Chrome_ChildIOT next_pid=1903 next_prio=120
 Chrome_ChildIOT-1903  [001] d...    87.463912: sched_waking: comm=Chrome_IOThread pid=1860 prio=120 target_cpu=004
 Chrome_ChildIOT-1903  [001] d...    87.463914: sched_wake_idle_without_ipi: cpu=4
