      pulseaudio-1481  [001] d...    87.588711: sched_waking: comm=threaded-ml pid=1603 prio=120 target_cpu=003
      pulseaudio-1481  [001] d...    87.588718: sched_wake_idle_without_ipi: cpu=3
      pulseaudio-1481  [001] d...    87.588719: sched_wakeup: comm=threaded-ml pid=1603 prio=120 target_cpu=003
      pulseaudio-1481  [001] d...    87.588745: sched_stat_runtime: comm=pulseaudio pid=1481 runtime=149256 [ns] vruntime=6353984 [ns]
      pulseaudio-1481  [001] d...    87.588749: sched_switch: prev_comm=pulseaudio prev_pid=1481 prev_prio=109 prev_state=S ==> next_comm=swapper/1 next_pid=0 next_prio=120
          <idle>-0     [001] d...    87.588754: cpu_idle: state=6 cpu_id=1
          <idle>-0     [001] d...    87.591522: cpu_idle: state=4294967295 cpu_id=1
          <idle>-0     [001] d.s.    87.591562: sutil_marker: Schedutil: get_next_freq: 800000: 1024
          <idle>-0     [001] d.s.    87.591563: sutil_marker: Schedutil: update-single-util: 127: 121
          <idle>-0     [001] d.s.    87.591564: sutil_marker: Schedutil: update-single-boost: 127: 121
          <idle>-0     [001] d.s.    87.591565: sutil_marker: Schedutil: update-single-freq: 800000: 800000
          <idle>-0     [001] d...    87.591580: cpu_idle: state=6 cpu_id=1
          <idle>-0     [001] d...    87.591588: cpu_idle: state=4294967295 cpu_id=1
          <idle>-0     [001] d...    87.591613: cpu_idle: state=6 cpu_id=1
          <idle>-0     [001] d...    87.595543: cpu_idle: state=4294967295 cpu_id=1
          <idle>-0     [001] d.s.    87.595561: sutil_marker: Schedutil: get_next_freq: 800000: 1024
          <idle>-0     [001] d.s.    87.595562: sutil_marker: Schedutil: update-single-util: 121: 111
          <idle>-0     [001] d.s.    87.595563: sutil_marker: Schedutil: update-single-boost: 121: 111
          <idle>-0     [001] d.s.    87.595563: sutil_marker: Schedutil: update-single-freq: 800000: 800000
          <idle>-0     [001] d...    87.595574: cpu_idle: state=6 cpu_id=1
          <idle>-0     [001] dN..    87.596400: cpu_idle: state=4294967295 cpu_id=1
          <idle>-0     [001] d...    87.596405: sched_switch: prev_comm=swapper/1 prev_pid=0 prev_prio=120 prev_state=R ==> next_comm=CompositorTileW next_pid=3074 next_prio=120
           <...>-3074  [001] d...    87.596453: sched_stat_runtime: comm=CompositorTileW pid=3074 runtime=57527 [ns] vruntime=8450887014 [ns]
           <...>-3074  [001] d...    87.596458: sched_switch: prev_comm=CompositorTileW prev_pid=3074 prev_prio=120 prev_state=S ==> next_comm=swapper/1 next_pid=0 next_prio=120
          <idle>-0     [001] d...    87.596465: cpu_idle: state=4 cpu_id=1
          <idle>-0     [001] d...    87.597781: cpu_idle: state=4294967295 cpu_id=1
          <idle>-0     [001] d.h.    87.597789: sched_waking: comm=watchdog/1 pid=14 prio=0 target_cpu=001
          <idle>-0     [001] dNh.    87.597793: sched_wakeup: comm=watchdog/1 pid=14 prio=0 target_cpu=001
          <idle>-0     [001] d...    87.597801: sched_switch: prev_comm=swapper/1 prev_pid=0 prev_prio=120 prev_state=R ==> next_comm=watchdog/1 next_pid=14 next_prio=0
      watchdog/1-14    [001] d...    87.597806: sutil_marker: Schedutil: update-single-util: 111: 110
      watchdog/1-14    [001] d...    87.597807: sutil_marker: Schedutil: update-single-boost: 111: 110
      watchdog/1-14    [001] d...    87.597808: sutil_marker: Schedutil: update-single-freq: 800000: 4000000
      watchdog/1-14    [001] d...    87.597812: cpu_frequency: state=4000000 cpu_id=1
      watchdog/1-14    [001] d...    87.597816: sched_switch: prev_comm=watchdog/1 prev_pid=14 prev_prio=0 prev_state=S ==> next_comm=swapper/1 next_pid=0 next_prio=120
          <idle>-0     [001] d...    87.597822: cpu_idle: state=6 cpu_id=1
          <idle>-0     [001] dN..    87.598292: cpu_idle: state=4294967295 cpu_id=1
          <idle>-0     [001] d...    87.598293: sched_switch: prev_comm=swapper/1 prev_pid=0 prev_prio=120 prev_state=R ==> next_comm=Chrome_IOThread next_pid=1860 next_prio=120
 Chrome_IOThread-1860  [001] d...    87.598319: sched_waking: comm=SimpleCacheWork pid=2466 prio=120 target_cpu=003
 Chrome_IOThread-1860  [001] d...    87.598320: sched_wake_idle_without_ipi: cpu=3
 Chrome_IOThread-1860  [001] d...    87.598320: sched_wakeup: comm=SimpleCacheWork pid=2466 prio=120 target_cpu=003
 Chrome_IOThread-1860  [001] d...    87.598516: sched_waking: comm=SimpleCacheWork pid=2424 prio=120 target_cpu=005
 Chrome_IOThread-1860  [001] d...    87.598517: sched_migrate_task: comm=SimpleCacheWork pid=2424 prio=120 orig_cpu=5 dest_cpu=7
 Chrome_IOThread-1860  [001] d...    87.598518: sutil_marker: Schedutil: attach_entity_load_avg: 0: 0
 Chrome_IOThread-1860  [001] d...    87.598519: sched_wake_idle_without_ipi: cpu=7
 Chrome_IOThread-1860  [001] d...    87.598519: sched_wakeup: comm=SimpleCacheWork pid=2424 prio=120 target_cpu=007
 Chrome_IOThread-1860  [001] d...    87.598711: sched_waking: comm=SimpleCacheWork pid=2425 prio=120 target_cpu=005
 Chrome_IOThread-1860  [001] d...    87.598712: sched_migrate_task: comm=SimpleCacheWork pid=2425 prio=120 orig_cpu=5 dest_cpu=7
 Chrome_IOThread-1860  [001] d...    87.598712: sutil_marker: Schedutil: attach_entity_load_avg: 0: 0
 Chrome_IOThread-1860  [001] d...    87.598713: sched_wake_idle_without_ipi: cpu=7
 Chrome_IOThread-1860  [001] d...    87.598713: sched_wakeup: comm=SimpleCacheWork pid=2425 prio=120 target_cpu=007
 Chrome_IOThread-1860  [001] d...    87.598892: sched_stat_runtime: comm=Chrome_IOThread pid=1860 runtime=601890 [ns] vruntime=8458701945 [ns]
 Chrome_IOThread-1860  [001] d...    87.598893: sutil_marker: Schedutil: update-single-return: 110: 118
 Chrome_IOThread-1860  [001] d...    87.598894: sched_switch: prev_comm=Chrome_IOThread prev_pid=1860 prev_prio=120 prev_state=S ==> next_comm=swapper/1 next_pid=0 next_prio=120
          <idle>-0     [001] d...    87.598896: cpu_idle: state=4 cpu_id=1
          <idle>-0     [001] d...    87.598910: cpu_idle: state=4294967295 cpu_id=1
          <idle>-0     [001] d...    87.598915: cpu_idle: state=4 cpu_id=1
          <idle>-0     [001] dN..    87.599435: cpu_idle: state=4294967295 cpu_id=1
          <idle>-0     [001] d...    87.599437: sched_switch: prev_comm=swapper/1 prev_pid=0 prev_prio=120 prev_state=R ==> next_comm=Chrome_IOThread next_pid=1860 next_prio=120
 Chrome_IOThread-1860  [001] d...    87.599454: sched_waking: comm=Chrome_ChildIOT pid=3068 prio=120 target_cpu=004
 Chrome_IOThread-1860  [001] d...    87.599455: sched_wake_idle_without_ipi: cpu=4
 Chrome_IOThread-1860  [001] d...    87.599455: sched_wakeup: comm=Chrome_ChildIOT pid=3068 prio=120 target_cpu=004
 Chrome_IOThread-1860  [001] d...    87.599479: sched_stat_runtime: comm=Chrome_IOThread pid=1860 runtime=66861 [ns] vruntime=8458768806 [ns]
 Chrome_IOThread-1860  [001] d...    87.599480: sched_switch: prev_comm=Chrome_IOThread prev_pid=1860 prev_prio=120 prev_state=S ==> next_comm=swapper/1 next_pid=0 next_prio=120
          <idle>-0     [001] d...    87.599481: cpu_idle: state=1 cpu_id=1
          <idle>-0     [001] d...    87.599504: cpu_idle: state=4294967295 cpu_id=1
          <idle>-0     [001] d...    87.599508: cpu_idle: state=6 cpu_id=1
          <idle>-0     [001] dN..    87.602984: cpu_idle: state=4294967295 cpu_id=1
          <idle>-0     [001] d...    87.602986: sched_switch: prev_comm=swapper/1 prev_pid=0 prev_prio=120 prev_state=R ==> next_comm=Chrome_IOThread next_pid=1860 next_prio=120
 Chrome_IOThread-1860  [001] d...    87.603000: sched_waking: comm=Chrome_ChildIOT pid=1903 prio=120 target_cpu=007
 Chrome_IOThread-1860  [001] d...    87.603001: sched_migrate_task: comm=Chrome_ChildIOT pid=1903 prio=120 orig_cpu=7 dest_cpu=0
 Chrome_IOThread-1860  [001] d...    87.603002: sutil_marker: Schedutil: attach_entity_load_avg: 0: 0
 Chrome_IOThread-1860  [001] d...    87.603003: sched_wake_idle_without_ipi: cpu=0
 Chrome_IOThread-1860  [001] d...    87.603003: sched_wakeup: comm=Chrome_ChildIOT pid=1903 prio=120 target_cpu=000
 Chrome_IOThread-1860  [001] d...    87.603025: sched_stat_runtime: comm=Chrome_IOThread pid=1860 runtime=63337 [ns] vruntime=8458832143 [ns]
 Chrome_IOThread-1860  [001] d...    87.603026: sutil_marker: Schedutil: update-single-return: 118: 111
 Chrome_IOThread-1860  [001] d...    87.603027: sched_switch: prev_comm=Chrome_IOThread prev_pid=1860 prev_prio=120 prev_state=S ==> next_comm=swapper/1 next_pid=0 next_prio=120
          <idle>-0     [001] d...    87.603028: cpu_idle: state=4 cpu_id=1
          <idle>-0     [001] dN..    87.603098: cpu_idle: state=4294967295 cpu_id=1
          <idle>-0     [001] d...    87.603100: sched_switch: prev_comm=swapper/1 prev_pid=0 prev_prio=120 prev_state=R ==> next_comm=chrome next_pid=1896 next_prio=120
          chrome-1896  [001] d...    87.603204: sched_stat_runtime: comm=chrome pid=1896 runtime=129212 [ns] vruntime=8458961355 [ns]
          chrome-1896  [001] d...    87.603205: sched_switch: prev_comm=chrome prev_pid=1896 prev_prio=120 prev_state=S ==> next_comm=swapper/1 next_pid=0 next_prio=120
          <idle>-0     [001] d...    87.603206: cpu_idle: state=3 cpu_id=1
          <idle>-0     [001] dN..    87.603484: cpu_idle: state=4294967295 cpu_id=1
          <idle>-0     [001] d...    87.603485: sched_switch: prev_comm=swapper/1 prev_pid=0 prev_prio=120 prev_state=R ==> next_comm=Chrome_IOThread next_pid=1860 next_prio=120
 Chrome_IOThread-1860  [001] d...    87.603495: sched_waking: comm=Chrome_ChildIOT pid=1903 prio=120 target_cpu=000
 Chrome_IOThread-1860  [001] d...    87.603496: sched_wake_idle_without_ipi: cpu=0
 Chrome_IOThread-1860  [001] d...    87.603496: sched_wakeup: comm=Chrome_ChildIOT pid=1903 prio=120 target_cpu=000
 Chrome_IOThread-1860  [001] d.h.    87.603519: sched_stat_runtime: comm=Chrome_IOThread pid=1860 runtime=56379 [ns] vruntime=8458888522 [ns]
 Chrome_IOThread-1860  [001] d...    87.603523: sched_stat_runtime: comm=Chrome_IOThread pid=1860 runtime=4529 [ns] vruntime=8458893051 [ns]
 Chrome_IOThread-1860  [001] d...    87.603524: sched_switch: prev_comm=Chrome_IOThread prev_pid=1860 prev_prio=120 prev_state=S ==> next_comm=swapper/1 next_pid=0 next_prio=120
          <idle>-0     [001] d...    87.603525: cpu_idle: state=6 cpu_id=1
          <idle>-0     [001] dN..    87.603589: cpu_idle: state=4294967295 cpu_id=1
          <idle>-0     [001] d...    87.603591: sched_switch: prev_comm=swapper/1 prev_pid=0 prev_prio=120 prev_state=R ==> next_comm=chrome next_pid=1896 next_prio=120
          chrome-1896  [001] d...    87.604379: sched_waking: comm=Xorg pid=1080 prio=120 target_cpu=002
          chrome-1896  [001] d...    87.604381: sched_wake_idle_without_ipi: cpu=2
          chrome-1896  [001] d...    87.604381: sched_wakeup: comm=Xorg pid=1080 prio=120 target_cpu=002
          chrome-1896  [001] d...    87.604383: sched_stat_runtime: comm=chrome pid=1896 runtime=845766 [ns] vruntime=8459807121 [ns]
          chrome-1896  [001] d...    87.604384: sutil_marker: Schedutil: update-single-return: 111: 191
          chrome-1896  [001] d...    87.604385: sched_switch: prev_comm=chrome prev_pid=1896 prev_prio=120 prev_state=S ==> next_comm=swapper/1 next_pid=0 next_prio=120
          <idle>-0     [001] d...    87.604404: cpu_idle: state=4 cpu_id=1
          <idle>-0     [001] dN..    87.604477: cpu_idle: state=4294967295 cpu_id=1
          <idle>-0     [001] d...    87.604479: sched_switch: prev_comm=swapper/1 prev_pid=0 prev_prio=120 prev_state=R ==> next_comm=chrome next_pid=1896 next_prio=120
          chrome-1896  [001] d...    87.604726: sched_waking: comm=Xorg pid=1080 prio=120 target_cpu=002
          chrome-1896  [001] d...    87.604728: sched_wake_idle_without_ipi: cpu=2
          chrome-1896  [001] d...    87.604728: sched_wakeup: comm=Xorg pid=1080 prio=120 target_cpu=002
          chrome-1896  [001] d...    87.604730: sched_stat_runtime: comm=chrome pid=1896 runtime=275303 [ns] vruntime=8460082424 [ns]
          chrome-1896  [001] d...    87.604730: sched_switch: prev_comm=chrome prev_pid=1896 prev_prio=120 prev_state=S ==> next_comm=swapper/1 next_pid=0 next_prio=120
          <idle>-0     [001] d...    87.604749: cpu_idle: state=4 cpu_id=1
          <idle>-0     [001] dN..    87.604844: cpu_idle: state=4294967295 cpu_id=1
          <idle>-0     [001] d...    87.604847: sched_switch: prev_comm=swapper/1 prev_pid=0 prev_prio=120 prev_state=R ==> next_comm=chrome next_pid=1896 next_prio=120
          chrome-1896  [001] d...    87.604877: sched_waking: comm=Xorg pid=1080 prio=120 target_cpu=002
          chrome-1896  [001] d...    87.604878: sched_wake_idle_without_ipi: cpu=2
          chrome-1896  [001] d...    87.604878: sched_wakeup: comm=Xorg pid=1080 prio=120 target_cpu=002
          chrome-1896  [001] d...    87.604880: sched_stat_runtime: comm=chrome pid=1896 runtime=109788 [ns] vruntime=8460192212 [ns]
          chrome-1896  [001] d...    87.604880: sched_switch: prev_comm=chrome prev_pid=1896 prev_prio=120 prev_state=S ==> next_comm=swapper/1 next_pid=0 next_prio=120
          <idle>-0     [001] d...    87.604900: cpu_idle: state=4 cpu_id=1
          <idle>-0     [001] dN..    87.604955: cpu_idle: state=4294967295 cpu_id=1
          <idle>-0     [001] d...    87.604957: sched_switch: prev_comm=swapper/1 prev_pid=0 prev_prio=120 prev_state=R ==> next_comm=chrome next_pid=1896 next_prio=120
          chrome-1896  [001] d...    87.604982: sched_waking: comm=Xorg pid=1080 prio=120 target_cpu=002
          chrome-1896  [001] d...    87.604984: sched_wake_idle_without_ipi: cpu=2
          chrome-1896  [001] d...    87.604984: sched_wakeup: comm=Xorg pid=1080 prio=120 target_cpu=002
          chrome-1896  [001] d...    87.604985: sched_stat_runtime: comm=chrome pid=1896 runtime=67918 [ns] vruntime=8460260130 [ns]
          chrome-1896  [001] d...    87.604986: sched_switch: prev_comm=chrome prev_pid=1896 prev_prio=120 prev_state=S ==> next_comm=swapper/1 next_pid=0 next_prio=120
          <idle>-0     [001] d...    87.604988: cpu_idle: state=2 cpu_id=1
          <idle>-0     [001] dN..    87.605026: cpu_idle: state=4294967295 cpu_id=1
          <idle>-0     [001] d...    87.605026: sched_switch: prev_comm=swapper/1 prev_pid=0 prev_prio=120 prev_state=R ==> next_comm=chrome next_pid=1896 next_prio=120
          chrome-1896  [001] d...    87.605030: sched_stat_runtime: comm=chrome pid=1896 runtime=5639 [ns] vruntime=8460265769 [ns]
          chrome-1896  [001] d...    87.605031: sched_switch: prev_comm=chrome prev_pid=1896 prev_prio=120 prev_state=S ==> next_comm=swapper/1 next_pid=0 next_prio=120
          <idle>-0     [001] d...    87.605031: cpu_idle: state=2 cpu_id=1
          <idle>-0     [001] dN..    87.605037: cpu_idle: state=4294967295 cpu_id=1
          <idle>-0     [001] d...    87.605037: sched_switch: prev_comm=swapper/1 prev_pid=0 prev_prio=120 prev_state=R ==> next_comm=chrome next_pid=1896 next_prio=120
          chrome-1896  [001] d...    87.605045: sched_waking: comm=Chrome_ChildIOT pid=1903 prio=120 target_cpu=000
          chrome-1896  [001] d...    87.605045: sched_wake_idle_without_ipi: cpu=0
          chrome-1896  [001] d...    87.605045: sched_wakeup: comm=Chrome_ChildIOT pid=1903 prio=120 target_cpu=000
          chrome-1896  [001] d...    87.605115: sched_waking: comm=Xorg pid=1080 prio=120 target_cpu=002
          chrome-1896  [001] d...    87.605116: sched_wake_idle_without_ipi: cpu=2
          chrome-1896  [001] d...    87.605116: sched_wakeup: comm=Xorg pid=1080 prio=120 target_cpu=002
          chrome-1896  [001] d...    87.605118: sched_stat_runtime: comm=chrome pid=1896 runtime=81927 [ns] vruntime=8460347696 [ns]
          chrome-1896  [001] d...    87.605119: sutil_marker: Schedutil: update-single-return: 191: 122
          chrome-1896  [001] d...    87.605119: sched_switch: prev_comm=chrome prev_pid=1896 prev_prio=120 prev_state=S ==> next_comm=swapper/1 next_pid=0 next_prio=120
          <idle>-0     [001] d...    87.605137: cpu_idle: state=2 cpu_id=1
          <idle>-0     [001] dN..    87.605211: cpu_idle: state=4294967295 cpu_id=1
          <idle>-0     [001] d...    87.605211: sched_switch: prev_comm=swapper/1 prev_pid=0 prev_prio=120 prev_state=R ==> next_comm=chrome next_pid=1896 next_prio=120
          chrome-1896  [001] d...    87.605218: sched_waking: comm=Chrome_ChildIOT pid=1903 prio=120 target_cpu=000
          chrome-1896  [001] d...    87.605219: sched_wake_idle_without_ipi: cpu=0
          chrome-1896  [001] d...    87.605219: sched_wakeup: comm=Chrome_ChildIOT pid=1903 prio=120 target_cpu=000
          chrome-1896  [001] d...    87.605248: sched_stat_runtime: comm=chrome pid=1896 runtime=38278 [ns] vruntime=8460385974 [ns]
          chrome-1896  [001] d...    87.605249: sched_switch: prev_comm=chrome prev_pid=1896 prev_prio=120 prev_state=S ==> next_comm=swapper/1 next_pid=0 next_prio=120
          <idle>-0     [001] d...    87.605250: cpu_idle: state=2 cpu_id=1
          <idle>-0     [001] d...    87.605853: cpu_idle: state=4294967295 cpu_id=1
          <idle>-0     [001] d...    87.605855: cpu_idle: state=2 cpu_id=1
          <idle>-0     [001] d...    87.606299: cpu_idle: state=4294967295 cpu_id=1
          <idle>-0     [001] d.h.    87.606303: sched_waking: comm=chrome pid=1896 prio=120 target_cpu=001
          <idle>-0     [001] d.h.    87.606307: sutil_marker: Schedutil: update-single-return: 122: 120
          <idle>-0     [001] dNh.    87.606309: sched_wakeup: comm=chrome pid=1896 prio=120 target_cpu=001
          <idle>-0     [001] d...    87.606314: sched_switch: prev_comm=swapper/1 prev_pid=0 prev_prio=120 prev_state=R ==> next_comm=chrome next_pid=1896 next_prio=120
          chrome-1896  [001] d...    87.606419: sched_stat_runtime: comm=chrome pid=1896 runtime=114771 [ns] vruntime=8460500745 [ns]
          chrome-1896  [001] d...    87.606420: sched_switch: prev_comm=chrome prev_pid=1896 prev_prio=120 prev_state=S ==> next_comm=swapper/1 next_pid=0 next_prio=120
          <idle>-0     [001] d...    87.606422: cpu_idle: state=2 cpu_id=1
          <idle>-0     [001] d...    87.608612: cpu_idle: state=4294967295 cpu_id=1
          <idle>-0     [001] d...    87.608694: cpu_idle: state=6 cpu_id=1
          <idle>-0     [001] d...    87.609362: cpu_idle: state=4294967295 cpu_id=1
          <idle>-0     [001] d...    87.609420: cpu_idle: state=4 cpu_id=1
          <idle>-0     [001] d...    87.611618: cpu_idle: state=4294967295 cpu_id=1
          <idle>-0     [001] d.s.    87.611650: sutil_marker: Schedutil: get_next_freq: 4000000: 1024
          <idle>-0     [001] d.s.    87.611650: sutil_marker: Schedutil: update-single-util: 120: 109
          <idle>-0     [001] d.s.    87.611651: sutil_marker: Schedutil: update-single-boost: 120: 109
          <idle>-0     [001] d.s.    87.611651: sutil_marker: Schedutil: update-single-freq: 4000000: 800000
          <idle>-0     [001] d.s.    87.611652: cpu_frequency: state=800000 cpu_id=1
          <idle>-0     [001] d...    87.611658: cpu_idle: state=6 cpu_id=1
          <idle>-0     [001] dN..    87.612678: cpu_idle: state=4294967295 cpu_id=1
          <idle>-0     [001] d...    87.612680: sched_switch: prev_comm=swapper/1 prev_pid=0 prev_prio=120 prev_state=R ==> next_comm=chrome next_pid=1896 next_prio=120
          chrome-1896  [001] d...    87.612720: sched_stat_runtime: comm=chrome pid=1896 runtime=77224 [ns] vruntime=8460577969 [ns]
          chrome-1896  [001] d...    87.612722: sched_switch: prev_comm=chrome prev_pid=1896 prev_prio=120 prev_state=S ==> next_comm=swapper/1 next_pid=0 next_prio=120
          <idle>-0     [001] d...    87.612724: cpu_idle: state=6 cpu_id=1
          <idle>-0     [001] d...    87.621082: cpu_idle: state=4294967295 cpu_id=1
          <idle>-0     [001] d...    87.621100: cpu_idle: state=6 cpu_id=1
          <idle>-0     [001] dN..    87.623318: cpu_idle: state=4294967295 cpu_id=1
          <idle>-0     [001] d...    87.623325: sched_switch: prev_comm=swapper/1 prev_pid=0 prev_prio=120 prev_state=R ==> next_comm=pulseaudio next_pid=1481 next_prio=109
      pulseaudio-1481  [001] d...    87.623371: sched_waking: comm=threaded-ml pid=1603 prio=120 target_cpu=003
      pulseaudio-1481  [001] d...    87.623375: sched_wake_idle_without_ipi: cpu=3
      pulseaudio-1481  [001] d...    87.623375: sched_wakeup: comm=threaded-ml pid=1603 prio=120 target_cpu=003
      pulseaudio-1481  [001] d...    87.623392: sched_stat_runtime: comm=pulseaudio pid=1481 runtime=71244 [ns] vruntime=6360106 [ns]
      pulseaudio-1481  [001] d...    87.623401: sched_switch: prev_comm=pulseaudio prev_pid=1481 prev_prio=109 prev_state=S ==> next_comm=swapper/1 next_pid=0 next_prio=120
          <idle>-0     [001] d...    87.623406: cpu_idle: state=6 cpu_id=1
          <idle>-0     [001] d...    87.623453: cpu_idle: state=4294967295 cpu_id=1
          <idle>-0     [001] d...    87.623454: cpu_idle: state=6 cpu_id=1
          <idle>-0     [001] d...    87.623501: cpu_idle: state=4294967295 cpu_id=1
          <idle>-0     [001] d...    87.623502: cpu_idle: state=6 cpu_id=1
          <idle>-0     [001] dN..    87.624337: cpu_idle: state=4294967295 cpu_id=1
          <idle>-0     [001] d...    87.624343: sched_switch: prev_comm=swapper/1 prev_pid=0 prev_prio=120 prev_state=R ==> next_comm=SimpleCacheWork next_pid=2370 next_prio=120
           <...>-2370  [001] d...    87.624351: sched_stat_runtime: comm=SimpleCacheWork pid=2370 runtime=11755 [ns] vruntime=8448724389 [ns]
           <...>-2370  [001] d...    87.624354: sched_switch: prev_comm=SimpleCacheWork prev_pid=2370 prev_prio=120 prev_state=S ==> next_comm=swapper/1 next_pid=0 next_prio=120
          <idle>-0     [001] d...    87.624358: cpu_idle: state=6 cpu_id=1
          <idle>-0     [001] dN..    87.625029: cpu_idle: state=4294967295 cpu_id=1
          <idle>-0     [001] d...    87.625033: sched_switch: prev_comm=swapper/1 prev_pid=0 prev_prio=120 prev_state=R ==> next_comm=SimpleCacheWork next_pid=2370 next_prio=120
           <...>-2370  [001] d...    87.625038: sched_stat_runtime: comm=SimpleCacheWork pid=2370 runtime=12437 [ns] vruntime=8448736826 [ns]
           <...>-2370  [001] d...    87.625040: sutil_marker: Schedutil: get_next_freq: 800000: 1024
           <...>-2370  [001] d...    87.625041: sutil_marker: Schedutil: update-single-util: 109: 88
           <...>-2370  [001] d...    87.625042: sutil_marker: Schedutil: update-single-boost: 109: 88
           <...>-2370  [001] d...    87.625042: sutil_marker: Schedutil: update-single-freq: 800000: 800000
           <...>-2370  [001] d...    87.625044: sched_switch: prev_comm=SimpleCacheWork prev_pid=2370 prev_prio=120 prev_state=S ==> next_comm=swapper/1 next_pid=0 next_prio=120
          <idle>-0     [001] d...    87.625049: cpu_idle: state=6 cpu_id=1
          <idle>-0     [001] dN..    87.625588: cpu_idle: state=4294967295 cpu_id=1
          <idle>-0     [001] d...    87.625592: sched_switch: prev_comm=swapper/1 prev_pid=0 prev_prio=120 prev_state=R ==> next_comm=SimpleCacheWork next_pid=2370 next_prio=120
           <...>-2370  [001] d...    87.625597: sched_stat_runtime: comm=SimpleCacheWork pid=2370 runtime=12206 [ns] vruntime=8448749032 [ns]
           <...>-2370  [001] d...    87.625600: sched_switch: prev_comm=SimpleCacheWork prev_pid=2370 prev_prio=120 prev_state=S ==> next_comm=swapper/1 next_pid=0 next_prio=120
          <idle>-0     [001] d...    87.625605: cpu_idle: state=6 cpu_id=1
          <idle>-0     [001] dN..    87.629835: cpu_idle: state=4294967295 cpu_id=1
          <idle>-0     [001] d...    87.629844: sched_switch: prev_comm=swapper/1 prev_pid=0 prev_prio=120 prev_state=R ==> next_comm=CompositorTileW next_pid=1862 next_prio=120
 CompositorTileW-1862  [001] d...    87.629879: sched_stat_runtime: comm=CompositorTileW pid=1862 runtime=39671 [ns] vruntime=8450027279 [ns]
 CompositorTileW-1862  [001] d...    87.629882: sched_switch: prev_comm=CompositorTileW prev_pid=1862 prev_prio=120 prev_state=S ==> next_comm=swapper/1 next_pid=0 next_prio=120
          <idle>-0     [001] d...    87.629889: cpu_idle: state=6 cpu_id=1
          <idle>-0     [001] dN..    87.630866: cpu_idle: state=4294967295 cpu_id=1
          <idle>-0     [001] d...    87.630875: sched_switch: prev_comm=swapper/1 prev_pid=0 prev_prio=120 prev_state=R ==> next_comm=pulseaudio next_pid=1481 next_prio=109
      pulseaudio-1481  [001] d...    87.630927: sched_waking: comm=alsa-sink-USB A pid=2139 prio=94 target_cpu=006
      pulseaudio-1481  [001] d...    87.630931: sched_wakeup: comm=alsa-sink-USB A pid=2139 prio=94 target_cpu=006
      pulseaudio-1481  [001] d...    87.630949: sched_stat_runtime: comm=pulseaudio pid=1481 runtime=115024 [ns] vruntime=6369990 [ns]
      pulseaudio-1481  [001] d...    87.630962: sched_switch: prev_comm=pulseaudio prev_pid=1481 prev_prio=109 prev_state=S ==> next_comm=swapper/1 next_pid=0 next_prio=120
          <idle>-0     [001] d...    87.630969: cpu_idle: state=6 cpu_id=1
          <idle>-0     [001] dN..    87.632484: cpu_idle: state=4294967295 cpu_id=1
          <idle>-0     [001] d...    87.632493: sched_switch: prev_comm=swapper/1 prev_pid=0 prev_prio=120 prev_state=R ==> next_comm=pulseaudio next_pid=1481 next_prio=109
      pulseaudio-1481  [001] d...    87.632530: sched_waking: comm=alsa-sink-USB A pid=2139 prio=94 target_cpu=006
      pulseaudio-1481  [001] d...    87.632532: sched_wake_idle_without_ipi: cpu=6
      pulseaudio-1481  [001] d...    87.632533: sched_wakeup: comm=alsa-sink-USB A pid=2139 prio=94 target_cpu=006
      pulseaudio-1481  [001] d...    87.632552: sched_stat_runtime: comm=pulseaudio pid=1481 runtime=63622 [ns] vruntime=6375457 [ns]
      pulseaudio-1481  [001] d...    87.632555: sched_switch: prev_comm=pulseaudio prev_pid=1481 prev_prio=109 prev_state=S ==> next_comm=swapper/1 next_pid=0 next_prio=120
          <idle>-0     [001] d...    87.632562: cpu_idle: state=6 cpu_id=1
          <idle>-0     [001] dN..    87.638003: cpu_idle: state=4294967295 cpu_id=1
          <idle>-0     [001] d...    87.638014: sched_switch: prev_comm=swapper/1 prev_pid=0 prev_prio=120 prev_state=R ==> next_comm=BrowserBlocking next_pid=1894 next_prio=120
 BrowserBlocking-1894  [001] d...    87.638032: sched_waking: comm=BrowserBlocking pid=1898 prio=120 target_cpu=000
 BrowserBlocking-1894  [001] d...    87.638038: sched_wake_idle_without_ipi: cpu=0
 BrowserBlocking-1894  [001] d...    87.638038: sched_wakeup: comm=BrowserBlocking pid=1898 prio=120 target_cpu=000
 BrowserBlocking-1894  [001] d...    87.638187: sched_waking: comm=Chrome_IOThread pid=1860 prio=120 target_cpu=007
 BrowserBlocking-1894  [001] d...    87.638190: sched_wake_idle_without_ipi: cpu=7
 BrowserBlocking-1894  [001] d...    87.638191: sched_wakeup: comm=Chrome_IOThread pid=1860 prio=120 target_cpu=007
 BrowserBlocking-1894  [001] d...    87.638204: sched_stat_runtime: comm=BrowserBlocking pid=1894 runtime=195514 [ns] vruntime=8448773483 [ns]
 BrowserBlocking-1894  [001] d...    87.638208: sched_switch: prev_comm=BrowserBlocking prev_pid=1894 prev_prio=120 prev_state=S ==> next_comm=swapper/1 next_pid=0 next_prio=120
          <idle>-0     [001] d...    87.638214: cpu_idle: state=4 cpu_id=1
          <idle>-0     [001] d...    87.639511: cpu_idle: state=4294967295 cpu_id=1
          <idle>-0     [001] d.s.    87.639523: sutil_marker: Schedutil: get_next_freq: 800000: 1024
          <idle>-0     [001] d.s.    87.639524: sutil_marker: Schedutil: update-single-util: 88: 87
          <idle>-0     [001] d.s.    87.639525: sutil_marker: Schedutil: update-single-boost: 88: 87
          <idle>-0     [001] d.s.    87.639526: sutil_marker: Schedutil: update-single-freq: 800000: 800000
          <idle>-0     [001] d...    87.639546: cpu_idle: state=6 cpu_id=1
          <idle>-0     [001] dN..    87.639553: cpu_idle: state=4294967295 cpu_id=1
          <idle>-0     [001] d...    87.639557: sched_switch: prev_comm=swapper/1 prev_pid=0 prev_prio=120 prev_state=R ==> next_comm=Chrome_IOThread next_pid=1860 next_prio=120
 Chrome_IOThread-1860  [001] d...    87.639663: sched_waking: comm=SimpleCacheWork pid=2466 prio=120 target_cpu=003
 Chrome_IOThread-1860  [001] d...    87.639667: sched_wake_idle_without_ipi: cpu=3
 Chrome_IOThread-1860  [001] d...    87.639668: sched_wakeup: comm=SimpleCacheWork pid=2466 prio=120 target_cpu=003
 Chrome_IOThread-1860  [001] d...    87.639683: sched_stat_runtime: comm=Chrome_IOThread pid=1860 runtime=135552 [ns] vruntime=8460713521 [ns]
 Chrome_IOThread-1860  [001] d...    87.639685: sched_switch: prev_comm=Chrome_IOThread prev_pid=1860 prev_prio=120 prev_state=S ==> next_comm=swapper/1 next_pid=0 next_prio=120
          <idle>-0     [001] d...    87.639689: cpu_idle: state=6 cpu_id=1
          <idle>-0     [001] dN..    87.639765: cpu_idle: state=4294967295 cpu_id=1
          <idle>-0     [001] d...    87.639772: sched_switch: prev_comm=swapper/1 prev_pid=0 prev_prio=120 prev_state=R ==> next_comm=SimpleCacheWork next_pid=2370 next_prio=120
           <...>-2370  [001] d...    87.639784: sched_stat_runtime: comm=SimpleCacheWork pid=2370 runtime=55270 [ns] vruntime=8448804302 [ns]
           <...>-2370  [001] d...    87.639788: sched_switch: prev_comm=SimpleCacheWork prev_pid=2370 prev_prio=120 prev_state=S ==> next_comm=swapper/1 next_pid=0 next_prio=120
          <idle>-0     [001] d...    87.639793: cpu_idle: state=6 cpu_id=1
          <idle>-0     [001] dN..    87.640279: cpu_idle: state=4294967295 cpu_id=1
          <idle>-0     [001] d...    87.640285: sched_switch: prev_comm=swapper/1 prev_pid=0 prev_prio=120 prev_state=R ==> next_comm=Chrome_IOThread next_pid=1860 next_prio=120
 Chrome_IOThread-1860  [001] d...    87.640554: sched_waking: comm=Chrome_ChildIOT pid=3068 prio=120 target_cpu=004
 Chrome_IOThread-1860  [001] d...    87.640560: sched_wake_idle_without_ipi: cpu=4
 Chrome_IOThread-1860  [001] d...    87.640561: sched_wakeup: comm=Chrome_ChildIOT pid=3068 prio=120 target_cpu=004
 Chrome_IOThread-1860  [001] d...    87.640625: sched_stat_runtime: comm=Chrome_IOThread pid=1860 runtime=350830 [ns] vruntime=8461064351 [ns]
 Chrome_IOThread-1860  [001] d...    87.640628: sched_switch: prev_comm=Chrome_IOThread prev_pid=1860 prev_prio=120 prev_state=S ==> next_comm=swapper/1 next_pid=0 next_prio=120
          <idle>-0     [001] d...    87.640633: cpu_idle: state=6 cpu_id=1
          <idle>-0     [001] dN..    87.641065: cpu_idle: state=4294967295 cpu_id=1
          <idle>-0     [001] d...    87.641072: sched_switch: prev_comm=swapper/1 prev_pid=0 prev_prio=120 prev_state=R ==> next_comm=Chrome_IOThread next_pid=1860 next_prio=120
 Chrome_IOThread-1860  [001] d...    87.641215: sched_stat_runtime: comm=Chrome_IOThread pid=1860 runtime=187453 [ns] vruntime=8461251804 [ns]
 Chrome_IOThread-1860  [001] d...    87.641220: sched_switch: prev_comm=Chrome_IOThread prev_pid=1860 prev_prio=120 prev_state=S ==> next_comm=swapper/1 next_pid=0 next_prio=120
          <idle>-0     [001] d...    87.641226: cpu_idle: state=4 cpu_id=1
          <idle>-0     [001] dN..    87.642148: cpu_idle: state=4294967295 cpu_id=1
          <idle>-0     [001] d...    87.642156: sched_switch: prev_comm=swapper/1 prev_pid=0 prev_prio=120 prev_state=R ==> next_comm=Chrome_IOThread next_pid=1860 next_prio=120
 Chrome_IOThread-1860  [001] d...    87.642342: sched_waking: comm=chrome pid=1524 prio=120 target_cpu=000
 Chrome_IOThread-1860  [001] d...    87.642350: sched_wake_idle_without_ipi: cpu=0
 Chrome_IOThread-1860  [001] d...    87.642351: sched_wakeup: comm=chrome pid=1524 prio=120 target_cpu=000
 Chrome_IOThread-1860  [001] d...    87.642856: sched_waking: comm=SimpleCacheWork pid=2424 prio=120 target_cpu=005
 Chrome_IOThread-1860  [001] d...    87.642860: sched_wake_idle_without_ipi: cpu=5
 Chrome_IOThread-1860  [001] d...    87.642861: sched_wakeup: comm=SimpleCacheWork pid=2424 prio=120 target_cpu=005
 Chrome_IOThread-1860  [001] d...    87.642878: sched_stat_runtime: comm=Chrome_IOThread pid=1860 runtime=759008 [ns] vruntime=8462010812 [ns]
 Chrome_IOThread-1860  [001] d...    87.642882: sutil_marker: Schedutil: get_next_freq: 800000: 1024
 Chrome_IOThread-1860  [001] d...    87.642884: sutil_marker: Schedutil: update-single-util: 87: 231
 Chrome_IOThread-1860  [001] d...    87.642884: sutil_marker: Schedutil: update-single-boost: 87: 231
 Chrome_IOThread-1860  [001] d...    87.642885: sutil_marker: Schedutil: update-single-freq: 800000: 800000
 Chrome_IOThread-1860  [001] d...    87.642888: sched_switch: prev_comm=Chrome_IOThread prev_pid=1860 prev_prio=120 prev_state=S ==> next_comm=swapper/1 next_pid=0 next_prio=120
          <idle>-0     [001] d...    87.642895: cpu_idle: state=4 cpu_id=1
          <idle>-0     [001] dN..    87.643101: cpu_idle: state=4294967295 cpu_id=1
          <idle>-0     [001] d...    87.643105: sched_switch: prev_comm=swapper/1 prev_pid=0 prev_prio=120 prev_state=R ==> next_comm=Chrome_IOThread next_pid=1860 next_prio=120
 Chrome_IOThread-1860  [001] d...    87.643263: sched_waking: comm=SimpleCacheWork pid=2425 prio=120 target_cpu=005
 Chrome_IOThread-1860  [001] d...    87.643265: sched_wake_idle_without_ipi: cpu=5
 Chrome_IOThread-1860  [001] d...    87.643266: sched_wakeup: comm=SimpleCacheWork pid=2425 prio=120 target_cpu=005
 Chrome_IOThread-1860  [001] d...    87.643279: sched_stat_runtime: comm=Chrome_IOThread pid=1860 runtime=182715 [ns] vruntime=8462193527 [ns]
 Chrome_IOThread-1860  [001] d...    87.643281: sched_switch: prev_comm=Chrome_IOThread prev_pid=1860 prev_prio=120 prev_state=S ==> next_comm=swapper/1 next_pid=0 next_prio=120
          <idle>-0     [001] d...    87.643285: cpu_idle: state=2 cpu_id=1
          <idle>-0     [001] dN..    87.643305: cpu_idle: state=4294967295 cpu_id=1
          <idle>-0     [001] d...    87.643307: sched_switch: prev_comm=swapper/1 prev_pid=0 prev_prio=120 prev_state=R ==> next_comm=Chrome_IOThread next_pid=1860 next_prio=120
 Chrome_IOThread-1860  [001] d...    87.643459: sched_waking: comm=chrome pid=1524 prio=120 target_cpu=000
 Chrome_IOThread-1860  [001] d...    87.643463: sched_wake_idle_without_ipi: cpu=0
 Chrome_IOThread-1860  [001] d...    87.643464: sched_wakeup: comm=chrome pid=1524 prio=120 target_cpu=000
 Chrome_IOThread-1860  [001] d.h.    87.643513: sched_stat_runtime: comm=Chrome_IOThread pid=1860 runtime=209991 [ns] vruntime=8462403518 [ns]
 Chrome_IOThread-1860  [001] d...    87.643570: sched_waking: comm=Chrome_ChildIOT pid=3068 prio=120 target_cpu=004
 Chrome_IOThread-1860  [001] d...    87.643573: sched_wake_idle_without_ipi: cpu=4
 Chrome_IOThread-1860  [001] d...    87.643574: sched_wakeup: comm=Chrome_ChildIOT pid=3068 prio=120 target_cpu=004
 Chrome_IOThread-1860  [001] d...    87.643694: sched_waking: comm=SimpleCacheWork pid=2466 prio=120 target_cpu=005
 Chrome_IOThread-1860  [001] d...    87.643697: sched_wake_idle_without_ipi: cpu=5
 Chrome_IOThread-1860  [001] d...    87.643698: sched_wakeup: comm=SimpleCacheWork pid=2466 prio=120 target_cpu=005
 Chrome_IOThread-1860  [001] d...    87.643733: sched_stat_runtime: comm=Chrome_IOThread pid=1860 runtime=220242 [ns] vruntime=8462623760 [ns]
 Chrome_IOThread-1860  [001] d...    87.643736: sched_switch: prev_comm=Chrome_IOThread prev_pid=1860 prev_prio=120 prev_state=S ==> next_comm=swapper/1 next_pid=0 next_prio=120
          <idle>-0     [001] d...    87.643742: cpu_idle: state=6 cpu_id=1
          <idle>-0     [001] dN..    87.644332: cpu_idle: state=4294967295 cpu_id=1
          <idle>-0     [001] d...    87.644336: sched_switch: prev_comm=swapper/1 prev_pid=0 prev_prio=120 prev_state=R ==> next_comm=Chrome_IOThread next_pid=1860 next_prio=120
 Chrome_IOThread-1860  [001] d...    87.644624: sched_waking: comm=Chrome_ChildIOT pid=3068 prio=120 target_cpu=004
 Chrome_IOThread-1860  [001] d...    87.644628: sched_wake_idle_without_ipi: cpu=4
 Chrome_IOThread-1860  [001] d...    87.644629: sched_wakeup: comm=Chrome_ChildIOT pid=3068 prio=120 target_cpu=004
 Chrome_IOThread-1860  [001] d...    87.644671: sched_waking: comm=SimpleCacheWork pid=2424 prio=120 target_cpu=005
 Chrome_IOThread-1860  [001] d...    87.644673: sched_wake_idle_without_ipi: cpu=5
 Chrome_IOThread-1860  [001] d...    87.644674: sched_wakeup: comm=SimpleCacheWork pid=2424 prio=120 target_cpu=005
 Chrome_IOThread-1860  [001] d...    87.644691: sched_stat_runtime: comm=Chrome_IOThread pid=1860 runtime=364046 [ns] vruntime=8462987806 [ns]
 Chrome_IOThread-1860  [001] d...    87.644694: sched_switch: prev_comm=Chrome_IOThread prev_pid=1860 prev_prio=120 prev_state=S ==> next_comm=swapper/1 next_pid=0 next_prio=120
          <idle>-0     [001] d...    87.644699: cpu_idle: state=6 cpu_id=1
          <idle>-0     [001] dN..    87.644919: cpu_idle: state=4294967295 cpu_id=1
          <idle>-0     [001] d...    87.644923: sched_switch: prev_comm=swapper/1 prev_pid=0 prev_prio=120 prev_state=R ==> next_comm=Chrome_IOThread next_pid=1860 next_prio=120
 Chrome_IOThread-1860  [001] d...    87.645176: sched_waking: comm=Chrome_ChildIOT pid=3068 prio=120 target_cpu=004
 Chrome_IOThread-1860  [001] d...    87.645179: sched_wake_idle_without_ipi: cpu=4
 Chrome_IOThread-1860  [001] d...    87.645180: sched_wakeup: comm=Chrome_ChildIOT pid=3068 prio=120 target_cpu=004
 Chrome_IOThread-1860  [001] d...    87.645199: sched_waking: comm=SimpleCacheWork pid=2370 prio=120 target_cpu=007
 Chrome_IOThread-1860  [001] d...    87.645201: sched_wake_idle_without_ipi: cpu=7
 Chrome_IOThread-1860  [001] d...    87.645201: sched_wakeup: comm=SimpleCacheWork pid=2370 prio=120 target_cpu=007
 Chrome_IOThread-1860  [001] d...    87.645213: sched_stat_runtime: comm=Chrome_IOThread pid=1860 runtime=299270 [ns] vruntime=8463287076 [ns]
 Chrome_IOThread-1860  [001] d...    87.645216: sutil_marker: Schedutil: get_next_freq: 800000: 1024
 Chrome_IOThread-1860  [001] d...    87.645217: sutil_marker: Schedutil: update-single-util: 231: 250
 Chrome_IOThread-1860  [001] d...    87.645218: sutil_marker: Schedutil: update-single-boost: 231: 250
 Chrome_IOThread-1860  [001] d...    87.645218: sutil_marker: Schedutil: update-single-freq: 800000: 800000
 Chrome_IOThread-1860  [001] d...    87.645220: sched_switch: prev_comm=Chrome_IOThread prev_pid=1860 prev_prio=120 prev_state=S ==> next_comm=swapper/1 next_pid=0 next_prio=120
          <idle>-0     [001] d...    87.645223: cpu_idle: state=4 cpu_id=1
          <idle>-0     [001] dN..    87.645301: cpu_idle: state=4294967295 cpu_id=1
          <idle>-0     [001] d...    87.645308: sched_switch: prev_comm=swapper/1 prev_pid=0 prev_prio=120 prev_state=R ==> next_comm=SimpleCacheWork next_pid=1906 next_prio=120
           <...>-1906  [001] d...    87.645320: sched_stat_runtime: comm=SimpleCacheWork pid=1906 runtime=55578 [ns] vruntime=8451362773 [ns]
           <...>-1906  [001] d...    87.645323: sched_switch: prev_comm=SimpleCacheWork prev_pid=1906 prev_prio=120 prev_state=S ==> next_comm=swapper/1 next_pid=0 next_prio=120
          <idle>-0     [001] d...    87.645328: cpu_idle: state=4 cpu_id=1
          <idle>-0     [001] dN..    87.645497: cpu_idle: state=4294967295 cpu_id=1
          <idle>-0     [001] d...    87.645505: sched_switch: prev_comm=swapper/1 prev_pid=0 prev_prio=120 prev_state=R ==> next_comm=Chrome_IOThread next_pid=1860 next_prio=120
 Chrome_IOThread-1860  [001] d...    87.645789: sched_waking: comm=Chrome_ChildIOT pid=3068 prio=120 target_cpu=004
 Chrome_IOThread-1860  [001] d...    87.645795: sched_wake_idle_without_ipi: cpu=4
 Chrome_IOThread-1860  [001] d...    87.645796: sched_wakeup: comm=Chrome_ChildIOT pid=3068 prio=120 target_cpu=004
 Chrome_IOThread-1860  [001] d...    87.645823: sched_waking: comm=SimpleCacheWork pid=2466 prio=120 target_cpu=005
 Chrome_IOThread-1860  [001] d...    87.645826: sched_wake_idle_without_ipi: cpu=5
 Chrome_IOThread-1860  [001] d...    87.645827: sched_wakeup: comm=SimpleCacheWork pid=2466 prio=120 target_cpu=005
 Chrome_IOThread-1860  [001] d...    87.645849: sched_stat_runtime: comm=Chrome_IOThread pid=1860 runtime=377963 [ns] vruntime=8463665039 [ns]
 Chrome_IOThread-1860  [001] d...    87.645854: sched_switch: prev_comm=Chrome_IOThread prev_pid=1860 prev_prio=120 prev_state=S ==> next_comm=swapper/1 next_pid=0 next_prio=120
          <idle>-0     [001] d...    87.645861: cpu_idle: state=4 cpu_id=1
          <idle>-0     [001] dN..    87.646058: cpu_idle: state=4294967295 cpu_id=1
          <idle>-0     [001] d...    87.646062: sched_switch: prev_comm=swapper/1 prev_pid=0 prev_prio=120 prev_state=R ==> next_comm=Chrome_IOThread next_pid=1860 next_prio=120
 Chrome_IOThread-1860  [001] d...    87.646283: sched_waking: comm=Chrome_ChildIOT pid=3068 prio=120 target_cpu=004
 Chrome_IOThread-1860  [001] d...    87.646286: sched_wake_idle_without_ipi: cpu=4
 Chrome_IOThread-1860  [001] d...    87.646287: sched_wakeup: comm=Chrome_ChildIOT pid=3068 prio=120 target_cpu=004
 Chrome_IOThread-1860  [001] d...    87.646302: sched_waking: comm=SimpleCacheWork pid=2424 prio=120 target_cpu=005
 Chrome_IOThread-1860  [001] d...    87.646303: sched_wake_idle_without_ipi: cpu=5
 Chrome_IOThread-1860  [001] d...    87.646304: sched_wakeup: comm=SimpleCacheWork pid=2424 prio=120 target_cpu=005
 Chrome_IOThread-1860  [001] d...    87.646316: sched_stat_runtime: comm=Chrome_IOThread pid=1860 runtime=262109 [ns] vruntime=8463927148 [ns]
 Chrome_IOThread-1860  [001] d...    87.646318: sched_switch: prev_comm=Chrome_IOThread prev_pid=1860 prev_prio=120 prev_state=S ==> next_comm=swapper/1 next_pid=0 next_prio=120
          <idle>-0     [001] d...    87.646321: cpu_idle: state=4 cpu_id=1
          <idle>-0     [001] dN..    87.646328: cpu_idle: state=4294967295 cpu_id=1
          <idle>-0     [001] d...    87.646331: sched_switch: prev_comm=swapper/1 prev_pid=0 prev_prio=120 prev_state=R ==> next_comm=SimpleCacheWork next_pid=1906 next_prio=120
           <...>-1906  [001] d...    87.646337: sched_stat_runtime: comm=SimpleCacheWork pid=1906 runtime=13771 [ns] vruntime=8451940919 [ns]
           <...>-1906  [001] d...    87.646338: sched_switch: prev_comm=SimpleCacheWork prev_pid=1906 prev_prio=120 prev_state=S ==> next_comm=swapper/1 next_pid=0 next_prio=120
          <idle>-0     [001] d...    87.646341: cpu_idle: state=3 cpu_id=1
          <idle>-0     [001] dN..    87.646474: cpu_idle: state=4294967295 cpu_id=1
          <idle>-0     [001] d...    87.646477: sched_switch: prev_comm=swapper/1 prev_pid=0 prev_prio=120 prev_state=R ==> next_comm=Chrome_IOThread next_pid=1860 next_prio=120
 Chrome_IOThread-1860  [001] d...    87.646665: sched_waking: comm=Chrome_ChildIOT pid=3068 prio=120 target_cpu=004
 Chrome_IOThread-1860  [001] d...    87.646667: sched_wake_idle_without_ipi: cpu=4
 Chrome_IOThread-1860  [001] d...    87.646668: sched_wakeup: comm=Chrome_ChildIOT pid=3068 prio=120 target_cpu=004
 Chrome_IOThread-1860  [001] d...    87.646681: sched_waking: comm=SimpleCacheWork pid=2370 prio=120 target_cpu=007
 Chrome_IOThread-1860  [001] d...    87.646683: sched_wake_idle_without_ipi: cpu=7
 Chrome_IOThread-1860  [001] d...    87.646683: sched_wakeup: comm=SimpleCacheWork pid=2370 prio=120 target_cpu=007
 Chrome_IOThread-1860  [001] d...    87.646692: sched_stat_runtime: comm=Chrome_IOThread pid=1860 runtime=220414 [ns] vruntime=8464147562 [ns]
 Chrome_IOThread-1860  [001] d...    87.646693: sched_switch: prev_comm=Chrome_IOThread prev_pid=1860 prev_prio=120 prev_state=S ==> next_comm=swapper/1 next_pid=0 next_prio=120
          <idle>-0     [001] d...    87.646696: cpu_idle: state=4 cpu_id=1
          <idle>-0     [001] dN..    87.646762: cpu_idle: state=4294967295 cpu_id=1
          <idle>-0     [001] d...    87.646768: sched_switch: prev_comm=swapper/1 prev_pid=0 prev_prio=120 prev_state=R ==> next_comm=SimpleCacheWork next_pid=2425 next_prio=120
 SimpleCacheWork-2425  [001] d...    87.646777: sched_stat_runtime: comm=SimpleCacheWork pid=2425 runtime=44714 [ns] vruntime=8453391625 [ns]
 SimpleCacheWork-2425  [001] d...    87.646780: sched_switch: prev_comm=SimpleCacheWork prev_pid=2425 prev_prio=120 prev_state=S ==> next_comm=swapper/1 next_pid=0 next_prio=120
          <idle>-0     [001] d...    87.646784: cpu_idle: state=4 cpu_id=1
          <idle>-0     [001] dN..    87.646800: cpu_idle: state=4294967295 cpu_id=1
          <idle>-0     [001] d...    87.646803: sched_switch: prev_comm=swapper/1 prev_pid=0 prev_prio=120 prev_state=R ==> next_comm=Chrome_IOThread next_pid=1860 next_prio=120
 Chrome_IOThread-1860  [001] d...    87.646961: sched_waking: comm=SimpleCacheWork pid=2466 prio=120 target_cpu=005
 Chrome_IOThread-1860  [001] d...    87.646965: sched_wake_idle_without_ipi: cpu=5
 Chrome_IOThread-1860  [001] d...    87.646966: sched_wakeup: comm=SimpleCacheWork pid=2466 prio=120 target_cpu=005
 Chrome_IOThread-1860  [001] d...    87.646995: sched_waking: comm=Chrome_ChildIOT pid=3068 prio=120 target_cpu=004
 Chrome_IOThread-1860  [001] d...    87.646997: sched_wake_idle_without_ipi: cpu=4
 Chrome_IOThread-1860  [001] d...    87.646998: sched_wakeup: comm=Chrome_ChildIOT pid=3068 prio=120 target_cpu=004
 Chrome_IOThread-1860  [001] d...    87.647126: sched_waking: comm=chrome pid=1524 prio=120 target_cpu=000
 Chrome_IOThread-1860  [001] d...    87.647129: sched_wake_idle_without_ipi: cpu=0
 Chrome_IOThread-1860  [001] d...    87.647130: sched_wakeup: comm=chrome pid=1524 prio=120 target_cpu=000
 Chrome_IOThread-1860  [001] d...    87.647144: sched_waking: comm=Chrome_ChildIOT pid=3068 prio=120 target_cpu=004
 Chrome_IOThread-1860  [001] d...    87.647146: sched_wake_idle_without_ipi: cpu=4
 Chrome_IOThread-1860  [001] d...    87.647147: sched_wakeup: comm=Chrome_ChildIOT pid=3068 prio=120 target_cpu=004
 Chrome_IOThread-1860  [001] d...    87.647242: sched_waking: comm=SimpleCacheWork pid=2424 prio=120 target_cpu=005
 Chrome_IOThread-1860  [001] d...    87.647245: sched_wake_idle_without_ipi: cpu=5
 Chrome_IOThread-1860  [001] d...    87.647245: sched_wakeup: comm=SimpleCacheWork pid=2424 prio=120 target_cpu=005
 Chrome_IOThread-1860  [001] d...    87.647280: sched_waking: comm=Chrome_CacheThr pid=1859 prio=120 target_cpu=000
 Chrome_IOThread-1860  [001] d...    87.647282: sched_wake_idle_without_ipi: cpu=0
 Chrome_IOThread-1860  [001] d...    87.647283: sched_wakeup: comm=Chrome_CacheThr pid=1859 prio=120 target_cpu=000
 Chrome_IOThread-1860  [001] d...    87.647350: sched_stat_runtime: comm=Chrome_IOThread pid=1860 runtime=559553 [ns] vruntime=8464707115 [ns]
 Chrome_IOThread-1860  [001] d...    87.647353: sutil_marker: Schedutil: get_next_freq: 800000: 1024
 Chrome_IOThread-1860  [001] d...    87.647353: sutil_marker: Schedutil: update-single-util: 250: 291
 Chrome_IOThread-1860  [001] d...    87.647354: sutil_marker: Schedutil: update-single-boost: 250: 291
 Chrome_IOThread-1860  [001] d...    87.647354: sutil_marker: Schedutil: update-single-freq: 800000: 800000
 Chrome_IOThread-1860  [001] d...    87.647356: sched_switch: prev_comm=Chrome_IOThread prev_pid=1860 prev_prio=120 prev_state=S ==> next_comm=swapper/1 next_pid=0 next_prio=120
          <idle>-0     [001] d...    87.647359: cpu_idle: state=2 cpu_id=1
          <idle>-0     [001] d...    87.647509: cpu_idle: state=4294967295 cpu_id=1
          <idle>-0     [001] d...    87.647529: cpu_idle: state=4 cpu_id=1
          <idle>-0     [001] d...    87.651533: cpu_idle: state=4294967295 cpu_id=1
          <idle>-0     [001] d...    87.651546: cpu_idle: state=6 cpu_id=1
          <idle>-0     [001] dN..    87.654876: cpu_idle: state=4294967295 cpu_id=1
          <idle>-0     [001] d...    87.654882: sched_switch: prev_comm=swapper/1 prev_pid=0 prev_prio=120 prev_state=R ==> next_comm=chrome next_pid=1524 next_prio=120
          chrome-1524  [001] d...    87.655042: sched_waking: comm=Xorg pid=1080 prio=120 target_cpu=000
          chrome-1524  [001] d...    87.655047: sched_wake_idle_without_ipi: cpu=0
          chrome-1524  [001] d...    87.655048: sched_wakeup: comm=Xorg pid=1080 prio=120 target_cpu=000
          chrome-1524  [001] d...    87.655054: sched_stat_runtime: comm=chrome pid=1524 runtime=204355 [ns] vruntime=8464911470 [ns]
          chrome-1524  [001] d...    87.655057: sched_switch: prev_comm=chrome prev_pid=1524 prev_prio=120 prev_state=S ==> next_comm=swapper/1 next_pid=0 next_prio=120
          <idle>-0     [001] d...    87.655062: cpu_idle: state=3 cpu_id=1
          <idle>-0     [001] dN..    87.655146: cpu_idle: state=4294967295 cpu_id=1
          <idle>-0     [001] d...    87.655149: sched_switch: prev_comm=swapper/1 prev_pid=0 prev_prio=120 prev_state=R ==> next_comm=chrome next_pid=1524 next_prio=120
          chrome-1524  [001] d...    87.655174: sched_waking: comm=Xorg pid=1080 prio=120 target_cpu=000
          chrome-1524  [001] d...    87.655177: sched_wake_idle_without_ipi: cpu=0
          chrome-1524  [001] d...    87.655178: sched_wakeup: comm=Xorg pid=1080 prio=120 target_cpu=000
          chrome-1524  [001] d...    87.655180: sched_stat_runtime: comm=chrome pid=1524 runtime=50988 [ns] vruntime=8464962458 [ns]
          chrome-1524  [001] d...    87.655181: sched_switch: prev_comm=chrome prev_pid=1524 prev_prio=120 prev_state=S ==> next_comm=swapper/1 next_pid=0 next_prio=120
          <idle>-0     [001] d...    87.655183: cpu_idle: state=3 cpu_id=1
          <idle>-0     [001] dN..    87.655256: cpu_idle: state=4294967295 cpu_id=1
          <idle>-0     [001] d...    87.655259: sched_switch: prev_comm=swapper/1 prev_pid=0 prev_prio=120 prev_state=R ==> next_comm=chrome next_pid=1524 next_prio=120
          chrome-1524  [001] d...    87.655359: sched_stat_runtime: comm=chrome pid=1524 runtime=118854 [ns] vruntime=8465081312 [ns]
          chrome-1524  [001] d...    87.655361: sched_switch: prev_comm=chrome prev_pid=1524 prev_prio=120 prev_state=S ==> next_comm=swapper/1 next_pid=0 next_prio=120
