 CompositorTileW-1862  [001] d...    87.747030: sutil_marker: Schedutil: get_next_freq: 800000: 1024
 CompositorTileW-1862  [001] d...    87.747031: sutil_marker: Schedutil: update-single-util: 18: 65
 CompositorTileW-1862  [001] d...    87.747032: sutil_marker: Schedutil: update-single-boost: 18: 65
 CompositorTileW-1862  [001] d...    87.747032: sutil_marker: Schedutil: update-single-freq: 800000: 800000
 CompositorTileW-1862  [001] d...    87.747034: sched_switch: prev_comm=CompositorTileW prev_pid=1862 prev_prio=120 prev_state=S ==> next_comm=swapper/1 next_pid=0 next_prio=120
          <idle>-0     [001] d...    87.747042: cpu_idle: state=6 cpu_id=1
          <idle>-0     [001] d...    87.747523: cpu_idle: state=4294967295 cpu_id=1
          <idle>-0     [001] d...    87.747541: cpu_idle: state=6 cpu_id=1
          <idle>-0     [001] d...    87.751527: cpu_idle: state=4294967295 cpu_id=1
          <idle>-0     [001] d.s.    87.751547: sutil_marker: Schedutil: get_next_freq: 800000: 1024
          <idle>-0     [001] d.s.    87.751547: sutil_marker: Schedutil: update-single-util: 65: 59
          <idle>-0     [001] d.s.    87.751548: sutil_marker: Schedutil: update-single-boost: 65: 59
          <idle>-0     [001] d.s.    87.751566: sutil_marker: Schedutil: update-single-freq: 800000: 800000
          <idle>-0     [001] d...    87.751574: cpu_idle: state=6 cpu_id=1
          <idle>-0     [001] d...    87.755029: cpu_idle: state=4294967295 cpu_id=1
          <idle>-0     [001] d...    87.755047: cpu_idle: state=6 cpu_id=1
          <idle>-0     [001] d...    87.755526: cpu_idle: state=4294967295 cpu_id=1
          <idle>-0     [001] d.s.    87.755540: sutil_marker: Schedutil: get_next_freq: 800000: 1024
          <idle>-0     [001] d.s.    87.755540: sutil_marker: Schedutil: update-single-util: 59: 54
          <idle>-0     [001] d.s.    87.755541: sutil_marker: Schedutil: update-single-boost: 59: 54
          <idle>-0     [001] d.s.    87.755541: sutil_marker: Schedutil: update-single-freq: 800000: 800000
          <idle>-0     [001] d...    87.755547: cpu_idle: state=6 cpu_id=1
          <idle>-0     [001] d...    87.763526: cpu_idle: state=4294967295 cpu_id=1
          <idle>-0     [001] d.s.    87.763542: sutil_marker: Schedutil: get_next_freq: 800000: 1024
          <idle>-0     [001] d.s.    87.763542: sutil_marker: Schedutil: update-single-util: 54: 46
          <idle>-0     [001] d.s.    87.763543: sutil_marker: Schedutil: update-single-boost: 54: 46
          <idle>-0     [001] d.s.    87.763543: sutil_marker: Schedutil: update-single-freq: 800000: 800000
          <idle>-0     [001] d...    87.763566: cpu_idle: state=6 cpu_id=1
          <idle>-0     [001] d...    87.765261: cpu_idle: state=4294967295 cpu_id=1
          <idle>-0     [001] d...    87.765319: cpu_idle: state=6 cpu_id=1
          <idle>-0     [001] dN..    87.767362: cpu_idle: state=4294967295 cpu_id=1
          <idle>-0     [001] d...    87.767366: sched_switch: prev_comm=swapper/1 prev_pid=0 prev_prio=120 prev_state=R ==> next_comm=CompositorTileW next_pid=1862 next_prio=120
 CompositorTileW-1862  [001] d.h.    87.767518: sched_stat_runtime: comm=CompositorTileW pid=1862 runtime=154767 [ns] vruntime=8457505772 [ns]
 CompositorTileW-1862  [001] d...    87.767719: sched_waking: comm=Chrome_IOThread pid=1860 prio=120 target_cpu=007
 CompositorTileW-1862  [001] d...    87.767720: sched_wake_idle_without_ipi: cpu=7
 CompositorTileW-1862  [001] d...    87.767720: sched_wakeup: comm=Chrome_IOThread pid=1860 prio=120 target_cpu=007
 CompositorTileW-1862  [001] d...    87.768025: sched_waking: comm=Chrome_IOThread pid=1860 prio=120 target_cpu=007
 CompositorTileW-1862  [001] d...    87.768026: sched_wake_idle_without_ipi: cpu=7
 CompositorTileW-1862  [001] d...    87.768026: sched_wakeup: comm=Chrome_IOThread pid=1860 prio=120 target_cpu=007
 CompositorTileW-1862  [001] d...    87.768319: sched_waking: comm=chrome pid=1524 prio=120 target_cpu=000
 CompositorTileW-1862  [001] d...    87.768320: sched_migrate_task: comm=chrome pid=1524 prio=120 orig_cpu=0 dest_cpu=2
 CompositorTileW-1862  [001] d...    87.768320: sutil_marker: Schedutil: attach_entity_load_avg: 0: 0
 CompositorTileW-1862  [001] d...    87.768321: sched_wake_idle_without_ipi: cpu=2
 CompositorTileW-1862  [001] d...    87.768321: sched_wakeup: comm=chrome pid=1524 prio=120 target_cpu=002
 CompositorTileW-1862  [001] d...    87.768324: sched_stat_runtime: comm=CompositorTileW pid=1862 runtime=805531 [ns] vruntime=8458311303 [ns]
 CompositorTileW-1862  [001] d...    87.768324: sutil_marker: Schedutil: get_next_freq: 800000: 1024
 CompositorTileW-1862  [001] d...    87.768325: sutil_marker: Schedutil: update-single-util: 46: 62
 CompositorTileW-1862  [001] d...    87.768325: sutil_marker: Schedutil: update-single-boost: 46: 62
 CompositorTileW-1862  [001] d...    87.768325: sutil_marker: Schedutil: update-single-freq: 800000: 800000
 CompositorTileW-1862  [001] d...    87.768325: sched_switch: prev_comm=CompositorTileW prev_pid=1862 prev_prio=120 prev_state=S ==> next_comm=swapper/1 next_pid=0 next_prio=120
          <idle>-0     [001] d...    87.768350: cpu_idle: state=6 cpu_id=1
          <idle>-0     [001] dN..    87.769570: cpu_idle: state=4294967295 cpu_id=1
          <idle>-0     [001] d...    87.769572: sched_switch: prev_comm=swapper/1 prev_pid=0 prev_prio=120 prev_state=R ==> next_comm=Xorg next_pid=1080 next_prio=120
            Xorg-1080  [001] d...    87.769653: sched_waking: comm=marco pid=2113 prio=120 target_cpu=006
            Xorg-1080  [001] d...    87.769655: sched_wake_idle_without_ipi: cpu=6
            Xorg-1080  [001] d...    87.769656: sched_wakeup: comm=marco pid=2113 prio=120 target_cpu=006
            Xorg-1080  [001] d...    87.769659: sched_waking: comm=chrome pid=1896 prio=120 target_cpu=000
            Xorg-1080  [001] d...    87.769660: sched_wake_idle_without_ipi: cpu=0
            Xorg-1080  [001] d...    87.769660: sched_wakeup: comm=chrome pid=1896 prio=120 target_cpu=000
            Xorg-1080  [001] d...    87.769688: sched_stat_runtime: comm=Xorg pid=1080 runtime=140953 [ns] vruntime=235395557 [ns]
            Xorg-1080  [001] d...    87.769708: sched_switch: prev_comm=Xorg prev_pid=1080 prev_prio=120 prev_state=S ==> next_comm=swapper/1 next_pid=0 next_prio=120
          <idle>-0     [001] d...    87.769710: cpu_idle: state=6 cpu_id=1
          <idle>-0     [001] dN..    87.769784: cpu_idle: state=4294967295 cpu_id=1
          <idle>-0     [001] d...    87.769786: sched_switch: prev_comm=swapper/1 prev_pid=0 prev_prio=120 prev_state=R ==> next_comm=Xorg next_pid=1080 next_prio=120
            Xorg-1080  [001] d...    87.769838: sched_waking: comm=marco pid=2113 prio=120 target_cpu=006
            Xorg-1080  [001] d...    87.769839: sched_wake_idle_without_ipi: cpu=6
            Xorg-1080  [001] d...    87.769839: sched_wakeup: comm=marco pid=2113 prio=120 target_cpu=006
            Xorg-1080  [001] d...    87.769848: sched_stat_runtime: comm=Xorg pid=1080 runtime=87890 [ns] vruntime=235483447 [ns]
            Xorg-1080  [001] d...    87.769849: sched_switch: prev_comm=Xorg prev_pid=1080 prev_prio=120 prev_state=S ==> next_comm=swapper/1 next_pid=0 next_prio=120
          <idle>-0     [001] d...    87.769851: cpu_idle: state=6 cpu_id=1
          <idle>-0     [001] dN..    87.769923: cpu_idle: state=4294967295 cpu_id=1
          <idle>-0     [001] d...    87.769925: sched_switch: prev_comm=swapper/1 prev_pid=0 prev_prio=120 prev_state=R ==> next_comm=Xorg next_pid=1080 next_prio=120
            Xorg-1080  [001] d...    87.770027: sched_waking: comm=marco pid=2113 prio=120 target_cpu=006
            Xorg-1080  [001] d...    87.770028: sched_wake_idle_without_ipi: cpu=6
            Xorg-1080  [001] d...    87.770028: sched_wakeup: comm=marco pid=2113 prio=120 target_cpu=006
            Xorg-1080  [001] d...    87.770054: sched_stat_runtime: comm=Xorg pid=1080 runtime=189207 [ns] vruntime=235672654 [ns]
            Xorg-1080  [001] d...    87.770055: sched_switch: prev_comm=Xorg prev_pid=1080 prev_prio=120 prev_state=S ==> next_comm=swapper/1 next_pid=0 next_prio=120
          <idle>-0     [001] d...    87.770057: cpu_idle: state=6 cpu_id=1
          <idle>-0     [001] d...    87.775133: cpu_idle: state=4294967295 cpu_id=1
          <idle>-0     [001] d.h.    87.775137: sched_waking: comm=Xorg pid=1080 prio=120 target_cpu=001
          <idle>-0     [001] d.h.    87.775139: sutil_marker: Schedutil: get_next_freq: 800000: 1024
          <idle>-0     [001] d.h.    87.775140: sutil_marker: Schedutil: update-single-util: 62: 102
          <idle>-0     [001] d.h.    87.775140: sutil_marker: Schedutil: update-single-boost: 62: 102
          <idle>-0     [001] d.h.    87.775140: sutil_marker: Schedutil: update-single-freq: 800000: 800000
          <idle>-0     [001] dNh.    87.775141: sched_wakeup: comm=Xorg pid=1080 prio=120 target_cpu=001
          <idle>-0     [001] d...    87.775144: sched_switch: prev_comm=swapper/1 prev_pid=0 prev_prio=120 prev_state=R ==> next_comm=Xorg next_pid=1080 next_prio=120
            Xorg-1080  [001] d...    87.775216: sched_waking: comm=kworker/u16:5 pid=196 prio=120 target_cpu=003
            Xorg-1080  [001] d...    87.775217: sched_wake_idle_without_ipi: cpu=3
            Xorg-1080  [001] d...    87.775218: sched_wakeup: comm=kworker/u16:5 pid=196 prio=120 target_cpu=003
            Xorg-1080  [001] d...    87.775218: sched_waking: comm=kworker/1:1 pid=58 prio=120 target_cpu=001
            Xorg-1080  [001] d...    87.775219: sched_wakeup: comm=kworker/1:1 pid=58 prio=120 target_cpu=001
            Xorg-1080  [001] d...    87.775228: sched_stat_runtime: comm=Xorg pid=1080 runtime=85642 [ns] vruntime=235758296 [ns]
            Xorg-1080  [001] d...    87.775229: sched_switch: prev_comm=Xorg prev_pid=1080 prev_prio=120 prev_state=S ==> next_comm=kworker/1:1 next_pid=58 next_prio=120
     kworker/1:1-58    [001] d...    87.775230: sched_stat_runtime: comm=kworker/1:1 pid=58 runtime=2420 [ns] vruntime=55661552169 [ns]
     kworker/1:1-58    [001] d...    87.775234: sched_switch: prev_comm=kworker/1:1 prev_pid=58 prev_prio=120 prev_state=S ==> next_comm=swapper/1 next_pid=0 next_prio=120
          <idle>-0     [001] d...    87.775236: cpu_idle: state=3 cpu_id=1
          <idle>-0     [001] d...    87.775623: cpu_idle: state=4294967295 cpu_id=1
          <idle>-0     [001] d...    87.775655: cpu_idle: state=6 cpu_id=1
          <idle>-0     [001] dN..    87.779334: cpu_idle: state=4294967295 cpu_id=1
          <idle>-0     [001] d...    87.779337: sched_switch: prev_comm=swapper/1 prev_pid=0 prev_prio=120 prev_state=R ==> next_comm=Xorg next_pid=1080 next_prio=120
            Xorg-1080  [001] d...    87.779393: sched_waking: comm=chrome pid=1896 prio=120 target_cpu=000
            Xorg-1080  [001] d...    87.779395: sched_wake_idle_without_ipi: cpu=0
            Xorg-1080  [001] d...    87.779395: sched_wakeup: comm=chrome pid=1896 prio=120 target_cpu=000
            Xorg-1080  [001] d...    87.779403: sched_stat_runtime: comm=Xorg pid=1080 runtime=98282 [ns] vruntime=235856578 [ns]
            Xorg-1080  [001] d...    87.779404: sched_switch: prev_comm=Xorg prev_pid=1080 prev_prio=120 prev_state=S ==> next_comm=swapper/1 next_pid=0 next_prio=120
          <idle>-0     [001] d...    87.779406: cpu_idle: state=6 cpu_id=1
          <idle>-0     [001] d...    87.783697: cpu_idle: state=4294967295 cpu_id=1
          <idle>-0     [001] d...    87.783749: cpu_idle: state=6 cpu_id=1
          <idle>-0     [001] d...    87.791492: cpu_idle: state=4294967295 cpu_id=1
          <idle>-0     [001] d.h.    87.791496: sched_waking: comm=Xorg pid=1080 prio=120 target_cpu=001
          <idle>-0     [001] d.h.    87.791499: sutil_marker: Schedutil: get_next_freq: 800000: 1024
          <idle>-0     [001] d.h.    87.791499: sutil_marker: Schedutil: update-single-util: 102: 76
          <idle>-0     [001] d.h.    87.791500: sutil_marker: Schedutil: update-single-boost: 102: 76
          <idle>-0     [001] d.h.    87.791517: sutil_marker: Schedutil: update-single-freq: 800000: 800000
          <idle>-0     [001] dNh.    87.791519: sched_wakeup: comm=Xorg pid=1080 prio=120 target_cpu=001
          <idle>-0     [001] d...    87.791524: sched_switch: prev_comm=swapper/1 prev_pid=0 prev_prio=120 prev_state=R ==> next_comm=Xorg next_pid=1080 next_prio=120
            Xorg-1080  [001] d...    87.791553: sched_stat_runtime: comm=Xorg pid=1080 runtime=31044 [ns] vruntime=235887622 [ns]
            Xorg-1080  [001] d...    87.791555: sched_switch: prev_comm=Xorg prev_pid=1080 prev_prio=120 prev_state=S ==> next_comm=swapper/1 next_pid=0 next_prio=120
          <idle>-0     [001] d...    87.791558: cpu_idle: state=6 cpu_id=1
          <idle>-0     [001] dN..    87.796656: cpu_idle: state=4294967295 cpu_id=1
          <idle>-0     [001] d...    87.796658: sched_switch: prev_comm=swapper/1 prev_pid=0 prev_prio=120 prev_state=R ==> next_comm=CompositorTileW next_pid=1862 next_prio=120
 CompositorTileW-1862  [001] d...    87.796672: sched_stat_runtime: comm=CompositorTileW pid=1862 runtime=14634 [ns] vruntime=8458325937 [ns]
 CompositorTileW-1862  [001] d...    87.796672: sched_switch: prev_comm=CompositorTileW prev_pid=1862 prev_prio=120 prev_state=S ==> next_comm=swapper/1 next_pid=0 next_prio=120
          <idle>-0     [001] d...    87.796674: cpu_idle: state=6 cpu_id=1
          <idle>-0     [001] d...    87.798386: cpu_idle: state=4294967295 cpu_id=1
          <idle>-0     [001] d...    87.798436: cpu_idle: state=4 cpu_id=1
          <idle>-0     [001] d...    87.799631: cpu_idle: state=4294967295 cpu_id=1
          <idle>-0     [001] d.s.    87.799656: sutil_marker: Schedutil: get_next_freq: 800000: 1024
          <idle>-0     [001] d.s.    87.799657: sutil_marker: Schedutil: update-single-util: 76: 65
          <idle>-0     [001] d.s.    87.799657: sutil_marker: Schedutil: update-single-boost: 76: 65
          <idle>-0     [001] d.s.    87.799657: sutil_marker: Schedutil: update-single-freq: 800000: 800000
          <idle>-0     [001] d.s.    87.799661: sched_waking: comm=rcu_sched pid=8 prio=120 target_cpu=003
          <idle>-0     [001] d.s.    87.799679: sched_wake_idle_without_ipi: cpu=3
          <idle>-0     [001] d.s.    87.799680: sched_wakeup: comm=rcu_sched pid=8 prio=120 target_cpu=003
          <idle>-0     [001] d...    87.799682: cpu_idle: state=6 cpu_id=1
          <idle>-0     [001] d...    87.803632: cpu_idle: state=4294967295 cpu_id=1
          <idle>-0     [001] d.s.    87.803638: sutil_marker: Schedutil: get_next_freq: 800000: 1024
          <idle>-0     [001] d.s.    87.803639: sutil_marker: Schedutil: update-single-util: 65: 60
          <idle>-0     [001] d.s.    87.803639: sutil_marker: Schedutil: update-single-boost: 65: 60
          <idle>-0     [001] d.s.    87.803639: sutil_marker: Schedutil: update-single-freq: 800000: 800000
          <idle>-0     [001] d...    87.803643: cpu_idle: state=6 cpu_id=1
          <idle>-0     [001] d...    87.807549: cpu_idle: state=4294967295 cpu_id=1
          <idle>-0     [001] d.h.    87.807552: sched_waking: comm=Xorg pid=1080 prio=120 target_cpu=001
          <idle>-0     [001] d.h.    87.807553: sutil_marker: Schedutil: get_next_freq: 800000: 1024
          <idle>-0     [001] d.h.    87.807553: sutil_marker: Schedutil: update-single-util: 60: 55
          <idle>-0     [001] d.h.    87.807553: sutil_marker: Schedutil: update-single-boost: 60: 55
          <idle>-0     [001] d.h.    87.807553: sutil_marker: Schedutil: update-single-freq: 800000: 800000
          <idle>-0     [001] dNh.    87.807554: sched_wakeup: comm=Xorg pid=1080 prio=120 target_cpu=001
          <idle>-0     [001] d...    87.807558: sched_switch: prev_comm=swapper/1 prev_pid=0 prev_prio=120 prev_state=R ==> next_comm=Xorg next_pid=1080 next_prio=120
            Xorg-1080  [001] d...    87.807571: sched_stat_runtime: comm=Xorg pid=1080 runtime=16324 [ns] vruntime=235903946 [ns]
            Xorg-1080  [001] d...    87.807572: sched_switch: prev_comm=Xorg prev_pid=1080 prev_prio=120 prev_state=S ==> next_comm=swapper/1 next_pid=0 next_prio=120
          <idle>-0     [001] d...    87.807573: cpu_idle: state=6 cpu_id=1
          <idle>-0     [001] d...    87.811631: cpu_idle: state=4294967295 cpu_id=1
          <idle>-0     [001] d.s.    87.811638: sutil_marker: Schedutil: get_next_freq: 800000: 1024
          <idle>-0     [001] d.s.    87.811639: sutil_marker: Schedutil: update-single-util: 55: 51
          <idle>-0     [001] d.s.    87.811639: sutil_marker: Schedutil: update-single-boost: 55: 51
          <idle>-0     [001] d.s.    87.811639: sutil_marker: Schedutil: update-single-freq: 800000: 800000
          <idle>-0     [001] d...    87.811645: cpu_idle: state=6 cpu_id=1
          <idle>-0     [001] dN..    87.862825: cpu_idle: state=4294967295 cpu_id=1
          <idle>-0     [001] d...    87.862828: sched_switch: prev_comm=swapper/1 prev_pid=0 prev_prio=120 prev_state=R ==> next_comm=Xorg next_pid=1080 next_prio=120
            Xorg-1080  [001] d...    87.862860: sched_waking: comm=chrome pid=1524 prio=120 target_cpu=002
            Xorg-1080  [001] d...    87.862861: sched_wake_idle_without_ipi: cpu=2
            Xorg-1080  [001] d...    87.862862: sched_wakeup: comm=chrome pid=1524 prio=120 target_cpu=002
            Xorg-1080  [001] d...    87.862963: sched_stat_runtime: comm=Xorg pid=1080 runtime=136132 [ns] vruntime=236040078 [ns]
            Xorg-1080  [001] d...    87.862964: sched_switch: prev_comm=Xorg prev_pid=1080 prev_prio=120 prev_state=S ==> next_comm=swapper/1 next_pid=0 next_prio=120
          <idle>-0     [001] d...    87.862966: cpu_idle: state=6 cpu_id=1
          <idle>-0     [001] dN..    87.863024: cpu_idle: state=4294967295 cpu_id=1
          <idle>-0     [001] d...    87.863026: sched_switch: prev_comm=swapper/1 prev_pid=0 prev_prio=120 prev_state=R ==> next_comm=Xorg next_pid=1080 next_prio=120
            Xorg-1080  [001] d...    87.863077: sched_waking: comm=chrome pid=1524 prio=120 target_cpu=002
            Xorg-1080  [001] d...    87.863078: sched_wake_idle_without_ipi: cpu=2
            Xorg-1080  [001] d...    87.863079: sched_wakeup: comm=chrome pid=1524 prio=120 target_cpu=002
            Xorg-1080  [001] d...    87.863103: sched_stat_runtime: comm=Xorg pid=1080 runtime=106076 [ns] vruntime=236146154 [ns]
            Xorg-1080  [001] d...    87.863103: sutil_marker: Schedutil: get_next_freq: 800000: 1024
            Xorg-1080  [001] d...    87.863104: sutil_marker: Schedutil: update-single-util: 51: 22
            Xorg-1080  [001] d...    87.863104: sutil_marker: Schedutil: update-single-boost: 51: 22
            Xorg-1080  [001] d...    87.863104: sutil_marker: Schedutil: update-single-freq: 800000: 800000
            Xorg-1080  [001] d...    87.863104: sched_switch: prev_comm=Xorg prev_pid=1080 prev_prio=120 prev_state=S ==> next_comm=swapper/1 next_pid=0 next_prio=120
          <idle>-0     [001] d...    87.863106: cpu_idle: state=6 cpu_id=1
          <idle>-0     [001] dN..    87.863172: cpu_idle: state=4294967295 cpu_id=1
          <idle>-0     [001] d...    87.863176: sched_switch: prev_comm=swapper/1 prev_pid=0 prev_prio=120 prev_state=R ==> next_comm=Xorg next_pid=1080 next_prio=120
            Xorg-1080  [001] d...    87.863212: sched_waking: comm=chrome pid=1524 prio=120 target_cpu=002
            Xorg-1080  [001] d...    87.863213: sched_wake_idle_without_ipi: cpu=2
            Xorg-1080  [001] d...    87.863213: sched_wakeup: comm=chrome pid=1524 prio=120 target_cpu=002
            Xorg-1080  [001] d...    87.863237: sched_stat_runtime: comm=Xorg pid=1080 runtime=122389 [ns] vruntime=236268543 [ns]
            Xorg-1080  [001] d...    87.863237: sched_switch: prev_comm=Xorg prev_pid=1080 prev_prio=120 prev_state=S ==> next_comm=swapper/1 next_pid=0 next_prio=120
          <idle>-0     [001] d...    87.863239: cpu_idle: state=6 cpu_id=1
          <idle>-0     [001] dN..    87.863337: cpu_idle: state=4294967295 cpu_id=1
          <idle>-0     [001] d...    87.863340: sched_switch: prev_comm=swapper/1 prev_pid=0 prev_prio=120 prev_state=R ==> next_comm=Xorg next_pid=1080 next_prio=120
            Xorg-1080  [001] d...    87.863355: sched_waking: comm=chrome pid=1524 prio=120 target_cpu=002
            Xorg-1080  [001] d...    87.863357: sched_wake_idle_without_ipi: cpu=2
            Xorg-1080  [001] d...    87.863357: sched_wakeup: comm=chrome pid=1524 prio=120 target_cpu=002
            Xorg-1080  [001] d...    87.863359: sched_waking: comm=mate-maximus pid=1505 prio=120 target_cpu=003
            Xorg-1080  [001] d...    87.863360: sched_wake_idle_without_ipi: cpu=3
            Xorg-1080  [001] d...    87.863360: sched_wakeup: comm=mate-maximus pid=1505 prio=120 target_cpu=003
            Xorg-1080  [001] d...    87.863362: sched_waking: comm=wnck-applet pid=1478 prio=120 target_cpu=004
            Xorg-1080  [001] d...    87.863363: sched_wake_idle_without_ipi: cpu=4
            Xorg-1080  [001] d...    87.863364: sched_wakeup: comm=wnck-applet pid=1478 prio=120 target_cpu=004
            Xorg-1080  [001] d...    87.863382: sched_waking: comm=marco pid=2113 prio=120 target_cpu=006
            Xorg-1080  [001] d...    87.863383: sched_wake_idle_without_ipi: cpu=6
            Xorg-1080  [001] d...    87.863383: sched_wakeup: comm=marco pid=2113 prio=120 target_cpu=006
            Xorg-1080  [001] d...    87.863385: sched_waking: comm=mate-settings-d pid=1450 prio=120 target_cpu=007
            Xorg-1080  [001] d...    87.863386: sched_wake_idle_without_ipi: cpu=7
            Xorg-1080  [001] d...    87.863386: sched_wakeup: comm=mate-settings-d pid=1450 prio=120 target_cpu=007
            Xorg-1080  [001] d...    87.863388: sched_waking: comm=chrome pid=1524 prio=120 target_cpu=002
            Xorg-1080  [001] d...    87.863388: sched_wake_idle_without_ipi: cpu=2
            Xorg-1080  [001] d...    87.863388: sched_wakeup: comm=chrome pid=1524 prio=120 target_cpu=002
            Xorg-1080  [001] d...    87.863416: sched_waking: comm=chrome pid=1524 prio=120 target_cpu=002
            Xorg-1080  [001] d...    87.863417: sched_wake_idle_without_ipi: cpu=2
            Xorg-1080  [001] d...    87.863417: sched_wakeup: comm=chrome pid=1524 prio=120 target_cpu=002
            Xorg-1080  [001] d...    87.863422: sched_stat_runtime: comm=Xorg pid=1080 runtime=108051 [ns] vruntime=236376594 [ns]
            Xorg-1080  [001] d...    87.863423: sched_switch: prev_comm=Xorg prev_pid=1080 prev_prio=120 prev_state=S ==> next_comm=swapper/1 next_pid=0 next_prio=120
          <idle>-0     [001] d...    87.863425: cpu_idle: state=6 cpu_id=1
          <idle>-0     [001] dN..    87.863432: cpu_idle: state=4294967295 cpu_id=1
          <idle>-0     [001] d...    87.863433: sched_switch: prev_comm=swapper/1 prev_pid=0 prev_prio=120 prev_state=R ==> next_comm=Xorg next_pid=1080 next_prio=120
            Xorg-1080  [001] d...    87.863442: sched_waking: comm=marco pid=2113 prio=120 target_cpu=006
            Xorg-1080  [001] d...    87.863443: sched_wake_idle_without_ipi: cpu=6
            Xorg-1080  [001] d...    87.863443: sched_wakeup: comm=marco pid=2113 prio=120 target_cpu=006
            Xorg-1080  [001] d...    87.863450: sched_stat_runtime: comm=Xorg pid=1080 runtime=22746 [ns] vruntime=236399340 [ns]
            Xorg-1080  [001] d...    87.863451: sched_switch: prev_comm=Xorg prev_pid=1080 prev_prio=120 prev_state=S ==> next_comm=swapper/1 next_pid=0 next_prio=120
          <idle>-0     [001] d...    87.863452: cpu_idle: state=6 cpu_id=1
          <idle>-0     [001] dN..    87.863528: cpu_idle: state=4294967295 cpu_id=1
          <idle>-0     [001] d...    87.863530: sched_switch: prev_comm=swapper/1 prev_pid=0 prev_prio=120 prev_state=R ==> next_comm=Xorg next_pid=1080 next_prio=120
            Xorg-1080  [001] d...    87.863560: sched_waking: comm=marco pid=2113 prio=120 target_cpu=006
            Xorg-1080  [001] d...    87.863561: sched_wake_idle_without_ipi: cpu=6
            Xorg-1080  [001] d...    87.863561: sched_wakeup: comm=marco pid=2113 prio=120 target_cpu=006
            Xorg-1080  [001] d...    87.863569: sched_stat_runtime: comm=Xorg pid=1080 runtime=40049 [ns] vruntime=236439389 [ns]
            Xorg-1080  [001] d...    87.863570: sched_switch: prev_comm=Xorg prev_pid=1080 prev_prio=120 prev_state=S ==> next_comm=swapper/1 next_pid=0 next_prio=120
          <idle>-0     [001] d...    87.863572: cpu_idle: state=6 cpu_id=1
          <idle>-0     [001] dN..    87.863574: cpu_idle: state=4294967295 cpu_id=1
          <idle>-0     [001] d...    87.863575: sched_switch: prev_comm=swapper/1 prev_pid=0 prev_prio=120 prev_state=R ==> next_comm=Xorg next_pid=1080 next_prio=120
            Xorg-1080  [001] d...    87.863582: sched_waking: comm=marco pid=2113 prio=120 target_cpu=006
            Xorg-1080  [001] d...    87.863583: sched_wake_idle_without_ipi: cpu=6
            Xorg-1080  [001] d...    87.863583: sched_wakeup: comm=marco pid=2113 prio=120 target_cpu=006
            Xorg-1080  [001] d...    87.863589: sched_stat_runtime: comm=Xorg pid=1080 runtime=16315 [ns] vruntime=236455704 [ns]
            Xorg-1080  [001] d...    87.863589: sched_switch: prev_comm=Xorg prev_pid=1080 prev_prio=120 prev_state=S ==> next_comm=swapper/1 next_pid=0 next_prio=120
          <idle>-0     [001] d...    87.863590: cpu_idle: state=2 cpu_id=1
          <idle>-0     [001] d...    87.864035: cpu_idle: state=4294967295 cpu_id=1
          <idle>-0     [001] d...    87.864051: cpu_idle: state=2 cpu_id=1
          <idle>-0     [001] dN..    87.865800: cpu_idle: state=4294967295 cpu_id=1
          <idle>-0     [001] d...    87.865801: sched_switch: prev_comm=swapper/1 prev_pid=0 prev_prio=120 prev_state=R ==> next_comm=Xorg next_pid=1080 next_prio=120
            Xorg-1080  [001] d...    87.865814: sched_waking: comm=chrome pid=1524 prio=120 target_cpu=002
            Xorg-1080  [001] d...    87.865815: sched_wake_idle_without_ipi: cpu=2
            Xorg-1080  [001] d...    87.865815: sched_wakeup: comm=chrome pid=1524 prio=120 target_cpu=002
            Xorg-1080  [001] d...    87.865824: sched_stat_runtime: comm=Xorg pid=1080 runtime=25263 [ns] vruntime=236480967 [ns]
            Xorg-1080  [001] d...    87.865827: sched_switch: prev_comm=Xorg prev_pid=1080 prev_prio=120 prev_state=S ==> next_comm=swapper/1 next_pid=0 next_prio=120
          <idle>-0     [001] d...    87.865829: cpu_idle: state=2 cpu_id=1
          <idle>-0     [001] dN..    87.865982: cpu_idle: state=4294967295 cpu_id=1
          <idle>-0     [001] d...    87.865982: sched_switch: prev_comm=swapper/1 prev_pid=0 prev_prio=120 prev_state=R ==> next_comm=Chrome_IOThread next_pid=1860 next_prio=120
 Chrome_IOThread-1860  [001] d...    87.865997: sched_waking: comm=Chrome_ChildIOT pid=3068 prio=120 target_cpu=004
 Chrome_IOThread-1860  [001] d...    87.865998: sched_wake_idle_without_ipi: cpu=4
 Chrome_IOThread-1860  [001] d...    87.865999: sched_wakeup: comm=Chrome_ChildIOT pid=3068 prio=120 target_cpu=004
 Chrome_IOThread-1860  [001] d...    87.866007: sched_stat_runtime: comm=Chrome_IOThread pid=1860 runtime=26437 [ns] vruntime=8466641294 [ns]
 Chrome_IOThread-1860  [001] d...    87.866008: sched_switch: prev_comm=Chrome_IOThread prev_pid=1860 prev_prio=120 prev_state=S ==> next_comm=swapper/1 next_pid=0 next_prio=120
          <idle>-0     [001] d...    87.866009: cpu_idle: state=6 cpu_id=1
          <idle>-0     [001] dN..    87.866019: cpu_idle: state=4294967295 cpu_id=1
          <idle>-0     [001] d...    87.866021: sched_switch: prev_comm=swapper/1 prev_pid=0 prev_prio=120 prev_state=R ==> next_comm=Chrome_IOThread next_pid=1860 next_prio=120
 Chrome_IOThread-1860  [001] d...    87.866026: sched_stat_runtime: comm=Chrome_IOThread pid=1860 runtime=8329 [ns] vruntime=8466649623 [ns]
 Chrome_IOThread-1860  [001] d...    87.866027: sched_switch: prev_comm=Chrome_IOThread prev_pid=1860 prev_prio=120 prev_state=S ==> next_comm=swapper/1 next_pid=0 next_prio=120
          <idle>-0     [001] d...    87.866028: cpu_idle: state=6 cpu_id=1
          <idle>-0     [001] dN..    87.866059: cpu_idle: state=4294967295 cpu_id=1
          <idle>-0     [001] d...    87.866061: sched_switch: prev_comm=swapper/1 prev_pid=0 prev_prio=120 prev_state=R ==> next_comm=Chrome_IOThread next_pid=1860 next_prio=120
 Chrome_IOThread-1860  [001] d...    87.866135: sched_waking: comm=Chrome_ChildIOT pid=3068 prio=120 target_cpu=004
 Chrome_IOThread-1860  [001] d...    87.866136: sched_wake_idle_without_ipi: cpu=4
 Chrome_IOThread-1860  [001] d...    87.866136: sched_wakeup: comm=Chrome_ChildIOT pid=3068 prio=120 target_cpu=004
 Chrome_IOThread-1860  [001] d...    87.866167: sched_stat_runtime: comm=Chrome_IOThread pid=1860 runtime=109169 [ns] vruntime=8466758792 [ns]
 Chrome_IOThread-1860  [001] d...    87.866168: sched_switch: prev_comm=Chrome_IOThread prev_pid=1860 prev_prio=120 prev_state=S ==> next_comm=swapper/1 next_pid=0 next_prio=120
          <idle>-0     [001] d...    87.866170: cpu_idle: state=6 cpu_id=1
          <idle>-0     [001] dN..    87.866239: cpu_idle: state=4294967295 cpu_id=1
          <idle>-0     [001] d...    87.866241: sched_switch: prev_comm=swapper/1 prev_pid=0 prev_prio=120 prev_state=R ==> next_comm=jbd2/sda1-8 next_pid=233 next_prio=120
           <...>-233   [001] d...    87.866257: sched_stat_runtime: comm=jbd2/sda1-8 pid=233 runtime=19398 [ns] vruntime=55661863120 [ns]
           <...>-233   [001] d...    87.866258: sched_switch: prev_comm=jbd2/sda1-8 prev_pid=233 prev_prio=120 prev_state=D ==> next_comm=swapper/1 next_pid=0 next_prio=120
          <idle>-0     [001] d...    87.866260: cpu_idle: state=2 cpu_id=1
          <idle>-0     [001] dN..    87.866327: cpu_idle: state=4294967295 cpu_id=1
          <idle>-0     [001] d...    87.866329: sched_switch: prev_comm=swapper/1 prev_pid=0 prev_prio=120 prev_state=R ==> next_comm=Chrome_IOThread next_pid=1860 next_prio=120
 Chrome_IOThread-1860  [001] d...    87.866336: sched_stat_runtime: comm=Chrome_IOThread pid=1860 runtime=10080 [ns] vruntime=8466768872 [ns]
 Chrome_IOThread-1860  [001] d...    87.866337: sched_switch: prev_comm=Chrome_IOThread prev_pid=1860 prev_prio=120 prev_state=S ==> next_comm=swapper/1 next_pid=0 next_prio=120
          <idle>-0     [001] d...    87.866339: cpu_idle: state=2 cpu_id=1
          <idle>-0     [001] dN..    87.866718: cpu_idle: state=4294967295 cpu_id=1
          <idle>-0     [001] d...    87.866720: sched_switch: prev_comm=swapper/1 prev_pid=0 prev_prio=120 prev_state=R ==> next_comm=sandbox_ipc_thr next_pid=1654 next_prio=120
           <...>-1654  [001] d...    87.866744: sched_waking: comm=chrome pid=3090 prio=120 target_cpu=000
           <...>-1654  [001] d...    87.866745: sched_wake_idle_without_ipi: cpu=0
           <...>-1654  [001] d...    87.866746: sched_wakeup: comm=chrome pid=3090 prio=120 target_cpu=000
           <...>-1654  [001] d...    87.866752: sched_stat_runtime: comm=sandbox_ipc_thr pid=1654 runtime=34952 [ns] vruntime=8454803824 [ns]
           <...>-1654  [001] d...    87.866753: sched_switch: prev_comm=sandbox_ipc_thr prev_pid=1654 prev_prio=120 prev_state=S ==> next_comm=swapper/1 next_pid=0 next_prio=120
          <idle>-0     [001] d...    87.866754: cpu_idle: state=2 cpu_id=1
          <idle>-0     [001] dN..    87.866841: cpu_idle: state=4294967295 cpu_id=1
          <idle>-0     [001] d...    87.866842: sched_switch: prev_comm=swapper/1 prev_pid=0 prev_prio=120 prev_state=R ==> next_comm=Chrome_IOThread next_pid=1860 next_prio=120
 Chrome_IOThread-1860  [001] d...    87.866853: sched_waking: comm=Chrome_ChildIOT pid=3068 prio=120 target_cpu=004
 Chrome_IOThread-1860  [001] d...    87.866854: sched_wake_idle_without_ipi: cpu=4
 Chrome_IOThread-1860  [001] d...    87.866854: sched_wakeup: comm=Chrome_ChildIOT pid=3068 prio=120 target_cpu=004
 Chrome_IOThread-1860  [001] d...    87.866860: sched_stat_runtime: comm=Chrome_IOThread pid=1860 runtime=20623 [ns] vruntime=8466789495 [ns]
 Chrome_IOThread-1860  [001] d...    87.866861: sched_switch: prev_comm=Chrome_IOThread prev_pid=1860 prev_prio=120 prev_state=S ==> next_comm=swapper/1 next_pid=0 next_prio=120
          <idle>-0     [001] d...    87.866862: cpu_idle: state=2 cpu_id=1
          <idle>-0     [001] dN..    87.866868: cpu_idle: state=4294967295 cpu_id=1
          <idle>-0     [001] d...    87.866869: sched_switch: prev_comm=swapper/1 prev_pid=0 prev_prio=120 prev_state=R ==> next_comm=Chrome_IOThread next_pid=1860 next_prio=120
 Chrome_IOThread-1860  [001] d...    87.867077: sched_stat_runtime: comm=Chrome_IOThread pid=1860 runtime=209301 [ns] vruntime=8466998796 [ns]
 Chrome_IOThread-1860  [001] d...    87.867078: sched_switch: prev_comm=Chrome_IOThread prev_pid=1860 prev_prio=120 prev_state=S ==> next_comm=swapper/1 next_pid=0 next_prio=120
          <idle>-0     [001] d...    87.867080: cpu_idle: state=2 cpu_id=1
          <idle>-0     [001] d...    87.867482: cpu_idle: state=4294967295 cpu_id=1
          <idle>-0     [001] d...    87.867485: cpu_idle: state=1 cpu_id=1
          <idle>-0     [001] d...    87.867523: cpu_idle: state=4294967295 cpu_id=1
          <idle>-0     [001] d.s.    87.867528: sutil_marker: Schedutil: get_next_freq: 800000: 1024
          <idle>-0     [001] d.s.    87.867528: sutil_marker: Schedutil: update-single-util: 22: 68
          <idle>-0     [001] d.s.    87.867528: sutil_marker: Schedutil: update-single-boost: 22: 68
          <idle>-0     [001] d.s.    87.867529: sutil_marker: Schedutil: update-single-freq: 800000: 800000
          <idle>-0     [001] d...    87.867533: cpu_idle: state=2 cpu_id=1
          <idle>-0     [001] d...    87.867536: cpu_idle: state=4294967295 cpu_id=1
          <idle>-0     [001] d...    87.867543: cpu_idle: state=2 cpu_id=1
          <idle>-0     [001] dN..    87.867703: cpu_idle: state=4294967295 cpu_id=1
          <idle>-0     [001] d...    87.867704: sched_switch: prev_comm=swapper/1 prev_pid=0 prev_prio=120 prev_state=R ==> next_comm=jbd2/sda1-8 next_pid=233 next_prio=120
           <...>-233   [001] d...    87.867719: sched_waking: comm=Chrome_DBThread pid=1854 prio=120 target_cpu=005
           <...>-233   [001] d...    87.867720: sched_migrate_task: comm=Chrome_DBThread pid=1854 prio=120 orig_cpu=5 dest_cpu=3
           <...>-233   [001] d...    87.867720: sutil_marker: Schedutil: attach_entity_load_avg: 0: 0
           <...>-233   [001] d...    87.867721: sched_wake_idle_without_ipi: cpu=3
           <...>-233   [001] d...    87.867721: sched_wakeup: comm=Chrome_DBThread pid=1854 prio=120 target_cpu=003
           <...>-233   [001] d...    87.867722: sched_stat_runtime: comm=jbd2/sda1-8 pid=233 runtime=20040 [ns] vruntime=55662509564 [ns]
           <...>-233   [001] d...    87.867723: sched_switch: prev_comm=jbd2/sda1-8 prev_pid=233 prev_prio=120 prev_state=S ==> next_comm=swapper/1 next_pid=0 next_prio=120
          <idle>-0     [001] d...    87.867724: cpu_idle: state=6 cpu_id=1
          <idle>-0     [001] dN..    87.867789: cpu_idle: state=4294967295 cpu_id=1
          <idle>-0     [001] d...    87.867791: sched_switch: prev_comm=swapper/1 prev_pid=0 prev_prio=120 prev_state=R ==> next_comm=Chrome_IOThread next_pid=1860 next_prio=120
 Chrome_IOThread-1860  [001] d...    87.867803: sched_waking: comm=Chrome_ChildIOT pid=3068 prio=120 target_cpu=004
 Chrome_IOThread-1860  [001] d...    87.867805: sched_wake_idle_without_ipi: cpu=4
 Chrome_IOThread-1860  [001] d...    87.867805: sched_wakeup: comm=Chrome_ChildIOT pid=3068 prio=120 target_cpu=004
 Chrome_IOThread-1860  [001] d...    87.867819: sched_stat_runtime: comm=Chrome_IOThread pid=1860 runtime=31017 [ns] vruntime=8467029813 [ns]
 Chrome_IOThread-1860  [001] d...    87.867820: sched_switch: prev_comm=Chrome_IOThread prev_pid=1860 prev_prio=120 prev_state=S ==> next_comm=swapper/1 next_pid=0 next_prio=120
          <idle>-0     [001] d...    87.867821: cpu_idle: state=6 cpu_id=1
          <idle>-0     [001] dN..    87.867927: cpu_idle: state=4294967295 cpu_id=1
          <idle>-0     [001] d...    87.867928: sched_switch: prev_comm=swapper/1 prev_pid=0 prev_prio=120 prev_state=R ==> next_comm=Chrome_IOThread next_pid=1860 next_prio=120
 Chrome_IOThread-1860  [001] d...    87.867939: sched_waking: comm=Chrome_ChildIOT pid=3068 prio=120 target_cpu=004
 Chrome_IOThread-1860  [001] d...    87.867940: sched_wake_idle_without_ipi: cpu=4
 Chrome_IOThread-1860  [001] d...    87.867940: sched_wakeup: comm=Chrome_ChildIOT pid=3068 prio=120 target_cpu=004
 Chrome_IOThread-1860  [001] d...    87.867945: sched_stat_runtime: comm=Chrome_IOThread pid=1860 runtime=19570 [ns] vruntime=8467049383 [ns]
 Chrome_IOThread-1860  [001] d...    87.867946: sched_switch: prev_comm=Chrome_IOThread prev_pid=1860 prev_prio=120 prev_state=S ==> next_comm=swapper/1 next_pid=0 next_prio=120
          <idle>-0     [001] d...    87.867947: cpu_idle: state=6 cpu_id=1
          <idle>-0     [001] dN..    87.867951: cpu_idle: state=4294967295 cpu_id=1
          <idle>-0     [001] d...    87.867952: sched_switch: prev_comm=swapper/1 prev_pid=0 prev_prio=120 prev_state=R ==> next_comm=Chrome_IOThread next_pid=1860 next_prio=120
 Chrome_IOThread-1860  [001] d...    87.867959: sched_waking: comm=Chrome_ChildIOT pid=3068 prio=120 target_cpu=004
 Chrome_IOThread-1860  [001] d...    87.867960: sched_wake_idle_without_ipi: cpu=4
 Chrome_IOThread-1860  [001] d...    87.867961: sched_wakeup: comm=Chrome_ChildIOT pid=3068 prio=120 target_cpu=004
 Chrome_IOThread-1860  [001] d...    87.867964: sched_stat_runtime: comm=Chrome_IOThread pid=1860 runtime=13781 [ns] vruntime=8467063164 [ns]
 Chrome_IOThread-1860  [001] d...    87.867965: sched_switch: prev_comm=Chrome_IOThread prev_pid=1860 prev_prio=120 prev_state=S ==> next_comm=swapper/1 next_pid=0 next_prio=120
          <idle>-0     [001] d...    87.867966: cpu_idle: state=6 cpu_id=1
          <idle>-0     [001] dN..    87.868030: cpu_idle: state=4294967295 cpu_id=1
          <idle>-0     [001] d...    87.868032: sched_switch: prev_comm=swapper/1 prev_pid=0 prev_prio=120 prev_state=R ==> next_comm=Chrome_IOThread next_pid=1860 next_prio=120
 Chrome_IOThread-1860  [001] d...    87.868221: sched_stat_runtime: comm=Chrome_IOThread pid=1860 runtime=191529 [ns] vruntime=8467254693 [ns]
 Chrome_IOThread-1860  [001] d...    87.868222: sched_switch: prev_comm=Chrome_IOThread prev_pid=1860 prev_prio=120 prev_state=S ==> next_comm=swapper/1 next_pid=0 next_prio=120
          <idle>-0     [001] d...    87.868224: cpu_idle: state=2 cpu_id=1
          <idle>-0     [001] dN..    87.868313: cpu_idle: state=4294967295 cpu_id=1
          <idle>-0     [001] d...    87.868314: sched_switch: prev_comm=swapper/1 prev_pid=0 prev_prio=120 prev_state=R ==> next_comm=Chrome_IOThread next_pid=1860 next_prio=120
 Chrome_IOThread-1860  [001] d...    87.868340: sched_stat_runtime: comm=Chrome_IOThread pid=1860 runtime=27527 [ns] vruntime=8467282220 [ns]
 Chrome_IOThread-1860  [001] d...    87.868341: sched_switch: prev_comm=Chrome_IOThread prev_pid=1860 prev_prio=120 prev_state=S ==> next_comm=swapper/1 next_pid=0 next_prio=120
          <idle>-0     [001] d...    87.868342: cpu_idle: state=2 cpu_id=1
          <idle>-0     [001] dN..    87.868381: cpu_idle: state=4294967295 cpu_id=1
          <idle>-0     [001] d...    87.868382: sched_switch: prev_comm=swapper/1 prev_pid=0 prev_prio=120 prev_state=R ==> next_comm=Chrome_IOThread next_pid=1860 next_prio=120
 Chrome_IOThread-1860  [001] d...    87.868398: sched_stat_runtime: comm=Chrome_IOThread pid=1860 runtime=17260 [ns] vruntime=8467299480 [ns]
 Chrome_IOThread-1860  [001] d...    87.868398: sched_switch: prev_comm=Chrome_IOThread prev_pid=1860 prev_prio=120 prev_state=S ==> next_comm=swapper/1 next_pid=0 next_prio=120
          <idle>-0     [001] d...    87.868399: cpu_idle: state=2 cpu_id=1
          <idle>-0     [001] dN..    87.868460: cpu_idle: state=4294967295 cpu_id=1
          <idle>-0     [001] d...    87.868462: sched_switch: prev_comm=swapper/1 prev_pid=0 prev_prio=120 prev_state=R ==> next_comm=Chrome_IOThread next_pid=1860 next_prio=120
 Chrome_IOThread-1860  [001] d...    87.868471: sched_waking: comm=chrome pid=1524 prio=120 target_cpu=002
 Chrome_IOThread-1860  [001] d...    87.868474: sched_wake_idle_without_ipi: cpu=2
 Chrome_IOThread-1860  [001] d...    87.868474: sched_wakeup: comm=chrome pid=1524 prio=120 target_cpu=002
 Chrome_IOThread-1860  [001] d...    87.868512: sched_stat_runtime: comm=Chrome_IOThread pid=1860 runtime=52408 [ns] vruntime=8467351888 [ns]
 Chrome_IOThread-1860  [001] d...    87.868513: sched_switch: prev_comm=Chrome_IOThread prev_pid=1860 prev_prio=120 prev_state=S ==> next_comm=swapper/1 next_pid=0 next_prio=120
          <idle>-0     [001] d...    87.868514: cpu_idle: state=2 cpu_id=1
          <idle>-0     [001] dN..    87.868520: cpu_idle: state=4294967295 cpu_id=1
          <idle>-0     [001] d...    87.868521: sched_switch: prev_comm=swapper/1 prev_pid=0 prev_prio=120 prev_state=R ==> next_comm=Chrome_IOThread next_pid=1860 next_prio=120
 Chrome_IOThread-1860  [001] d...    87.868537: sched_waking: comm=Chrome_ChildIOT pid=3091 prio=120 target_cpu=007
 Chrome_IOThread-1860  [001] d...    87.868538: sched_wake_idle_without_ipi: cpu=7
 Chrome_IOThread-1860  [001] d...    87.868538: sched_wakeup: comm=Chrome_ChildIOT pid=3091 prio=120 target_cpu=007
 Chrome_IOThread-1860  [001] d...    87.868712: sched_stat_runtime: comm=Chrome_IOThread pid=1860 runtime=192659 [ns] vruntime=8467544547 [ns]
 Chrome_IOThread-1860  [001] d...    87.868713: sched_switch: prev_comm=Chrome_IOThread prev_pid=1860 prev_prio=120 prev_state=S ==> next_comm=swapper/1 next_pid=0 next_prio=120
          <idle>-0     [001] d...    87.868714: cpu_idle: state=2 cpu_id=1
          <idle>-0     [001] dN..    87.868753: cpu_idle: state=4294967295 cpu_id=1
          <idle>-0     [001] d...    87.868754: sched_switch: prev_comm=swapper/1 prev_pid=0 prev_prio=120 prev_state=R ==> next_comm=Chrome_IOThread next_pid=1860 next_prio=120
 Chrome_IOThread-1860  [001] d...    87.868822: sched_stat_runtime: comm=Chrome_IOThread pid=1860 runtime=69850 [ns] vruntime=8467614397 [ns]
 Chrome_IOThread-1860  [001] d...    87.868822: sched_switch: prev_comm=Chrome_IOThread prev_pid=1860 prev_prio=120 prev_state=S ==> next_comm=swapper/1 next_pid=0 next_prio=120
          <idle>-0     [001] d...    87.868823: cpu_idle: state=2 cpu_id=1
          <idle>-0     [001] dN..    87.869379: cpu_idle: state=4294967295 cpu_id=1
          <idle>-0     [001] d...    87.869380: sched_switch: prev_comm=swapper/1 prev_pid=0 prev_prio=120 prev_state=R ==> next_comm=CompositorTileW next_pid=1862 next_prio=120
 CompositorTileW-1862  [001] d...    87.869395: sched_waking: comm=Chrome_IOThread pid=1860 prio=120 target_cpu=001
 CompositorTileW-1862  [001] d...    87.869396: sched_migrate_task: comm=Chrome_IOThread pid=1860 prio=120 orig_cpu=1 dest_cpu=3
 CompositorTileW-1862  [001] d...    87.869397: sutil_marker: Schedutil: attach_entity_load_avg: 0: 0
 CompositorTileW-1862  [001] d...    87.869398: sched_wake_idle_without_ipi: cpu=3
 CompositorTileW-1862  [001] d...    87.869398: sched_wakeup: comm=Chrome_IOThread pid=1860 prio=120 target_cpu=003
 CompositorTileW-1862  [001] d...    87.869400: sched_stat_runtime: comm=CompositorTileW pid=1862 runtime=21547 [ns] vruntime=8458347484 [ns]
 CompositorTileW-1862  [001] d...    87.869400: sched_switch: prev_comm=CompositorTileW prev_pid=1862 prev_prio=120 prev_state=S ==> next_comm=swapper/1 next_pid=0 next_prio=120
          <idle>-0     [001] d...    87.869401: cpu_idle: state=2 cpu_id=1
          <idle>-0     [001] dN..    87.869436: cpu_idle: state=4294967295 cpu_id=1
          <idle>-0     [001] d...    87.869437: sched_switch: prev_comm=swapper/1 prev_pid=0 prev_prio=120 prev_state=R ==> next_comm=CompositorTileW next_pid=1862 next_prio=120
 CompositorTileW-1862  [001] d...    87.869466: sched_waking: comm=Chrome_IOThread pid=1860 prio=120 target_cpu=003
 CompositorTileW-1862  [001] d...    87.869466: sched_wake_idle_without_ipi: cpu=3
 CompositorTileW-1862  [001] d...    87.869467: sched_wakeup: comm=Chrome_IOThread pid=1860 prio=120 target_cpu=003
 CompositorTileW-1862  [001] d...    87.869826: sched_waking: comm=chrome pid=1524 prio=120 target_cpu=002
 CompositorTileW-1862  [001] d...    87.869828: sched_wake_idle_without_ipi: cpu=2
 CompositorTileW-1862  [001] d...    87.869828: sched_wakeup: comm=chrome pid=1524 prio=120 target_cpu=002
 CompositorTileW-1862  [001] d...    87.869831: sched_stat_runtime: comm=CompositorTileW pid=1862 runtime=395081 [ns] vruntime=8458742565 [ns]
 CompositorTileW-1862  [001] d...    87.869831: sutil_marker: Schedutil: get_next_freq: 800000: 1024
 CompositorTileW-1862  [001] d...    87.869832: sutil_marker: Schedutil: update-single-util: 68: 17
 CompositorTileW-1862  [001] d...    87.869832: sutil_marker: Schedutil: update-single-boost: 68: 17
 CompositorTileW-1862  [001] d...    87.869832: sutil_marker: Schedutil: update-single-freq: 800000: 800000
 CompositorTileW-1862  [001] d...    87.869832: sched_switch: prev_comm=CompositorTileW prev_pid=1862 prev_prio=120 prev_state=S ==> next_comm=swapper/1 next_pid=0 next_prio=120
          <idle>-0     [001] d...    87.869834: cpu_idle: state=2 cpu_id=1
          <idle>-0     [001] dN..    87.870226: cpu_idle: state=4294967295 cpu_id=1
          <idle>-0     [001] d...    87.870227: sched_switch: prev_comm=swapper/1 prev_pid=0 prev_prio=120 prev_state=R ==> next_comm=chrome next_pid=3092 next_prio=120
      Compositor-3092  [001] d...    87.870254: sched_waking: comm=chrome pid=3090 prio=120 target_cpu=000
      Compositor-3092  [001] d...    87.870254: sched_wake_idle_without_ipi: cpu=0
      Compositor-3092  [001] d...    87.870254: sched_wakeup: comm=chrome pid=3090 prio=120 target_cpu=000
      Compositor-3092  [001] d...    87.870284: sched_stat_runtime: comm=Compositor pid=3092 runtime=59630 [ns] vruntime=8479674020 [ns]
      Compositor-3092  [001] d...    87.870285: sched_switch: prev_comm=Compositor prev_pid=3092 prev_prio=120 prev_state=S ==> next_comm=swapper/1 next_pid=0 next_prio=120
          <idle>-0     [001] d...    87.870285: cpu_idle: state=4 cpu_id=1
          <idle>-0     [001] dN..    87.870317: cpu_idle: state=4294967295 cpu_id=1
          <idle>-0     [001] d...    87.870317: sched_switch: prev_comm=swapper/1 prev_pid=0 prev_prio=120 prev_state=R ==> next_comm=Compositor next_pid=3092 next_prio=120
      Compositor-3092  [001] d...    87.870321: sched_waking: comm=chrome pid=3090 prio=120 target_cpu=000
      Compositor-3092  [001] d...    87.870321: sched_wake_idle_without_ipi: cpu=0
      Compositor-3092  [001] d...    87.870321: sched_wakeup: comm=chrome pid=3090 prio=120 target_cpu=000
      Compositor-3092  [001] d...    87.870323: sched_stat_runtime: comm=Compositor pid=3092 runtime=7218 [ns] vruntime=8479681238 [ns]
      Compositor-3092  [001] d...    87.870323: sched_switch: prev_comm=Compositor prev_pid=3092 prev_prio=120 prev_state=S ==> next_comm=swapper/1 next_pid=0 next_prio=120
          <idle>-0     [001] d...    87.870323: cpu_idle: state=2 cpu_id=1
          <idle>-0     [001] dN..    87.870325: cpu_idle: state=4294967295 cpu_id=1
          <idle>-0     [001] d...    87.870325: sched_switch: prev_comm=swapper/1 prev_pid=0 prev_prio=120 prev_state=R ==> next_comm=Compositor next_pid=3092 next_prio=120
      Compositor-3092  [001] d...    87.870330: sched_stat_runtime: comm=Compositor pid=3092 runtime=5735 [ns] vruntime=8479686973 [ns]
      Compositor-3092  [001] d...    87.870331: sched_switch: prev_comm=Compositor prev_pid=3092 prev_prio=120 prev_state=S ==> next_comm=swapper/1 next_pid=0 next_prio=120
          <idle>-0     [001] d...    87.870331: cpu_idle: state=2 cpu_id=1
          <idle>-0     [001] d...    87.870370: cpu_idle: state=4294967295 cpu_id=1
          <idle>-0     [001] d...    87.870371: cpu_idle: state=1 cpu_id=1
          <idle>-0     [001] dN..    87.871092: cpu_idle: state=4294967295 cpu_id=1
          <idle>-0     [001] d...    87.871109: sched_switch: prev_comm=swapper/1 prev_pid=0 prev_prio=120 prev_state=R ==> next_comm=chrome next_pid=3090 next_prio=120
          chrome-3090  [001] d...    87.871143: sched_stat_runtime: comm=chrome pid=3090 runtime=51980 [ns] vruntime=8479738953 [ns]
          chrome-3090  [001] ....    87.871146: sched_process_fork: comm=chrome pid=3090 child_comm=chrome child_pid=3097
          chrome-3090  [001] d...    87.871148: sutil_marker: Schedutil: attach_entity_load_avg: 0: 0
          chrome-3090  [001] d...    87.871149: sched_wakeup_new: comm=chrome pid=3097 prio=120 target_cpu=004
          chrome-3090  [001] d...    87.871149: sched_wake_idle_without_ipi: cpu=4
          chrome-3090  [001] d...    87.871151: sched_stat_runtime: comm=chrome pid=3090 runtime=7962 [ns] vruntime=8479746915 [ns]
          chrome-3090  [001] d...    87.871151: sched_switch: prev_comm=chrome prev_pid=3090 prev_prio=120 prev_state=S ==> next_comm=swapper/1 next_pid=0 next_prio=120
          <idle>-0     [001] d...    87.871152: cpu_idle: state=4 cpu_id=1
          <idle>-0     [001] dN..    87.871166: cpu_idle: state=4294967295 cpu_id=1
          <idle>-0     [001] d...    87.871167: sched_switch: prev_comm=swapper/1 prev_pid=0 prev_prio=120 prev_state=R ==> next_comm=chrome next_pid=3090 next_prio=120
          chrome-3090  [001] d...    87.871178: sched_stat_runtime: comm=chrome pid=3090 runtime=13429 [ns] vruntime=8479760344 [ns]
          chrome-3090  [001] ....    87.871180: sched_process_fork: comm=chrome pid=3090 child_comm=chrome child_pid=3098
