          <idle>-0     [001] d...    87.655363: cpu_idle: state=2 cpu_id=1
          <idle>-0     [001] d...    87.655508: cpu_idle: state=4294967295 cpu_id=1
          <idle>-0     [001] d.s.    87.655519: sutil_marker: Schedutil: get_next_freq: 800000: 1024
          <idle>-0     [001] d.s.    87.655520: sutil_marker: Schedutil: update-single-util: 291: 390
          <idle>-0     [001] d.s.    87.655520: sutil_marker: Schedutil: update-single-boost: 291: 390
          <idle>-0     [001] d.s.    87.655521: sutil_marker: Schedutil: update-single-freq: 800000: 800000
          <idle>-0     [001] d...    87.655531: cpu_idle: state=6 cpu_id=1
          <idle>-0     [001] d...    87.659549: cpu_idle: state=4294967295 cpu_id=1
          <idle>-0     [001] d.s.    87.659566: sutil_marker: Schedutil: get_next_freq: 800000: 1024
          <idle>-0     [001] d.s.    87.659568: sutil_marker: Schedutil: update-single-util: 390: 358
          <idle>-0     [001] d.s.    87.659569: sutil_marker: Schedutil: update-single-boost: 390: 358
          <idle>-0     [001] d.s.    87.659570: sutil_marker: Schedutil: update-single-freq: 800000: 800000
          <idle>-0     [001] d...    87.659586: cpu_idle: state=6 cpu_id=1
          <idle>-0     [001] dN..    87.660627: cpu_idle: state=4294967295 cpu_id=1
          <idle>-0     [001] d...    87.660636: sched_switch: prev_comm=swapper/1 prev_pid=0 prev_prio=120 prev_state=R ==> next_comm=pulseaudio next_pid=1481 next_prio=109
      pulseaudio-1481  [001] d...    87.660701: sched_waking: comm=threaded-ml pid=1603 prio=120 target_cpu=003
      pulseaudio-1481  [001] d...    87.660707: sched_wake_idle_without_ipi: cpu=3
      pulseaudio-1481  [001] d...    87.660708: sched_wakeup: comm=threaded-ml pid=1603 prio=120 target_cpu=003
      pulseaudio-1481  [001] d...    87.660734: sched_stat_runtime: comm=pulseaudio pid=1481 runtime=143812 [ns] vruntime=6387815 [ns]
      pulseaudio-1481  [001] d...    87.660737: sutil_marker: Schedutil: get_next_freq: 800000: 1024
      pulseaudio-1481  [001] d...    87.660738: sutil_marker: Schedutil: update-single-util: 358: 353
      pulseaudio-1481  [001] d...    87.660739: sutil_marker: Schedutil: update-single-boost: 358: 353
      pulseaudio-1481  [001] d...    87.660739: sutil_marker: Schedutil: update-single-freq: 800000: 800000
      pulseaudio-1481  [001] d...    87.660741: sched_switch: prev_comm=pulseaudio prev_pid=1481 prev_prio=109 prev_state=S ==> next_comm=swapper/1 next_pid=0 next_prio=120
          <idle>-0     [001] d...    87.660747: cpu_idle: state=6 cpu_id=1
          <idle>-0     [001] dN..    87.660997: cpu_idle: state=4294967295 cpu_id=1
          <idle>-0     [001] d...    87.661005: sched_switch: prev_comm=swapper/1 prev_pid=0 prev_prio=120 prev_state=R ==> next_comm=pulseaudio next_pid=1481 next_prio=109
      pulseaudio-1481  [001] d...    87.661064: sched_waking: comm=threaded-ml pid=1603 prio=120 target_cpu=003
      pulseaudio-1481  [001] d...    87.661069: sched_wake_idle_without_ipi: cpu=3
      pulseaudio-1481  [001] d...    87.661070: sched_wakeup: comm=threaded-ml pid=1603 prio=120 target_cpu=003
      pulseaudio-1481  [001] d...    87.661096: sched_stat_runtime: comm=pulseaudio pid=1481 runtime=134982 [ns] vruntime=6399414 [ns]
      pulseaudio-1481  [001] d...    87.661099: sched_switch: prev_comm=pulseaudio prev_pid=1481 prev_prio=109 prev_state=S ==> next_comm=swapper/1 next_pid=0 next_prio=120
          <idle>-0     [001] d...    87.661105: cpu_idle: state=4 cpu_id=1
          <idle>-0     [001] d...    87.663300: cpu_idle: state=4294967295 cpu_id=1
          <idle>-0     [001] d.s.    87.663324: sched_waking: comm=Chrome_IOThread pid=1860 prio=120 target_cpu=001
          <idle>-0     [001] d.s.    87.663325: sutil_marker: Schedutil: get_next_freq: 800000: 1024
          <idle>-0     [001] d.s.    87.663325: sutil_marker: Schedutil: update-single-util: 353: 337
          <idle>-0     [001] d.s.    87.663325: sutil_marker: Schedutil: update-single-boost: 353: 337
          <idle>-0     [001] d.s.    87.663325: sutil_marker: Schedutil: update-single-freq: 800000: 800000
          <idle>-0     [001] dNs.    87.663326: sched_wakeup: comm=Chrome_IOThread pid=1860 prio=120 target_cpu=001
          <idle>-0     [001] d...    87.663331: sched_switch: prev_comm=swapper/1 prev_pid=0 prev_prio=120 prev_state=R ==> next_comm=Chrome_IOThread next_pid=1860 next_prio=120
 Chrome_IOThread-1860  [001] d.h.    87.663406: sched_waking: comm=chrome pid=1524 prio=120 target_cpu=001
 Chrome_IOThread-1860  [001] d.h.    87.663407: sched_migrate_task: comm=chrome pid=1524 prio=120 orig_cpu=1 dest_cpu=3
 Chrome_IOThread-1860  [001] d.h.    87.663408: sutil_marker: Schedutil: attach_entity_load_avg: 0: 0
 Chrome_IOThread-1860  [001] d.h.    87.663408: sched_wake_idle_without_ipi: cpu=3
 Chrome_IOThread-1860  [001] d.h.    87.663408: sched_wakeup: comm=chrome pid=1524 prio=120 target_cpu=003
 Chrome_IOThread-1860  [001] d...    87.663434: sched_waking: comm=SimpleCacheWork pid=2370 prio=120 target_cpu=007
 Chrome_IOThread-1860  [001] d...    87.663434: sched_wake_idle_without_ipi: cpu=7
 Chrome_IOThread-1860  [001] d...    87.663434: sched_wakeup: comm=SimpleCacheWork pid=2370 prio=120 target_cpu=007
 Chrome_IOThread-1860  [001] d...    87.663506: sched_waking: comm=chrome pid=1524 prio=120 target_cpu=003
 Chrome_IOThread-1860  [001] d...    87.663507: sched_wake_idle_without_ipi: cpu=3
 Chrome_IOThread-1860  [001] d...    87.663507: sched_wakeup: comm=chrome pid=1524 prio=120 target_cpu=003
 Chrome_IOThread-1860  [001] d.h.    87.663509: sched_stat_runtime: comm=Chrome_IOThread pid=1860 runtime=184958 [ns] vruntime=8464892073 [ns]
 Chrome_IOThread-1860  [001] d...    87.663573: sched_waking: comm=Chrome_ChildIOT pid=3068 prio=120 target_cpu=004
 Chrome_IOThread-1860  [001] d...    87.663574: sched_wake_idle_without_ipi: cpu=4
 Chrome_IOThread-1860  [001] d...    87.663574: sched_wakeup: comm=Chrome_ChildIOT pid=3068 prio=120 target_cpu=004
 Chrome_IOThread-1860  [001] d...    87.663623: sched_stat_runtime: comm=Chrome_IOThread pid=1860 runtime=113585 [ns] vruntime=8465005658 [ns]
 Chrome_IOThread-1860  [001] d...    87.663624: sched_switch: prev_comm=Chrome_IOThread prev_pid=1860 prev_prio=120 prev_state=S ==> next_comm=swapper/1 next_pid=0 next_prio=120
          <idle>-0     [001] d...    87.663625: cpu_idle: state=6 cpu_id=1
          <idle>-0     [001] d...    87.663866: cpu_idle: state=4294967295 cpu_id=1
          <idle>-0     [001] d...    87.663883: cpu_idle: state=6 cpu_id=1
          <idle>-0     [001] d...    87.667536: cpu_idle: state=4294967295 cpu_id=1
          <idle>-0     [001] d.s.    87.667540: sutil_marker: Schedutil: get_next_freq: 800000: 1024
          <idle>-0     [001] d.s.    87.667540: sutil_marker: Schedutil: update-single-util: 337: 204
          <idle>-0     [001] d.s.    87.667541: sutil_marker: Schedutil: update-single-boost: 337: 204
          <idle>-0     [001] d.s.    87.667541: sutil_marker: Schedutil: update-single-freq: 800000: 800000
          <idle>-0     [001] d...    87.667544: cpu_idle: state=6 cpu_id=1
          <idle>-0     [001] d...    87.671535: cpu_idle: state=4294967295 cpu_id=1
          <idle>-0     [001] d.s.    87.671539: sutil_marker: Schedutil: get_next_freq: 800000: 1024
          <idle>-0     [001] d.s.    87.671539: sutil_marker: Schedutil: update-single-util: 204: 187
          <idle>-0     [001] d.s.    87.671539: sutil_marker: Schedutil: update-single-boost: 204: 187
          <idle>-0     [001] d.s.    87.671539: sutil_marker: Schedutil: update-single-freq: 800000: 800000
          <idle>-0     [001] d...    87.671543: cpu_idle: state=2 cpu_id=1
          <idle>-0     [001] dN..    87.671563: cpu_idle: state=4294967295 cpu_id=1
          <idle>-0     [001] d...    87.671564: sched_switch: prev_comm=swapper/1 prev_pid=0 prev_prio=120 prev_state=R ==> next_comm=Chrome_IOThread next_pid=1860 next_prio=120
 Chrome_IOThread-1860  [001] d...    87.671649: sched_waking: comm=chrome pid=1524 prio=120 target_cpu=003
 Chrome_IOThread-1860  [001] d...    87.671650: sched_wake_idle_without_ipi: cpu=3
 Chrome_IOThread-1860  [001] d...    87.671650: sched_wakeup: comm=chrome pid=1524 prio=120 target_cpu=003
 Chrome_IOThread-1860  [001] d...    87.671672: sched_waking: comm=Chrome_ChildIOT pid=3068 prio=120 target_cpu=004
 Chrome_IOThread-1860  [001] d...    87.671672: sched_wake_idle_without_ipi: cpu=4
 Chrome_IOThread-1860  [001] d...    87.671672: sched_wakeup: comm=Chrome_ChildIOT pid=3068 prio=120 target_cpu=004
 Chrome_IOThread-1860  [001] d...    87.671703: sched_stat_runtime: comm=Chrome_IOThread pid=1860 runtime=140723 [ns] vruntime=8465146381 [ns]
 Chrome_IOThread-1860  [001] d...    87.671704: sched_switch: prev_comm=Chrome_IOThread prev_pid=1860 prev_prio=120 prev_state=S ==> next_comm=swapper/1 next_pid=0 next_prio=120
          <idle>-0     [001] d...    87.671705: cpu_idle: state=6 cpu_id=1
          <idle>-0     [001] dN..    87.671988: cpu_idle: state=4294967295 cpu_id=1
          <idle>-0     [001] d...    87.671989: sched_switch: prev_comm=swapper/1 prev_pid=0 prev_prio=120 prev_state=R ==> next_comm=Chrome_IOThread next_pid=1860 next_prio=120
 Chrome_IOThread-1860  [001] d...    87.672027: sched_waking: comm=BrowserBlocking pid=1831 prio=120 target_cpu=003
 Chrome_IOThread-1860  [001] d...    87.672028: sched_wake_idle_without_ipi: cpu=3
 Chrome_IOThread-1860  [001] d...    87.672028: sched_wakeup: comm=BrowserBlocking pid=1831 prio=120 target_cpu=003
 Chrome_IOThread-1860  [001] d...    87.672062: sched_waking: comm=chrome pid=1524 prio=120 target_cpu=003
 Chrome_IOThread-1860  [001] d...    87.672063: sched_migrate_task: comm=chrome pid=1524 prio=120 orig_cpu=3 dest_cpu=2
 Chrome_IOThread-1860  [001] d...    87.672063: sutil_marker: Schedutil: attach_entity_load_avg: 0: 0
 Chrome_IOThread-1860  [001] d...    87.672063: sched_wake_idle_without_ipi: cpu=2
 Chrome_IOThread-1860  [001] d...    87.672064: sched_wakeup: comm=chrome pid=1524 prio=120 target_cpu=002
 Chrome_IOThread-1860  [001] d...    87.672084: sched_waking: comm=Chrome_ChildIOT pid=3068 prio=120 target_cpu=004
 Chrome_IOThread-1860  [001] d...    87.672085: sched_wake_idle_without_ipi: cpu=4
 Chrome_IOThread-1860  [001] d...    87.672085: sched_wakeup: comm=Chrome_ChildIOT pid=3068 prio=120 target_cpu=004
 Chrome_IOThread-1860  [001] d...    87.672111: sched_stat_runtime: comm=Chrome_IOThread pid=1860 runtime=177087 [ns] vruntime=8465323468 [ns]
 Chrome_IOThread-1860  [001] d...    87.672112: sched_switch: prev_comm=Chrome_IOThread prev_pid=1860 prev_prio=120 prev_state=S ==> next_comm=swapper/1 next_pid=0 next_prio=120
          <idle>-0     [001] d...    87.672114: cpu_idle: state=6 cpu_id=1
          <idle>-0     [001] dN..    87.672385: cpu_idle: state=4294967295 cpu_id=1
          <idle>-0     [001] d...    87.672387: sched_switch: prev_comm=swapper/1 prev_pid=0 prev_prio=120 prev_state=R ==> next_comm=Chrome_IOThread next_pid=1860 next_prio=120
 Chrome_IOThread-1860  [001] d...    87.672404: sched_waking: comm=BrowserBlocking pid=1894 prio=120 target_cpu=001
 Chrome_IOThread-1860  [001] d...    87.672405: sched_migrate_task: comm=BrowserBlocking pid=1894 prio=120 orig_cpu=1 dest_cpu=2
 Chrome_IOThread-1860  [001] d...    87.672405: sutil_marker: Schedutil: attach_entity_load_avg: 0: 0
 Chrome_IOThread-1860  [001] d...    87.672406: sched_wake_idle_without_ipi: cpu=2
 Chrome_IOThread-1860  [001] d...    87.672406: sched_wakeup: comm=BrowserBlocking pid=1894 prio=120 target_cpu=002
 Chrome_IOThread-1860  [001] d...    87.672429: sched_stat_runtime: comm=Chrome_IOThread pid=1860 runtime=67120 [ns] vruntime=8465390588 [ns]
 Chrome_IOThread-1860  [001] d...    87.672429: sched_switch: prev_comm=Chrome_IOThread prev_pid=1860 prev_prio=120 prev_state=S ==> next_comm=swapper/1 next_pid=0 next_prio=120
          <idle>-0     [001] d...    87.672431: cpu_idle: state=6 cpu_id=1
          <idle>-0     [001] dN..    87.672788: cpu_idle: state=4294967295 cpu_id=1
          <idle>-0     [001] d...    87.672790: sched_switch: prev_comm=swapper/1 prev_pid=0 prev_prio=120 prev_state=R ==> next_comm=Chrome_IOThread next_pid=1860 next_prio=120
 Chrome_IOThread-1860  [001] d...    87.672801: sched_waking: comm=Chrome_ChildIOT pid=3068 prio=120 target_cpu=004
 Chrome_IOThread-1860  [001] d...    87.672802: sched_wake_idle_without_ipi: cpu=4
 Chrome_IOThread-1860  [001] d...    87.672802: sched_wakeup: comm=Chrome_ChildIOT pid=3068 prio=120 target_cpu=004
 Chrome_IOThread-1860  [001] d...    87.672812: sched_stat_runtime: comm=Chrome_IOThread pid=1860 runtime=47159 [ns] vruntime=8465437747 [ns]
 Chrome_IOThread-1860  [001] d...    87.672813: sched_switch: prev_comm=Chrome_IOThread prev_pid=1860 prev_prio=120 prev_state=S ==> next_comm=swapper/1 next_pid=0 next_prio=120
          <idle>-0     [001] d...    87.672814: cpu_idle: state=6 cpu_id=1
          <idle>-0     [001] d...    87.673348: cpu_idle: state=4294967295 cpu_id=1
          <idle>-0     [001] d...    87.673378: cpu_idle: state=4 cpu_id=1
          <idle>-0     [001] d...    87.675188: cpu_idle: state=4294967295 cpu_id=1
          <idle>-0     [001] d.h.    87.675190: sched_waking: comm=chrome pid=2576 prio=120 target_cpu=001
          <idle>-0     [001] d.h.    87.675192: sutil_marker: Schedutil: get_next_freq: 800000: 1024
          <idle>-0     [001] d.h.    87.675192: sutil_marker: Schedutil: update-single-util: 187: 183
          <idle>-0     [001] d.h.    87.675192: sutil_marker: Schedutil: update-single-boost: 187: 183
          <idle>-0     [001] d.h.    87.675192: sutil_marker: Schedutil: update-single-freq: 800000: 800000
          <idle>-0     [001] dNh.    87.675193: sched_wakeup: comm=chrome pid=2576 prio=120 target_cpu=001
          <idle>-0     [001] d...    87.675195: sched_switch: prev_comm=swapper/1 prev_pid=0 prev_prio=120 prev_state=R ==> next_comm=chrome next_pid=2576 next_prio=120
          chrome-2576  [001] d...    87.675240: sched_stat_runtime: comm=chrome pid=2576 runtime=49025 [ns] vruntime=8453486772 [ns]
          chrome-2576  [001] d...    87.675241: sched_switch: prev_comm=chrome prev_pid=2576 prev_prio=120 prev_state=S ==> next_comm=swapper/1 next_pid=0 next_prio=120
          <idle>-0     [001] d...    87.675243: cpu_idle: state=2 cpu_id=1
          <idle>-0     [001] d...    87.675509: cpu_idle: state=4294967295 cpu_id=1
          <idle>-0     [001] d...    87.675535: cpu_idle: state=6 cpu_id=1
          <idle>-0     [001] dN..    87.676317: cpu_idle: state=4294967295 cpu_id=1
          <idle>-0     [001] d...    87.676320: sched_switch: prev_comm=swapper/1 prev_pid=0 prev_prio=120 prev_state=R ==> next_comm=Chrome_IOThread next_pid=1860 next_prio=120
 Chrome_IOThread-1860  [001] d...    87.676366: sched_waking: comm=chrome pid=1524 prio=120 target_cpu=002
 Chrome_IOThread-1860  [001] d...    87.676368: sched_wake_idle_without_ipi: cpu=2
 Chrome_IOThread-1860  [001] d...    87.676368: sched_wakeup: comm=chrome pid=1524 prio=120 target_cpu=002
 Chrome_IOThread-1860  [001] d...    87.676388: sched_waking: comm=Chrome_ChildIOT pid=3068 prio=120 target_cpu=004
 Chrome_IOThread-1860  [001] d...    87.676389: sched_wake_idle_without_ipi: cpu=4
 Chrome_IOThread-1860  [001] d...    87.676389: sched_wakeup: comm=Chrome_ChildIOT pid=3068 prio=120 target_cpu=004
 Chrome_IOThread-1860  [001] d...    87.676415: sched_stat_runtime: comm=Chrome_IOThread pid=1860 runtime=150828 [ns] vruntime=8465588575 [ns]
 Chrome_IOThread-1860  [001] d...    87.676416: sutil_marker: Schedutil: get_next_freq: 800000: 1024
 Chrome_IOThread-1860  [001] d...    87.676416: sutil_marker: Schedutil: update-single-util: 183: 183
 Chrome_IOThread-1860  [001] d...    87.676416: sutil_marker: Schedutil: update-single-boost: 183: 183
 Chrome_IOThread-1860  [001] d...    87.676416: sutil_marker: Schedutil: update-single-freq: 800000: 800000
 Chrome_IOThread-1860  [001] d...    87.676417: sched_switch: prev_comm=Chrome_IOThread prev_pid=1860 prev_prio=120 prev_state=S ==> next_comm=swapper/1 next_pid=0 next_prio=120
          <idle>-0     [001] d...    87.676418: cpu_idle: state=6 cpu_id=1
          <idle>-0     [001] dN..    87.676511: cpu_idle: state=4294967295 cpu_id=1
          <idle>-0     [001] d...    87.676512: sched_switch: prev_comm=swapper/1 prev_pid=0 prev_prio=120 prev_state=R ==> next_comm=Chrome_IOThread next_pid=1860 next_prio=120
 Chrome_IOThread-1860  [001] d...    87.676544: sched_waking: comm=chrome pid=1524 prio=120 target_cpu=002
 Chrome_IOThread-1860  [001] d...    87.676546: sched_wakeup: comm=chrome pid=1524 prio=120 target_cpu=002
 Chrome_IOThread-1860  [001] d...    87.676554: sched_stat_runtime: comm=Chrome_IOThread pid=1860 runtime=44772 [ns] vruntime=8465633347 [ns]
 Chrome_IOThread-1860  [001] d...    87.676555: sched_switch: prev_comm=Chrome_IOThread prev_pid=1860 prev_prio=120 prev_state=S ==> next_comm=swapper/1 next_pid=0 next_prio=120
          <idle>-0     [001] d...    87.676557: cpu_idle: state=6 cpu_id=1
          <idle>-0     [001] dN..    87.676563: cpu_idle: state=4294967295 cpu_id=1
          <idle>-0     [001] d...    87.676563: sched_switch: prev_comm=swapper/1 prev_pid=0 prev_prio=120 prev_state=R ==> next_comm=Chrome_IOThread next_pid=1860 next_prio=120
 Chrome_IOThread-1860  [001] d...    87.676573: sched_waking: comm=chrome pid=1524 prio=120 target_cpu=002
 Chrome_IOThread-1860  [001] d...    87.676574: sched_wake_idle_without_ipi: cpu=2
 Chrome_IOThread-1860  [001] d...    87.676574: sched_wakeup: comm=chrome pid=1524 prio=120 target_cpu=002
 Chrome_IOThread-1860  [001] d...    87.676584: sched_waking: comm=chrome pid=1524 prio=120 target_cpu=002
 Chrome_IOThread-1860  [001] d...    87.676584: sched_wake_idle_without_ipi: cpu=2
 Chrome_IOThread-1860  [001] d...    87.676585: sched_wakeup: comm=chrome pid=1524 prio=120 target_cpu=002
 Chrome_IOThread-1860  [001] d...    87.676586: sched_stat_runtime: comm=Chrome_IOThread pid=1860 runtime=24824 [ns] vruntime=8465658171 [ns]
 Chrome_IOThread-1860  [001] d...    87.676587: sched_switch: prev_comm=Chrome_IOThread prev_pid=1860 prev_prio=120 prev_state=S ==> next_comm=swapper/1 next_pid=0 next_prio=120
          <idle>-0     [001] d...    87.676588: cpu_idle: state=6 cpu_id=1
          <idle>-0     [001] dN..    87.676590: cpu_idle: state=4294967295 cpu_id=1
          <idle>-0     [001] d...    87.676591: sched_switch: prev_comm=swapper/1 prev_pid=0 prev_prio=120 prev_state=R ==> next_comm=Chrome_IOThread next_pid=1860 next_prio=120
 Chrome_IOThread-1860  [001] d...    87.676592: sched_waking: comm=chrome pid=1524 prio=120 target_cpu=002
 Chrome_IOThread-1860  [001] d...    87.676593: sched_wake_idle_without_ipi: cpu=2
 Chrome_IOThread-1860  [001] d...    87.676593: sched_wakeup: comm=chrome pid=1524 prio=120 target_cpu=002
 Chrome_IOThread-1860  [001] d...    87.676595: sched_waking: comm=Chrome_ChildIOT pid=3068 prio=120 target_cpu=004
 Chrome_IOThread-1860  [001] d...    87.676596: sched_wake_idle_without_ipi: cpu=4
 Chrome_IOThread-1860  [001] d...    87.676596: sched_wakeup: comm=Chrome_ChildIOT pid=3068 prio=120 target_cpu=004
 Chrome_IOThread-1860  [001] d...    87.676604: sched_stat_runtime: comm=Chrome_IOThread pid=1860 runtime=15089 [ns] vruntime=8465673260 [ns]
 Chrome_IOThread-1860  [001] d...    87.676605: sched_switch: prev_comm=Chrome_IOThread prev_pid=1860 prev_prio=120 prev_state=S ==> next_comm=swapper/1 next_pid=0 next_prio=120
          <idle>-0     [001] dn..    87.676606: cpu_idle: state=4 cpu_id=1
          <idle>-0     [001] dN..    87.676606: cpu_idle: state=4294967295 cpu_id=1
          <idle>-0     [001] d...    87.676607: sched_switch: prev_comm=swapper/1 prev_pid=0 prev_prio=120 prev_state=R ==> next_comm=Chrome_IOThread next_pid=1860 next_prio=120
 Chrome_IOThread-1860  [001] d...    87.676609: sched_waking: comm=chrome pid=1524 prio=120 target_cpu=002
 Chrome_IOThread-1860  [001] d...    87.676610: sched_wake_idle_without_ipi: cpu=2
 Chrome_IOThread-1860  [001] d...    87.676610: sched_wakeup: comm=chrome pid=1524 prio=120 target_cpu=002
 Chrome_IOThread-1860  [001] d...    87.676624: sched_stat_runtime: comm=Chrome_IOThread pid=1860 runtime=18380 [ns] vruntime=8465691640 [ns]
 Chrome_IOThread-1860  [001] d...    87.676624: sched_switch: prev_comm=Chrome_IOThread prev_pid=1860 prev_prio=120 prev_state=S ==> next_comm=swapper/1 next_pid=0 next_prio=120
          <idle>-0     [001] d...    87.676625: cpu_idle: state=4 cpu_id=1
          <idle>-0     [001] dN..    87.676636: cpu_idle: state=4294967295 cpu_id=1
          <idle>-0     [001] d...    87.676637: sched_switch: prev_comm=swapper/1 prev_pid=0 prev_prio=120 prev_state=R ==> next_comm=Chrome_IOThread next_pid=1860 next_prio=120
 Chrome_IOThread-1860  [001] d...    87.676642: sched_stat_runtime: comm=Chrome_IOThread pid=1860 runtime=6921 [ns] vruntime=8465698561 [ns]
 Chrome_IOThread-1860  [001] d...    87.676642: sched_switch: prev_comm=Chrome_IOThread prev_pid=1860 prev_prio=120 prev_state=S ==> next_comm=swapper/1 next_pid=0 next_prio=120
          <idle>-0     [001] d...    87.676643: cpu_idle: state=4 cpu_id=1
          <idle>-0     [001] dN..    87.676681: cpu_idle: state=4294967295 cpu_id=1
          <idle>-0     [001] d...    87.676681: sched_switch: prev_comm=swapper/1 prev_pid=0 prev_prio=120 prev_state=R ==> next_comm=Chrome_IOThread next_pid=1860 next_prio=120
 Chrome_IOThread-1860  [001] d...    87.676693: sched_stat_runtime: comm=Chrome_IOThread pid=1860 runtime=13707 [ns] vruntime=8465712268 [ns]
 Chrome_IOThread-1860  [001] d...    87.676694: sched_switch: prev_comm=Chrome_IOThread prev_pid=1860 prev_prio=120 prev_state=S ==> next_comm=swapper/1 next_pid=0 next_prio=120
          <idle>-0     [001] d...    87.676695: cpu_idle: state=1 cpu_id=1
          <idle>-0     [001] dN..    87.676697: cpu_idle: state=4294967295 cpu_id=1
          <idle>-0     [001] d...    87.676698: sched_switch: prev_comm=swapper/1 prev_pid=0 prev_prio=120 prev_state=R ==> next_comm=Chrome_IOThread next_pid=1860 next_prio=120
 Chrome_IOThread-1860  [001] d...    87.676777: sched_stat_runtime: comm=Chrome_IOThread pid=1860 runtime=80477 [ns] vruntime=8465792745 [ns]
 Chrome_IOThread-1860  [001] d...    87.676778: sched_switch: prev_comm=Chrome_IOThread prev_pid=1860 prev_prio=120 prev_state=S ==> next_comm=swapper/1 next_pid=0 next_prio=120
          <idle>-0     [001] d...    87.676779: cpu_idle: state=1 cpu_id=1
          <idle>-0     [001] dN..    87.676809: cpu_idle: state=4294967295 cpu_id=1
          <idle>-0     [001] d...    87.676810: sched_switch: prev_comm=swapper/1 prev_pid=0 prev_prio=120 prev_state=R ==> next_comm=Chrome_IOThread next_pid=1860 next_prio=120
 Chrome_IOThread-1860  [001] d...    87.676839: sched_waking: comm=chrome pid=1524 prio=120 target_cpu=002
 Chrome_IOThread-1860  [001] d...    87.676841: sched_wake_idle_without_ipi: cpu=2
 Chrome_IOThread-1860  [001] d...    87.676842: sched_wakeup: comm=chrome pid=1524 prio=120 target_cpu=002
 Chrome_IOThread-1860  [001] d...    87.676871: sched_stat_runtime: comm=Chrome_IOThread pid=1860 runtime=62377 [ns] vruntime=8465855122 [ns]
 Chrome_IOThread-1860  [001] d...    87.676872: sched_switch: prev_comm=Chrome_IOThread prev_pid=1860 prev_prio=120 prev_state=S ==> next_comm=swapper/1 next_pid=0 next_prio=120
          <idle>-0     [001] d...    87.676873: cpu_idle: state=1 cpu_id=1
          <idle>-0     [001] dN..    87.677004: cpu_idle: state=4294967295 cpu_id=1
          <idle>-0     [001] d...    87.677005: sched_switch: prev_comm=swapper/1 prev_pid=0 prev_prio=120 prev_state=R ==> next_comm=Chrome_IOThread next_pid=1860 next_prio=120
 Chrome_IOThread-1860  [001] d...    87.677030: sched_waking: comm=chrome pid=1524 prio=120 target_cpu=002
 Chrome_IOThread-1860  [001] d...    87.677031: sched_wake_idle_without_ipi: cpu=2
 Chrome_IOThread-1860  [001] d...    87.677031: sched_wakeup: comm=chrome pid=1524 prio=120 target_cpu=002
 Chrome_IOThread-1860  [001] d...    87.677054: sched_stat_runtime: comm=Chrome_IOThread pid=1860 runtime=50808 [ns] vruntime=8465905930 [ns]
 Chrome_IOThread-1860  [001] d...    87.677054: sched_switch: prev_comm=Chrome_IOThread prev_pid=1860 prev_prio=120 prev_state=S ==> next_comm=swapper/1 next_pid=0 next_prio=120
          <idle>-0     [001] d...    87.677079: cpu_idle: state=1 cpu_id=1
          <idle>-0     [001] dN..    87.677088: cpu_idle: state=4294967295 cpu_id=1
          <idle>-0     [001] d...    87.677089: sched_switch: prev_comm=swapper/1 prev_pid=0 prev_prio=120 prev_state=R ==> next_comm=Chrome_IOThread next_pid=1860 next_prio=120
 Chrome_IOThread-1860  [001] d...    87.677095: sched_stat_runtime: comm=Chrome_IOThread pid=1860 runtime=6911 [ns] vruntime=8465912841 [ns]
 Chrome_IOThread-1860  [001] d...    87.677095: sched_switch: prev_comm=Chrome_IOThread prev_pid=1860 prev_prio=120 prev_state=S ==> next_comm=swapper/1 next_pid=0 next_prio=120
          <idle>-0     [001] d...    87.677096: cpu_idle: state=1 cpu_id=1
          <idle>-0     [001] dN..    87.677097: cpu_idle: state=4294967295 cpu_id=1
          <idle>-0     [001] d...    87.677098: sched_switch: prev_comm=swapper/1 prev_pid=0 prev_prio=120 prev_state=R ==> next_comm=Chrome_IOThread next_pid=1860 next_prio=120
 Chrome_IOThread-1860  [001] d...    87.677282: sched_stat_runtime: comm=Chrome_IOThread pid=1860 runtime=185923 [ns] vruntime=8466098764 [ns]
 Chrome_IOThread-1860  [001] d...    87.677284: sched_switch: prev_comm=Chrome_IOThread prev_pid=1860 prev_prio=120 prev_state=S ==> next_comm=swapper/1 next_pid=0 next_prio=120
          <idle>-0     [001] d...    87.677285: cpu_idle: state=1 cpu_id=1
          <idle>-0     [001] dN..    87.677550: cpu_idle: state=4294967295 cpu_id=1
          <idle>-0     [001] d...    87.677551: sched_switch: prev_comm=swapper/1 prev_pid=0 prev_prio=120 prev_state=R ==> next_comm=Chrome_IOThread next_pid=1860 next_prio=120
 Chrome_IOThread-1860  [001] d...    87.677561: sched_waking: comm=Chrome_ChildIOT pid=3068 prio=120 target_cpu=004
 Chrome_IOThread-1860  [001] d...    87.677562: sched_wake_idle_without_ipi: cpu=4
 Chrome_IOThread-1860  [001] d...    87.677562: sched_wakeup: comm=Chrome_ChildIOT pid=3068 prio=120 target_cpu=004
 Chrome_IOThread-1860  [001] d...    87.677568: sched_stat_runtime: comm=Chrome_IOThread pid=1860 runtime=19512 [ns] vruntime=8466118276 [ns]
 Chrome_IOThread-1860  [001] d...    87.677569: sched_switch: prev_comm=Chrome_IOThread prev_pid=1860 prev_prio=120 prev_state=S ==> next_comm=swapper/1 next_pid=0 next_prio=120
          <idle>-0     [001] d...    87.677570: cpu_idle: state=1 cpu_id=1
          <idle>-0     [001] dN..    87.677620: cpu_idle: state=4294967295 cpu_id=1
          <idle>-0     [001] d...    87.677621: sched_switch: prev_comm=swapper/1 prev_pid=0 prev_prio=120 prev_state=R ==> next_comm=Chrome_IOThread next_pid=1860 next_prio=120
 Chrome_IOThread-1860  [001] d...    87.677644: sched_waking: comm=BrowserBlocking pid=1831 prio=120 target_cpu=003
 Chrome_IOThread-1860  [001] d...    87.677646: sched_wake_idle_without_ipi: cpu=3
 Chrome_IOThread-1860  [001] d...    87.677646: sched_wakeup: comm=BrowserBlocking pid=1831 prio=120 target_cpu=003
 Chrome_IOThread-1860  [001] d...    87.677928: sched_waking: comm=SimpleCacheWork pid=1906 prio=120 target_cpu=007
 Chrome_IOThread-1860  [001] d...    87.677929: sched_wake_idle_without_ipi: cpu=7
 Chrome_IOThread-1860  [001] d...    87.677929: sched_wakeup: comm=SimpleCacheWork pid=1906 prio=120 target_cpu=007
 Chrome_IOThread-1860  [001] d...    87.677954: sched_stat_runtime: comm=Chrome_IOThread pid=1860 runtime=334218 [ns] vruntime=8466452494 [ns]
 Chrome_IOThread-1860  [001] d...    87.677955: sched_switch: prev_comm=Chrome_IOThread prev_pid=1860 prev_prio=120 prev_state=S ==> next_comm=swapper/1 next_pid=0 next_prio=120
          <idle>-0     [001] d...    87.677956: cpu_idle: state=1 cpu_id=1
          <idle>-0     [001] dN..    87.678050: cpu_idle: state=4294967295 cpu_id=1
          <idle>-0     [001] d...    87.678052: sched_switch: prev_comm=swapper/1 prev_pid=0 prev_prio=120 prev_state=R ==> next_comm=Chrome_IOThread next_pid=1860 next_prio=120
 Chrome_IOThread-1860  [001] d...    87.678212: sched_stat_runtime: comm=Chrome_IOThread pid=1860 runtime=162363 [ns] vruntime=8466614857 [ns]
 Chrome_IOThread-1860  [001] d...    87.678213: sched_switch: prev_comm=Chrome_IOThread prev_pid=1860 prev_prio=120 prev_state=S ==> next_comm=swapper/1 next_pid=0 next_prio=120
          <idle>-0     [001] d...    87.678215: cpu_idle: state=3 cpu_id=1
          <idle>-0     [001] dN..    87.678268: cpu_idle: state=4294967295 cpu_id=1
          <idle>-0     [001] d...    87.678270: sched_switch: prev_comm=swapper/1 prev_pid=0 prev_prio=120 prev_state=R ==> next_comm=CompositorTileW next_pid=1862 next_prio=120
 CompositorTileW-1862  [001] d...    87.678321: sched_waking: comm=Chrome_IOThread pid=1860 prio=120 target_cpu=001
 CompositorTileW-1862  [001] d...    87.678323: sched_migrate_task: comm=Chrome_IOThread pid=1860 prio=120 orig_cpu=1 dest_cpu=3
 CompositorTileW-1862  [001] d...    87.678323: sutil_marker: Schedutil: attach_entity_load_avg: 0: 0
 CompositorTileW-1862  [001] d...    87.678324: sched_wake_idle_without_ipi: cpu=3
 CompositorTileW-1862  [001] d...    87.678324: sched_wakeup: comm=Chrome_IOThread pid=1860 prio=120 target_cpu=003
 CompositorTileW-1862  [001] d...    87.678537: sched_waking: comm=chrome pid=1524 prio=120 target_cpu=002
 CompositorTileW-1862  [001] d...    87.678539: sched_wake_idle_without_ipi: cpu=2
 CompositorTileW-1862  [001] d...    87.678539: sched_wakeup: comm=chrome pid=1524 prio=120 target_cpu=002
 CompositorTileW-1862  [001] d...    87.678542: sched_stat_runtime: comm=CompositorTileW pid=1862 runtime=275286 [ns] vruntime=8454890143 [ns]
 CompositorTileW-1862  [001] d...    87.678543: sutil_marker: Schedutil: get_next_freq: 800000: 1024
 CompositorTileW-1862  [001] d...    87.678543: sutil_marker: Schedutil: update-single-util: 183: 202
 CompositorTileW-1862  [001] d...    87.678543: sutil_marker: Schedutil: update-single-boost: 183: 202
 CompositorTileW-1862  [001] d...    87.678544: sutil_marker: Schedutil: update-single-freq: 800000: 800000
 CompositorTileW-1862  [001] d...    87.678544: sched_switch: prev_comm=CompositorTileW prev_pid=1862 prev_prio=120 prev_state=S ==> next_comm=swapper/1 next_pid=0 next_prio=120
          <idle>-0     [001] d...    87.678546: cpu_idle: state=4 cpu_id=1
          <idle>-0     [001] d...    87.679526: cpu_idle: state=4294967295 cpu_id=1
          <idle>-0     [001] d...    87.679555: cpu_idle: state=3 cpu_id=1
          <idle>-0     [001] d...    87.679815: cpu_idle: state=4294967295 cpu_id=1
          <idle>-0     [001] d.h.    87.679817: sched_waking: comm=chrome pid=2576 prio=120 target_cpu=001
          <idle>-0     [001] d.h.    87.679818: sutil_marker: Schedutil: get_next_freq: 800000: 1024
          <idle>-0     [001] d.h.    87.679819: sutil_marker: Schedutil: update-single-util: 202: 58
          <idle>-0     [001] d.h.    87.679819: sutil_marker: Schedutil: update-single-boost: 202: 58
          <idle>-0     [001] d.h.    87.679819: sutil_marker: Schedutil: update-single-freq: 800000: 800000
          <idle>-0     [001] dNh.    87.679820: sched_wakeup: comm=chrome pid=2576 prio=120 target_cpu=001
          <idle>-0     [001] d...    87.679822: sched_switch: prev_comm=swapper/1 prev_pid=0 prev_prio=120 prev_state=R ==> next_comm=chrome next_pid=2576 next_prio=120
          chrome-2576  [001] d...    87.679911: sched_stat_runtime: comm=chrome pid=2576 runtime=92872 [ns] vruntime=8454707729 [ns]
          chrome-2576  [001] d...    87.679913: sched_switch: prev_comm=chrome prev_pid=2576 prev_prio=120 prev_state=S ==> next_comm=swapper/1 next_pid=0 next_prio=120
          <idle>-0     [001] d...    87.679915: cpu_idle: state=6 cpu_id=1
          <idle>-0     [001] dN..    87.679941: cpu_idle: state=4294967295 cpu_id=1
          <idle>-0     [001] d...    87.679944: sched_switch: prev_comm=swapper/1 prev_pid=0 prev_prio=120 prev_state=R ==> next_comm=Xorg next_pid=1080 next_prio=120
            Xorg-1080  [001] d...    87.679969: sched_waking: comm=marco pid=2113 prio=120 target_cpu=002
            Xorg-1080  [001] d...    87.679971: sched_wake_idle_without_ipi: cpu=2
            Xorg-1080  [001] d...    87.679971: sched_wakeup: comm=marco pid=2113 prio=120 target_cpu=002
            Xorg-1080  [001] d...    87.679983: sched_stat_runtime: comm=Xorg pid=1080 runtime=43180 [ns] vruntime=234919910 [ns]
            Xorg-1080  [001] d...    87.679984: sched_switch: prev_comm=Xorg prev_pid=1080 prev_prio=120 prev_state=S ==> next_comm=swapper/1 next_pid=0 next_prio=120
          <idle>-0     [001] d...    87.679986: cpu_idle: state=6 cpu_id=1
          <idle>-0     [001] dN..    87.680001: cpu_idle: state=4294967295 cpu_id=1
          <idle>-0     [001] d...    87.680002: sched_switch: prev_comm=swapper/1 prev_pid=0 prev_prio=120 prev_state=R ==> next_comm=Xorg next_pid=1080 next_prio=120
            Xorg-1080  [001] d...    87.680124: sched_waking: comm=marco pid=2113 prio=120 target_cpu=002
            Xorg-1080  [001] d...    87.680126: sched_wake_idle_without_ipi: cpu=2
            Xorg-1080  [001] d...    87.680126: sched_wakeup: comm=marco pid=2113 prio=120 target_cpu=002
            Xorg-1080  [001] d...    87.680138: sched_stat_runtime: comm=Xorg pid=1080 runtime=138331 [ns] vruntime=235058241 [ns]
            Xorg-1080  [001] d...    87.680139: sched_switch: prev_comm=Xorg prev_pid=1080 prev_prio=120 prev_state=S ==> next_comm=swapper/1 next_pid=0 next_prio=120
          <idle>-0     [001] d...    87.680141: cpu_idle: state=4 cpu_id=1
          <idle>-0     [001] dN..    87.681973: cpu_idle: state=4294967295 cpu_id=1
          <idle>-0     [001] d...    87.681983: sched_switch: prev_comm=swapper/1 prev_pid=0 prev_prio=120 prev_state=R ==> next_comm=pulseaudio next_pid=1481 next_prio=109
      pulseaudio-1481  [001] d...    87.682060: sched_waking: comm=alsa-sink-USB A pid=2139 prio=94 target_cpu=006
      pulseaudio-1481  [001] d...    87.682065: sched_wakeup: comm=alsa-sink-USB A pid=2139 prio=94 target_cpu=006
      pulseaudio-1481  [001] d...    87.682093: sched_stat_runtime: comm=pulseaudio pid=1481 runtime=140429 [ns] vruntime=6411481 [ns]
      pulseaudio-1481  [001] d...    87.682097: sched_switch: prev_comm=pulseaudio prev_pid=1481 prev_prio=109 prev_state=S ==> next_comm=swapper/1 next_pid=0 next_prio=120
          <idle>-0     [001] d...    87.682108: cpu_idle: state=4 cpu_id=1
          <idle>-0     [001] dN..    87.682160: cpu_idle: state=4294967295 cpu_id=1
          <idle>-0     [001] d...    87.682166: sched_switch: prev_comm=swapper/1 prev_pid=0 prev_prio=120 prev_state=R ==> next_comm=pulseaudio next_pid=1481 next_prio=109
      pulseaudio-1481  [001] d...    87.682216: sched_waking: comm=threaded-ml pid=1603 prio=120 target_cpu=003
      pulseaudio-1481  [001] d...    87.682221: sched_wake_idle_without_ipi: cpu=3
      pulseaudio-1481  [001] d...    87.682222: sched_wakeup: comm=threaded-ml pid=1603 prio=120 target_cpu=003
      pulseaudio-1481  [001] d...    87.682245: sched_stat_runtime: comm=pulseaudio pid=1481 runtime=88465 [ns] vruntime=6419083 [ns]
      pulseaudio-1481  [001] d...    87.682248: sched_switch: prev_comm=pulseaudio prev_pid=1481 prev_prio=109 prev_state=S ==> next_comm=swapper/1 next_pid=0 next_prio=120
          <idle>-0     [001] d...    87.682255: cpu_idle: state=4 cpu_id=1
          <idle>-0     [001] dN..    87.684125: cpu_idle: state=4294967295 cpu_id=1
          <idle>-0     [001] d...    87.684138: sched_switch: prev_comm=swapper/1 prev_pid=0 prev_prio=120 prev_state=R ==> next_comm=pulseaudio next_pid=1481 next_prio=109
      pulseaudio-1481  [001] d...    87.684210: sched_waking: comm=alsa-sink-USB A pid=2139 prio=94 target_cpu=006
      pulseaudio-1481  [001] d...    87.684214: sched_wake_idle_without_ipi: cpu=6
      pulseaudio-1481  [001] d...    87.684214: sched_wakeup: comm=alsa-sink-USB A pid=2139 prio=94 target_cpu=006
      pulseaudio-1481  [001] d...    87.684242: sched_stat_runtime: comm=pulseaudio pid=1481 runtime=111898 [ns] vruntime=6428698 [ns]
      pulseaudio-1481  [001] d...    87.684246: sched_switch: prev_comm=pulseaudio prev_pid=1481 prev_prio=109 prev_state=S ==> next_comm=swapper/1 next_pid=0 next_prio=120
          <idle>-0     [001] d...    87.684257: cpu_idle: state=4 cpu_id=1
          <idle>-0     [001] d...    87.688185: cpu_idle: state=4294967295 cpu_id=1
          <idle>-0     [001] d.h.    87.688191: sched_waking: comm=Xorg pid=1080 prio=120 target_cpu=001
          <idle>-0     [001] d.h.    87.688196: sutil_marker: Schedutil: get_next_freq: 800000: 1024
          <idle>-0     [001] d.h.    87.688197: sutil_marker: Schedutil: update-single-util: 58: 91
          <idle>-0     [001] d.h.    87.688198: sutil_marker: Schedutil: update-single-boost: 58: 91
          <idle>-0     [001] d.h.    87.688198: sutil_marker: Schedutil: update-single-freq: 800000: 800000
          <idle>-0     [001] dNh.    87.688200: sched_wakeup: comm=Xorg pid=1080 prio=120 target_cpu=001
          <idle>-0     [001] d...    87.688209: sched_switch: prev_comm=swapper/1 prev_pid=0 prev_prio=120 prev_state=R ==> next_comm=Xorg next_pid=1080 next_prio=120
            Xorg-1080  [001] d...    87.688349: sched_waking: comm=kworker/u16:5 pid=196 prio=120 target_cpu=003
            Xorg-1080  [001] d...    87.688354: sched_wake_idle_without_ipi: cpu=3
            Xorg-1080  [001] d...    87.688355: sched_wakeup: comm=kworker/u16:5 pid=196 prio=120 target_cpu=003
            Xorg-1080  [001] d...    87.688358: sched_waking: comm=kworker/1:1 pid=58 prio=120 target_cpu=001
            Xorg-1080  [001] d...    87.688360: sched_wakeup: comm=kworker/1:1 pid=58 prio=120 target_cpu=001
            Xorg-1080  [001] d...    87.688401: sched_stat_runtime: comm=Xorg pid=1080 runtime=196363 [ns] vruntime=235254604 [ns]
            Xorg-1080  [001] d...    87.688406: sched_switch: prev_comm=Xorg prev_pid=1080 prev_prio=120 prev_state=S ==> next_comm=kworker/1:1 next_pid=58 next_prio=120
     kworker/1:1-58    [001] d...    87.688410: sched_stat_runtime: comm=kworker/1:1 pid=58 runtime=9419 [ns] vruntime=55651054506 [ns]
     kworker/1:1-58    [001] d...    87.688425: sched_switch: prev_comm=kworker/1:1 prev_pid=58 prev_prio=120 prev_state=S ==> next_comm=swapper/1 next_pid=0 next_prio=120
          <idle>-0     [001] d...    87.688435: cpu_idle: state=4 cpu_id=1
          <idle>-0     [001] dN..    87.697195: cpu_idle: state=4294967295 cpu_id=1
          <idle>-0     [001] d...    87.697209: sched_switch: prev_comm=swapper/1 prev_pid=0 prev_prio=120 prev_state=R ==> next_comm=CompositorTileW next_pid=1862 next_prio=120
 CompositorTileW-1862  [001] d...    87.697262: sched_stat_runtime: comm=CompositorTileW pid=1862 runtime=61292 [ns] vruntime=8454951435 [ns]
 CompositorTileW-1862  [001] d...    87.697267: sched_switch: prev_comm=CompositorTileW prev_pid=1862 prev_prio=120 prev_state=S ==> next_comm=swapper/1 next_pid=0 next_prio=120
          <idle>-0     [001] d...    87.697278: cpu_idle: state=6 cpu_id=1
          <idle>-0     [001] dN..    87.708977: cpu_idle: state=4294967295 cpu_id=1
          <idle>-0     [001] d...    87.708986: sched_switch: prev_comm=swapper/1 prev_pid=0 prev_prio=120 prev_state=R ==> next_comm=CompositorTileW next_pid=1862 next_prio=120
 CompositorTileW-1862  [001] d...    87.709015: sched_stat_runtime: comm=CompositorTileW pid=1862 runtime=34614 [ns] vruntime=8454986049 [ns]
 CompositorTileW-1862  [001] d...    87.709018: sched_switch: prev_comm=CompositorTileW prev_pid=1862 prev_prio=120 prev_state=S ==> next_comm=swapper/1 next_pid=0 next_prio=120
          <idle>-0     [001] d...    87.709027: cpu_idle: state=6 cpu_id=1
          <idle>-0     [001] dN..    87.712506: cpu_idle: state=4294967295 cpu_id=1
          <idle>-0     [001] d...    87.712514: sched_switch: prev_comm=swapper/1 prev_pid=0 prev_prio=120 prev_state=R ==> next_comm=pulseaudio next_pid=1481 next_prio=109
      pulseaudio-1481  [001] d...    87.712593: sched_waking: comm=threaded-ml pid=1603 prio=120 target_cpu=003
      pulseaudio-1481  [001] d...    87.712599: sched_wake_idle_without_ipi: cpu=3
      pulseaudio-1481  [001] d...    87.712600: sched_wakeup: comm=threaded-ml pid=1603 prio=120 target_cpu=003
      pulseaudio-1481  [001] d...    87.712632: sched_stat_runtime: comm=pulseaudio pid=1481 runtime=122245 [ns] vruntime=6439203 [ns]
      pulseaudio-1481  [001] d...    87.712635: sched_switch: prev_comm=pulseaudio prev_pid=1481 prev_prio=109 prev_state=S ==> next_comm=swapper/1 next_pid=0 next_prio=120
          <idle>-0     [001] d...    87.712643: cpu_idle: state=6 cpu_id=1
          <idle>-0     [001] d...    87.712836: cpu_idle: state=4294967295 cpu_id=1
          <idle>-0     [001] d.s.    87.712891: sched_waking: comm=Chrome_IOThread pid=1860 prio=120 target_cpu=007
          <idle>-0     [001] d.s.    87.712895: sched_wake_idle_without_ipi: cpu=7
          <idle>-0     [001] d.s.    87.712896: sched_wakeup: comm=Chrome_IOThread pid=1860 prio=120 target_cpu=007
          <idle>-0     [001] d...    87.712908: cpu_idle: state=6 cpu_id=1
          <idle>-0     [001] d...    87.713127: cpu_idle: state=4294967295 cpu_id=1
          <idle>-0     [001] d...    87.713149: cpu_idle: state=6 cpu_id=1
          <idle>-0     [001] d...    87.713399: cpu_idle: state=4294967295 cpu_id=1
          <idle>-0     [001] d...    87.713422: cpu_idle: state=6 cpu_id=1
          <idle>-0     [001] d...    87.713670: cpu_idle: state=4294967295 cpu_id=1
          <idle>-0     [001] d...    87.713675: cpu_idle: state=6 cpu_id=1
          <idle>-0     [001] d...    87.722828: cpu_idle: state=4294967295 cpu_id=1
          <idle>-0     [001] d...    87.722878: cpu_idle: state=6 cpu_id=1
          <idle>-0     [001] dN..    87.729686: cpu_idle: state=4294967295 cpu_id=1
          <idle>-0     [001] d...    87.729690: sched_switch: prev_comm=swapper/1 prev_pid=0 prev_prio=120 prev_state=R ==> next_comm=CompositorTileW next_pid=1862 next_prio=120
 CompositorTileW-1862  [001] d...    87.729702: sched_stat_runtime: comm=CompositorTileW pid=1862 runtime=14236 [ns] vruntime=8455000285 [ns]
 CompositorTileW-1862  [001] d...    87.729703: sched_switch: prev_comm=CompositorTileW prev_pid=1862 prev_prio=120 prev_state=S ==> next_comm=swapper/1 next_pid=0 next_prio=120
          <idle>-0     [001] d...    87.729705: cpu_idle: state=6 cpu_id=1
          <idle>-0     [001] d...    87.729978: cpu_idle: state=4294967295 cpu_id=1
          <idle>-0     [001] d...    87.729991: cpu_idle: state=6 cpu_id=1
          <idle>-0     [001] d...    87.730248: cpu_idle: state=4294967295 cpu_id=1
          <idle>-0     [001] d...    87.730253: cpu_idle: state=3 cpu_id=1
          <idle>-0     [001] dN..    87.734461: cpu_idle: state=4294967295 cpu_id=1
          <idle>-0     [001] d...    87.734470: sched_switch: prev_comm=swapper/1 prev_pid=0 prev_prio=120 prev_state=R ==> next_comm=pulseaudio next_pid=1481 next_prio=109
      pulseaudio-1481  [001] d...    87.734529: sched_waking: comm=alsa-sink-USB A pid=2139 prio=94 target_cpu=006
      pulseaudio-1481  [001] d...    87.734533: sched_wakeup: comm=alsa-sink-USB A pid=2139 prio=94 target_cpu=006
      pulseaudio-1481  [001] d...    87.734559: sched_stat_runtime: comm=pulseaudio pid=1481 runtime=94850 [ns] vruntime=6447353 [ns]
      pulseaudio-1481  [001] d...    87.734576: sched_switch: prev_comm=pulseaudio prev_pid=1481 prev_prio=109 prev_state=S ==> next_comm=swapper/1 next_pid=0 next_prio=120
          <idle>-0     [001] d...    87.734584: cpu_idle: state=6 cpu_id=1
          <idle>-0     [001] dN..    87.734630: cpu_idle: state=4294967295 cpu_id=1
          <idle>-0     [001] d...    87.734635: sched_switch: prev_comm=swapper/1 prev_pid=0 prev_prio=120 prev_state=R ==> next_comm=chrome next_pid=2576 next_prio=120
          chrome-2576  [001] d.s.    87.734860: sched_waking: comm=Chrome_IOThread pid=1860 prio=120 target_cpu=007
          chrome-2576  [001] d.s.    87.734865: sched_wake_idle_without_ipi: cpu=7
          chrome-2576  [001] d.s.    87.734866: sched_wakeup: comm=Chrome_IOThread pid=1860 prio=120 target_cpu=007
          chrome-2576  [001] d...    87.734929: sched_stat_runtime: comm=chrome pid=2576 runtime=302189 [ns] vruntime=8455009918 [ns]
          chrome-2576  [001] d...    87.734940: sched_switch: prev_comm=chrome prev_pid=2576 prev_prio=120 prev_state=S ==> next_comm=swapper/1 next_pid=0 next_prio=120
          <idle>-0     [001] d...    87.734948: cpu_idle: state=6 cpu_id=1
          <idle>-0     [001] d...    87.735109: cpu_idle: state=4294967295 cpu_id=1
          <idle>-0     [001] d...    87.735151: cpu_idle: state=6 cpu_id=1
          <idle>-0     [001] d...    87.735389: cpu_idle: state=4294967295 cpu_id=1
          <idle>-0     [001] d...    87.735411: cpu_idle: state=6 cpu_id=1
          <idle>-0     [001] d...    87.735524: cpu_idle: state=4294967295 cpu_id=1
          <idle>-0     [001] d.s.    87.735545: sutil_marker: Schedutil: get_next_freq: 800000: 1024
          <idle>-0     [001] d.s.    87.735546: sutil_marker: Schedutil: update-single-util: 91: 18
          <idle>-0     [001] d.s.    87.735547: sutil_marker: Schedutil: update-single-boost: 91: 18
          <idle>-0     [001] d.s.    87.735547: sutil_marker: Schedutil: update-single-freq: 800000: 800000
          <idle>-0     [001] d...    87.735556: cpu_idle: state=6 cpu_id=1
          <idle>-0     [001] d...    87.735709: cpu_idle: state=4294967295 cpu_id=1
          <idle>-0     [001] d...    87.735722: cpu_idle: state=6 cpu_id=1
          <idle>-0     [001] dN..    87.735869: cpu_idle: state=4294967295 cpu_id=1
          <idle>-0     [001] d...    87.735877: sched_switch: prev_comm=swapper/1 prev_pid=0 prev_prio=120 prev_state=R ==> next_comm=BrowserBlocking next_pid=1898 next_prio=120
 BrowserBlocking-1898  [001] d...    87.735888: sched_waking: comm=BrowserBlocking pid=1894 prio=120 target_cpu=000
 BrowserBlocking-1898  [001] d...    87.735891: sched_migrate_task: comm=BrowserBlocking pid=1894 prio=120 orig_cpu=0 dest_cpu=2
 BrowserBlocking-1898  [001] d...    87.735893: sutil_marker: Schedutil: attach_entity_load_avg: 0: 0
 BrowserBlocking-1898  [001] d...    87.735895: sched_wake_idle_without_ipi: cpu=2
 BrowserBlocking-1898  [001] d...    87.735895: sched_wakeup: comm=BrowserBlocking pid=1894 prio=120 target_cpu=002
 BrowserBlocking-1898  [001] d...    87.735924: sched_stat_runtime: comm=BrowserBlocking pid=1898 runtime=51747 [ns] vruntime=8454678082 [ns]
 BrowserBlocking-1898  [001] d...    87.735927: sched_switch: prev_comm=BrowserBlocking prev_pid=1898 prev_prio=120 prev_state=S ==> next_comm=swapper/1 next_pid=0 next_prio=120
          <idle>-0     [001] d...    87.735933: cpu_idle: state=6 cpu_id=1
          <idle>-0     [001] d...    87.739533: cpu_idle: state=4294967295 cpu_id=1
          <idle>-0     [001] d.s.    87.739575: sutil_marker: Schedutil: get_next_freq: 800000: 1024
          <idle>-0     [001] d.s.    87.739576: sutil_marker: Schedutil: update-single-util: 18: 19
          <idle>-0     [001] d.s.    87.739576: sutil_marker: Schedutil: update-single-boost: 18: 19
          <idle>-0     [001] d.s.    87.739577: sutil_marker: Schedutil: update-single-freq: 800000: 800000
          <idle>-0     [001] d...    87.739585: cpu_idle: state=6 cpu_id=1
          <idle>-0     [001] d...    87.739856: cpu_idle: state=4294967295 cpu_id=1
          <idle>-0     [001] d...    87.739905: cpu_idle: state=6 cpu_id=1
          <idle>-0     [001] d...    87.740515: cpu_idle: state=4294967295 cpu_id=1
          <idle>-0     [001] d.s.    87.740534: sched_waking: comm=Chrome_IOThread pid=1860 prio=120 target_cpu=007
          <idle>-0     [001] d.s.    87.740538: sched_wake_idle_without_ipi: cpu=7
          <idle>-0     [001] d.s.    87.740539: sched_wakeup: comm=Chrome_IOThread pid=1860 prio=120 target_cpu=007
          <idle>-0     [001] d...    87.740559: cpu_idle: state=6 cpu_id=1
          <idle>-0     [001] d...    87.743526: cpu_idle: state=4294967295 cpu_id=1
          <idle>-0     [001] d.s.    87.743547: sutil_marker: Schedutil: get_next_freq: 800000: 1024
          <idle>-0     [001] d.s.    87.743547: sutil_marker: Schedutil: update-single-util: 19: 18
          <idle>-0     [001] d.s.    87.743548: sutil_marker: Schedutil: update-single-boost: 19: 18
          <idle>-0     [001] d.s.    87.743548: sutil_marker: Schedutil: update-single-freq: 800000: 800000
          <idle>-0     [001] d...    87.743559: cpu_idle: state=6 cpu_id=1
          <idle>-0     [001] dN..    87.744675: cpu_idle: state=4294967295 cpu_id=1
          <idle>-0     [001] d...    87.744682: sched_switch: prev_comm=swapper/1 prev_pid=0 prev_prio=120 prev_state=R ==> next_comm=CompositorTileW next_pid=1862 next_prio=120
 CompositorTileW-1862  [001] d...    87.745885: sched_waking: comm=Chrome_IOThread pid=1860 prio=120 target_cpu=007
 CompositorTileW-1862  [001] d...    87.745889: sched_wake_idle_without_ipi: cpu=7
 CompositorTileW-1862  [001] d...    87.745890: sched_wakeup: comm=Chrome_IOThread pid=1860 prio=120 target_cpu=007
 CompositorTileW-1862  [001] d...    87.747014: sched_waking: comm=chrome pid=1524 prio=120 target_cpu=000
 CompositorTileW-1862  [001] d...    87.747018: sched_wake_idle_without_ipi: cpu=0
 CompositorTileW-1862  [001] d...    87.747019: sched_wakeup: comm=chrome pid=1524 prio=120 target_cpu=000
 CompositorTileW-1862  [001] d...    87.747028: sched_stat_runtime: comm=CompositorTileW pid=1862 runtime=2350720 [ns] vruntime=8457351005 [ns]
