          chrome-1896  [002] d...    87.679759: sched_waking: comm=Xorg pid=1080 prio=120 target_cpu=000
          chrome-1896  [002] d...    87.679760: sched_wake_idle_without_ipi: cpu=0
          chrome-1896  [002] d...    87.679760: sched_wakeup: comm=Xorg pid=1080 prio=120 target_cpu=000
          chrome-1896  [002] d...    87.679762: sched_stat_runtime: comm=chrome pid=1896 runtime=61847 [ns] vruntime=9219838669 [ns]
          chrome-1896  [002] d...    87.679763: sched_switch: prev_comm=chrome prev_pid=1896 prev_prio=120 prev_state=S ==> next_comm=swapper/2 next_pid=0 next_prio=120
          <idle>-0     [002] d...    87.679763: cpu_idle: state=2 cpu_id=2
          <idle>-0     [002] dN..    87.679796: cpu_idle: state=4294967295 cpu_id=2
          <idle>-0     [002] d...    87.679796: sched_switch: prev_comm=swapper/2 prev_pid=0 prev_prio=120 prev_state=R ==> next_comm=chrome next_pid=1524 next_prio=120
          chrome-1524  [002] d...    87.679867: sched_waking: comm=Chrome_IOThread pid=1860 prio=120 target_cpu=003
          chrome-1524  [002] d...    87.679867: sched_wake_idle_without_ipi: cpu=3
          chrome-1524  [002] d...    87.679867: sched_wakeup: comm=Chrome_IOThread pid=1860 prio=120 target_cpu=003
          chrome-1524  [002] d...    87.679896: sched_stat_runtime: comm=chrome pid=1524 runtime=101395 [ns] vruntime=9225351407 [ns]
          chrome-1524  [002] d...    87.679897: sched_switch: prev_comm=chrome prev_pid=1524 prev_prio=120 prev_state=S ==> next_comm=swapper/2 next_pid=0 next_prio=120
          <idle>-0     [002] d...    87.679897: cpu_idle: state=1 cpu_id=2
          <idle>-0     [002] dN..    87.679910: cpu_idle: state=4294967295 cpu_id=2
          <idle>-0     [002] d...    87.679911: sched_switch: prev_comm=swapper/2 prev_pid=0 prev_prio=120 prev_state=R ==> next_comm=marco next_pid=2113 next_prio=120
           marco-2113  [002] d...    87.679938: sched_waking: comm=Xorg pid=1080 prio=120 target_cpu=000
           marco-2113  [002] d...    87.679939: sched_migrate_task: comm=Xorg pid=1080 prio=120 orig_cpu=0 dest_cpu=1
           marco-2113  [002] d...    87.679940: sutil_marker: Schedutil: attach_entity_load_avg: 0: 0
           marco-2113  [002] d...    87.679940: sched_wake_idle_without_ipi: cpu=1
           marco-2113  [002] d...    87.679940: sched_wakeup: comm=Xorg pid=1080 prio=120 target_cpu=001
           marco-2113  [002] d...    87.679942: sched_stat_runtime: comm=marco pid=2113 runtime=33110 [ns] vruntime=9214226162 [ns]
           marco-2113  [002] d...    87.679943: sched_switch: prev_comm=marco prev_pid=2113 prev_prio=120 prev_state=S ==> next_comm=swapper/2 next_pid=0 next_prio=120
          <idle>-0     [002] d...    87.679943: cpu_idle: state=1 cpu_id=2
          <idle>-0     [002] dN..    87.679971: cpu_idle: state=4294967295 cpu_id=2
          <idle>-0     [002] d...    87.679972: sched_switch: prev_comm=swapper/2 prev_pid=0 prev_prio=120 prev_state=R ==> next_comm=marco next_pid=2113 next_prio=120
           marco-2113  [002] d...    87.679999: sched_waking: comm=Xorg pid=1080 prio=120 target_cpu=001
           marco-2113  [002] d...    87.679999: sched_wake_idle_without_ipi: cpu=1
           marco-2113  [002] d...    87.680000: sched_wakeup: comm=Xorg pid=1080 prio=120 target_cpu=001
           marco-2113  [002] d...    87.680001: sched_stat_runtime: comm=marco pid=2113 runtime=29558 [ns] vruntime=9214255720 [ns]
           marco-2113  [002] d...    87.680002: sched_switch: prev_comm=marco prev_pid=2113 prev_prio=120 prev_state=S ==> next_comm=chrome next_pid=1524 next_prio=120
          chrome-1524  [002] d...    87.680020: sched_stat_runtime: comm=chrome pid=1524 runtime=19139 [ns] vruntime=9225370546 [ns]
          chrome-1524  [002] d...    87.680020: sched_switch: prev_comm=chrome prev_pid=1524 prev_prio=120 prev_state=S ==> next_comm=swapper/2 next_pid=0 next_prio=120
          <idle>-0     [002] d...    87.680021: cpu_idle: state=1 cpu_id=2
          <idle>-0     [002] dN..    87.680126: cpu_idle: state=4294967295 cpu_id=2
          <idle>-0     [002] d...    87.680126: sched_switch: prev_comm=swapper/2 prev_pid=0 prev_prio=120 prev_state=R ==> next_comm=marco next_pid=2113 next_prio=120
           marco-2113  [002] d...    87.680135: sched_stat_runtime: comm=marco pid=2113 runtime=10495 [ns] vruntime=9214266215 [ns]
           marco-2113  [002] d...    87.680136: sched_switch: prev_comm=marco prev_pid=2113 prev_prio=120 prev_state=S ==> next_comm=swapper/2 next_pid=0 next_prio=120
          <idle>-0     [002] d...    87.680136: cpu_idle: state=1 cpu_id=2
          <idle>-0     [002] d...    87.681036: cpu_idle: state=4294967295 cpu_id=2
          <idle>-0     [002] d...    87.681040: cpu_idle: state=1 cpu_id=2
          <idle>-0     [002] dN..    87.681710: cpu_idle: state=4294967295 cpu_id=2
          <idle>-0     [002] d...    87.681711: sched_switch: prev_comm=swapper/2 prev_pid=0 prev_prio=120 prev_state=R ==> next_comm=chrome next_pid=1524 next_prio=120
          chrome-1524  [002] d...    87.681809: sched_stat_runtime: comm=chrome pid=1524 runtime=101326 [ns] vruntime=9225471872 [ns]
          chrome-1524  [002] d...    87.681810: sched_switch: prev_comm=chrome prev_pid=1524 prev_prio=120 prev_state=S ==> next_comm=swapper/2 next_pid=0 next_prio=120
          <idle>-0     [002] d...    87.681813: cpu_idle: state=2 cpu_id=2
          <idle>-0     [002] dN..    87.681878: cpu_idle: state=4294967295 cpu_id=2
          <idle>-0     [002] d...    87.681878: sched_switch: prev_comm=swapper/2 prev_pid=0 prev_prio=120 prev_state=R ==> next_comm=chrome next_pid=1524 next_prio=120
          chrome-1524  [002] d...    87.681929: sched_stat_runtime: comm=chrome pid=1524 runtime=52382 [ns] vruntime=9225524254 [ns]
          chrome-1524  [002] d...    87.681930: sched_switch: prev_comm=chrome prev_pid=1524 prev_prio=120 prev_state=S ==> next_comm=swapper/2 next_pid=0 next_prio=120
          <idle>-0     [002] d...    87.681931: cpu_idle: state=2 cpu_id=2
          <idle>-0     [002] dN..    87.681946: cpu_idle: state=4294967295 cpu_id=2
          <idle>-0     [002] d...    87.681946: sched_switch: prev_comm=swapper/2 prev_pid=0 prev_prio=120 prev_state=R ==> next_comm=chrome next_pid=1524 next_prio=120
          chrome-1524  [002] d...    87.682015: sched_stat_runtime: comm=chrome pid=1524 runtime=69961 [ns] vruntime=9225594215 [ns]
          chrome-1524  [002] d...    87.682018: sched_switch: prev_comm=chrome prev_pid=1524 prev_prio=120 prev_state=S ==> next_comm=swapper/2 next_pid=0 next_prio=120
          <idle>-0     [002] d...    87.682021: cpu_idle: state=2 cpu_id=2
          <idle>-0     [002] dN..    87.682266: cpu_idle: state=4294967295 cpu_id=2
          <idle>-0     [002] d...    87.682269: sched_switch: prev_comm=swapper/2 prev_pid=0 prev_prio=120 prev_state=R ==> next_comm=chrome next_pid=1524 next_prio=120
          chrome-1524  [002] d...    87.683006: sched_stat_runtime: comm=chrome pid=1524 runtime=741761 [ns] vruntime=9226335976 [ns]
          chrome-1524  [002] d...    87.683010: sutil_marker: Schedutil: get_next_freq: 800000: 1024
          chrome-1524  [002] d...    87.683011: sutil_marker: Schedutil: update-single-util: 174: 159
          chrome-1524  [002] d...    87.683011: sutil_marker: Schedutil: update-single-boost: 174: 159
          chrome-1524  [002] d...    87.683012: sutil_marker: Schedutil: update-single-freq: 800000: 800000
          chrome-1524  [002] d...    87.683014: sched_switch: prev_comm=chrome prev_pid=1524 prev_prio=120 prev_state=S ==> next_comm=swapper/2 next_pid=0 next_prio=120
          <idle>-0     [002] d...    87.683020: cpu_idle: state=3 cpu_id=2
          <idle>-0     [002] d...    87.683515: cpu_idle: state=4294967295 cpu_id=2
          <idle>-0     [002] d...    87.683544: cpu_idle: state=4 cpu_id=2
          <idle>-0     [002] dN..    87.685414: cpu_idle: state=4294967295 cpu_id=2
          <idle>-0     [002] d...    87.685420: sched_switch: prev_comm=swapper/2 prev_pid=0 prev_prio=120 prev_state=R ==> next_comm=chrome next_pid=1524 next_prio=120
          chrome-1524  [002] d...    87.685534: sched_stat_runtime: comm=chrome pid=1524 runtime=158160 [ns] vruntime=9226494136 [ns]
          chrome-1524  [002] d...    87.685538: sched_switch: prev_comm=chrome prev_pid=1524 prev_prio=120 prev_state=S ==> next_comm=swapper/2 next_pid=0 next_prio=120
          <idle>-0     [002] d...    87.685543: cpu_idle: state=4 cpu_id=2
          <idle>-0     [002] dN..    87.685635: cpu_idle: state=4294967295 cpu_id=2
          <idle>-0     [002] d...    87.685641: sched_switch: prev_comm=swapper/2 prev_pid=0 prev_prio=120 prev_state=R ==> next_comm=chrome next_pid=1524 next_prio=120
          chrome-1524  [002] d...    87.685707: sched_stat_runtime: comm=chrome pid=1524 runtime=103599 [ns] vruntime=9226597735 [ns]
          chrome-1524  [002] d...    87.685710: sched_switch: prev_comm=chrome prev_pid=1524 prev_prio=120 prev_state=S ==> next_comm=swapper/2 next_pid=0 next_prio=120
          <idle>-0     [002] d...    87.685715: cpu_idle: state=3 cpu_id=2
          <idle>-0     [002] dN..    87.685861: cpu_idle: state=4294967295 cpu_id=2
          <idle>-0     [002] d...    87.685864: sched_switch: prev_comm=swapper/2 prev_pid=0 prev_prio=120 prev_state=R ==> next_comm=chrome next_pid=1524 next_prio=120
          chrome-1524  [002] d...    87.685912: sched_stat_runtime: comm=chrome pid=1524 runtime=75563 [ns] vruntime=9226673298 [ns]
          chrome-1524  [002] d...    87.685915: sutil_marker: Schedutil: get_next_freq: 800000: 1024
          chrome-1524  [002] d...    87.685916: sutil_marker: Schedutil: update-single-util: 159: 157
          chrome-1524  [002] d...    87.685916: sutil_marker: Schedutil: update-single-boost: 159: 157
          chrome-1524  [002] d...    87.685917: sutil_marker: Schedutil: update-single-freq: 800000: 800000
          chrome-1524  [002] d...    87.685918: sched_switch: prev_comm=chrome prev_pid=1524 prev_prio=120 prev_state=S ==> next_comm=swapper/2 next_pid=0 next_prio=120
          <idle>-0     [002] d...    87.685920: cpu_idle: state=3 cpu_id=2
          <idle>-0     [002] d...    87.687535: cpu_idle: state=4294967295 cpu_id=2
          <idle>-0     [002] d.s.    87.687551: sutil_marker: Schedutil: get_next_freq: 800000: 1024
          <idle>-0     [002] d.s.    87.687551: sutil_marker: Schedutil: update-single-util: 157: 151
          <idle>-0     [002] d.s.    87.687552: sutil_marker: Schedutil: update-single-boost: 157: 151
          <idle>-0     [002] d.s.    87.687552: sutil_marker: Schedutil: update-single-freq: 800000: 800000
          <idle>-0     [002] d...    87.687564: cpu_idle: state=4 cpu_id=2
          <idle>-0     [002] d...    87.691544: cpu_idle: state=4294967295 cpu_id=2
          <idle>-0     [002] d.s.    87.691559: sutil_marker: Schedutil: get_next_freq: 800000: 1024
          <idle>-0     [002] d.s.    87.691560: sutil_marker: Schedutil: update-single-util: 151: 139
          <idle>-0     [002] d.s.    87.691560: sutil_marker: Schedutil: update-single-boost: 151: 139
          <idle>-0     [002] d.s.    87.691561: sutil_marker: Schedutil: update-single-freq: 800000: 800000
          <idle>-0     [002] d...    87.691572: cpu_idle: state=6 cpu_id=2
          <idle>-0     [002] d...    87.695546: cpu_idle: state=4294967295 cpu_id=2
          <idle>-0     [002] d.s.    87.695561: sutil_marker: Schedutil: get_next_freq: 800000: 1024
          <idle>-0     [002] d.s.    87.695562: sutil_marker: Schedutil: update-single-util: 139: 128
          <idle>-0     [002] d.s.    87.695563: sutil_marker: Schedutil: update-single-boost: 139: 128
          <idle>-0     [002] d.s.    87.695563: sutil_marker: Schedutil: update-single-freq: 800000: 800000
          <idle>-0     [002] d...    87.695601: cpu_idle: state=4 cpu_id=2
          <idle>-0     [002] d...    87.696989: cpu_idle: state=4294967295 cpu_id=2
          <idle>-0     [002] d.h.    87.696996: sched_waking: comm=chrome pid=1524 prio=120 target_cpu=002
          <idle>-0     [002] d.h.    87.697002: sutil_marker: Schedutil: get_next_freq: 800000: 1024
          <idle>-0     [002] d.h.    87.697003: sutil_marker: Schedutil: update-single-util: 128: 124
          <idle>-0     [002] d.h.    87.697004: sutil_marker: Schedutil: update-single-boost: 128: 124
          <idle>-0     [002] d.h.    87.697004: sutil_marker: Schedutil: update-single-freq: 800000: 800000
          <idle>-0     [002] dNh.    87.697006: sched_wakeup: comm=chrome pid=1524 prio=120 target_cpu=002
          <idle>-0     [002] d...    87.697016: sched_switch: prev_comm=swapper/2 prev_pid=0 prev_prio=120 prev_state=R ==> next_comm=chrome next_pid=1524 next_prio=120
          chrome-1524  [002] d...    87.697089: sched_waking: comm=Chrome_IOThread pid=1860 prio=120 target_cpu=007
          chrome-1524  [002] d...    87.697093: sched_wake_idle_without_ipi: cpu=7
          chrome-1524  [002] d...    87.697094: sched_wakeup: comm=Chrome_IOThread pid=1860 prio=120 target_cpu=007
          chrome-1524  [002] d...    87.697186: sched_waking: comm=CompositorTileW pid=1862 prio=120 target_cpu=001
          chrome-1524  [002] d...    87.697190: sched_wake_idle_without_ipi: cpu=1
          chrome-1524  [002] d...    87.697190: sched_wakeup: comm=CompositorTileW pid=1862 prio=120 target_cpu=001
          chrome-1524  [002] d...    87.697340: sched_stat_runtime: comm=chrome pid=1524 runtime=341121 [ns] vruntime=9227014419 [ns]
          chrome-1524  [002] d...    87.697344: sched_switch: prev_comm=chrome prev_pid=1524 prev_prio=120 prev_state=S ==> next_comm=swapper/2 next_pid=0 next_prio=120
          <idle>-0     [002] d...    87.697353: cpu_idle: state=6 cpu_id=2
          <idle>-0     [002] d...    87.703567: cpu_idle: state=4294967295 cpu_id=2
          <idle>-0     [002] d.s.    87.703582: sutil_marker: Schedutil: get_next_freq: 800000: 1024
          <idle>-0     [002] d.s.    87.703583: sutil_marker: Schedutil: update-single-util: 124: 115
          <idle>-0     [002] d.s.    87.703583: sutil_marker: Schedutil: update-single-boost: 124: 115
          <idle>-0     [002] d.s.    87.703584: sutil_marker: Schedutil: update-single-freq: 800000: 800000
          <idle>-0     [002] d...    87.703597: cpu_idle: state=6 cpu_id=2
          <idle>-0     [002] d...    87.708418: cpu_idle: state=4294967295 cpu_id=2
          <idle>-0     [002] d.h.    87.708425: sched_waking: comm=chrome pid=1524 prio=120 target_cpu=002
          <idle>-0     [002] d.h.    87.708430: sutil_marker: Schedutil: get_next_freq: 800000: 1024
          <idle>-0     [002] d.h.    87.708431: sutil_marker: Schedutil: update-single-util: 115: 104
          <idle>-0     [002] d.h.    87.708431: sutil_marker: Schedutil: update-single-boost: 115: 104
          <idle>-0     [002] d.h.    87.708432: sutil_marker: Schedutil: update-single-freq: 800000: 800000
          <idle>-0     [002] dNh.    87.708434: sched_wakeup: comm=chrome pid=1524 prio=120 target_cpu=002
          <idle>-0     [002] d...    87.708442: sched_switch: prev_comm=swapper/2 prev_pid=0 prev_prio=120 prev_state=R ==> next_comm=chrome next_pid=1524 next_prio=120
          chrome-1524  [002] d...    87.708968: sched_waking: comm=CompositorTileW pid=1862 prio=120 target_cpu=001
          chrome-1524  [002] d...    87.708973: sched_wake_idle_without_ipi: cpu=1
          chrome-1524  [002] d...    87.708974: sched_wakeup: comm=CompositorTileW pid=1862 prio=120 target_cpu=001
          chrome-1524  [002] d...    87.709418: sched_stat_runtime: comm=chrome pid=1524 runtime=979770 [ns] vruntime=9227994189 [ns]
          chrome-1524  [002] d...    87.709422: sutil_marker: Schedutil: get_next_freq: 800000: 1024
          chrome-1524  [002] d...    87.709423: sutil_marker: Schedutil: update-single-util: 104: 122
          chrome-1524  [002] d...    87.709423: sutil_marker: Schedutil: update-single-boost: 104: 122
          chrome-1524  [002] d...    87.709423: sutil_marker: Schedutil: update-single-freq: 800000: 800000
          chrome-1524  [002] d...    87.709426: sched_switch: prev_comm=chrome prev_pid=1524 prev_prio=120 prev_state=S ==> next_comm=swapper/2 next_pid=0 next_prio=120
          <idle>-0     [002] d...    87.709436: cpu_idle: state=6 cpu_id=2
          <idle>-0     [002] dN..    87.713141: cpu_idle: state=4294967295 cpu_id=2
          <idle>-0     [002] dN..    87.713143: sutil_marker: Schedutil: get_next_freq: 800000: 1024
          <idle>-0     [002] dN..    87.713143: sutil_marker: Schedutil: update-single-util: 122: 115
          <idle>-0     [002] dN..    87.713143: sutil_marker: Schedutil: update-single-boost: 122: 115
          <idle>-0     [002] dN..    87.713143: sutil_marker: Schedutil: update-single-freq: 800000: 800000
          <idle>-0     [002] d...    87.713144: sched_switch: prev_comm=swapper/2 prev_pid=0 prev_prio=120 prev_state=R ==> next_comm=CompositorTileW next_pid=3071 next_prio=120
           <...>-3071  [002] d...    87.713152: sched_waking: comm=Compositor pid=3069 prio=120 target_cpu=000
           <...>-3071  [002] d...    87.713154: sched_wakeup: comm=Compositor pid=3069 prio=120 target_cpu=000
           <...>-3071  [002] d...    87.713174: sched_stat_runtime: comm=CompositorTileW pid=3071 runtime=32492 [ns] vruntime=9224460686 [ns]
           <...>-3071  [002] d...    87.713179: sched_switch: prev_comm=CompositorTileW prev_pid=3071 prev_prio=120 prev_state=S ==> next_comm=swapper/2 next_pid=0 next_prio=120
          <idle>-0     [002] d...    87.713181: cpu_idle: state=3 cpu_id=2
          <idle>-0     [002] dN..    87.713242: cpu_idle: state=4294967295 cpu_id=2
          <idle>-0     [002] d...    87.713244: sched_switch: prev_comm=swapper/2 prev_pid=0 prev_prio=120 prev_state=R ==> next_comm=SimpleCacheWork next_pid=2370 next_prio=120
           <...>-2370  [002] d...    87.713247: sched_stat_runtime: comm=SimpleCacheWork pid=2370 runtime=63051 [ns] vruntime=9216057240 [ns]
           <...>-2370  [002] d...    87.713250: sched_switch: prev_comm=SimpleCacheWork prev_pid=2370 prev_prio=120 prev_state=S ==> next_comm=swapper/2 next_pid=0 next_prio=120
          <idle>-0     [002] d...    87.713251: cpu_idle: state=2 cpu_id=2
          <idle>-0     [002] dN..    87.713277: cpu_idle: state=4294967295 cpu_id=2
          <idle>-0     [002] d...    87.713278: sched_switch: prev_comm=swapper/2 prev_pid=0 prev_prio=120 prev_state=R ==> next_comm=chrome next_pid=1524 next_prio=120
          chrome-1524  [002] d...    87.713356: sched_stat_runtime: comm=chrome pid=1524 runtime=79455 [ns] vruntime=9228073644 [ns]
          chrome-1524  [002] d...    87.713357: sched_switch: prev_comm=chrome prev_pid=1524 prev_prio=120 prev_state=S ==> next_comm=swapper/2 next_pid=0 next_prio=120
          <idle>-0     [002] d...    87.713358: cpu_idle: state=6 cpu_id=2
          <idle>-0     [002] dN..    87.728927: cpu_idle: state=4294967295 cpu_id=2
          <idle>-0     [002] d...    87.728931: sched_switch: prev_comm=swapper/2 prev_pid=0 prev_prio=120 prev_state=R ==> next_comm=chrome next_pid=1524 next_prio=120
          chrome-1524  [002] d...    87.729052: sched_waking: comm=Chrome_ChildIOT pid=3068 prio=120 target_cpu=004
          chrome-1524  [002] d...    87.729054: sched_wake_idle_without_ipi: cpu=4
          chrome-1524  [002] d...    87.729054: sched_wakeup: comm=Chrome_ChildIOT pid=3068 prio=120 target_cpu=004
          chrome-1524  [002] d...    87.729089: sched_stat_runtime: comm=chrome pid=1524 runtime=160652 [ns] vruntime=9228234296 [ns]
          chrome-1524  [002] d...    87.729090: sched_switch: prev_comm=chrome prev_pid=1524 prev_prio=120 prev_state=S ==> next_comm=swapper/2 next_pid=0 next_prio=120
          <idle>-0     [002] d...    87.729092: cpu_idle: state=4 cpu_id=2
          <idle>-0     [002] dN..    87.729422: cpu_idle: state=4294967295 cpu_id=2
          <idle>-0     [002] d...    87.729424: sched_switch: prev_comm=swapper/2 prev_pid=0 prev_prio=120 prev_state=R ==> next_comm=chrome next_pid=1524 next_prio=120
          chrome-1524  [002] d...    87.729460: sched_stat_runtime: comm=chrome pid=1524 runtime=88079 [ns] vruntime=9228322375 [ns]
          chrome-1524  [002] d...    87.729461: sched_switch: prev_comm=chrome prev_pid=1524 prev_prio=120 prev_state=S ==> next_comm=swapper/2 next_pid=0 next_prio=120
          <idle>-0     [002] d...    87.729463: cpu_idle: state=4 cpu_id=2
          <idle>-0     [002] dN..    87.729545: cpu_idle: state=4294967295 cpu_id=2
          <idle>-0     [002] d...    87.729547: sched_switch: prev_comm=swapper/2 prev_pid=0 prev_prio=120 prev_state=R ==> next_comm=chrome next_pid=1524 next_prio=120
          chrome-1524  [002] d...    87.729568: sched_stat_runtime: comm=chrome pid=1524 runtime=60194 [ns] vruntime=9228382569 [ns]
          chrome-1524  [002] d...    87.729569: sched_switch: prev_comm=chrome prev_pid=1524 prev_prio=120 prev_state=S ==> next_comm=swapper/2 next_pid=0 next_prio=120
          <idle>-0     [002] d...    87.729571: cpu_idle: state=4 cpu_id=2
          <idle>-0     [002] dN..    87.729637: cpu_idle: state=4294967295 cpu_id=2
          <idle>-0     [002] d...    87.729639: sched_switch: prev_comm=swapper/2 prev_pid=0 prev_prio=120 prev_state=R ==> next_comm=chrome next_pid=1524 next_prio=120
          chrome-1524  [002] d...    87.729683: sched_waking: comm=CompositorTileW pid=1862 prio=120 target_cpu=001
          chrome-1524  [002] d...    87.729685: sched_wake_idle_without_ipi: cpu=1
          chrome-1524  [002] d...    87.729685: sched_wakeup: comm=CompositorTileW pid=1862 prio=120 target_cpu=001
          chrome-1524  [002] d...    87.729719: sched_stat_runtime: comm=chrome pid=1524 runtime=133375 [ns] vruntime=9228515944 [ns]
          chrome-1524  [002] d...    87.729720: sched_switch: prev_comm=chrome prev_pid=1524 prev_prio=120 prev_state=S ==> next_comm=swapper/2 next_pid=0 next_prio=120
          <idle>-0     [002] d...    87.729722: cpu_idle: state=6 cpu_id=2
          <idle>-0     [002] dN..    87.729800: cpu_idle: state=4294967295 cpu_id=2
          <idle>-0     [002] d...    87.729802: sched_switch: prev_comm=swapper/2 prev_pid=0 prev_prio=120 prev_state=R ==> next_comm=chrome next_pid=1524 next_prio=120
          chrome-1524  [002] d...    87.729823: sched_stat_runtime: comm=chrome pid=1524 runtime=49044 [ns] vruntime=9228564988 [ns]
          chrome-1524  [002] d...    87.729824: sched_switch: prev_comm=chrome prev_pid=1524 prev_prio=120 prev_state=S ==> next_comm=swapper/2 next_pid=0 next_prio=120
          <idle>-0     [002] d...    87.729826: cpu_idle: state=6 cpu_id=2
          <idle>-0     [002] dN..    87.729828: cpu_idle: state=4294967295 cpu_id=2
          <idle>-0     [002] d...    87.729829: sched_switch: prev_comm=swapper/2 prev_pid=0 prev_prio=120 prev_state=R ==> next_comm=chrome next_pid=1524 next_prio=120
          chrome-1524  [002] d...    87.729840: sched_stat_runtime: comm=chrome pid=1524 runtime=14198 [ns] vruntime=9228579186 [ns]
          chrome-1524  [002] d...    87.729841: sched_switch: prev_comm=chrome prev_pid=1524 prev_prio=120 prev_state=S ==> next_comm=swapper/2 next_pid=0 next_prio=120
          <idle>-0     [002] d...    87.729842: cpu_idle: state=2 cpu_id=2
          <idle>-0     [002] dN..    87.729868: cpu_idle: state=4294967295 cpu_id=2
          <idle>-0     [002] d...    87.729868: sched_switch: prev_comm=swapper/2 prev_pid=0 prev_prio=120 prev_state=R ==> next_comm=chrome next_pid=1524 next_prio=120
          chrome-1524  [002] d...    87.729883: sched_stat_runtime: comm=chrome pid=1524 runtime=16491 [ns] vruntime=9228595677 [ns]
          chrome-1524  [002] d...    87.729884: sched_switch: prev_comm=chrome prev_pid=1524 prev_prio=120 prev_state=S ==> next_comm=swapper/2 next_pid=0 next_prio=120
          <idle>-0     [002] d...    87.729884: cpu_idle: state=2 cpu_id=2
          <idle>-0     [002] dN..    87.729894: cpu_idle: state=4294967295 cpu_id=2
          <idle>-0     [002] d...    87.729895: sched_switch: prev_comm=swapper/2 prev_pid=0 prev_prio=120 prev_state=R ==> next_comm=SimpleCacheWork next_pid=1906 next_prio=120
           <...>-1906  [002] d...    87.729897: sched_stat_runtime: comm=SimpleCacheWork pid=1906 runtime=4388 [ns] vruntime=9216600065 [ns]
           <...>-1906  [002] d...    87.729898: sched_switch: prev_comm=SimpleCacheWork prev_pid=1906 prev_prio=120 prev_state=S ==> next_comm=swapper/2 next_pid=0 next_prio=120
          <idle>-0     [002] d...    87.729898: cpu_idle: state=2 cpu_id=2
          <idle>-0     [002] dN..    87.729985: cpu_idle: state=4294967295 cpu_id=2
          <idle>-0     [002] d...    87.729986: sched_switch: prev_comm=swapper/2 prev_pid=0 prev_prio=120 prev_state=R ==> next_comm=BrowserBlocking next_pid=1894 next_prio=120
 BrowserBlocking-1894  [002] d...    87.729989: sched_waking: comm=BrowserBlocking pid=1898 prio=120 target_cpu=000
 BrowserBlocking-1894  [002] d...    87.729991: sched_wake_idle_without_ipi: cpu=0
 BrowserBlocking-1894  [002] d...    87.729991: sched_wakeup: comm=BrowserBlocking pid=1898 prio=120 target_cpu=000
 BrowserBlocking-1894  [002] d...    87.730030: sched_stat_runtime: comm=BrowserBlocking pid=1894 runtime=45161 [ns] vruntime=9216640838 [ns]
 BrowserBlocking-1894  [002] d...    87.730030: sched_switch: prev_comm=BrowserBlocking prev_pid=1894 prev_prio=120 prev_state=S ==> next_comm=swapper/2 next_pid=0 next_prio=120
          <idle>-0     [002] d...    87.730031: cpu_idle: state=2 cpu_id=2
          <idle>-0     [002] dN..    87.730065: cpu_idle: state=4294967295 cpu_id=2
          <idle>-0     [002] d...    87.730065: sched_switch: prev_comm=swapper/2 prev_pid=0 prev_prio=120 prev_state=R ==> next_comm=SimpleCacheWork next_pid=2370 next_prio=120
           <...>-2370  [002] d...    87.730067: sched_stat_runtime: comm=SimpleCacheWork pid=2370 runtime=2794 [ns] vruntime=9216598471 [ns]
           <...>-2370  [002] d...    87.730067: sched_switch: prev_comm=SimpleCacheWork prev_pid=2370 prev_prio=120 prev_state=S ==> next_comm=swapper/2 next_pid=0 next_prio=120
          <idle>-0     [002] d...    87.730067: cpu_idle: state=2 cpu_id=2
          <idle>-0     [002] dN..    87.730252: cpu_idle: state=4294967295 cpu_id=2
          <idle>-0     [002] d...    87.730252: sched_switch: prev_comm=swapper/2 prev_pid=0 prev_prio=120 prev_state=R ==> next_comm=SimpleCacheWork next_pid=1906 next_prio=120
           <...>-1906  [002] d...    87.730253: sched_stat_runtime: comm=SimpleCacheWork pid=1906 runtime=1973 [ns] vruntime=9216602038 [ns]
           <...>-1906  [002] d...    87.730254: sched_switch: prev_comm=SimpleCacheWork prev_pid=1906 prev_prio=120 prev_state=S ==> next_comm=swapper/2 next_pid=0 next_prio=120
          <idle>-0     [002] d...    87.730254: cpu_idle: state=1 cpu_id=2
          <idle>-0     [002] dN..    87.730295: cpu_idle: state=4294967295 cpu_id=2
          <idle>-0     [002] d...    87.730295: sched_switch: prev_comm=swapper/2 prev_pid=0 prev_prio=120 prev_state=R ==> next_comm=chrome next_pid=1524 next_prio=120
          chrome-1524  [002] d...    87.730339: sched_stat_runtime: comm=chrome pid=1524 runtime=44408 [ns] vruntime=9228640085 [ns]
          chrome-1524  [002] d...    87.730339: sched_switch: prev_comm=chrome prev_pid=1524 prev_prio=120 prev_state=S ==> next_comm=swapper/2 next_pid=0 next_prio=120
          <idle>-0     [002] d...    87.730340: cpu_idle: state=1 cpu_id=2
          <idle>-0     [002] d...    87.730417: cpu_idle: state=4294967295 cpu_id=2
          <idle>-0     [002] d...    87.730419: cpu_idle: state=3 cpu_id=2
          <idle>-0     [002] dN..    87.730493: cpu_idle: state=4294967295 cpu_id=2
          <idle>-0     [002] d...    87.730493: sched_switch: prev_comm=swapper/2 prev_pid=0 prev_prio=120 prev_state=R ==> next_comm=SimpleCacheWork next_pid=2370 next_prio=120
           <...>-2370  [002] d...    87.730495: sched_stat_runtime: comm=SimpleCacheWork pid=2370 runtime=27014 [ns] vruntime=9216667099 [ns]
           <...>-2370  [002] d...    87.730496: sched_switch: prev_comm=SimpleCacheWork prev_pid=2370 prev_prio=120 prev_state=S ==> next_comm=swapper/2 next_pid=0 next_prio=120
          <idle>-0     [002] d...    87.730496: cpu_idle: state=3 cpu_id=2
          <idle>-0     [002] dN..    87.730603: cpu_idle: state=4294967295 cpu_id=2
          <idle>-0     [002] d...    87.730604: sched_switch: prev_comm=swapper/2 prev_pid=0 prev_prio=120 prev_state=R ==> next_comm=SimpleCacheWork next_pid=1906 next_prio=120
           <...>-1906  [002] d...    87.730605: sched_stat_runtime: comm=SimpleCacheWork pid=1906 runtime=24078 [ns] vruntime=9216664163 [ns]
           <...>-1906  [002] d...    87.730606: sched_switch: prev_comm=SimpleCacheWork prev_pid=1906 prev_prio=120 prev_state=S ==> next_comm=swapper/2 next_pid=0 next_prio=120
          <idle>-0     [002] d...    87.730606: cpu_idle: state=4 cpu_id=2
          <idle>-0     [002] dN..    87.730820: cpu_idle: state=4294967295 cpu_id=2
          <idle>-0     [002] d...    87.730822: sched_switch: prev_comm=swapper/2 prev_pid=0 prev_prio=120 prev_state=R ==> next_comm=chrome next_pid=1524 next_prio=120
          chrome-1524  [002] d...    87.730844: sched_stat_runtime: comm=chrome pid=1524 runtime=46899 [ns] vruntime=9228686984 [ns]
          chrome-1524  [002] d...    87.730845: sched_switch: prev_comm=chrome prev_pid=1524 prev_prio=120 prev_state=S ==> next_comm=swapper/2 next_pid=0 next_prio=120
          <idle>-0     [002] d...    87.730846: cpu_idle: state=2 cpu_id=2
          <idle>-0     [002] d...    87.730849: cpu_idle: state=4294967295 cpu_id=2
          <idle>-0     [002] d...    87.730850: cpu_idle: state=3 cpu_id=2
          <idle>-0     [002] dN..    87.730972: cpu_idle: state=4294967295 cpu_id=2
          <idle>-0     [002] d...    87.730973: sched_switch: prev_comm=swapper/2 prev_pid=0 prev_prio=120 prev_state=R ==> next_comm=SimpleCacheWork next_pid=2424 next_prio=120
 SimpleCacheWork-2424  [002] d...    87.730975: sched_stat_runtime: comm=SimpleCacheWork pid=2424 runtime=28856 [ns] vruntime=9216870191 [ns]
 SimpleCacheWork-2424  [002] d...    87.730976: sched_switch: prev_comm=SimpleCacheWork prev_pid=2424 prev_prio=120 prev_state=S ==> next_comm=swapper/2 next_pid=0 next_prio=120
          <idle>-0     [002] d...    87.730977: cpu_idle: state=3 cpu_id=2
          <idle>-0     [002] d...    87.731535: cpu_idle: state=4294967295 cpu_id=2
          <idle>-0     [002] d...    87.731542: cpu_idle: state=4 cpu_id=2
          <idle>-0     [002] dN..    87.733190: cpu_idle: state=4294967295 cpu_id=2
          <idle>-0     [002] d...    87.733192: sched_switch: prev_comm=swapper/2 prev_pid=0 prev_prio=120 prev_state=R ==> next_comm=chrome next_pid=1524 next_prio=120
          chrome-1524  [002] d...    87.733285: sched_stat_runtime: comm=chrome pid=1524 runtime=118846 [ns] vruntime=9228805830 [ns]
          chrome-1524  [002] d...    87.733286: sched_switch: prev_comm=chrome prev_pid=1524 prev_prio=120 prev_state=S ==> next_comm=swapper/2 next_pid=0 next_prio=120
          <idle>-0     [002] d...    87.733287: cpu_idle: state=4 cpu_id=2
          <idle>-0     [002] dN..    87.733785: cpu_idle: state=4294967295 cpu_id=2
          <idle>-0     [002] d...    87.733786: sched_switch: prev_comm=swapper/2 prev_pid=0 prev_prio=120 prev_state=R ==> next_comm=chrome next_pid=1524 next_prio=120
          chrome-1524  [002] d...    87.733831: sched_stat_runtime: comm=chrome pid=1524 runtime=47554 [ns] vruntime=9228853384 [ns]
          chrome-1524  [002] d...    87.733832: sched_switch: prev_comm=chrome prev_pid=1524 prev_prio=120 prev_state=S ==> next_comm=swapper/2 next_pid=0 next_prio=120
          <idle>-0     [002] d...    87.733833: cpu_idle: state=4 cpu_id=2
          <idle>-0     [002] dN..    87.734027: cpu_idle: state=4294967295 cpu_id=2
          <idle>-0     [002] d...    87.734028: sched_switch: prev_comm=swapper/2 prev_pid=0 prev_prio=120 prev_state=R ==> next_comm=BrowserBlocking next_pid=1894 next_prio=120
 BrowserBlocking-1894  [002] d...    87.734032: sched_waking: comm=BrowserBlocking pid=1898 prio=120 target_cpu=000
 BrowserBlocking-1894  [002] d...    87.734033: sched_wake_idle_without_ipi: cpu=0
 BrowserBlocking-1894  [002] d...    87.734033: sched_wakeup: comm=BrowserBlocking pid=1898 prio=120 target_cpu=000
 BrowserBlocking-1894  [002] d...    87.734057: sched_waking: comm=Chrome_IOThread pid=1860 prio=120 target_cpu=007
 BrowserBlocking-1894  [002] d...    87.734057: sched_wake_idle_without_ipi: cpu=7
 BrowserBlocking-1894  [002] d...    87.734058: sched_wakeup: comm=Chrome_IOThread pid=1860 prio=120 target_cpu=007
 BrowserBlocking-1894  [002] d...    87.734080: sched_stat_runtime: comm=BrowserBlocking pid=1894 runtime=54270 [ns] vruntime=9216907654 [ns]
 BrowserBlocking-1894  [002] d...    87.734081: sched_switch: prev_comm=BrowserBlocking prev_pid=1894 prev_prio=120 prev_state=S ==> next_comm=swapper/2 next_pid=0 next_prio=120
          <idle>-0     [002] d...    87.734081: cpu_idle: state=4 cpu_id=2
          <idle>-0     [002] dN..    87.734404: cpu_idle: state=4294967295 cpu_id=2
          <idle>-0     [002] d...    87.734404: sched_switch: prev_comm=swapper/2 prev_pid=0 prev_prio=120 prev_state=R ==> next_comm=BrowserBlocking next_pid=1894 next_prio=120
 BrowserBlocking-1894  [002] d...    87.734422: sched_stat_runtime: comm=BrowserBlocking pid=1894 runtime=4103 [ns] vruntime=9216911757 [ns]
 BrowserBlocking-1894  [002] d...    87.734423: sched_switch: prev_comm=BrowserBlocking prev_pid=1894 prev_prio=120 prev_state=S ==> next_comm=swapper/2 next_pid=0 next_prio=120
          <idle>-0     [002] d...    87.734424: cpu_idle: state=3 cpu_id=2
          <idle>-0     [002] dN..    87.734454: cpu_idle: state=4294967295 cpu_id=2
          <idle>-0     [002] d...    87.734456: sched_switch: prev_comm=swapper/2 prev_pid=0 prev_prio=120 prev_state=R ==> next_comm=BrowserBlocking next_pid=1894 next_prio=120
 BrowserBlocking-1894  [002] d...    87.734461: sched_stat_runtime: comm=BrowserBlocking pid=1894 runtime=10322 [ns] vruntime=9216922079 [ns]
 BrowserBlocking-1894  [002] d...    87.734463: sched_switch: prev_comm=BrowserBlocking prev_pid=1894 prev_prio=120 prev_state=S ==> next_comm=swapper/2 next_pid=0 next_prio=120
          <idle>-0     [002] d...    87.734465: cpu_idle: state=3 cpu_id=2
          <idle>-0     [002] dN..    87.734540: cpu_idle: state=4294967295 cpu_id=2
          <idle>-0     [002] d...    87.734543: sched_switch: prev_comm=swapper/2 prev_pid=0 prev_prio=120 prev_state=R ==> next_comm=Chrome_ChildIOT next_pid=2577 next_prio=120
 Chrome_ChildIOT-2577  [002] d...    87.734624: sched_waking: comm=chrome pid=2576 prio=120 target_cpu=001
 Chrome_ChildIOT-2577  [002] d...    87.734627: sched_wake_idle_without_ipi: cpu=1
 Chrome_ChildIOT-2577  [002] d...    87.734628: sched_wakeup: comm=chrome pid=2576 prio=120 target_cpu=001
 Chrome_ChildIOT-2577  [002] d...    87.734672: sched_stat_runtime: comm=Chrome_ChildIOT pid=2577 runtime=135574 [ns] vruntime=9216988958 [ns]
 Chrome_ChildIOT-2577  [002] d...    87.734675: sched_switch: prev_comm=Chrome_ChildIOT prev_pid=2577 prev_prio=120 prev_state=S ==> next_comm=swapper/2 next_pid=0 next_prio=120
          <idle>-0     [002] d...    87.734678: cpu_idle: state=4 cpu_id=2
          <idle>-0     [002] dN..    87.735369: cpu_idle: state=4294967295 cpu_id=2
          <idle>-0     [002] d...    87.735372: sched_switch: prev_comm=swapper/2 prev_pid=0 prev_prio=120 prev_state=R ==> next_comm=SimpleCacheWork next_pid=2370 next_prio=120
           <...>-2370  [002] d...    87.735381: sched_waking: comm=SimpleCacheWork pid=2425 prio=120 target_cpu=000
           <...>-2370  [002] d...    87.735385: sched_wake_idle_without_ipi: cpu=0
           <...>-2370  [002] d...    87.735385: sched_wakeup: comm=SimpleCacheWork pid=2425 prio=120 target_cpu=000
           <...>-2370  [002] d...    87.735445: sched_stat_runtime: comm=SimpleCacheWork pid=2370 runtime=81006 [ns] vruntime=9216934390 [ns]
           <...>-2370  [002] d...    87.735447: sched_switch: prev_comm=SimpleCacheWork prev_pid=2370 prev_prio=120 prev_state=S ==> next_comm=swapper/2 next_pid=0 next_prio=120
          <idle>-0     [002] d...    87.735450: cpu_idle: state=2 cpu_id=2
          <idle>-0     [002] d...    87.735514: cpu_idle: state=4294967295 cpu_id=2
          <idle>-0     [002] d...    87.735531: cpu_idle: state=4 cpu_id=2
          <idle>-0     [002] dN..    87.735650: cpu_idle: state=4294967295 cpu_id=2
          <idle>-0     [002] d...    87.735653: sched_switch: prev_comm=swapper/2 prev_pid=0 prev_prio=120 prev_state=R ==> next_comm=SimpleCacheWork next_pid=1906 next_prio=120
           <...>-1906  [002] d...    87.735660: sched_waking: comm=SimpleCacheWork pid=2466 prio=120 target_cpu=000
           <...>-1906  [002] d...    87.735663: sched_migrate_task: comm=SimpleCacheWork pid=2466 prio=120 orig_cpu=0 dest_cpu=3
           <...>-1906  [002] d...    87.735665: sutil_marker: Schedutil: attach_entity_load_avg: 0: 0
           <...>-1906  [002] d...    87.735666: sched_wake_idle_without_ipi: cpu=3
           <...>-1906  [002] d...    87.735667: sched_wakeup: comm=SimpleCacheWork pid=2466 prio=120 target_cpu=003
           <...>-1906  [002] d...    87.735748: sched_stat_runtime: comm=SimpleCacheWork pid=1906 runtime=100233 [ns] vruntime=9216953617 [ns]
           <...>-1906  [002] d...    87.735750: sched_switch: prev_comm=SimpleCacheWork prev_pid=1906 prev_prio=120 prev_state=S ==> next_comm=swapper/2 next_pid=0 next_prio=120
          <idle>-0     [002] d...    87.735753: cpu_idle: state=4 cpu_id=2
          <idle>-0     [002] dN..    87.735897: cpu_idle: state=4294967295 cpu_id=2
          <idle>-0     [002] d...    87.735899: sched_switch: prev_comm=swapper/2 prev_pid=0 prev_prio=120 prev_state=R ==> next_comm=BrowserBlocking next_pid=1894 next_prio=120
 BrowserBlocking-1894  [002] d...    87.735906: sched_stat_runtime: comm=BrowserBlocking pid=1894 runtime=14176 [ns] vruntime=9216867560 [ns]
 BrowserBlocking-1894  [002] d...    87.735908: sched_switch: prev_comm=BrowserBlocking prev_pid=1894 prev_prio=120 prev_state=S ==> next_comm=swapper/2 next_pid=0 next_prio=120
          <idle>-0     [002] d...    87.735910: cpu_idle: state=4 cpu_id=2
          <idle>-0     [002] d...    87.739566: cpu_idle: state=4294967295 cpu_id=2
          <idle>-0     [002] d...    87.739577: cpu_idle: state=6 cpu_id=2
          <idle>-0     [002] d...    87.743552: cpu_idle: state=4294967295 cpu_id=2
          <idle>-0     [002] d...    87.743566: cpu_idle: state=6 cpu_id=2
          <idle>-0     [002] dN..    87.744936: cpu_idle: state=4294967295 cpu_id=2
          <idle>-0     [002] d...    87.744940: sched_switch: prev_comm=swapper/2 prev_pid=0 prev_prio=120 prev_state=R ==> next_comm=Xorg next_pid=1080 next_prio=120
            Xorg-1080  [002] d...    87.744999: sched_waking: comm=chrome pid=1524 prio=120 target_cpu=000
            Xorg-1080  [002] d...    87.745003: sched_wake_idle_without_ipi: cpu=0
            Xorg-1080  [002] d...    87.745004: sched_wakeup: comm=chrome pid=1524 prio=120 target_cpu=000
            Xorg-1080  [002] d...    87.745026: sched_stat_runtime: comm=Xorg pid=1080 runtime=118275 [ns] vruntime=410780213 [ns]
            Xorg-1080  [002] d...    87.745028: sched_switch: prev_comm=Xorg prev_pid=1080 prev_prio=120 prev_state=S ==> next_comm=swapper/2 next_pid=0 next_prio=120
          <idle>-0     [002] d...    87.745032: cpu_idle: state=4 cpu_id=2
          <idle>-0     [002] dN..    87.745097: cpu_idle: state=4294967295 cpu_id=2
          <idle>-0     [002] d...    87.745102: sched_switch: prev_comm=swapper/2 prev_pid=0 prev_prio=120 prev_state=R ==> next_comm=Xorg next_pid=1080 next_prio=120
            Xorg-1080  [002] d...    87.745141: sched_waking: comm=chrome pid=1524 prio=120 target_cpu=000
            Xorg-1080  [002] d...    87.745145: sched_wake_idle_without_ipi: cpu=0
            Xorg-1080  [002] d...    87.745145: sched_wakeup: comm=chrome pid=1524 prio=120 target_cpu=000
            Xorg-1080  [002] d...    87.745178: sched_waking: comm=chrome pid=1524 prio=120 target_cpu=000
            Xorg-1080  [002] d...    87.745179: sched_wake_idle_without_ipi: cpu=0
            Xorg-1080  [002] d...    87.745180: sched_wakeup: comm=chrome pid=1524 prio=120 target_cpu=000
            Xorg-1080  [002] d...    87.745208: sched_waking: comm=chrome pid=1524 prio=120 target_cpu=000
            Xorg-1080  [002] d...    87.745210: sched_wake_idle_without_ipi: cpu=0
            Xorg-1080  [002] d...    87.745210: sched_wakeup: comm=chrome pid=1524 prio=120 target_cpu=000
            Xorg-1080  [002] d...    87.745235: sched_waking: comm=chrome pid=1524 prio=120 target_cpu=000
            Xorg-1080  [002] d...    87.745237: sched_wake_idle_without_ipi: cpu=0
            Xorg-1080  [002] d...    87.745237: sched_wakeup: comm=chrome pid=1524 prio=120 target_cpu=000
            Xorg-1080  [002] d...    87.745258: sched_waking: comm=chrome pid=1524 prio=120 target_cpu=000
            Xorg-1080  [002] d...    87.745259: sched_wake_idle_without_ipi: cpu=0
            Xorg-1080  [002] d...    87.745260: sched_wakeup: comm=chrome pid=1524 prio=120 target_cpu=000
            Xorg-1080  [002] d...    87.745279: sched_waking: comm=chrome pid=1524 prio=120 target_cpu=000
            Xorg-1080  [002] d...    87.745281: sched_wake_idle_without_ipi: cpu=0
            Xorg-1080  [002] d...    87.745281: sched_wakeup: comm=chrome pid=1524 prio=120 target_cpu=000
            Xorg-1080  [002] d...    87.745301: sched_waking: comm=chrome pid=1524 prio=120 target_cpu=000
            Xorg-1080  [002] d...    87.745302: sched_wake_idle_without_ipi: cpu=0
            Xorg-1080  [002] d...    87.745303: sched_wakeup: comm=chrome pid=1524 prio=120 target_cpu=000
            Xorg-1080  [002] d...    87.745323: sched_waking: comm=chrome pid=1524 prio=120 target_cpu=000
            Xorg-1080  [002] d...    87.745324: sched_wake_idle_without_ipi: cpu=0
            Xorg-1080  [002] d...    87.745325: sched_wakeup: comm=chrome pid=1524 prio=120 target_cpu=000
            Xorg-1080  [002] d...    87.745344: sched_waking: comm=chrome pid=1524 prio=120 target_cpu=000
            Xorg-1080  [002] d...    87.745346: sched_wake_idle_without_ipi: cpu=0
            Xorg-1080  [002] d...    87.745346: sched_wakeup: comm=chrome pid=1524 prio=120 target_cpu=000
            Xorg-1080  [002] d...    87.745367: sched_waking: comm=chrome pid=1524 prio=120 target_cpu=000
            Xorg-1080  [002] d...    87.745368: sched_wake_idle_without_ipi: cpu=0
            Xorg-1080  [002] d...    87.745369: sched_wakeup: comm=chrome pid=1524 prio=120 target_cpu=000
            Xorg-1080  [002] d...    87.745388: sched_waking: comm=chrome pid=1524 prio=120 target_cpu=000
            Xorg-1080  [002] d...    87.745390: sched_wake_idle_without_ipi: cpu=0
            Xorg-1080  [002] d...    87.745390: sched_wakeup: comm=chrome pid=1524 prio=120 target_cpu=000
            Xorg-1080  [002] d...    87.745410: sched_waking: comm=chrome pid=1524 prio=120 target_cpu=000
            Xorg-1080  [002] d...    87.745412: sched_wake_idle_without_ipi: cpu=0
            Xorg-1080  [002] d...    87.745412: sched_wakeup: comm=chrome pid=1524 prio=120 target_cpu=000
            Xorg-1080  [002] d...    87.745431: sched_waking: comm=chrome pid=1524 prio=120 target_cpu=000
            Xorg-1080  [002] d...    87.745433: sched_wake_idle_without_ipi: cpu=0
            Xorg-1080  [002] d...    87.745433: sched_wakeup: comm=chrome pid=1524 prio=120 target_cpu=000
            Xorg-1080  [002] d...    87.745452: sched_waking: comm=chrome pid=1524 prio=120 target_cpu=000
            Xorg-1080  [002] d...    87.745453: sched_wake_idle_without_ipi: cpu=0
            Xorg-1080  [002] d...    87.745454: sched_wakeup: comm=chrome pid=1524 prio=120 target_cpu=000
            Xorg-1080  [002] d...    87.745473: sched_waking: comm=chrome pid=1524 prio=120 target_cpu=000
            Xorg-1080  [002] d...    87.745475: sched_wake_idle_without_ipi: cpu=0
            Xorg-1080  [002] d...    87.745475: sched_wakeup: comm=chrome pid=1524 prio=120 target_cpu=000
            Xorg-1080  [002] d...    87.745495: sched_waking: comm=chrome pid=1524 prio=120 target_cpu=000
            Xorg-1080  [002] d...    87.745496: sched_wake_idle_without_ipi: cpu=0
            Xorg-1080  [002] d...    87.745497: sched_wakeup: comm=chrome pid=1524 prio=120 target_cpu=000
            Xorg-1080  [002] d...    87.745518: sched_waking: comm=chrome pid=1524 prio=120 target_cpu=000
            Xorg-1080  [002] d...    87.745519: sched_wake_idle_without_ipi: cpu=0
            Xorg-1080  [002] d...    87.745519: sched_wakeup: comm=chrome pid=1524 prio=120 target_cpu=000
            Xorg-1080  [002] d...    87.745538: sched_waking: comm=chrome pid=1524 prio=120 target_cpu=000
            Xorg-1080  [002] d...    87.745540: sched_wake_idle_without_ipi: cpu=0
            Xorg-1080  [002] d...    87.745540: sched_wakeup: comm=chrome pid=1524 prio=120 target_cpu=000
            Xorg-1080  [002] d...    87.745561: sched_waking: comm=chrome pid=1524 prio=120 target_cpu=000
            Xorg-1080  [002] d...    87.745562: sched_wake_idle_without_ipi: cpu=0
            Xorg-1080  [002] d...    87.745562: sched_wakeup: comm=chrome pid=1524 prio=120 target_cpu=000
            Xorg-1080  [002] d...    87.745577: sched_stat_runtime: comm=Xorg pid=1080 runtime=506775 [ns] vruntime=411286988 [ns]
            Xorg-1080  [002] d...    87.745579: sched_switch: prev_comm=Xorg prev_pid=1080 prev_prio=120 prev_state=S ==> next_comm=swapper/2 next_pid=0 next_prio=120
          <idle>-0     [002] d...    87.745582: cpu_idle: state=4 cpu_id=2
          <idle>-0     [002] dN..    87.745654: cpu_idle: state=4294967295 cpu_id=2
          <idle>-0     [002] d...    87.745658: sched_switch: prev_comm=swapper/2 prev_pid=0 prev_prio=120 prev_state=R ==> next_comm=Xorg next_pid=1080 next_prio=120
            Xorg-1080  [002] d...    87.745694: sched_waking: comm=chrome pid=1524 prio=120 target_cpu=000
            Xorg-1080  [002] d...    87.745697: sched_wake_idle_without_ipi: cpu=0
            Xorg-1080  [002] d...    87.745698: sched_wakeup: comm=chrome pid=1524 prio=120 target_cpu=000
            Xorg-1080  [002] d...    87.745718: sched_stat_runtime: comm=Xorg pid=1080 runtime=91807 [ns] vruntime=411378795 [ns]
            Xorg-1080  [002] d...    87.745720: sched_switch: prev_comm=Xorg prev_pid=1080 prev_prio=120 prev_state=S ==> next_comm=swapper/2 next_pid=0 next_prio=120
          <idle>-0     [002] d...    87.745724: cpu_idle: state=4 cpu_id=2
          <idle>-0     [002] dN..    87.745987: cpu_idle: state=4294967295 cpu_id=2
          <idle>-0     [002] d...    87.745991: sched_switch: prev_comm=swapper/2 prev_pid=0 prev_prio=120 prev_state=R ==> next_comm=Chrome_ChildIOT next_pid=1903 next_prio=120
 Chrome_ChildIOT-1903  [002] d...    87.746046: sched_waking: comm=chrome pid=1896 prio=120 target_cpu=003
 Chrome_ChildIOT-1903  [002] d...    87.746050: sched_wake_idle_without_ipi: cpu=3
 Chrome_ChildIOT-1903  [002] d...    87.746050: sched_wakeup: comm=chrome pid=1896 prio=120 target_cpu=003
 Chrome_ChildIOT-1903  [002] d...    87.746063: sched_stat_runtime: comm=Chrome_ChildIOT pid=1903 runtime=105558 [ns] vruntime=9216958942 [ns]
 Chrome_ChildIOT-1903  [002] d...    87.746065: sched_switch: prev_comm=Chrome_ChildIOT prev_pid=1903 prev_prio=120 prev_state=S ==> next_comm=swapper/2 next_pid=0 next_prio=120
          <idle>-0     [002] d...    87.746069: cpu_idle: state=4 cpu_id=2
          <idle>-0     [002] dN..    87.747485: cpu_idle: state=4294967295 cpu_id=2
          <idle>-0     [002] d...    87.747489: sched_switch: prev_comm=swapper/2 prev_pid=0 prev_prio=120 prev_state=R ==> next_comm=Chrome_ChildIOT next_pid=1903 next_prio=120
 Chrome_ChildIOT-1903  [002] d.h.    87.747517: sched_stat_runtime: comm=Chrome_ChildIOT pid=1903 runtime=59753 [ns] vruntime=9217018695 [ns]
 Chrome_ChildIOT-1903  [002] d...    87.747545: sched_waking: comm=chrome pid=1896 prio=120 target_cpu=003
 Chrome_ChildIOT-1903  [002] d...    87.747548: sched_wake_idle_without_ipi: cpu=3
 Chrome_ChildIOT-1903  [002] d...    87.747549: sched_wakeup: comm=chrome pid=1896 prio=120 target_cpu=003
 Chrome_ChildIOT-1903  [002] d...    87.747568: sched_stat_runtime: comm=Chrome_ChildIOT pid=1903 runtime=50521 [ns] vruntime=9217069216 [ns]
 Chrome_ChildIOT-1903  [002] d...    87.747570: sched_switch: prev_comm=Chrome_ChildIOT prev_pid=1903 prev_prio=120 prev_state=S ==> next_comm=swapper/2 next_pid=0 next_prio=120
          <idle>-0     [002] d...    87.747573: cpu_idle: state=6 cpu_id=2
          <idle>-0     [002] dN..    87.748490: cpu_idle: state=4294967295 cpu_id=2
          <idle>-0     [002] d...    87.748494: sched_switch: prev_comm=swapper/2 prev_pid=0 prev_prio=120 prev_state=R ==> next_comm=Xorg next_pid=1080 next_prio=120
            Xorg-1080  [002] d...    87.748540: sched_waking: comm=chrome pid=1896 prio=120 target_cpu=003
            Xorg-1080  [002] d...    87.748543: sched_wake_idle_without_ipi: cpu=3
            Xorg-1080  [002] d...    87.748544: sched_wakeup: comm=chrome pid=1896 prio=120 target_cpu=003
            Xorg-1080  [002] d...    87.748566: sched_stat_runtime: comm=Xorg pid=1080 runtime=107456 [ns] vruntime=411486251 [ns]
            Xorg-1080  [002] d...    87.748568: sched_switch: prev_comm=Xorg prev_pid=1080 prev_prio=120 prev_state=S ==> next_comm=swapper/2 next_pid=0 next_prio=120
          <idle>-0     [002] d...    87.748572: cpu_idle: state=6 cpu_id=2
          <idle>-0     [002] dN..    87.749133: cpu_idle: state=4294967295 cpu_id=2
