           <...>-3073  [002] d...    87.237316: sched_wakeup: comm=CompositorTileW pid=3071 prio=120 target_cpu=000
           <...>-3073  [002] d.h.    87.237319: sched_waking: comm=vlc pid=2959 prio=120 target_cpu=002
           <...>-3073  [002] d.h.    87.237319: sched_migrate_task: comm=vlc pid=2959 prio=120 orig_cpu=2 dest_cpu=3
           <...>-3073  [002] d.h.    87.237319: sutil_marker: Schedutil: attach_entity_load_avg: 0: 0
           <...>-3073  [002] d.h.    87.237320: sched_wake_idle_without_ipi: cpu=3
           <...>-3073  [002] d.h.    87.237320: sched_wakeup: comm=vlc pid=2959 prio=120 target_cpu=003
           <...>-3073  [002] d...    87.237327: sched_waking: comm=Chrome_ChildIOT pid=3068 prio=120 target_cpu=006
           <...>-3073  [002] d...    87.237328: sched_wake_idle_without_ipi: cpu=6
           <...>-3073  [002] d...    87.237328: sched_wakeup: comm=Chrome_ChildIOT pid=3068 prio=120 target_cpu=006
           <...>-3073  [002] d...    87.237337: sched_stat_runtime: comm=CompositorTileW pid=3073 runtime=27191 [ns] vruntime=9132136603 [ns]
           <...>-3073  [002] d...    87.237337: sched_switch: prev_comm=CompositorTileW prev_pid=3073 prev_prio=120 prev_state=S ==> next_comm=swapper/2 next_pid=0 next_prio=120
          <idle>-0     [002] d...    87.237339: cpu_idle: state=1 cpu_id=2
          <idle>-0     [002] dN..    87.237341: cpu_idle: state=4294967295 cpu_id=2
          <idle>-0     [002] d...    87.237342: sched_switch: prev_comm=swapper/2 prev_pid=0 prev_prio=120 prev_state=R ==> next_comm=chrome next_pid=1896 next_prio=120
          chrome-1896  [002] d...    87.238545: sched_stat_runtime: comm=chrome pid=1896 runtime=1205138 [ns] vruntime=9145086283 [ns]
          chrome-1896  [002] d...    87.238547: sutil_marker: Schedutil: update-single-return: 263: 238
          chrome-1896  [002] d...    87.238548: sched_switch: prev_comm=chrome prev_pid=1896 prev_prio=120 prev_state=S ==> next_comm=swapper/2 next_pid=0 next_prio=120
          <idle>-0     [002] d...    87.238550: cpu_idle: state=1 cpu_id=2
          <idle>-0     [002] dN..    87.238934: cpu_idle: state=4294967295 cpu_id=2
          <idle>-0     [002] d...    87.238935: sched_switch: prev_comm=swapper/2 prev_pid=0 prev_prio=120 prev_state=R ==> next_comm=SimpleCacheWork next_pid=2466 next_prio=120
           <...>-2466  [002] d...    87.238939: sched_waking: comm=SimpleCacheWork pid=2424 prio=120 target_cpu=003
           <...>-2466  [002] d...    87.238940: sched_wake_idle_without_ipi: cpu=3
           <...>-2466  [002] d...    87.238940: sched_wakeup: comm=SimpleCacheWork pid=2424 prio=120 target_cpu=003
           <...>-2466  [002] d...    87.239016: sched_stat_runtime: comm=SimpleCacheWork pid=2466 runtime=83553 [ns] vruntime=9133169836 [ns]
           <...>-2466  [002] d...    87.239017: sched_switch: prev_comm=SimpleCacheWork prev_pid=2466 prev_prio=120 prev_state=D|K ==> next_comm=swapper/2 next_pid=0 next_prio=120
          <idle>-0     [002] d...    87.239019: cpu_idle: state=1 cpu_id=2
          <idle>-0     [002] dN..    87.239131: cpu_idle: state=4294967295 cpu_id=2
          <idle>-0     [002] d...    87.239132: sched_switch: prev_comm=swapper/2 prev_pid=0 prev_prio=120 prev_state=R ==> next_comm=SimpleCacheWork next_pid=2466 next_prio=120
           <...>-2466  [002] d...    87.239151: sched_stat_runtime: comm=SimpleCacheWork pid=2466 runtime=21598 [ns] vruntime=9133191434 [ns]
           <...>-2466  [002] d...    87.239152: sched_switch: prev_comm=SimpleCacheWork prev_pid=2466 prev_prio=120 prev_state=D|K ==> next_comm=swapper/2 next_pid=0 next_prio=120
          <idle>-0     [002] d...    87.239153: cpu_idle: state=1 cpu_id=2
          <idle>-0     [002] dN..    87.239257: cpu_idle: state=4294967295 cpu_id=2
          <idle>-0     [002] d...    87.239259: sched_switch: prev_comm=swapper/2 prev_pid=0 prev_prio=120 prev_state=R ==> next_comm=SimpleCacheWork next_pid=2466 next_prio=120
           <...>-2466  [002] d...    87.239307: sched_stat_runtime: comm=SimpleCacheWork pid=2466 runtime=51016 [ns] vruntime=9133242450 [ns]
           <...>-2466  [002] d...    87.239308: sched_switch: prev_comm=SimpleCacheWork prev_pid=2466 prev_prio=120 prev_state=S ==> next_comm=swapper/2 next_pid=0 next_prio=120
          <idle>-0     [002] d...    87.239309: cpu_idle: state=2 cpu_id=2
          <idle>-0     [002] d...    87.239338: cpu_idle: state=4294967295 cpu_id=2
          <idle>-0     [002] d...    87.239340: cpu_idle: state=2 cpu_id=2
          <idle>-0     [002] d...    87.239410: cpu_idle: state=4294967295 cpu_id=2
          <idle>-0     [002] d...    87.239412: cpu_idle: state=2 cpu_id=2
          <idle>-0     [002] d...    87.239477: cpu_idle: state=4294967295 cpu_id=2
          <idle>-0     [002] d...    87.239490: cpu_idle: state=3 cpu_id=2
          <idle>-0     [002] d...    87.240594: cpu_idle: state=4294967295 cpu_id=2
          <idle>-0     [002] d.h.    87.240595: sched_waking: comm=chrome pid=1896 prio=120 target_cpu=002
          <idle>-0     [002] d.h.    87.240596: sutil_marker: Schedutil: update-single-return: 238: 105
          <idle>-0     [002] dNh.    87.240597: sched_wakeup: comm=chrome pid=1896 prio=120 target_cpu=002
          <idle>-0     [002] d...    87.240597: sched_switch: prev_comm=swapper/2 prev_pid=0 prev_prio=120 prev_state=R ==> next_comm=chrome next_pid=1896 next_prio=120
          chrome-1896  [002] d...    87.240635: sched_stat_runtime: comm=chrome pid=1896 runtime=39799 [ns] vruntime=9145126082 [ns]
          chrome-1896  [002] d...    87.240636: sched_switch: prev_comm=chrome prev_pid=1896 prev_prio=120 prev_state=S ==> next_comm=swapper/2 next_pid=0 next_prio=120
          <idle>-0     [002] d...    87.240637: cpu_idle: state=4 cpu_id=2
          <idle>-0     [002] dN..    87.240908: cpu_idle: state=4294967295 cpu_id=2
          <idle>-0     [002] d...    87.240909: sched_switch: prev_comm=swapper/2 prev_pid=0 prev_prio=120 prev_state=R ==> next_comm=SimpleCacheWork next_pid=2425 next_prio=120
 SimpleCacheWork-2425  [002] d...    87.240913: sched_waking: comm=SimpleCacheWork pid=1906 prio=120 target_cpu=002
 SimpleCacheWork-2425  [002] d...    87.240914: sched_migrate_task: comm=SimpleCacheWork pid=1906 prio=120 orig_cpu=2 dest_cpu=3
 SimpleCacheWork-2425  [002] d...    87.240914: sutil_marker: Schedutil: attach_entity_load_avg: 0: 0
 SimpleCacheWork-2425  [002] d...    87.240915: sched_wake_idle_without_ipi: cpu=3
 SimpleCacheWork-2425  [002] d...    87.240915: sched_wakeup: comm=SimpleCacheWork pid=1906 prio=120 target_cpu=003
 SimpleCacheWork-2425  [002] d...    87.240953: sched_stat_runtime: comm=SimpleCacheWork pid=2425 runtime=46053 [ns] vruntime=9133172135 [ns]
 SimpleCacheWork-2425  [002] d...    87.240954: sched_switch: prev_comm=SimpleCacheWork prev_pid=2425 prev_prio=120 prev_state=S ==> next_comm=swapper/2 next_pid=0 next_prio=120
          <idle>-0     [002] d...    87.240955: cpu_idle: state=4 cpu_id=2
          <idle>-0     [002] dN..    87.241027: cpu_idle: state=4294967295 cpu_id=2
          <idle>-0     [002] d...    87.241028: sched_switch: prev_comm=swapper/2 prev_pid=0 prev_prio=120 prev_state=R ==> next_comm=dnsmasq next_pid=2173 next_prio=120
           <...>-2173  [002] d...    87.241056: sched_stat_runtime: comm=dnsmasq pid=2173 runtime=30370 [ns] vruntime=211678063 [ns]
           <...>-2173  [002] d...    87.241056: sched_switch: prev_comm=dnsmasq prev_pid=2173 prev_prio=120 prev_state=S ==> next_comm=swapper/2 next_pid=0 next_prio=120
          <idle>-0     [002] d...    87.241057: cpu_idle: state=4 cpu_id=2
          <idle>-0     [002] dN..    87.241276: cpu_idle: state=4294967295 cpu_id=2
          <idle>-0     [002] d...    87.241277: sched_switch: prev_comm=swapper/2 prev_pid=0 prev_prio=120 prev_state=R ==> next_comm=dnsmasq next_pid=2173 next_prio=120
           <...>-2173  [002] d...    87.241285: sched_stat_runtime: comm=dnsmasq pid=2173 runtime=9903 [ns] vruntime=211687966 [ns]
           <...>-2173  [002] d...    87.241285: sched_switch: prev_comm=dnsmasq prev_pid=2173 prev_prio=120 prev_state=S ==> next_comm=swapper/2 next_pid=0 next_prio=120
          <idle>-0     [002] d...    87.241286: cpu_idle: state=4 cpu_id=2
          <idle>-0     [002] dN..    87.243123: cpu_idle: state=4294967295 cpu_id=2
          <idle>-0     [002] d...    87.243124: sched_switch: prev_comm=swapper/2 prev_pid=0 prev_prio=120 prev_state=R ==> next_comm=Chrome_IOThread next_pid=1860 next_prio=120
 Chrome_IOThread-1860  [002] d...    87.243231: sched_stat_runtime: comm=Chrome_IOThread pid=1860 runtime=109609 [ns] vruntime=9145235691 [ns]
 Chrome_IOThread-1860  [002] d...    87.243231: sched_switch: prev_comm=Chrome_IOThread prev_pid=1860 prev_prio=120 prev_state=S ==> next_comm=swapper/2 next_pid=0 next_prio=120
          <idle>-0     [002] d...    87.243232: cpu_idle: state=3 cpu_id=2
          <idle>-0     [002] d...    87.243478: cpu_idle: state=4294967295 cpu_id=2
          <idle>-0     [002] d...    87.243481: cpu_idle: state=6 cpu_id=2
          <idle>-0     [002] dN..    87.244628: cpu_idle: state=4294967295 cpu_id=2
          <idle>-0     [002] d...    87.244629: sched_switch: prev_comm=swapper/2 prev_pid=0 prev_prio=120 prev_state=R ==> next_comm=Chrome_IOThread next_pid=1860 next_prio=120
 Chrome_IOThread-1860  [002] d...    87.244647: sched_waking: comm=chrome pid=1524 prio=120 target_cpu=007
 Chrome_IOThread-1860  [002] d...    87.244649: sched_migrate_task: comm=chrome pid=1524 prio=120 orig_cpu=7 dest_cpu=4
 Chrome_IOThread-1860  [002] d...    87.244651: sutil_marker: Schedutil: attach_entity_load_avg: 0: 0
 Chrome_IOThread-1860  [002] d...    87.244652: sched_wake_idle_without_ipi: cpu=4
 Chrome_IOThread-1860  [002] d...    87.244653: sched_wakeup: comm=chrome pid=1524 prio=120 target_cpu=004
 Chrome_IOThread-1860  [002] d...    87.244659: sched_stat_runtime: comm=Chrome_IOThread pid=1860 runtime=34390 [ns] vruntime=9145270081 [ns]
 Chrome_IOThread-1860  [002] d...    87.244659: sched_switch: prev_comm=Chrome_IOThread prev_pid=1860 prev_prio=120 prev_state=S ==> next_comm=swapper/2 next_pid=0 next_prio=120
          <idle>-0     [002] d...    87.244661: cpu_idle: state=4 cpu_id=2
          <idle>-0     [002] dN..    87.244715: cpu_idle: state=4294967295 cpu_id=2
          <idle>-0     [002] d...    87.244716: sched_switch: prev_comm=swapper/2 prev_pid=0 prev_prio=120 prev_state=R ==> next_comm=Chrome_IOThread next_pid=1860 next_prio=120
 Chrome_IOThread-1860  [002] d...    87.244883: sched_waking: comm=Chrome_ChildIOT pid=3068 prio=120 target_cpu=007
 Chrome_IOThread-1860  [002] d...    87.244886: sched_wake_idle_without_ipi: cpu=7
 Chrome_IOThread-1860  [002] d...    87.244886: sched_wakeup: comm=Chrome_ChildIOT pid=3068 prio=120 target_cpu=007
 Chrome_IOThread-1860  [002] d...    87.245068: sched_waking: comm=Chrome_ChildIOT pid=3068 prio=120 target_cpu=007
 Chrome_IOThread-1860  [002] d...    87.245070: sched_wake_idle_without_ipi: cpu=7
 Chrome_IOThread-1860  [002] d...    87.245070: sched_wakeup: comm=Chrome_ChildIOT pid=3068 prio=120 target_cpu=007
 Chrome_IOThread-1860  [002] d...    87.245158: sched_stat_runtime: comm=Chrome_IOThread pid=1860 runtime=445991 [ns] vruntime=9145716072 [ns]
 Chrome_IOThread-1860  [002] d...    87.245161: sched_switch: prev_comm=Chrome_IOThread prev_pid=1860 prev_prio=120 prev_state=S ==> next_comm=swapper/2 next_pid=0 next_prio=120
          <idle>-0     [002] d...    87.245164: cpu_idle: state=4 cpu_id=2
          <idle>-0     [002] dN..    87.245230: cpu_idle: state=4294967295 cpu_id=2
          <idle>-0     [002] d...    87.245234: sched_switch: prev_comm=swapper/2 prev_pid=0 prev_prio=120 prev_state=R ==> next_comm=Chrome_IOThread next_pid=1860 next_prio=120
 Chrome_IOThread-1860  [002] d...    87.245438: sched_stat_runtime: comm=Chrome_IOThread pid=1860 runtime=237244 [ns] vruntime=9145953316 [ns]
 Chrome_IOThread-1860  [002] d...    87.245440: sched_switch: prev_comm=Chrome_IOThread prev_pid=1860 prev_prio=120 prev_state=S ==> next_comm=swapper/2 next_pid=0 next_prio=120
          <idle>-0     [002] d...    87.245443: cpu_idle: state=4 cpu_id=2
          <idle>-0     [002] dN..    87.245448: cpu_idle: state=4294967295 cpu_id=2
          <idle>-0     [002] d...    87.245450: sched_switch: prev_comm=swapper/2 prev_pid=0 prev_prio=120 prev_state=R ==> next_comm=chrome next_pid=1896 next_prio=120
          chrome-1896  [002] d...    87.245485: sched_stat_runtime: comm=chrome pid=1896 runtime=40837 [ns] vruntime=9145166919 [ns]
          chrome-1896  [002] d...    87.245487: sutil_marker: Schedutil: get_next_freq: 800000: 1024
          chrome-1896  [002] d...    87.245487: sutil_marker: Schedutil: update-single-util: 105: 273
          chrome-1896  [002] d...    87.245488: sutil_marker: Schedutil: update-single-boost: 105: 273
          chrome-1896  [002] d...    87.245488: sutil_marker: Schedutil: update-single-freq: 800000: 800000
          chrome-1896  [002] d...    87.245489: sched_switch: prev_comm=chrome prev_pid=1896 prev_prio=120 prev_state=S ==> next_comm=swapper/2 next_pid=0 next_prio=120
          <idle>-0     [002] d...    87.245491: cpu_idle: state=4 cpu_id=2
          <idle>-0     [002] dN..    87.245600: cpu_idle: state=4294967295 cpu_id=2
          <idle>-0     [002] d...    87.245602: sched_switch: prev_comm=swapper/2 prev_pid=0 prev_prio=120 prev_state=R ==> next_comm=Chrome_IOThread next_pid=1860 next_prio=120
 Chrome_IOThread-1860  [002] d...    87.245659: sched_stat_runtime: comm=Chrome_IOThread pid=1860 runtime=60968 [ns] vruntime=9146014284 [ns]
 Chrome_IOThread-1860  [002] d...    87.245660: sched_switch: prev_comm=Chrome_IOThread prev_pid=1860 prev_prio=120 prev_state=S ==> next_comm=swapper/2 next_pid=0 next_prio=120
          <idle>-0     [002] d...    87.245663: cpu_idle: state=4 cpu_id=2
          <idle>-0     [002] dN..    87.245761: cpu_idle: state=4294967295 cpu_id=2
          <idle>-0     [002] d...    87.245764: sched_switch: prev_comm=swapper/2 prev_pid=0 prev_prio=120 prev_state=R ==> next_comm=Chrome_IOThread next_pid=1860 next_prio=120
 Chrome_IOThread-1860  [002] d...    87.246256: sched_stat_runtime: comm=Chrome_IOThread pid=1860 runtime=496687 [ns] vruntime=9146510971 [ns]
 Chrome_IOThread-1860  [002] d...    87.246258: sched_switch: prev_comm=Chrome_IOThread prev_pid=1860 prev_prio=120 prev_state=S ==> next_comm=swapper/2 next_pid=0 next_prio=120
          <idle>-0     [002] d...    87.246260: cpu_idle: state=3 cpu_id=2
          <idle>-0     [002] dN..    87.246419: cpu_idle: state=4294967295 cpu_id=2
          <idle>-0     [002] d...    87.246421: sched_switch: prev_comm=swapper/2 prev_pid=0 prev_prio=120 prev_state=R ==> next_comm=Chrome_IOThread next_pid=1860 next_prio=120
 Chrome_IOThread-1860  [002] d...    87.246462: sched_stat_runtime: comm=Chrome_IOThread pid=1860 runtime=45008 [ns] vruntime=9146555979 [ns]
 Chrome_IOThread-1860  [002] d...    87.246463: sched_switch: prev_comm=Chrome_IOThread prev_pid=1860 prev_prio=120 prev_state=S ==> next_comm=swapper/2 next_pid=0 next_prio=120
          <idle>-0     [002] d...    87.246465: cpu_idle: state=3 cpu_id=2
          <idle>-0     [002] dN..    87.246536: cpu_idle: state=4294967295 cpu_id=2
          <idle>-0     [002] d...    87.246537: sched_switch: prev_comm=swapper/2 prev_pid=0 prev_prio=120 prev_state=R ==> next_comm=Chrome_IOThread next_pid=1860 next_prio=120
 Chrome_IOThread-1860  [002] d...    87.246578: sched_stat_runtime: comm=Chrome_IOThread pid=1860 runtime=45054 [ns] vruntime=9146601033 [ns]
 Chrome_IOThread-1860  [002] d...    87.246579: sched_switch: prev_comm=Chrome_IOThread prev_pid=1860 prev_prio=120 prev_state=S ==> next_comm=swapper/2 next_pid=0 next_prio=120
          <idle>-0     [002] d...    87.246581: cpu_idle: state=2 cpu_id=2
          <idle>-0     [002] d...    87.247479: cpu_idle: state=4294967295 cpu_id=2
          <idle>-0     [002] d...    87.247505: cpu_idle: state=2 cpu_id=2
          <idle>-0     [002] dN..    87.247723: cpu_idle: state=4294967295 cpu_id=2
          <idle>-0     [002] d...    87.247725: sched_switch: prev_comm=swapper/2 prev_pid=0 prev_prio=120 prev_state=R ==> next_comm=Chrome_IOThread next_pid=1860 next_prio=120
 Chrome_IOThread-1860  [002] d...    87.247773: sched_waking: comm=Chrome_ChildIOT pid=1903 prio=120 target_cpu=005
 Chrome_IOThread-1860  [002] d...    87.247776: sched_wake_idle_without_ipi: cpu=5
 Chrome_IOThread-1860  [002] d...    87.247777: sched_wakeup: comm=Chrome_ChildIOT pid=1903 prio=120 target_cpu=005
 Chrome_IOThread-1860  [002] d...    87.247788: sched_stat_runtime: comm=Chrome_IOThread pid=1860 runtime=67127 [ns] vruntime=9146668160 [ns]
 Chrome_IOThread-1860  [002] d...    87.247791: sched_switch: prev_comm=Chrome_IOThread prev_pid=1860 prev_prio=120 prev_state=S ==> next_comm=swapper/2 next_pid=0 next_prio=120
          <idle>-0     [002] d...    87.247794: cpu_idle: state=4 cpu_id=2
          <idle>-0     [002] dN..    87.247814: cpu_idle: state=4294967295 cpu_id=2
          <idle>-0     [002] d...    87.247816: sched_switch: prev_comm=swapper/2 prev_pid=0 prev_prio=120 prev_state=R ==> next_comm=Chrome_IOThread next_pid=1860 next_prio=120
 Chrome_IOThread-1860  [002] d...    87.247872: sched_stat_runtime: comm=Chrome_IOThread pid=1860 runtime=61592 [ns] vruntime=9146729752 [ns]
 Chrome_IOThread-1860  [002] d...    87.247875: sched_switch: prev_comm=Chrome_IOThread prev_pid=1860 prev_prio=120 prev_state=S ==> next_comm=swapper/2 next_pid=0 next_prio=120
          <idle>-0     [002] d...    87.247877: cpu_idle: state=4 cpu_id=2
          <idle>-0     [002] dN..    87.248379: cpu_idle: state=4294967295 cpu_id=2
          <idle>-0     [002] d...    87.248383: sched_switch: prev_comm=swapper/2 prev_pid=0 prev_prio=120 prev_state=R ==> next_comm=Chrome_IOThread next_pid=1860 next_prio=120
 Chrome_IOThread-1860  [002] d...    87.248410: sched_waking: comm=Chrome_ChildIOT pid=1903 prio=120 target_cpu=005
 Chrome_IOThread-1860  [002] d...    87.248413: sched_wake_idle_without_ipi: cpu=5
 Chrome_IOThread-1860  [002] d...    87.248413: sched_wakeup: comm=Chrome_ChildIOT pid=1903 prio=120 target_cpu=005
 Chrome_IOThread-1860  [002] d...    87.248432: sched_stat_runtime: comm=Chrome_IOThread pid=1860 runtime=80244 [ns] vruntime=9146809996 [ns]
 Chrome_IOThread-1860  [002] d...    87.248435: sched_switch: prev_comm=Chrome_IOThread prev_pid=1860 prev_prio=120 prev_state=S ==> next_comm=swapper/2 next_pid=0 next_prio=120
          <idle>-0     [002] d...    87.248438: cpu_idle: state=4 cpu_id=2
          <idle>-0     [002] dN..    87.248485: cpu_idle: state=4294967295 cpu_id=2
          <idle>-0     [002] d...    87.248489: sched_switch: prev_comm=swapper/2 prev_pid=0 prev_prio=120 prev_state=R ==> next_comm=Chrome_IOThread next_pid=1860 next_prio=120
 Chrome_IOThread-1860  [002] d...    87.248541: sched_waking: comm=chrome pid=1524 prio=120 target_cpu=004
 Chrome_IOThread-1860  [002] d...    87.248545: sched_wake_idle_without_ipi: cpu=4
 Chrome_IOThread-1860  [002] d...    87.248545: sched_wakeup: comm=chrome pid=1524 prio=120 target_cpu=004
 Chrome_IOThread-1860  [002] d...    87.248573: sched_stat_runtime: comm=Chrome_IOThread pid=1860 runtime=118012 [ns] vruntime=9146928008 [ns]
 Chrome_IOThread-1860  [002] d...    87.248575: sched_switch: prev_comm=Chrome_IOThread prev_pid=1860 prev_prio=120 prev_state=S ==> next_comm=swapper/2 next_pid=0 next_prio=120
          <idle>-0     [002] d...    87.248578: cpu_idle: state=4 cpu_id=2
          <idle>-0     [002] dN..    87.248800: cpu_idle: state=4294967295 cpu_id=2
          <idle>-0     [002] d...    87.248804: sched_switch: prev_comm=swapper/2 prev_pid=0 prev_prio=120 prev_state=R ==> next_comm=Chrome_IOThread next_pid=1860 next_prio=120
 Chrome_IOThread-1860  [002] d...    87.248853: sched_waking: comm=chrome pid=1524 prio=120 target_cpu=004
 Chrome_IOThread-1860  [002] d...    87.248857: sched_wake_idle_without_ipi: cpu=4
 Chrome_IOThread-1860  [002] d...    87.248857: sched_wakeup: comm=chrome pid=1524 prio=120 target_cpu=004
 Chrome_IOThread-1860  [002] d...    87.248884: sched_stat_runtime: comm=Chrome_IOThread pid=1860 runtime=131731 [ns] vruntime=9147059739 [ns]
 Chrome_IOThread-1860  [002] d...    87.248886: sched_switch: prev_comm=Chrome_IOThread prev_pid=1860 prev_prio=120 prev_state=S ==> next_comm=swapper/2 next_pid=0 next_prio=120
          <idle>-0     [002] d...    87.248889: cpu_idle: state=4 cpu_id=2
          <idle>-0     [002] dN..    87.249021: cpu_idle: state=4294967295 cpu_id=2
          <idle>-0     [002] d...    87.249025: sched_switch: prev_comm=swapper/2 prev_pid=0 prev_prio=120 prev_state=R ==> next_comm=Xorg next_pid=1080 next_prio=120
            Xorg-1080  [002] d...    87.249076: sched_waking: comm=chrome pid=1896 prio=120 target_cpu=003
            Xorg-1080  [002] d...    87.249079: sched_wake_idle_without_ipi: cpu=3
            Xorg-1080  [002] d...    87.249080: sched_wakeup: comm=chrome pid=1896 prio=120 target_cpu=003
            Xorg-1080  [002] d...    87.249105: sched_stat_runtime: comm=Xorg pid=1080 runtime=112597 [ns] vruntime=400110364 [ns]
            Xorg-1080  [002] d...    87.249107: sched_switch: prev_comm=Xorg prev_pid=1080 prev_prio=120 prev_state=S ==> next_comm=swapper/2 next_pid=0 next_prio=120
          <idle>-0     [002] d...    87.249110: cpu_idle: state=3 cpu_id=2
          <idle>-0     [002] dN..    87.249752: cpu_idle: state=4294967295 cpu_id=2
          <idle>-0     [002] d...    87.249753: sched_switch: prev_comm=swapper/2 prev_pid=0 prev_prio=120 prev_state=R ==> next_comm=Xorg next_pid=1080 next_prio=120
            Xorg-1080  [002] d...    87.249783: sched_waking: comm=chrome pid=1896 prio=120 target_cpu=003
            Xorg-1080  [002] d...    87.249786: sched_wake_idle_without_ipi: cpu=3
            Xorg-1080  [002] d...    87.249786: sched_wakeup: comm=chrome pid=1896 prio=120 target_cpu=003
            Xorg-1080  [002] d...    87.249800: sched_stat_runtime: comm=Xorg pid=1080 runtime=73821 [ns] vruntime=400184185 [ns]
            Xorg-1080  [002] d...    87.249801: sched_switch: prev_comm=Xorg prev_pid=1080 prev_prio=120 prev_state=S ==> next_comm=swapper/2 next_pid=0 next_prio=120
          <idle>-0     [002] d...    87.249803: cpu_idle: state=3 cpu_id=2
          <idle>-0     [002] dN..    87.249838: cpu_idle: state=4294967295 cpu_id=2
          <idle>-0     [002] d...    87.249839: sched_switch: prev_comm=swapper/2 prev_pid=0 prev_prio=120 prev_state=R ==> next_comm=Xorg next_pid=1080 next_prio=120
            Xorg-1080  [002] d...    87.249861: sched_waking: comm=chrome pid=1896 prio=120 target_cpu=003
            Xorg-1080  [002] d...    87.249862: sched_wake_idle_without_ipi: cpu=3
            Xorg-1080  [002] d...    87.249863: sched_wakeup: comm=chrome pid=1896 prio=120 target_cpu=003
            Xorg-1080  [002] d...    87.249875: sched_stat_runtime: comm=Xorg pid=1080 runtime=61166 [ns] vruntime=400245351 [ns]
            Xorg-1080  [002] d...    87.249876: sched_switch: prev_comm=Xorg prev_pid=1080 prev_prio=120 prev_state=S ==> next_comm=swapper/2 next_pid=0 next_prio=120
          <idle>-0     [002] d...    87.249878: cpu_idle: state=3 cpu_id=2
          <idle>-0     [002] dN..    87.249913: cpu_idle: state=4294967295 cpu_id=2
          <idle>-0     [002] d...    87.249914: sched_switch: prev_comm=swapper/2 prev_pid=0 prev_prio=120 prev_state=R ==> next_comm=Xorg next_pid=1080 next_prio=120
            Xorg-1080  [002] d...    87.249935: sched_waking: comm=chrome pid=1896 prio=120 target_cpu=003
            Xorg-1080  [002] d...    87.249937: sched_wake_idle_without_ipi: cpu=3
            Xorg-1080  [002] d...    87.249937: sched_wakeup: comm=chrome pid=1896 prio=120 target_cpu=003
            Xorg-1080  [002] d...    87.249949: sched_stat_runtime: comm=Xorg pid=1080 runtime=63529 [ns] vruntime=400308880 [ns]
            Xorg-1080  [002] d...    87.249950: sched_switch: prev_comm=Xorg prev_pid=1080 prev_prio=120 prev_state=S ==> next_comm=swapper/2 next_pid=0 next_prio=120
          <idle>-0     [002] d...    87.249951: cpu_idle: state=3 cpu_id=2
          <idle>-0     [002] dN..    87.249986: cpu_idle: state=4294967295 cpu_id=2
          <idle>-0     [002] d...    87.249987: sched_switch: prev_comm=swapper/2 prev_pid=0 prev_prio=120 prev_state=R ==> next_comm=Xorg next_pid=1080 next_prio=120
            Xorg-1080  [002] d...    87.250008: sched_waking: comm=chrome pid=1896 prio=120 target_cpu=003
            Xorg-1080  [002] d...    87.250010: sched_wake_idle_without_ipi: cpu=3
            Xorg-1080  [002] d...    87.250010: sched_wakeup: comm=chrome pid=1896 prio=120 target_cpu=003
            Xorg-1080  [002] d...    87.250022: sched_stat_runtime: comm=Xorg pid=1080 runtime=62014 [ns] vruntime=400370894 [ns]
            Xorg-1080  [002] d...    87.250023: sched_switch: prev_comm=Xorg prev_pid=1080 prev_prio=120 prev_state=S ==> next_comm=swapper/2 next_pid=0 next_prio=120
          <idle>-0     [002] d...    87.250025: cpu_idle: state=2 cpu_id=2
          <idle>-0     [002] dN..    87.250127: cpu_idle: state=4294967295 cpu_id=2
          <idle>-0     [002] d...    87.250128: sched_switch: prev_comm=swapper/2 prev_pid=0 prev_prio=120 prev_state=R ==> next_comm=Xorg next_pid=1080 next_prio=120
            Xorg-1080  [002] d...    87.250195: sched_waking: comm=marco pid=2113 prio=120 target_cpu=000
            Xorg-1080  [002] d...    87.250197: sched_wake_idle_without_ipi: cpu=0
            Xorg-1080  [002] d...    87.250197: sched_wakeup: comm=marco pid=2113 prio=120 target_cpu=000
            Xorg-1080  [002] d...    87.250203: sched_waking: comm=chrome pid=1896 prio=120 target_cpu=003
            Xorg-1080  [002] d...    87.250204: sched_wake_idle_without_ipi: cpu=3
            Xorg-1080  [002] d...    87.250205: sched_wakeup: comm=chrome pid=1896 prio=120 target_cpu=003
            Xorg-1080  [002] d...    87.250228: sched_stat_runtime: comm=Xorg pid=1080 runtime=102041 [ns] vruntime=400472935 [ns]
            Xorg-1080  [002] d...    87.250229: sched_switch: prev_comm=Xorg prev_pid=1080 prev_prio=120 prev_state=S ==> next_comm=swapper/2 next_pid=0 next_prio=120
          <idle>-0     [002] d...    87.250231: cpu_idle: state=2 cpu_id=2
          <idle>-0     [002] dN..    87.250254: cpu_idle: state=4294967295 cpu_id=2
          <idle>-0     [002] d...    87.250256: sched_switch: prev_comm=swapper/2 prev_pid=0 prev_prio=120 prev_state=R ==> next_comm=Xorg next_pid=1080 next_prio=120
            Xorg-1080  [002] d...    87.250277: sched_waking: comm=marco pid=2113 prio=120 target_cpu=000
            Xorg-1080  [002] d...    87.250278: sched_wake_idle_without_ipi: cpu=0
            Xorg-1080  [002] d...    87.250279: sched_wakeup: comm=marco pid=2113 prio=120 target_cpu=000
            Xorg-1080  [002] d...    87.250292: sched_stat_runtime: comm=Xorg pid=1080 runtime=39579 [ns] vruntime=400512514 [ns]
            Xorg-1080  [002] d...    87.250293: sched_switch: prev_comm=Xorg prev_pid=1080 prev_prio=120 prev_state=S ==> next_comm=swapper/2 next_pid=0 next_prio=120
          <idle>-0     [002] d...    87.250295: cpu_idle: state=2 cpu_id=2
          <idle>-0     [002] dN..    87.250338: cpu_idle: state=4294967295 cpu_id=2
          <idle>-0     [002] d...    87.250339: sched_switch: prev_comm=swapper/2 prev_pid=0 prev_prio=120 prev_state=R ==> next_comm=Xorg next_pid=1080 next_prio=120
            Xorg-1080  [002] d...    87.250487: sched_waking: comm=marco pid=2113 prio=120 target_cpu=000
            Xorg-1080  [002] d...    87.250489: sched_wake_idle_without_ipi: cpu=0
            Xorg-1080  [002] d...    87.250490: sched_wakeup: comm=marco pid=2113 prio=120 target_cpu=000
            Xorg-1080  [002] d...    87.250529: sched_stat_runtime: comm=Xorg pid=1080 runtime=192152 [ns] vruntime=400704666 [ns]
            Xorg-1080  [002] d...    87.250530: sched_switch: prev_comm=Xorg prev_pid=1080 prev_prio=120 prev_state=S ==> next_comm=swapper/2 next_pid=0 next_prio=120
          <idle>-0     [002] d...    87.250532: cpu_idle: state=2 cpu_id=2
          <idle>-0     [002] dN..    87.250545: cpu_idle: state=4294967295 cpu_id=2
          <idle>-0     [002] d...    87.250546: sched_switch: prev_comm=swapper/2 prev_pid=0 prev_prio=120 prev_state=R ==> next_comm=Chrome_ChildIOT next_pid=3068 next_prio=120
 Chrome_ChildIOT-3068  [002] d...    87.250583: sched_stat_runtime: comm=Chrome_ChildIOT pid=3068 runtime=42211 [ns] vruntime=9141198732 [ns]
 Chrome_ChildIOT-3068  [002] d...    87.250585: sched_switch: prev_comm=Chrome_ChildIOT prev_pid=3068 prev_prio=120 prev_state=S ==> next_comm=swapper/2 next_pid=0 next_prio=120
          <idle>-0     [002] d...    87.250586: cpu_idle: state=1 cpu_id=2
          <idle>-0     [002] dN..    87.250620: cpu_idle: state=4294967295 cpu_id=2
          <idle>-0     [002] d...    87.250621: sched_switch: prev_comm=swapper/2 prev_pid=0 prev_prio=120 prev_state=R ==> next_comm=Chrome_ChildIOT next_pid=3068 next_prio=120
 Chrome_ChildIOT-3068  [002] d...    87.250637: sched_stat_runtime: comm=Chrome_ChildIOT pid=3068 runtime=18899 [ns] vruntime=9141217631 [ns]
 Chrome_ChildIOT-3068  [002] d...    87.250637: sched_switch: prev_comm=Chrome_ChildIOT prev_pid=3068 prev_prio=120 prev_state=S ==> next_comm=swapper/2 next_pid=0 next_prio=120
          <idle>-0     [002] d...    87.250638: cpu_idle: state=1 cpu_id=2
          <idle>-0     [002] dN..    87.250698: cpu_idle: state=4294967295 cpu_id=2
          <idle>-0     [002] d...    87.250699: sched_switch: prev_comm=swapper/2 prev_pid=0 prev_prio=120 prev_state=R ==> next_comm=Chrome_ChildIOT next_pid=3068 next_prio=120
 Chrome_ChildIOT-3068  [002] d...    87.250711: sched_stat_runtime: comm=Chrome_ChildIOT pid=3068 runtime=15408 [ns] vruntime=9141233039 [ns]
 Chrome_ChildIOT-3068  [002] d...    87.250712: sched_switch: prev_comm=Chrome_ChildIOT prev_pid=3068 prev_prio=120 prev_state=S ==> next_comm=swapper/2 next_pid=0 next_prio=120
          <idle>-0     [002] d...    87.250713: cpu_idle: state=2 cpu_id=2
          <idle>-0     [002] dN..    87.250766: cpu_idle: state=4294967295 cpu_id=2
          <idle>-0     [002] d...    87.250767: sched_switch: prev_comm=swapper/2 prev_pid=0 prev_prio=120 prev_state=R ==> next_comm=Chrome_ChildIOT next_pid=3068 next_prio=120
 Chrome_ChildIOT-3068  [002] d...    87.250779: sched_stat_runtime: comm=Chrome_ChildIOT pid=3068 runtime=14782 [ns] vruntime=9141247821 [ns]
 Chrome_ChildIOT-3068  [002] d...    87.250779: sched_switch: prev_comm=Chrome_ChildIOT prev_pid=3068 prev_prio=120 prev_state=S ==> next_comm=swapper/2 next_pid=0 next_prio=120
          <idle>-0     [002] d...    87.250781: cpu_idle: state=2 cpu_id=2
          <idle>-0     [002] dN..    87.250840: cpu_idle: state=4294967295 cpu_id=2
          <idle>-0     [002] d...    87.250842: sched_switch: prev_comm=swapper/2 prev_pid=0 prev_prio=120 prev_state=R ==> next_comm=Chrome_ChildIOT next_pid=3068 next_prio=120
 Chrome_ChildIOT-3068  [002] d...    87.250854: sched_stat_runtime: comm=Chrome_ChildIOT pid=3068 runtime=15986 [ns] vruntime=9141263807 [ns]
 Chrome_ChildIOT-3068  [002] d...    87.250855: sched_switch: prev_comm=Chrome_ChildIOT prev_pid=3068 prev_prio=120 prev_state=S ==> next_comm=swapper/2 next_pid=0 next_prio=120
          <idle>-0     [002] d...    87.250856: cpu_idle: state=2 cpu_id=2
          <idle>-0     [002] dN..    87.250863: cpu_idle: state=4294967295 cpu_id=2
          <idle>-0     [002] d...    87.250864: sched_switch: prev_comm=swapper/2 prev_pid=0 prev_prio=120 prev_state=R ==> next_comm=Chrome_ChildIOT next_pid=3068 next_prio=120
 Chrome_ChildIOT-3068  [002] d...    87.250936: sched_stat_runtime: comm=Chrome_ChildIOT pid=3068 runtime=74093 [ns] vruntime=9141337900 [ns]
 Chrome_ChildIOT-3068  [002] d...    87.250937: sched_switch: prev_comm=Chrome_ChildIOT prev_pid=3068 prev_prio=120 prev_state=S ==> next_comm=swapper/2 next_pid=0 next_prio=120
          <idle>-0     [002] d...    87.250939: cpu_idle: state=2 cpu_id=2
          <idle>-0     [002] dN..    87.250994: cpu_idle: state=4294967295 cpu_id=2
          <idle>-0     [002] d...    87.250995: sched_switch: prev_comm=swapper/2 prev_pid=0 prev_prio=120 prev_state=R ==> next_comm=Chrome_ChildIOT next_pid=3068 next_prio=120
 Chrome_ChildIOT-3068  [002] d...    87.251009: sched_stat_runtime: comm=Chrome_ChildIOT pid=3068 runtime=17597 [ns] vruntime=9141355497 [ns]
 Chrome_ChildIOT-3068  [002] d...    87.251010: sched_switch: prev_comm=Chrome_ChildIOT prev_pid=3068 prev_prio=120 prev_state=S ==> next_comm=swapper/2 next_pid=0 next_prio=120
          <idle>-0     [002] d...    87.251012: cpu_idle: state=2 cpu_id=2
          <idle>-0     [002] dN..    87.251073: cpu_idle: state=4294967295 cpu_id=2
          <idle>-0     [002] d...    87.251074: sched_switch: prev_comm=swapper/2 prev_pid=0 prev_prio=120 prev_state=R ==> next_comm=Chrome_ChildIOT next_pid=3068 next_prio=120
 Chrome_ChildIOT-3068  [002] d...    87.251104: sched_stat_runtime: comm=Chrome_ChildIOT pid=3068 runtime=33126 [ns] vruntime=9141388623 [ns]
 Chrome_ChildIOT-3068  [002] d...    87.251105: sched_switch: prev_comm=Chrome_ChildIOT prev_pid=3068 prev_prio=120 prev_state=S ==> next_comm=swapper/2 next_pid=0 next_prio=120
          <idle>-0     [002] d...    87.251108: cpu_idle: state=2 cpu_id=2
          <idle>-0     [002] dN..    87.251245: cpu_idle: state=4294967295 cpu_id=2
          <idle>-0     [002] d...    87.251247: sched_switch: prev_comm=swapper/2 prev_pid=0 prev_prio=120 prev_state=R ==> next_comm=Chrome_ChildIOT next_pid=3068 next_prio=120
 Chrome_ChildIOT-3068  [002] d...    87.251281: sched_stat_runtime: comm=Chrome_ChildIOT pid=3068 runtime=38495 [ns] vruntime=9141427118 [ns]
 Chrome_ChildIOT-3068  [002] d...    87.251282: sched_switch: prev_comm=Chrome_ChildIOT prev_pid=3068 prev_prio=120 prev_state=S ==> next_comm=swapper/2 next_pid=0 next_prio=120
          <idle>-0     [002] d...    87.251288: cpu_idle: state=2 cpu_id=2
          <idle>-0     [002] dN..    87.251336: cpu_idle: state=4294967295 cpu_id=2
          <idle>-0     [002] d...    87.251337: sched_switch: prev_comm=swapper/2 prev_pid=0 prev_prio=120 prev_state=R ==> next_comm=Chrome_ChildIOT next_pid=3068 next_prio=120
 Chrome_ChildIOT-3068  [002] d...    87.251354: sched_stat_runtime: comm=Chrome_ChildIOT pid=3068 runtime=19605 [ns] vruntime=9141446723 [ns]
 Chrome_ChildIOT-3068  [002] d...    87.251355: sched_switch: prev_comm=Chrome_ChildIOT prev_pid=3068 prev_prio=120 prev_state=S ==> next_comm=swapper/2 next_pid=0 next_prio=120
          <idle>-0     [002] d...    87.251356: cpu_idle: state=2 cpu_id=2
          <idle>-0     [002] dN..    87.251423: cpu_idle: state=4294967295 cpu_id=2
          <idle>-0     [002] d...    87.251424: sched_switch: prev_comm=swapper/2 prev_pid=0 prev_prio=120 prev_state=R ==> next_comm=Chrome_ChildIOT next_pid=3068 next_prio=120
 Chrome_ChildIOT-3068  [002] d...    87.251441: sched_stat_runtime: comm=Chrome_ChildIOT pid=3068 runtime=20425 [ns] vruntime=9141467148 [ns]
 Chrome_ChildIOT-3068  [002] d...    87.251442: sched_switch: prev_comm=Chrome_ChildIOT prev_pid=3068 prev_prio=120 prev_state=S ==> next_comm=swapper/2 next_pid=0 next_prio=120
          <idle>-0     [002] d...    87.251443: cpu_idle: state=2 cpu_id=2
          <idle>-0     [002] d...    87.251481: cpu_idle: state=4294967295 cpu_id=2
          <idle>-0     [002] d...    87.251517: cpu_idle: state=2 cpu_id=2
          <idle>-0     [002] dN..    87.251523: cpu_idle: state=4294967295 cpu_id=2
          <idle>-0     [002] d...    87.251524: sched_switch: prev_comm=swapper/2 prev_pid=0 prev_prio=120 prev_state=R ==> next_comm=Chrome_ChildIOT next_pid=3068 next_prio=120
 Chrome_ChildIOT-3068  [002] d...    87.251543: sched_stat_runtime: comm=Chrome_ChildIOT pid=3068 runtime=23521 [ns] vruntime=9141490669 [ns]
 Chrome_ChildIOT-3068  [002] d...    87.251544: sched_switch: prev_comm=Chrome_ChildIOT prev_pid=3068 prev_prio=120 prev_state=S ==> next_comm=swapper/2 next_pid=0 next_prio=120
          <idle>-0     [002] d...    87.251545: cpu_idle: state=2 cpu_id=2
          <idle>-0     [002] dN..    87.251621: cpu_idle: state=4294967295 cpu_id=2
          <idle>-0     [002] d...    87.251622: sched_switch: prev_comm=swapper/2 prev_pid=0 prev_prio=120 prev_state=R ==> next_comm=Chrome_ChildIOT next_pid=3068 next_prio=120
 Chrome_ChildIOT-3068  [002] d...    87.251634: sched_stat_runtime: comm=Chrome_ChildIOT pid=3068 runtime=15373 [ns] vruntime=9141506042 [ns]
 Chrome_ChildIOT-3068  [002] d...    87.251635: sched_switch: prev_comm=Chrome_ChildIOT prev_pid=3068 prev_prio=120 prev_state=S ==> next_comm=swapper/2 next_pid=0 next_prio=120
          <idle>-0     [002] d...    87.251636: cpu_idle: state=2 cpu_id=2
          <idle>-0     [002] dN..    87.251748: cpu_idle: state=4294967295 cpu_id=2
          <idle>-0     [002] d...    87.251750: sched_switch: prev_comm=swapper/2 prev_pid=0 prev_prio=120 prev_state=R ==> next_comm=Chrome_ChildIOT next_pid=3068 next_prio=120
 Chrome_ChildIOT-3068  [002] d...    87.251764: sched_stat_runtime: comm=Chrome_ChildIOT pid=3068 runtime=17849 [ns] vruntime=9141523891 [ns]
 Chrome_ChildIOT-3068  [002] d...    87.251764: sched_switch: prev_comm=Chrome_ChildIOT prev_pid=3068 prev_prio=120 prev_state=S ==> next_comm=swapper/2 next_pid=0 next_prio=120
          <idle>-0     [002] d...    87.251766: cpu_idle: state=3 cpu_id=2
          <idle>-0     [002] dN..    87.251849: cpu_idle: state=4294967295 cpu_id=2
          <idle>-0     [002] d...    87.251852: sched_switch: prev_comm=swapper/2 prev_pid=0 prev_prio=120 prev_state=R ==> next_comm=Chrome_ChildIOT next_pid=3068 next_prio=120
 Chrome_ChildIOT-3068  [002] d...    87.251880: sched_stat_runtime: comm=Chrome_ChildIOT pid=3068 runtime=54247 [ns] vruntime=9141578138 [ns]
 Chrome_ChildIOT-3068  [002] d...    87.251882: sched_switch: prev_comm=Chrome_ChildIOT prev_pid=3068 prev_prio=120 prev_state=S ==> next_comm=swapper/2 next_pid=0 next_prio=120
          <idle>-0     [002] d...    87.251883: cpu_idle: state=3 cpu_id=2
          <idle>-0     [002] dN..    87.253260: cpu_idle: state=4294967295 cpu_id=2
          <idle>-0     [002] d...    87.253263: sched_switch: prev_comm=swapper/2 prev_pid=0 prev_prio=120 prev_state=R ==> next_comm=Chrome_ChildIOT next_pid=3068 next_prio=120
 Chrome_ChildIOT-3068  [002] d...    87.253338: sched_stat_runtime: comm=Chrome_ChildIOT pid=3068 runtime=100484 [ns] vruntime=9141678622 [ns]
 Chrome_ChildIOT-3068  [002] d...    87.253339: sched_switch: prev_comm=Chrome_ChildIOT prev_pid=3068 prev_prio=120 prev_state=S ==> next_comm=swapper/2 next_pid=0 next_prio=120
          <idle>-0     [002] d...    87.253342: cpu_idle: state=3 cpu_id=2
          <idle>-0     [002] dN..    87.253463: cpu_idle: state=4294967295 cpu_id=2
          <idle>-0     [002] d...    87.253465: sched_switch: prev_comm=swapper/2 prev_pid=0 prev_prio=120 prev_state=R ==> next_comm=Chrome_ChildIOT next_pid=3068 next_prio=120
 Chrome_ChildIOT-3068  [002] d...    87.253491: sched_stat_runtime: comm=Chrome_ChildIOT pid=3068 runtime=50065 [ns] vruntime=9141728687 [ns]
 Chrome_ChildIOT-3068  [002] d...    87.253492: sched_switch: prev_comm=Chrome_ChildIOT prev_pid=3068 prev_prio=120 prev_state=S ==> next_comm=swapper/2 next_pid=0 next_prio=120
          <idle>-0     [002] d...    87.253493: cpu_idle: state=3 cpu_id=2
          <idle>-0     [002] dN..    87.253584: cpu_idle: state=4294967295 cpu_id=2
          <idle>-0     [002] d...    87.253586: sched_switch: prev_comm=swapper/2 prev_pid=0 prev_prio=120 prev_state=R ==> next_comm=Chrome_ChildIOT next_pid=3068 next_prio=120
 Chrome_ChildIOT-3068  [002] d...    87.253609: sched_stat_runtime: comm=Chrome_ChildIOT pid=3068 runtime=46412 [ns] vruntime=9141775099 [ns]
 Chrome_ChildIOT-3068  [002] d...    87.253610: sched_switch: prev_comm=Chrome_ChildIOT prev_pid=3068 prev_prio=120 prev_state=S ==> next_comm=swapper/2 next_pid=0 next_prio=120
          <idle>-0     [002] d...    87.253612: cpu_idle: state=3 cpu_id=2
          <idle>-0     [002] dN..    87.254023: cpu_idle: state=4294967295 cpu_id=2
          <idle>-0     [002] d...    87.254025: sched_switch: prev_comm=swapper/2 prev_pid=0 prev_prio=120 prev_state=R ==> next_comm=Chrome_ChildIOT next_pid=3068 next_prio=120
 Chrome_ChildIOT-3068  [002] d...    87.254051: sched_stat_runtime: comm=Chrome_ChildIOT pid=3068 runtime=49288 [ns] vruntime=9141824387 [ns]
 Chrome_ChildIOT-3068  [002] d...    87.254052: sched_switch: prev_comm=Chrome_ChildIOT prev_pid=3068 prev_prio=120 prev_state=S ==> next_comm=swapper/2 next_pid=0 next_prio=120
          <idle>-0     [002] d...    87.254054: cpu_idle: state=3 cpu_id=2
          <idle>-0     [002] dN..    87.254198: cpu_idle: state=4294967295 cpu_id=2
          <idle>-0     [002] d...    87.254200: sched_switch: prev_comm=swapper/2 prev_pid=0 prev_prio=120 prev_state=R ==> next_comm=Chrome_ChildIOT next_pid=3068 next_prio=120
 Chrome_ChildIOT-3068  [002] d...    87.254223: sched_stat_runtime: comm=Chrome_ChildIOT pid=3068 runtime=45940 [ns] vruntime=9141870327 [ns]
 Chrome_ChildIOT-3068  [002] d...    87.254224: sched_switch: prev_comm=Chrome_ChildIOT prev_pid=3068 prev_prio=120 prev_state=S ==> next_comm=swapper/2 next_pid=0 next_prio=120
          <idle>-0     [002] d...    87.254225: cpu_idle: state=2 cpu_id=2
          <idle>-0     [002] dN..    87.254294: cpu_idle: state=4294967295 cpu_id=2
          <idle>-0     [002] d...    87.254296: sched_switch: prev_comm=swapper/2 prev_pid=0 prev_prio=120 prev_state=R ==> next_comm=Chrome_ChildIOT next_pid=3068 next_prio=120
 Chrome_ChildIOT-3068  [002] d...    87.254319: sched_stat_runtime: comm=Chrome_ChildIOT pid=3068 runtime=26177 [ns] vruntime=9141896504 [ns]
 Chrome_ChildIOT-3068  [002] d...    87.254321: sched_switch: prev_comm=Chrome_ChildIOT prev_pid=3068 prev_prio=120 prev_state=S ==> next_comm=swapper/2 next_pid=0 next_prio=120
          <idle>-0     [002] d...    87.254323: cpu_idle: state=2 cpu_id=2
          <idle>-0     [002] dN..    87.254407: cpu_idle: state=4294967295 cpu_id=2
          <idle>-0     [002] d...    87.254411: sched_switch: prev_comm=swapper/2 prev_pid=0 prev_prio=120 prev_state=R ==> next_comm=Chrome_ChildIOT next_pid=3068 next_prio=120
 Chrome_ChildIOT-3068  [002] d...    87.254442: sched_stat_runtime: comm=Chrome_ChildIOT pid=3068 runtime=36920 [ns] vruntime=9141933424 [ns]
 Chrome_ChildIOT-3068  [002] d...    87.254444: sched_switch: prev_comm=Chrome_ChildIOT prev_pid=3068 prev_prio=120 prev_state=S ==> next_comm=swapper/2 next_pid=0 next_prio=120
          <idle>-0     [002] d...    87.254446: cpu_idle: state=2 cpu_id=2
          <idle>-0     [002] dN..    87.254506: cpu_idle: state=4294967295 cpu_id=2
          <idle>-0     [002] d...    87.254507: sched_switch: prev_comm=swapper/2 prev_pid=0 prev_prio=120 prev_state=R ==> next_comm=Chrome_ChildIOT next_pid=3068 next_prio=120
 Chrome_ChildIOT-3068  [002] d...    87.254526: sched_waking: comm=Chrome_ChildIOT pid=1903 prio=120 target_cpu=005
 Chrome_ChildIOT-3068  [002] d...    87.254530: sched_migrate_task: comm=Chrome_ChildIOT pid=1903 prio=120 orig_cpu=5 dest_cpu=3
 Chrome_ChildIOT-3068  [002] d...    87.254532: sutil_marker: Schedutil: attach_entity_load_avg: 0: 0
 Chrome_ChildIOT-3068  [002] d...    87.254534: sched_wake_idle_without_ipi: cpu=3
 Chrome_ChildIOT-3068  [002] d...    87.254534: sched_wakeup: comm=Chrome_ChildIOT pid=1903 prio=120 target_cpu=003
 Chrome_ChildIOT-3068  [002] d...    87.254572: sched_stat_runtime: comm=Chrome_ChildIOT pid=3068 runtime=68359 [ns] vruntime=9142001783 [ns]
 Chrome_ChildIOT-3068  [002] d...    87.254574: sched_switch: prev_comm=Chrome_ChildIOT prev_pid=3068 prev_prio=120 prev_state=S ==> next_comm=swapper/2 next_pid=0 next_prio=120
          <idle>-0     [002] d...    87.254577: cpu_idle: state=2 cpu_id=2
          <idle>-0     [002] dN..    87.254584: cpu_idle: state=4294967295 cpu_id=2
          <idle>-0     [002] d...    87.254587: sched_switch: prev_comm=swapper/2 prev_pid=0 prev_prio=120 prev_state=R ==> next_comm=CompositorTileW next_pid=3073 next_prio=120
           <...>-3073  [002] d...    87.254786: sched_waking: comm=Compositor pid=3069 prio=120 target_cpu=006
           <...>-3073  [002] d...    87.254789: sched_migrate_task: comm=Compositor pid=3069 prio=120 orig_cpu=6 dest_cpu=3
           <...>-3073  [002] d...    87.254790: sutil_marker: Schedutil: attach_entity_load_avg: 0: 0
           <...>-3073  [002] d...    87.254792: sched_wake_idle_without_ipi: cpu=3
           <...>-3073  [002] d...    87.254793: sched_wakeup: comm=Compositor pid=3069 prio=120 target_cpu=003
           <...>-3073  [002] d...    87.254800: sched_stat_runtime: comm=CompositorTileW pid=3073 runtime=216093 [ns] vruntime=9135296660 [ns]
           <...>-3073  [002] d...    87.254803: sched_switch: prev_comm=CompositorTileW prev_pid=3073 prev_prio=120 prev_state=S ==> next_comm=Chrome_ChildIOT next_pid=3068 next_prio=120
 Chrome_ChildIOT-3068  [002] d...    87.254860: sched_waking: comm=Chrome_ChildIOT pid=1903 prio=120 target_cpu=003
 Chrome_ChildIOT-3068  [002] d...    87.254863: sched_migrate_task: comm=Chrome_ChildIOT pid=1903 prio=120 orig_cpu=3 dest_cpu=2
 Chrome_ChildIOT-3068  [002] d...    87.254864: sched_stat_runtime: comm=Chrome_ChildIOT pid=3068 runtime=63754 [ns] vruntime=9142065537 [ns]
 Chrome_ChildIOT-3068  [002] d...    87.254865: sutil_marker: Schedutil: attach_entity_load_avg: 0: 0
 Chrome_ChildIOT-3068  [002] dN..    87.254867: sched_wakeup: comm=Chrome_ChildIOT pid=1903 prio=120 target_cpu=002
 Chrome_ChildIOT-3068  [002] d...    87.254869: sched_switch: prev_comm=Chrome_ChildIOT prev_pid=3068 prev_prio=120 prev_state=R ==> next_comm=Chrome_ChildIOT next_pid=1903 next_prio=120
 Chrome_ChildIOT-1903  [002] d...    87.254914: sched_stat_runtime: comm=Chrome_ChildIOT pid=1903 runtime=49511 [ns] vruntime=9135835405 [ns]
 Chrome_ChildIOT-1903  [002] d...    87.254916: sutil_marker: Schedutil: get_next_freq: 800000: 1024
 Chrome_ChildIOT-1903  [002] d...    87.254916: sutil_marker: Schedutil: update-single-util: 273: 196
 Chrome_ChildIOT-1903  [002] d...    87.254917: sutil_marker: Schedutil: update-single-boost: 273: 196
 Chrome_ChildIOT-1903  [002] d...    87.254917: sutil_marker: Schedutil: update-single-freq: 800000: 800000
 Chrome_ChildIOT-1903  [002] d...    87.254919: sched_switch: prev_comm=Chrome_ChildIOT prev_pid=1903 prev_prio=120 prev_state=S ==> next_comm=Chrome_ChildIOT next_pid=3068 next_prio=120
 Chrome_ChildIOT-3068  [002] d...    87.254997: sched_stat_runtime: comm=Chrome_ChildIOT pid=3068 runtime=83627 [ns] vruntime=9142149164 [ns]
 Chrome_ChildIOT-3068  [002] d...    87.254999: sched_switch: prev_comm=Chrome_ChildIOT prev_pid=3068 prev_prio=120 prev_state=S ==> next_comm=swapper/2 next_pid=0 next_prio=120
          <idle>-0     [002] d...    87.255003: cpu_idle: state=3 cpu_id=2
          <idle>-0     [002] dN..    87.255020: cpu_idle: state=4294967295 cpu_id=2
          <idle>-0     [002] d...    87.255022: sched_switch: prev_comm=swapper/2 prev_pid=0 prev_prio=120 prev_state=R ==> next_comm=Chrome_ChildIOT next_pid=3068 next_prio=120
 Chrome_ChildIOT-3068  [002] d...    87.255051: sched_stat_runtime: comm=Chrome_ChildIOT pid=3068 runtime=33543 [ns] vruntime=9142182707 [ns]
 Chrome_ChildIOT-3068  [002] d...    87.255053: sched_switch: prev_comm=Chrome_ChildIOT prev_pid=3068 prev_prio=120 prev_state=S ==> next_comm=swapper/2 next_pid=0 next_prio=120
          <idle>-0     [002] d...    87.255055: cpu_idle: state=2 cpu_id=2
          <idle>-0     [002] dN..    87.255189: cpu_idle: state=4294967295 cpu_id=2
          <idle>-0     [002] d...    87.255191: sched_switch: prev_comm=swapper/2 prev_pid=0 prev_prio=120 prev_state=R ==> next_comm=Chrome_ChildIOT next_pid=3068 next_prio=120
 Chrome_ChildIOT-3068  [002] d...    87.255222: sched_stat_runtime: comm=Chrome_ChildIOT pid=3068 runtime=34589 [ns] vruntime=9142217296 [ns]
 Chrome_ChildIOT-3068  [002] d...    87.255224: sched_switch: prev_comm=Chrome_ChildIOT prev_pid=3068 prev_prio=120 prev_state=S ==> next_comm=swapper/2 next_pid=0 next_prio=120
          <idle>-0     [002] d...    87.255227: cpu_idle: state=2 cpu_id=2
          <idle>-0     [002] dN..    87.255353: cpu_idle: state=4294967295 cpu_id=2
          <idle>-0     [002] d...    87.255355: sched_switch: prev_comm=swapper/2 prev_pid=0 prev_prio=120 prev_state=R ==> next_comm=Chrome_ChildIOT next_pid=3068 next_prio=120
 Chrome_ChildIOT-3068  [002] d...    87.255408: sched_stat_runtime: comm=Chrome_ChildIOT pid=3068 runtime=57494 [ns] vruntime=9142274790 [ns]
 Chrome_ChildIOT-3068  [002] d...    87.255410: sched_switch: prev_comm=Chrome_ChildIOT prev_pid=3068 prev_prio=120 prev_state=S ==> next_comm=swapper/2 next_pid=0 next_prio=120
          <idle>-0     [002] d...    87.255413: cpu_idle: state=2 cpu_id=2
          <idle>-0     [002] d...    87.255479: cpu_idle: state=4294967295 cpu_id=2
          <idle>-0     [002] d...    87.255520: cpu_idle: state=2 cpu_id=2
          <idle>-0     [002] dN..    87.255598: cpu_idle: state=4294967295 cpu_id=2
          <idle>-0     [002] d...    87.255600: sched_switch: prev_comm=swapper/2 prev_pid=0 prev_prio=120 prev_state=R ==> next_comm=Chrome_ChildIOT next_pid=3068 next_prio=120
 Chrome_ChildIOT-3068  [002] d...    87.255634: sched_stat_runtime: comm=Chrome_ChildIOT pid=3068 runtime=38711 [ns] vruntime=9142313501 [ns]
 Chrome_ChildIOT-3068  [002] d...    87.255636: sched_switch: prev_comm=Chrome_ChildIOT prev_pid=3068 prev_prio=120 prev_state=S ==> next_comm=swapper/2 next_pid=0 next_prio=120
          <idle>-0     [002] d...    87.255638: cpu_idle: state=4 cpu_id=2
          <idle>-0     [002] dN..    87.255826: cpu_idle: state=4294967295 cpu_id=2
