 Chrome_IOThread-1860  [002] d...    87.455456: sched_wakeup: comm=Chrome_ChildIOT pid=3068 prio=120 target_cpu=000
 Chrome_IOThread-1860  [002] d...    87.455477: sched_stat_runtime: comm=Chrome_IOThread pid=1860 runtime=82795 [ns] vruntime=9181485095 [ns]
 Chrome_IOThread-1860  [002] d...    87.455495: sched_switch: prev_comm=Chrome_IOThread prev_pid=1860 prev_prio=120 prev_state=S ==> next_comm=swapper/2 next_pid=0 next_prio=120
          <idle>-0     [002] d...    87.455514: sched_switch: prev_comm=swapper/2 prev_pid=0 prev_prio=120 prev_state=R ==> next_comm=Chrome_IOThread next_pid=1860 next_prio=120
 Chrome_IOThread-1860  [002] d...    87.455528: sched_stat_runtime: comm=Chrome_IOThread pid=1860 runtime=19617 [ns] vruntime=9181504712 [ns]
 Chrome_IOThread-1860  [002] d...    87.455538: sched_switch: prev_comm=Chrome_IOThread prev_pid=1860 prev_prio=120 prev_state=S ==> next_comm=swapper/2 next_pid=0 next_prio=120
          <idle>-0     [002] d...    87.455543: cpu_idle: state=6 cpu_id=2
          <idle>-0     [002] dN..    87.455552: cpu_idle: state=4294967295 cpu_id=2
          <idle>-0     [002] d...    87.455555: sched_switch: prev_comm=swapper/2 prev_pid=0 prev_prio=120 prev_state=R ==> next_comm=Chrome_IOThread next_pid=1860 next_prio=120
 Chrome_IOThread-1860  [002] d...    87.455591: sched_stat_runtime: comm=Chrome_IOThread pid=1860 runtime=44665 [ns] vruntime=9181549377 [ns]
 Chrome_IOThread-1860  [002] d...    87.455594: sched_switch: prev_comm=Chrome_IOThread prev_pid=1860 prev_prio=120 prev_state=S ==> next_comm=swapper/2 next_pid=0 next_prio=120
          <idle>-0     [002] d...    87.455597: cpu_idle: state=6 cpu_id=2
          <idle>-0     [002] dN..    87.455798: cpu_idle: state=4294967295 cpu_id=2
          <idle>-0     [002] d...    87.455799: sched_switch: prev_comm=swapper/2 prev_pid=0 prev_prio=120 prev_state=R ==> next_comm=Chrome_IOThread next_pid=1860 next_prio=120
 Chrome_IOThread-1860  [002] d...    87.455815: sched_waking: comm=IndexedDB pid=1861 prio=120 target_cpu=005
 Chrome_IOThread-1860  [002] d...    87.455816: sched_wake_idle_without_ipi: cpu=5
 Chrome_IOThread-1860  [002] d...    87.455817: sched_wakeup: comm=IndexedDB pid=1861 prio=120 target_cpu=005
 Chrome_IOThread-1860  [002] d...    87.455822: sched_stat_runtime: comm=Chrome_IOThread pid=1860 runtime=24912 [ns] vruntime=9181574289 [ns]
 Chrome_IOThread-1860  [002] d...    87.455822: sched_switch: prev_comm=Chrome_IOThread prev_pid=1860 prev_prio=120 prev_state=S ==> next_comm=swapper/2 next_pid=0 next_prio=120
          <idle>-0     [002] d...    87.455823: cpu_idle: state=4 cpu_id=2
          <idle>-0     [002] dN..    87.455886: cpu_idle: state=4294967295 cpu_id=2
          <idle>-0     [002] d...    87.455887: sched_switch: prev_comm=swapper/2 prev_pid=0 prev_prio=120 prev_state=R ==> next_comm=Chrome_IOThread next_pid=1860 next_prio=120
 Chrome_IOThread-1860  [002] d...    87.455961: sched_waking: comm=Chrome_DBThread pid=1854 prio=120 target_cpu=006
 Chrome_IOThread-1860  [002] d...    87.455962: sched_migrate_task: comm=Chrome_DBThread pid=1854 prio=120 orig_cpu=6 dest_cpu=5
 Chrome_IOThread-1860  [002] d...    87.455963: sutil_marker: Schedutil: attach_entity_load_avg: 0: 0
 Chrome_IOThread-1860  [002] d...    87.455963: sched_wake_idle_without_ipi: cpu=5
 Chrome_IOThread-1860  [002] d...    87.455963: sched_wakeup: comm=Chrome_DBThread pid=1854 prio=120 target_cpu=005
 Chrome_IOThread-1860  [002] d...    87.455989: sched_waking: comm=BrowserBlocking pid=1894 prio=120 target_cpu=001
 Chrome_IOThread-1860  [002] d...    87.455990: sched_wake_idle_without_ipi: cpu=1
 Chrome_IOThread-1860  [002] d...    87.455990: sched_wakeup: comm=BrowserBlocking pid=1894 prio=120 target_cpu=001
 Chrome_IOThread-1860  [002] d...    87.455996: sched_waking: comm=Chrome_FileThre pid=1855 prio=120 target_cpu=006
 Chrome_IOThread-1860  [002] d...    87.455996: sched_migrate_task: comm=Chrome_FileThre pid=1855 prio=120 orig_cpu=6 dest_cpu=3
 Chrome_IOThread-1860  [002] d...    87.455997: sutil_marker: Schedutil: attach_entity_load_avg: 0: 0
 Chrome_IOThread-1860  [002] d...    87.455997: sched_wake_idle_without_ipi: cpu=3
 Chrome_IOThread-1860  [002] d...    87.455998: sched_wakeup: comm=Chrome_FileThre pid=1855 prio=120 target_cpu=003
 Chrome_IOThread-1860  [002] d...    87.456014: sched_stat_runtime: comm=Chrome_IOThread pid=1860 runtime=129467 [ns] vruntime=9181703756 [ns]
 Chrome_IOThread-1860  [002] d...    87.456015: sched_switch: prev_comm=Chrome_IOThread prev_pid=1860 prev_prio=120 prev_state=S ==> next_comm=swapper/2 next_pid=0 next_prio=120
          <idle>-0     [002] d...    87.456016: cpu_idle: state=4 cpu_id=2
          <idle>-0     [002] dN..    87.456017: cpu_idle: state=4294967295 cpu_id=2
          <idle>-0     [002] d...    87.456018: sched_switch: prev_comm=swapper/2 prev_pid=0 prev_prio=120 prev_state=R ==> next_comm=Chrome_IOThread next_pid=1860 next_prio=120
 Chrome_IOThread-1860  [002] d...    87.456029: sched_stat_runtime: comm=Chrome_IOThread pid=1860 runtime=13154 [ns] vruntime=9181716910 [ns]
 Chrome_IOThread-1860  [002] d...    87.456030: sched_switch: prev_comm=Chrome_IOThread prev_pid=1860 prev_prio=120 prev_state=S ==> next_comm=swapper/2 next_pid=0 next_prio=120
          <idle>-0     [002] d...    87.456030: cpu_idle: state=4 cpu_id=2
          <idle>-0     [002] dN..    87.456148: cpu_idle: state=4294967295 cpu_id=2
          <idle>-0     [002] d...    87.456149: sched_switch: prev_comm=swapper/2 prev_pid=0 prev_prio=120 prev_state=R ==> next_comm=Chrome_IOThread next_pid=1860 next_prio=120
 Chrome_IOThread-1860  [002] d...    87.456157: sched_stat_runtime: comm=Chrome_IOThread pid=1860 runtime=10905 [ns] vruntime=9181727815 [ns]
 Chrome_IOThread-1860  [002] d...    87.456158: sched_switch: prev_comm=Chrome_IOThread prev_pid=1860 prev_prio=120 prev_state=S ==> next_comm=swapper/2 next_pid=0 next_prio=120
          <idle>-0     [002] d...    87.456159: cpu_idle: state=4 cpu_id=2
          <idle>-0     [002] dN..    87.456241: cpu_idle: state=4294967295 cpu_id=2
          <idle>-0     [002] d...    87.456241: sched_switch: prev_comm=swapper/2 prev_pid=0 prev_prio=120 prev_state=R ==> next_comm=Chrome_IOThread next_pid=1860 next_prio=120
 Chrome_IOThread-1860  [002] d...    87.456249: sched_waking: comm=IndexedDB pid=1861 prio=120 target_cpu=005
 Chrome_IOThread-1860  [002] d...    87.456250: sched_wake_idle_without_ipi: cpu=5
 Chrome_IOThread-1860  [002] d...    87.456251: sched_wakeup: comm=IndexedDB pid=1861 prio=120 target_cpu=005
 Chrome_IOThread-1860  [002] d...    87.456257: sched_stat_runtime: comm=Chrome_IOThread pid=1860 runtime=18236 [ns] vruntime=9181746051 [ns]
 Chrome_IOThread-1860  [002] d...    87.456258: sched_switch: prev_comm=Chrome_IOThread prev_pid=1860 prev_prio=120 prev_state=S ==> next_comm=swapper/2 next_pid=0 next_prio=120
          <idle>-0     [002] d...    87.456259: cpu_idle: state=4 cpu_id=2
          <idle>-0     [002] dN..    87.456314: cpu_idle: state=4294967295 cpu_id=2
          <idle>-0     [002] d...    87.456315: sched_switch: prev_comm=swapper/2 prev_pid=0 prev_prio=120 prev_state=R ==> next_comm=Chrome_IOThread next_pid=1860 next_prio=120
 Chrome_IOThread-1860  [002] d...    87.456657: sched_stat_runtime: comm=Chrome_IOThread pid=1860 runtime=344589 [ns] vruntime=9182090640 [ns]
 Chrome_IOThread-1860  [002] d...    87.456658: sched_switch: prev_comm=Chrome_IOThread prev_pid=1860 prev_prio=120 prev_state=S ==> next_comm=swapper/2 next_pid=0 next_prio=120
          <idle>-0     [002] d...    87.456660: cpu_idle: state=4 cpu_id=2
          <idle>-0     [002] dN..    87.457352: cpu_idle: state=4294967295 cpu_id=2
          <idle>-0     [002] d...    87.457353: sched_switch: prev_comm=swapper/2 prev_pid=0 prev_prio=120 prev_state=R ==> next_comm=Chrome_IOThread next_pid=1860 next_prio=120
 Chrome_IOThread-1860  [002] d...    87.457375: sched_waking: comm=SimpleCacheWork pid=2424 prio=120 target_cpu=004
 Chrome_IOThread-1860  [002] d...    87.457376: sched_wake_idle_without_ipi: cpu=4
 Chrome_IOThread-1860  [002] d...    87.457377: sched_wakeup: comm=SimpleCacheWork pid=2424 prio=120 target_cpu=004
 Chrome_IOThread-1860  [002] d...    87.457496: sched_waking: comm=SimpleCacheWork pid=2425 prio=120 target_cpu=000
 Chrome_IOThread-1860  [002] d...    87.457497: sched_migrate_task: comm=SimpleCacheWork pid=2425 prio=120 orig_cpu=0 dest_cpu=3
 Chrome_IOThread-1860  [002] d...    87.457498: sutil_marker: Schedutil: attach_entity_load_avg: 0: 0
 Chrome_IOThread-1860  [002] d...    87.457499: sched_wake_idle_without_ipi: cpu=3
 Chrome_IOThread-1860  [002] d...    87.457499: sched_wakeup: comm=SimpleCacheWork pid=2425 prio=120 target_cpu=003
 Chrome_IOThread-1860  [002] d...    87.457522: sched_stat_runtime: comm=Chrome_IOThread pid=1860 runtime=171359 [ns] vruntime=9182261999 [ns]
 Chrome_IOThread-1860  [002] d...    87.457523: sched_switch: prev_comm=Chrome_IOThread prev_pid=1860 prev_prio=120 prev_state=S ==> next_comm=swapper/2 next_pid=0 next_prio=120
          <idle>-0     [002] d...    87.457525: cpu_idle: state=4 cpu_id=2
          <idle>-0     [002] dN..    87.457568: cpu_idle: state=4294967295 cpu_id=2
          <idle>-0     [002] d...    87.457569: sched_switch: prev_comm=swapper/2 prev_pid=0 prev_prio=120 prev_state=R ==> next_comm=Chrome_IOThread next_pid=1860 next_prio=120
 Chrome_IOThread-1860  [002] d...    87.457578: sched_stat_runtime: comm=Chrome_IOThread pid=1860 runtime=11158 [ns] vruntime=9182273157 [ns]
 Chrome_IOThread-1860  [002] d...    87.457578: sched_switch: prev_comm=Chrome_IOThread prev_pid=1860 prev_prio=120 prev_state=S ==> next_comm=swapper/2 next_pid=0 next_prio=120
          <idle>-0     [002] d...    87.457579: cpu_idle: state=2 cpu_id=2
          <idle>-0     [002] d...    87.458489: cpu_idle: state=4294967295 cpu_id=2
          <idle>-0     [002] d...    87.458492: cpu_idle: state=2 cpu_id=2
          <idle>-0     [002] dN..    87.458500: cpu_idle: state=4294967295 cpu_id=2
          <idle>-0     [002] d...    87.458500: sched_switch: prev_comm=swapper/2 prev_pid=0 prev_prio=120 prev_state=R ==> next_comm=Chrome_IOThread next_pid=1860 next_prio=120
 Chrome_IOThread-1860  [002] d.s1    87.458555: sched_waking: comm=dnsmasq pid=2173 prio=120 target_cpu=001
 Chrome_IOThread-1860  [002] d.s1    87.458557: sched_wake_idle_without_ipi: cpu=1
 Chrome_IOThread-1860  [002] d.s1    87.458557: sched_wakeup: comm=dnsmasq pid=2173 prio=120 target_cpu=001
 Chrome_IOThread-1860  [002] d...    87.458607: sched_waking: comm=Chrome_DBThread pid=1854 prio=120 target_cpu=005
 Chrome_IOThread-1860  [002] d...    87.458608: sched_wake_idle_without_ipi: cpu=5
 Chrome_IOThread-1860  [002] d...    87.458608: sched_wakeup: comm=Chrome_DBThread pid=1854 prio=120 target_cpu=005
 Chrome_IOThread-1860  [002] d...    87.458620: sched_waking: comm=Chrome_ChildIOT pid=3068 prio=120 target_cpu=000
 Chrome_IOThread-1860  [002] d...    87.458621: sched_migrate_task: comm=Chrome_ChildIOT pid=3068 prio=120 orig_cpu=0 dest_cpu=3
 Chrome_IOThread-1860  [002] d...    87.458622: sutil_marker: Schedutil: attach_entity_load_avg: 0: 0
 Chrome_IOThread-1860  [002] d...    87.458622: sched_wake_idle_without_ipi: cpu=3
 Chrome_IOThread-1860  [002] d...    87.458623: sched_wakeup: comm=Chrome_ChildIOT pid=3068 prio=120 target_cpu=003
 Chrome_IOThread-1860  [002] d...    87.458646: sched_stat_runtime: comm=Chrome_IOThread pid=1860 runtime=147361 [ns] vruntime=9182420518 [ns]
 Chrome_IOThread-1860  [002] d...    87.458647: sched_switch: prev_comm=Chrome_IOThread prev_pid=1860 prev_prio=120 prev_state=S ==> next_comm=swapper/2 next_pid=0 next_prio=120
          <idle>-0     [002] d...    87.458649: cpu_idle: state=4 cpu_id=2
          <idle>-0     [002] dN..    87.458685: cpu_idle: state=4294967295 cpu_id=2
          <idle>-0     [002] d...    87.458686: sched_switch: prev_comm=swapper/2 prev_pid=0 prev_prio=120 prev_state=R ==> next_comm=Chrome_IOThread next_pid=1860 next_prio=120
 Chrome_IOThread-1860  [002] d...    87.458695: sched_stat_runtime: comm=Chrome_IOThread pid=1860 runtime=11520 [ns] vruntime=9182432038 [ns]
 Chrome_IOThread-1860  [002] d...    87.458696: sched_switch: prev_comm=Chrome_IOThread prev_pid=1860 prev_prio=120 prev_state=S ==> next_comm=swapper/2 next_pid=0 next_prio=120
          <idle>-0     [002] d...    87.458697: cpu_idle: state=2 cpu_id=2
          <idle>-0     [002] dN..    87.458799: cpu_idle: state=4294967295 cpu_id=2
          <idle>-0     [002] d...    87.458800: sched_switch: prev_comm=swapper/2 prev_pid=0 prev_prio=120 prev_state=R ==> next_comm=Chrome_IOThread next_pid=1860 next_prio=120
 Chrome_IOThread-1860  [002] d...    87.458808: sched_waking: comm=Chrome_ChildIOT pid=3068 prio=120 target_cpu=003
 Chrome_IOThread-1860  [002] d...    87.458809: sched_wake_idle_without_ipi: cpu=3
 Chrome_IOThread-1860  [002] d...    87.458809: sched_wakeup: comm=Chrome_ChildIOT pid=3068 prio=120 target_cpu=003
 Chrome_IOThread-1860  [002] d...    87.458831: sched_stat_runtime: comm=Chrome_IOThread pid=1860 runtime=33121 [ns] vruntime=9182465159 [ns]
 Chrome_IOThread-1860  [002] d...    87.458833: sched_switch: prev_comm=Chrome_IOThread prev_pid=1860 prev_prio=120 prev_state=S ==> next_comm=swapper/2 next_pid=0 next_prio=120
          <idle>-0     [002] d...    87.458834: cpu_idle: state=4 cpu_id=2
          <idle>-0     [002] d...    87.459494: cpu_idle: state=4294967295 cpu_id=2
          <idle>-0     [002] d.s.    87.459497: sutil_marker: Schedutil: get_next_freq: 800000: 1024
          <idle>-0     [002] d.s.    87.459498: sutil_marker: Schedutil: update-single-util: 384: 372
          <idle>-0     [002] d.s.    87.459498: sutil_marker: Schedutil: update-single-boost: 384: 372
          <idle>-0     [002] d.s.    87.459498: sutil_marker: Schedutil: update-single-freq: 800000: 800000
          <idle>-0     [002] d...    87.459520: cpu_idle: state=4 cpu_id=2
          <idle>-0     [002] dN..    87.460536: cpu_idle: state=4294967295 cpu_id=2
          <idle>-0     [002] d...    87.460538: sched_switch: prev_comm=swapper/2 prev_pid=0 prev_prio=120 prev_state=R ==> next_comm=Chrome_IOThread next_pid=1860 next_prio=120
 Chrome_IOThread-1860  [002] d...    87.460610: sched_stat_runtime: comm=Chrome_IOThread pid=1860 runtime=74946 [ns] vruntime=9182540105 [ns]
 Chrome_IOThread-1860  [002] d...    87.460611: sched_switch: prev_comm=Chrome_IOThread prev_pid=1860 prev_prio=120 prev_state=S ==> next_comm=swapper/2 next_pid=0 next_prio=120
          <idle>-0     [002] d...    87.460612: cpu_idle: state=4 cpu_id=2
          <idle>-0     [002] dN..    87.461765: cpu_idle: state=4294967295 cpu_id=2
          <idle>-0     [002] d...    87.461767: sched_switch: prev_comm=swapper/2 prev_pid=0 prev_prio=120 prev_state=R ==> next_comm=Chrome_IOThread next_pid=1860 next_prio=120
 Chrome_IOThread-1860  [002] d...    87.461797: sched_waking: comm=Chrome_ChildIOT pid=1903 prio=120 target_cpu=001
 Chrome_IOThread-1860  [002] d...    87.461798: sched_wake_idle_without_ipi: cpu=1
 Chrome_IOThread-1860  [002] d...    87.461798: sched_wakeup: comm=Chrome_ChildIOT pid=1903 prio=120 target_cpu=001
 Chrome_IOThread-1860  [002] d...    87.461804: sched_stat_runtime: comm=Chrome_IOThread pid=1860 runtime=66971 [ns] vruntime=9182607076 [ns]
 Chrome_IOThread-1860  [002] d...    87.461805: sched_switch: prev_comm=Chrome_IOThread prev_pid=1860 prev_prio=120 prev_state=S ==> next_comm=swapper/2 next_pid=0 next_prio=120
          <idle>-0     [002] d...    87.461828: cpu_idle: state=4 cpu_id=2
          <idle>-0     [002] dN..    87.462530: cpu_idle: state=4294967295 cpu_id=2
          <idle>-0     [002] d...    87.462532: sched_switch: prev_comm=swapper/2 prev_pid=0 prev_prio=120 prev_state=R ==> next_comm=Chrome_IOThread next_pid=1860 next_prio=120
 Chrome_IOThread-1860  [002] d...    87.462541: sched_waking: comm=Chrome_ChildIOT pid=3068 prio=120 target_cpu=003
 Chrome_IOThread-1860  [002] d...    87.462543: sched_wake_idle_without_ipi: cpu=3
 Chrome_IOThread-1860  [002] d...    87.462543: sched_wakeup: comm=Chrome_ChildIOT pid=3068 prio=120 target_cpu=003
 Chrome_IOThread-1860  [002] d...    87.462548: sched_stat_runtime: comm=Chrome_IOThread pid=1860 runtime=19409 [ns] vruntime=9182626485 [ns]
 Chrome_IOThread-1860  [002] d...    87.462549: sched_switch: prev_comm=Chrome_IOThread prev_pid=1860 prev_prio=120 prev_state=S ==> next_comm=swapper/2 next_pid=0 next_prio=120
          <idle>-0     [002] d...    87.462551: cpu_idle: state=4 cpu_id=2
          <idle>-0     [002] dN..    87.462576: cpu_idle: state=4294967295 cpu_id=2
          <idle>-0     [002] d...    87.462577: sched_switch: prev_comm=swapper/2 prev_pid=0 prev_prio=120 prev_state=R ==> next_comm=Chrome_IOThread next_pid=1860 next_prio=120
 Chrome_IOThread-1860  [002] d...    87.462584: sched_waking: comm=Chrome_ChildIOT pid=1903 prio=120 target_cpu=001
 Chrome_IOThread-1860  [002] d...    87.462584: sched_wake_idle_without_ipi: cpu=1
 Chrome_IOThread-1860  [002] d...    87.462585: sched_wakeup: comm=Chrome_ChildIOT pid=1903 prio=120 target_cpu=001
 Chrome_IOThread-1860  [002] d...    87.462609: sched_stat_runtime: comm=Chrome_IOThread pid=1860 runtime=33856 [ns] vruntime=9182660341 [ns]
 Chrome_IOThread-1860  [002] d...    87.462610: sched_switch: prev_comm=Chrome_IOThread prev_pid=1860 prev_prio=120 prev_state=S ==> next_comm=swapper/2 next_pid=0 next_prio=120
          <idle>-0     [002] d...    87.462610: cpu_idle: state=4 cpu_id=2
          <idle>-0     [002] dN..    87.462696: cpu_idle: state=4294967295 cpu_id=2
          <idle>-0     [002] d...    87.462697: sched_switch: prev_comm=swapper/2 prev_pid=0 prev_prio=120 prev_state=R ==> next_comm=dnsmasq next_pid=2173 next_prio=120
           <...>-2173  [002] d.s1    87.462731: sched_waking: comm=Chrome_IOThread pid=1860 prio=120 target_cpu=002
           <...>-2173  [002] d.s1    87.462731: sched_migrate_task: comm=Chrome_IOThread pid=1860 prio=120 orig_cpu=2 dest_cpu=4
           <...>-2173  [002] d.s1    87.462732: sutil_marker: Schedutil: attach_entity_load_avg: 0: 0
           <...>-2173  [002] d.s1    87.462733: sched_wake_idle_without_ipi: cpu=4
           <...>-2173  [002] d.s1    87.462733: sched_wakeup: comm=Chrome_IOThread pid=1860 prio=120 target_cpu=004
           <...>-2173  [002] d...    87.462739: sched_stat_runtime: comm=dnsmasq pid=2173 runtime=66863 [ns] vruntime=212007014 [ns]
           <...>-2173  [002] d...    87.462739: sched_switch: prev_comm=dnsmasq prev_pid=2173 prev_prio=120 prev_state=S ==> next_comm=swapper/2 next_pid=0 next_prio=120
          <idle>-0     [002] d...    87.462740: cpu_idle: state=4 cpu_id=2
          <idle>-0     [002] d...    87.463494: cpu_idle: state=4294967295 cpu_id=2
          <idle>-0     [002] d...    87.463501: cpu_idle: state=4 cpu_id=2
          <idle>-0     [002] d...    87.467535: cpu_idle: state=4294967295 cpu_id=2
          <idle>-0     [002] d.s.    87.467561: sutil_marker: Schedutil: get_next_freq: 800000: 1024
          <idle>-0     [002] d.s.    87.467561: sutil_marker: Schedutil: update-single-util: 372: 11
          <idle>-0     [002] d.s.    87.467561: sutil_marker: Schedutil: update-single-boost: 372: 11
          <idle>-0     [002] d.s.    87.467562: sutil_marker: Schedutil: update-single-freq: 800000: 800000
          <idle>-0     [002] d...    87.467591: cpu_idle: state=6 cpu_id=2
          <idle>-0     [002] d...    87.471522: cpu_idle: state=4294967295 cpu_id=2
          <idle>-0     [002] d.s.    87.471529: sutil_marker: Schedutil: get_next_freq: 800000: 1024
          <idle>-0     [002] d.s.    87.471530: sutil_marker: Schedutil: update-single-util: 11: 11
          <idle>-0     [002] d.s.    87.471530: sutil_marker: Schedutil: update-single-boost: 11: 11
          <idle>-0     [002] d.s.    87.471531: sutil_marker: Schedutil: update-single-freq: 800000: 800000
          <idle>-0     [002] d...    87.471543: cpu_idle: state=6 cpu_id=2
          <idle>-0     [002] dN..    87.479479: cpu_idle: state=4294967295 cpu_id=2
          <idle>-0     [002] d...    87.479486: sched_switch: prev_comm=swapper/2 prev_pid=0 prev_prio=120 prev_state=R ==> next_comm=chrome next_pid=1524 next_prio=120
          chrome-1524  [002] d.h.    87.479498: sched_stat_runtime: comm=chrome pid=1524 runtime=16431 [ns] vruntime=9182676772 [ns]
          chrome-1524  [002] d...    87.479590: sched_waking: comm=Chrome_IOThread pid=1860 prio=120 target_cpu=006
          chrome-1524  [002] d...    87.479595: sched_wake_idle_without_ipi: cpu=6
          chrome-1524  [002] d...    87.479596: sched_wakeup: comm=Chrome_IOThread pid=1860 prio=120 target_cpu=006
          chrome-1524  [002] d...    87.479706: sched_waking: comm=CompositorTileW pid=1862 prio=120 target_cpu=007
          chrome-1524  [002] d...    87.479710: sched_wake_idle_without_ipi: cpu=7
          chrome-1524  [002] d...    87.479710: sched_wakeup: comm=CompositorTileW pid=1862 prio=120 target_cpu=007
          chrome-1524  [002] d...    87.479875: sched_stat_runtime: comm=chrome pid=1524 runtime=376896 [ns] vruntime=9183053668 [ns]
          chrome-1524  [002] d...    87.479880: sched_switch: prev_comm=chrome prev_pid=1524 prev_prio=120 prev_state=S ==> next_comm=swapper/2 next_pid=0 next_prio=120
          <idle>-0     [002] d...    87.479890: cpu_idle: state=4 cpu_id=2
          <idle>-0     [002] dN..    87.480549: cpu_idle: state=4294967295 cpu_id=2
          <idle>-0     [002] d...    87.480558: sched_switch: prev_comm=swapper/2 prev_pid=0 prev_prio=120 prev_state=R ==> next_comm=chrome next_pid=1524 next_prio=120
          chrome-1524  [002] d...    87.480908: sched_waking: comm=Chrome_IOThread pid=1860 prio=120 target_cpu=006
          chrome-1524  [002] d...    87.480916: sched_wake_idle_without_ipi: cpu=6
          chrome-1524  [002] d...    87.480917: sched_wakeup: comm=Chrome_IOThread pid=1860 prio=120 target_cpu=006
          chrome-1524  [002] d...    87.481148: sched_waking: comm=Chrome_IOThread pid=1860 prio=120 target_cpu=006
          chrome-1524  [002] d...    87.481151: sched_wake_idle_without_ipi: cpu=6
          chrome-1524  [002] d...    87.481152: sched_wakeup: comm=Chrome_IOThread pid=1860 prio=120 target_cpu=006
          chrome-1524  [002] d...    87.481354: sched_waking: comm=Chrome_IOThread pid=1860 prio=120 target_cpu=006
          chrome-1524  [002] d...    87.481357: sched_wake_idle_without_ipi: cpu=6
          chrome-1524  [002] d...    87.481358: sched_wakeup: comm=Chrome_IOThread pid=1860 prio=120 target_cpu=006
          chrome-1524  [002] d...    87.481487: sched_stat_runtime: comm=chrome pid=1524 runtime=945440 [ns] vruntime=9183999108 [ns]
          chrome-1524  [002] d...    87.481492: sutil_marker: Schedutil: get_next_freq: 800000: 1024
          chrome-1524  [002] d...    87.481494: sutil_marker: Schedutil: update-single-util: 11: 410
          chrome-1524  [002] d...    87.481494: sutil_marker: Schedutil: update-single-boost: 11: 410
          chrome-1524  [002] d...    87.481495: sutil_marker: Schedutil: update-single-freq: 800000: 800000
          chrome-1524  [002] d...    87.481498: sched_switch: prev_comm=chrome prev_pid=1524 prev_prio=120 prev_state=S ==> next_comm=swapper/2 next_pid=0 next_prio=120
          <idle>-0     [002] d...    87.481510: cpu_idle: state=6 cpu_id=2
          <idle>-0     [002] dN..    87.483903: cpu_idle: state=4294967295 cpu_id=2
          <idle>-0     [002] d...    87.483915: sched_switch: prev_comm=swapper/2 prev_pid=0 prev_prio=120 prev_state=R ==> next_comm=chrome next_pid=1524 next_prio=120
          chrome-1524  [002] d...    87.484032: sched_stat_runtime: comm=chrome pid=1524 runtime=124647 [ns] vruntime=9184123755 [ns]
          chrome-1524  [002] d...    87.484037: sched_switch: prev_comm=chrome prev_pid=1524 prev_prio=120 prev_state=S ==> next_comm=swapper/2 next_pid=0 next_prio=120
          <idle>-0     [002] d...    87.484060: cpu_idle: state=6 cpu_id=2
          <idle>-0     [002] dN..    87.484308: cpu_idle: state=4294967295 cpu_id=2
          <idle>-0     [002] d...    87.484316: sched_switch: prev_comm=swapper/2 prev_pid=0 prev_prio=120 prev_state=R ==> next_comm=chrome next_pid=1524 next_prio=120
          chrome-1524  [002] d...    87.484413: sched_stat_runtime: comm=chrome pid=1524 runtime=111201 [ns] vruntime=9184234956 [ns]
          chrome-1524  [002] d...    87.484416: sched_switch: prev_comm=chrome prev_pid=1524 prev_prio=120 prev_state=S ==> next_comm=swapper/2 next_pid=0 next_prio=120
          <idle>-0     [002] d...    87.484425: cpu_idle: state=6 cpu_id=2
          <idle>-0     [002] dN..    87.486857: cpu_idle: state=4294967295 cpu_id=2
          <idle>-0     [002] d...    87.486865: sched_switch: prev_comm=swapper/2 prev_pid=0 prev_prio=120 prev_state=R ==> next_comm=chrome next_pid=1524 next_prio=120
          chrome-1524  [002] d...    87.486994: sched_stat_runtime: comm=chrome pid=1524 runtime=142868 [ns] vruntime=9184377824 [ns]
          chrome-1524  [002] d...    87.486997: sched_switch: prev_comm=chrome prev_pid=1524 prev_prio=120 prev_state=S ==> next_comm=swapper/2 next_pid=0 next_prio=120
          <idle>-0     [002] d...    87.487005: cpu_idle: state=6 cpu_id=2
          <idle>-0     [002] dN..    87.495893: cpu_idle: state=4294967295 cpu_id=2
          <idle>-0     [002] d...    87.495896: sched_switch: prev_comm=swapper/2 prev_pid=0 prev_prio=120 prev_state=R ==> next_comm=chrome next_pid=1524 next_prio=120
          chrome-1524  [002] d...    87.495943: sched_stat_runtime: comm=chrome pid=1524 runtime=48358 [ns] vruntime=9184426182 [ns]
          chrome-1524  [002] d...    87.495943: sched_switch: prev_comm=chrome prev_pid=1524 prev_prio=120 prev_state=S ==> next_comm=swapper/2 next_pid=0 next_prio=120
          <idle>-0     [002] d...    87.495945: cpu_idle: state=4 cpu_id=2
          <idle>-0     [002] dN..    87.496048: cpu_idle: state=4294967295 cpu_id=2
          <idle>-0     [002] d...    87.496050: sched_switch: prev_comm=swapper/2 prev_pid=0 prev_prio=120 prev_state=R ==> next_comm=chrome next_pid=1524 next_prio=120
          chrome-1524  [002] d...    87.496168: sched_stat_runtime: comm=chrome pid=1524 runtime=121142 [ns] vruntime=9184547324 [ns]
          chrome-1524  [002] d...    87.496169: sutil_marker: Schedutil: get_next_freq: 800000: 1024
          chrome-1524  [002] d...    87.496170: sutil_marker: Schedutil: update-single-util: 410: 313
          chrome-1524  [002] d...    87.496170: sutil_marker: Schedutil: update-single-boost: 410: 313
          chrome-1524  [002] d...    87.496170: sutil_marker: Schedutil: update-single-freq: 800000: 800000
          chrome-1524  [002] d...    87.496171: sched_switch: prev_comm=chrome prev_pid=1524 prev_prio=120 prev_state=S ==> next_comm=swapper/2 next_pid=0 next_prio=120
          <idle>-0     [002] d...    87.496173: cpu_idle: state=6 cpu_id=2
          <idle>-0     [002] dN..    87.496335: cpu_idle: state=4294967295 cpu_id=2
          <idle>-0     [002] d...    87.496338: sched_switch: prev_comm=swapper/2 prev_pid=0 prev_prio=120 prev_state=R ==> next_comm=chrome next_pid=1524 next_prio=120
          chrome-1524  [002] d...    87.496391: sched_stat_runtime: comm=chrome pid=1524 runtime=118694 [ns] vruntime=9184666018 [ns]
          chrome-1524  [002] d...    87.496392: sched_switch: prev_comm=chrome prev_pid=1524 prev_prio=120 prev_state=S ==> next_comm=swapper/2 next_pid=0 next_prio=120
          <idle>-0     [002] d...    87.496395: cpu_idle: state=6 cpu_id=2
          <idle>-0     [002] dN..    87.497033: cpu_idle: state=4294967295 cpu_id=2
          <idle>-0     [002] d...    87.497037: sched_switch: prev_comm=swapper/2 prev_pid=0 prev_prio=120 prev_state=R ==> next_comm=chrome next_pid=1524 next_prio=120
          chrome-1524  [002] d...    87.497200: sched_stat_runtime: comm=chrome pid=1524 runtime=191602 [ns] vruntime=9184857620 [ns]
          chrome-1524  [002] d...    87.497202: sutil_marker: Schedutil: get_next_freq: 800000: 1024
          chrome-1524  [002] d...    87.497202: sutil_marker: Schedutil: update-single-util: 313: 313
          chrome-1524  [002] d...    87.497202: sutil_marker: Schedutil: update-single-boost: 313: 313
          chrome-1524  [002] d...    87.497202: sutil_marker: Schedutil: update-single-freq: 800000: 800000
          chrome-1524  [002] d...    87.497203: sched_switch: prev_comm=chrome prev_pid=1524 prev_prio=120 prev_state=S ==> next_comm=swapper/2 next_pid=0 next_prio=120
          <idle>-0     [002] d...    87.497206: sched_switch: prev_comm=swapper/2 prev_pid=0 prev_prio=120 prev_state=R ==> next_comm=chrome next_pid=1524 next_prio=120
          chrome-1524  [002] d...    87.497391: sched_waking: comm=Chrome_IOThread pid=1860 prio=120 target_cpu=000
          chrome-1524  [002] d...    87.497392: sched_wake_idle_without_ipi: cpu=0
          chrome-1524  [002] d...    87.497392: sched_wakeup: comm=Chrome_IOThread pid=1860 prio=120 target_cpu=000
          chrome-1524  [002] d...    87.497524: sched_waking: comm=Chrome_IOThread pid=1860 prio=120 target_cpu=000
          chrome-1524  [002] d...    87.497525: sched_wake_idle_without_ipi: cpu=0
          chrome-1524  [002] d...    87.497525: sched_wakeup: comm=Chrome_IOThread pid=1860 prio=120 target_cpu=000
          chrome-1524  [002] d...    87.497563: sched_stat_runtime: comm=chrome pid=1524 runtime=359359 [ns] vruntime=9185216979 [ns]
          chrome-1524  [002] d...    87.497564: sched_switch: prev_comm=chrome prev_pid=1524 prev_prio=120 prev_state=S ==> next_comm=swapper/2 next_pid=0 next_prio=120
          <idle>-0     [002] d...    87.497569: cpu_idle: state=6 cpu_id=2
          <idle>-0     [002] dN..    87.498317: cpu_idle: state=4294967295 cpu_id=2
          <idle>-0     [002] d...    87.498321: sched_switch: prev_comm=swapper/2 prev_pid=0 prev_prio=120 prev_state=R ==> next_comm=chrome next_pid=1524 next_prio=120
          chrome-1524  [002] d...    87.498381: sched_stat_runtime: comm=chrome pid=1524 runtime=89482 [ns] vruntime=9185306461 [ns]
          chrome-1524  [002] d...    87.498382: sched_switch: prev_comm=chrome prev_pid=1524 prev_prio=120 prev_state=S ==> next_comm=swapper/2 next_pid=0 next_prio=120
          <idle>-0     [002] d...    87.498385: cpu_idle: state=6 cpu_id=2
          <idle>-0     [002] d...    87.510022: cpu_idle: state=4294967295 cpu_id=2
          <idle>-0     [002] d.h.    87.510029: sched_waking: comm=systemd-journal pid=274 prio=120 target_cpu=002
          <idle>-0     [002] d.h.    87.510036: sutil_marker: Schedutil: get_next_freq: 800000: 1024
          <idle>-0     [002] d.h.    87.510036: sutil_marker: Schedutil: update-single-util: 313: 247
          <idle>-0     [002] d.h.    87.510037: sutil_marker: Schedutil: update-single-boost: 313: 247
          <idle>-0     [002] d.h.    87.510037: sutil_marker: Schedutil: update-single-freq: 800000: 800000
          <idle>-0     [002] dNh.    87.510039: sched_wakeup: comm=systemd-journal pid=274 prio=120 target_cpu=002
          <idle>-0     [002] d...    87.510048: sched_switch: prev_comm=swapper/2 prev_pid=0 prev_prio=120 prev_state=R ==> next_comm=systemd-journal next_pid=274 next_prio=120
           <...>-274   [002] d...    87.510076: sched_stat_runtime: comm=systemd-journal pid=274 runtime=34533 [ns] vruntime=23778219 [ns]
           <...>-274   [002] d...    87.510078: sched_switch: prev_comm=systemd-journal prev_pid=274 prev_prio=120 prev_state=S ==> next_comm=swapper/2 next_pid=0 next_prio=120
          <idle>-0     [002] d...    87.510082: cpu_idle: state=6 cpu_id=2
          <idle>-0     [002] d...    87.513492: cpu_idle: state=4294967295 cpu_id=2
          <idle>-0     [002] d.h.    87.513500: sched_waking: comm=chrome pid=1524 prio=120 target_cpu=002
          <idle>-0     [002] d.h.    87.513506: sutil_marker: Schedutil: get_next_freq: 800000: 1024
          <idle>-0     [002] d.h.    87.513507: sutil_marker: Schedutil: update-single-util: 247: 231
          <idle>-0     [002] d.h.    87.513508: sutil_marker: Schedutil: update-single-boost: 247: 231
          <idle>-0     [002] d.h.    87.513508: sutil_marker: Schedutil: update-single-freq: 800000: 800000
          <idle>-0     [002] dNh.    87.513510: sched_wakeup: comm=chrome pid=1524 prio=120 target_cpu=002
          <idle>-0     [002] d...    87.513538: sched_switch: prev_comm=swapper/2 prev_pid=0 prev_prio=120 prev_state=R ==> next_comm=chrome next_pid=1524 next_prio=120
          chrome-1524  [002] d...    87.513619: sched_waking: comm=Chrome_IOThread pid=1860 prio=120 target_cpu=000
          chrome-1524  [002] d...    87.513623: sched_wake_idle_without_ipi: cpu=0
          chrome-1524  [002] d...    87.513623: sched_wakeup: comm=Chrome_IOThread pid=1860 prio=120 target_cpu=000
          chrome-1524  [002] d...    87.513668: sched_stat_runtime: comm=chrome pid=1524 runtime=145579 [ns] vruntime=9185452040 [ns]
          chrome-1524  [002] d...    87.513671: sched_switch: prev_comm=chrome prev_pid=1524 prev_prio=120 prev_state=S ==> next_comm=swapper/2 next_pid=0 next_prio=120
          <idle>-0     [002] d...    87.513678: cpu_idle: state=6 cpu_id=2
          <idle>-0     [002] d...    87.513724: cpu_idle: state=4294967295 cpu_id=2
          <idle>-0     [002] d...    87.513726: cpu_idle: state=6 cpu_id=2
          <idle>-0     [002] d...    87.513773: cpu_idle: state=4294967295 cpu_id=2
          <idle>-0     [002] d...    87.513775: cpu_idle: state=6 cpu_id=2
          <idle>-0     [002] dN..    87.515268: cpu_idle: state=4294967295 cpu_id=2
          <idle>-0     [002] d...    87.515281: sched_switch: prev_comm=swapper/2 prev_pid=0 prev_prio=120 prev_state=R ==> next_comm=chrome next_pid=1524 next_prio=120
          chrome-1524  [002] d.h.    87.515506: sched_stat_runtime: comm=chrome pid=1524 runtime=268750 [ns] vruntime=9185720790 [ns]
          chrome-1524  [002] d...    87.515654: sched_waking: comm=Chrome_IOThread pid=1860 prio=120 target_cpu=001
          chrome-1524  [002] d...    87.515660: sched_wake_idle_without_ipi: cpu=1
          chrome-1524  [002] d...    87.515661: sched_wakeup: comm=Chrome_IOThread pid=1860 prio=120 target_cpu=001
          chrome-1524  [002] d...    87.515827: sched_waking: comm=Chrome_IOThread pid=1860 prio=120 target_cpu=001
          chrome-1524  [002] d...    87.515830: sched_wake_idle_without_ipi: cpu=1
          chrome-1524  [002] d...    87.515830: sched_wakeup: comm=Chrome_IOThread pid=1860 prio=120 target_cpu=001
          chrome-1524  [002] d...    87.515918: sched_stat_runtime: comm=chrome pid=1524 runtime=412375 [ns] vruntime=9186133165 [ns]
          chrome-1524  [002] d...    87.515921: sched_switch: prev_comm=chrome prev_pid=1524 prev_prio=120 prev_state=S ==> next_comm=swapper/2 next_pid=0 next_prio=120
          <idle>-0     [002] d...    87.515932: cpu_idle: state=6 cpu_id=2
          <idle>-0     [002] dN..    87.518455: cpu_idle: state=4294967295 cpu_id=2
          <idle>-0     [002] d...    87.518468: sched_switch: prev_comm=swapper/2 prev_pid=0 prev_prio=120 prev_state=R ==> next_comm=Xorg next_pid=1080 next_prio=120
            Xorg-1080  [002] d...    87.518570: sched_waking: comm=chrome pid=1896 prio=120 target_cpu=000
            Xorg-1080  [002] d...    87.518577: sched_wake_idle_without_ipi: cpu=0
            Xorg-1080  [002] d...    87.518578: sched_wakeup: comm=chrome pid=1896 prio=120 target_cpu=000
            Xorg-1080  [002] d...    87.518626: sched_stat_runtime: comm=Xorg pid=1080 runtime=164043 [ns] vruntime=402166522 [ns]
            Xorg-1080  [002] d...    87.518630: sched_switch: prev_comm=Xorg prev_pid=1080 prev_prio=120 prev_state=S ==> next_comm=swapper/2 next_pid=0 next_prio=120
          <idle>-0     [002] d...    87.518640: cpu_idle: state=6 cpu_id=2
          <idle>-0     [002] d...    87.528677: cpu_idle: state=4294967295 cpu_id=2
          <idle>-0     [002] d.h.    87.528685: sched_waking: comm=Xorg pid=1080 prio=120 target_cpu=002
          <idle>-0     [002] d.h.    87.528690: sutil_marker: Schedutil: get_next_freq: 800000: 1024
          <idle>-0     [002] d.h.    87.528691: sutil_marker: Schedutil: update-single-util: 231: 241
          <idle>-0     [002] d.h.    87.528692: sutil_marker: Schedutil: update-single-boost: 231: 241
          <idle>-0     [002] d.h.    87.528692: sutil_marker: Schedutil: update-single-freq: 800000: 800000
          <idle>-0     [002] dNh.    87.528695: sched_wakeup: comm=Xorg pid=1080 prio=120 target_cpu=002
          <idle>-0     [002] d...    87.528704: sched_switch: prev_comm=swapper/2 prev_pid=0 prev_prio=120 prev_state=R ==> next_comm=Xorg next_pid=1080 next_prio=120
            Xorg-1080  [002] d...    87.528777: sched_stat_runtime: comm=Xorg pid=1080 runtime=77844 [ns] vruntime=402244366 [ns]
            Xorg-1080  [002] d...    87.528781: sched_switch: prev_comm=Xorg prev_pid=1080 prev_prio=120 prev_state=S ==> next_comm=swapper/2 next_pid=0 next_prio=120
          <idle>-0     [002] d...    87.528789: cpu_idle: state=6 cpu_id=2
          <idle>-0     [002] dN..    87.529058: cpu_idle: state=4294967295 cpu_id=2
          <idle>-0     [002] d...    87.529068: sched_switch: prev_comm=swapper/2 prev_pid=0 prev_prio=120 prev_state=R ==> next_comm=Xorg next_pid=1080 next_prio=120
            Xorg-1080  [002] d...    87.529125: sched_waking: comm=chrome pid=1896 prio=120 target_cpu=000
            Xorg-1080  [002] d...    87.529133: sched_wake_idle_without_ipi: cpu=0
            Xorg-1080  [002] d...    87.529134: sched_wakeup: comm=chrome pid=1896 prio=120 target_cpu=000
            Xorg-1080  [002] d...    87.529316: sched_waking: comm=marco pid=2113 prio=120 target_cpu=005
            Xorg-1080  [002] d...    87.529320: sched_wake_idle_without_ipi: cpu=5
            Xorg-1080  [002] d...    87.529320: sched_wakeup: comm=marco pid=2113 prio=120 target_cpu=005
            Xorg-1080  [002] d...    87.529371: sched_waking: comm=kworker/u16:5 pid=196 prio=120 target_cpu=007
            Xorg-1080  [002] d...    87.529374: sched_wake_idle_without_ipi: cpu=7
            Xorg-1080  [002] d...    87.529375: sched_wakeup: comm=kworker/u16:5 pid=196 prio=120 target_cpu=007
            Xorg-1080  [002] d...    87.529377: sched_waking: comm=kworker/2:2 pid=342 prio=120 target_cpu=002
            Xorg-1080  [002] d...    87.529380: sched_wakeup: comm=kworker/2:2 pid=342 prio=120 target_cpu=002
            Xorg-1080  [002] d...    87.529421: sched_stat_runtime: comm=Xorg pid=1080 runtime=396621 [ns] vruntime=402640987 [ns]
            Xorg-1080  [002] d...    87.529425: sched_switch: prev_comm=Xorg prev_pid=1080 prev_prio=120 prev_state=S ==> next_comm=kworker/2:2 next_pid=342 next_prio=120
     kworker/2:2-342   [002] d...    87.529429: sched_stat_runtime: comm=kworker/2:2 pid=342 runtime=9012 [ns] vruntime=48319834029 [ns]
     kworker/2:2-342   [002] d...    87.529443: sched_switch: prev_comm=kworker/2:2 prev_pid=342 prev_prio=120 prev_state=S ==> next_comm=swapper/2 next_pid=0 next_prio=120
          <idle>-0     [002] d...    87.529452: cpu_idle: state=4 cpu_id=2
          <idle>-0     [002] dN..    87.529534: cpu_idle: state=4294967295 cpu_id=2
          <idle>-0     [002] d...    87.529545: sched_switch: prev_comm=swapper/2 prev_pid=0 prev_prio=120 prev_state=R ==> next_comm=Xorg next_pid=1080 next_prio=120
            Xorg-1080  [002] d...    87.529618: sched_waking: comm=marco pid=2113 prio=120 target_cpu=005
            Xorg-1080  [002] d...    87.529625: sched_wake_idle_without_ipi: cpu=5
            Xorg-1080  [002] d...    87.529626: sched_wakeup: comm=marco pid=2113 prio=120 target_cpu=005
            Xorg-1080  [002] d...    87.529670: sched_stat_runtime: comm=Xorg pid=1080 runtime=173173 [ns] vruntime=402814160 [ns]
            Xorg-1080  [002] d...    87.529674: sutil_marker: Schedutil: get_next_freq: 800000: 1024
            Xorg-1080  [002] d...    87.529675: sutil_marker: Schedutil: update-single-util: 241: 78
            Xorg-1080  [002] d...    87.529675: sutil_marker: Schedutil: update-single-boost: 241: 78
            Xorg-1080  [002] d...    87.529676: sutil_marker: Schedutil: update-single-freq: 800000: 800000
            Xorg-1080  [002] d...    87.529678: sched_switch: prev_comm=Xorg prev_pid=1080 prev_prio=120 prev_state=S ==> next_comm=swapper/2 next_pid=0 next_prio=120
          <idle>-0     [002] d...    87.529687: cpu_idle: state=4 cpu_id=2
          <idle>-0     [002] dN..    87.529769: cpu_idle: state=4294967295 cpu_id=2
          <idle>-0     [002] d...    87.529780: sched_switch: prev_comm=swapper/2 prev_pid=0 prev_prio=120 prev_state=R ==> next_comm=Xorg next_pid=1080 next_prio=120
            Xorg-1080  [002] d...    87.530189: sched_waking: comm=marco pid=2113 prio=120 target_cpu=005
            Xorg-1080  [002] d...    87.530211: sched_migrate_task: comm=marco pid=2113 prio=120 orig_cpu=5 dest_cpu=7
            Xorg-1080  [002] d...    87.530217: sutil_marker: Schedutil: attach_entity_load_avg: 0: 0
            Xorg-1080  [002] d...    87.530222: sched_wakeup: comm=marco pid=2113 prio=120 target_cpu=007
            Xorg-1080  [002] d...    87.530288: sched_stat_runtime: comm=Xorg pid=1080 runtime=554302 [ns] vruntime=403368462 [ns]
            Xorg-1080  [002] d...    87.530293: sched_switch: prev_comm=Xorg prev_pid=1080 prev_prio=120 prev_state=S ==> next_comm=swapper/2 next_pid=0 next_prio=120
          <idle>-0     [002] d...    87.530303: cpu_idle: state=4 cpu_id=2
          <idle>-0     [002] d...    87.531219: cpu_idle: state=4294967295 cpu_id=2
          <idle>-0     [002] d...    87.531223: cpu_idle: state=4 cpu_id=2
          <idle>-0     [002] d...    87.531274: cpu_idle: state=4294967295 cpu_id=2
          <idle>-0     [002] d...    87.531276: cpu_idle: state=4 cpu_id=2
          <idle>-0     [002] d...    87.531304: cpu_idle: state=4294967295 cpu_id=2
          <idle>-0     [002] d...    87.531316: cpu_idle: state=6 cpu_id=2
          <idle>-0     [002] dN..    87.531531: cpu_idle: state=4294967295 cpu_id=2
          <idle>-0     [002] d...    87.531542: sched_switch: prev_comm=swapper/2 prev_pid=0 prev_prio=120 prev_state=R ==> next_comm=CompositorTileW next_pid=3073 next_prio=120
           <...>-3073  [002] d...    87.531571: sched_waking: comm=Compositor pid=3069 prio=120 target_cpu=007
           <...>-3073  [002] d...    87.531576: sched_wake_idle_without_ipi: cpu=7
           <...>-3073  [002] d...    87.531576: sched_wakeup: comm=Compositor pid=3069 prio=120 target_cpu=007
           <...>-3073  [002] d...    87.531592: sched_stat_runtime: comm=CompositorTileW pid=3073 runtime=56056 [ns] vruntime=9174189221 [ns]
           <...>-3073  [002] d...    87.531594: sched_switch: prev_comm=CompositorTileW prev_pid=3073 prev_prio=120 prev_state=S ==> next_comm=swapper/2 next_pid=0 next_prio=120
          <idle>-0     [002] d...    87.531602: cpu_idle: state=6 cpu_id=2
          <idle>-0     [002] dN..    87.532591: cpu_idle: state=4294967295 cpu_id=2
          <idle>-0     [002] d...    87.532601: sched_switch: prev_comm=swapper/2 prev_pid=0 prev_prio=120 prev_state=R ==> next_comm=Xorg next_pid=1080 next_prio=120
            Xorg-1080  [002] d...    87.532693: sched_waking: comm=chrome pid=1896 prio=120 target_cpu=000
            Xorg-1080  [002] d...    87.532697: sched_wake_idle_without_ipi: cpu=0
            Xorg-1080  [002] d...    87.532698: sched_wakeup: comm=chrome pid=1896 prio=120 target_cpu=000
            Xorg-1080  [002] d...    87.532739: sched_stat_runtime: comm=Xorg pid=1080 runtime=156346 [ns] vruntime=403524808 [ns]
            Xorg-1080  [002] d...    87.532742: sched_switch: prev_comm=Xorg prev_pid=1080 prev_prio=120 prev_state=S ==> next_comm=swapper/2 next_pid=0 next_prio=120
          <idle>-0     [002] d...    87.532749: cpu_idle: state=6 cpu_id=2
          <idle>-0     [002] dN..    87.533560: cpu_idle: state=4294967295 cpu_id=2
          <idle>-0     [002] d...    87.533568: sched_switch: prev_comm=swapper/2 prev_pid=0 prev_prio=120 prev_state=R ==> next_comm=Xorg next_pid=1080 next_prio=120
            Xorg-1080  [002] d...    87.533666: sched_waking: comm=chrome pid=1896 prio=120 target_cpu=000
            Xorg-1080  [002] d...    87.533672: sched_wake_idle_without_ipi: cpu=0
            Xorg-1080  [002] d...    87.533674: sched_wakeup: comm=chrome pid=1896 prio=120 target_cpu=000
            Xorg-1080  [002] d...    87.533730: sched_stat_runtime: comm=Xorg pid=1080 runtime=175474 [ns] vruntime=403700282 [ns]
            Xorg-1080  [002] d...    87.533734: sched_switch: prev_comm=Xorg prev_pid=1080 prev_prio=120 prev_state=S ==> next_comm=swapper/2 next_pid=0 next_prio=120
          <idle>-0     [002] d...    87.533745: cpu_idle: state=6 cpu_id=2
          <idle>-0     [002] dN..    87.533754: cpu_idle: state=4294967295 cpu_id=2
          <idle>-0     [002] d...    87.533759: sched_switch: prev_comm=swapper/2 prev_pid=0 prev_prio=120 prev_state=R ==> next_comm=Xorg next_pid=1080 next_prio=120
            Xorg-1080  [002] d...    87.533808: sched_waking: comm=chrome pid=1896 prio=120 target_cpu=000
            Xorg-1080  [002] d...    87.533813: sched_wake_idle_without_ipi: cpu=0
            Xorg-1080  [002] d...    87.533814: sched_wakeup: comm=chrome pid=1896 prio=120 target_cpu=000
            Xorg-1080  [002] d...    87.533870: sched_waking: comm=chrome pid=1896 prio=120 target_cpu=000
            Xorg-1080  [002] d...    87.533873: sched_wake_idle_without_ipi: cpu=0
            Xorg-1080  [002] d...    87.533874: sched_wakeup: comm=chrome pid=1896 prio=120 target_cpu=000
            Xorg-1080  [002] d...    87.533900: sched_stat_runtime: comm=Xorg pid=1080 runtime=151017 [ns] vruntime=403851299 [ns]
            Xorg-1080  [002] d...    87.533902: sutil_marker: Schedutil: get_next_freq: 800000: 1024
            Xorg-1080  [002] d...    87.533903: sutil_marker: Schedutil: update-single-util: 78: 99
            Xorg-1080  [002] d...    87.533903: sutil_marker: Schedutil: update-single-boost: 78: 99
            Xorg-1080  [002] d...    87.533903: sutil_marker: Schedutil: update-single-freq: 800000: 800000
            Xorg-1080  [002] d...    87.533904: sched_switch: prev_comm=Xorg prev_pid=1080 prev_prio=120 prev_state=S ==> next_comm=swapper/2 next_pid=0 next_prio=120
          <idle>-0     [002] d...    87.533909: cpu_idle: state=6 cpu_id=2
          <idle>-0     [002] dN..    87.533925: cpu_idle: state=4294967295 cpu_id=2
          <idle>-0     [002] d...    87.533930: sched_switch: prev_comm=swapper/2 prev_pid=0 prev_prio=120 prev_state=R ==> next_comm=Xorg next_pid=1080 next_prio=120
            Xorg-1080  [002] d...    87.533963: sched_waking: comm=chrome pid=1896 prio=120 target_cpu=000
            Xorg-1080  [002] d...    87.533965: sched_wake_idle_without_ipi: cpu=0
            Xorg-1080  [002] d...    87.533965: sched_wakeup: comm=chrome pid=1896 prio=120 target_cpu=000
            Xorg-1080  [002] d...    87.533984: sched_stat_runtime: comm=Xorg pid=1080 runtime=72101 [ns] vruntime=403923400 [ns]
            Xorg-1080  [002] d...    87.533986: sched_switch: prev_comm=Xorg prev_pid=1080 prev_prio=120 prev_state=S ==> next_comm=swapper/2 next_pid=0 next_prio=120
          <idle>-0     [002] d...    87.533990: cpu_idle: state=6 cpu_id=2
          <idle>-0     [002] dN..    87.534230: cpu_idle: state=4294967295 cpu_id=2
          <idle>-0     [002] d...    87.534239: sched_switch: prev_comm=swapper/2 prev_pid=0 prev_prio=120 prev_state=R ==> next_comm=Xorg next_pid=1080 next_prio=120
            Xorg-1080  [002] d...    87.534325: sched_waking: comm=chrome pid=1896 prio=120 target_cpu=000
            Xorg-1080  [002] d...    87.534332: sched_wake_idle_without_ipi: cpu=0
            Xorg-1080  [002] d...    87.534333: sched_wakeup: comm=chrome pid=1896 prio=120 target_cpu=000
            Xorg-1080  [002] d...    87.534387: sched_stat_runtime: comm=Xorg pid=1080 runtime=180645 [ns] vruntime=404104045 [ns]
            Xorg-1080  [002] d...    87.534391: sched_switch: prev_comm=Xorg prev_pid=1080 prev_prio=120 prev_state=S ==> next_comm=swapper/2 next_pid=0 next_prio=120
          <idle>-0     [002] d...    87.534401: cpu_idle: state=6 cpu_id=2
          <idle>-0     [002] dN..    87.534692: cpu_idle: state=4294967295 cpu_id=2
          <idle>-0     [002] d...    87.534699: sched_switch: prev_comm=swapper/2 prev_pid=0 prev_prio=120 prev_state=R ==> next_comm=Xorg next_pid=1080 next_prio=120
            Xorg-1080  [002] d...    87.534814: sched_waking: comm=chrome pid=1524 prio=120 target_cpu=003
            Xorg-1080  [002] d...    87.534819: sched_wake_idle_without_ipi: cpu=3
            Xorg-1080  [002] d...    87.534820: sched_wakeup: comm=chrome pid=1524 prio=120 target_cpu=003
            Xorg-1080  [002] d...    87.534874: sched_stat_runtime: comm=Xorg pid=1080 runtime=188849 [ns] vruntime=404292894 [ns]
            Xorg-1080  [002] d...    87.534878: sutil_marker: Schedutil: get_next_freq: 800000: 1024
            Xorg-1080  [002] d...    87.534879: sutil_marker: Schedutil: update-single-util: 99: 106
            Xorg-1080  [002] d...    87.534879: sutil_marker: Schedutil: update-single-boost: 99: 106
            Xorg-1080  [002] d...    87.534880: sutil_marker: Schedutil: update-single-freq: 800000: 800000
            Xorg-1080  [002] d...    87.534881: sched_switch: prev_comm=Xorg prev_pid=1080 prev_prio=120 prev_state=S ==> next_comm=swapper/2 next_pid=0 next_prio=120
          <idle>-0     [002] d...    87.534888: cpu_idle: state=6 cpu_id=2
          <idle>-0     [002] dN..    87.535049: cpu_idle: state=4294967295 cpu_id=2
          <idle>-0     [002] d...    87.535057: sched_switch: prev_comm=swapper/2 prev_pid=0 prev_prio=120 prev_state=R ==> next_comm=Xorg next_pid=1080 next_prio=120
