            Xorg-1080  [002] d...    87.535106: sched_waking: comm=chrome pid=1524 prio=120 target_cpu=003
            Xorg-1080  [002] d...    87.535111: sched_wake_idle_without_ipi: cpu=3
            Xorg-1080  [002] d...    87.535112: sched_wakeup: comm=chrome pid=1524 prio=120 target_cpu=003
            Xorg-1080  [002] d...    87.535162: sched_waking: comm=chrome pid=1524 prio=120 target_cpu=003
            Xorg-1080  [002] d...    87.535165: sched_wake_idle_without_ipi: cpu=3
            Xorg-1080  [002] d...    87.535165: sched_wakeup: comm=chrome pid=1524 prio=120 target_cpu=003
            Xorg-1080  [002] d...    87.535185: sched_stat_runtime: comm=Xorg pid=1080 runtime=161661 [ns] vruntime=404454555 [ns]
            Xorg-1080  [002] d...    87.535187: sched_switch: prev_comm=Xorg prev_pid=1080 prev_prio=120 prev_state=S ==> next_comm=swapper/2 next_pid=0 next_prio=120
          <idle>-0     [002] d...    87.535195: cpu_idle: state=6 cpu_id=2
          <idle>-0     [002] d...    87.545253: cpu_idle: state=4294967295 cpu_id=2
          <idle>-0     [002] d.h.    87.545260: sched_waking: comm=Xorg pid=1080 prio=120 target_cpu=002
          <idle>-0     [002] d.h.    87.545265: sutil_marker: Schedutil: get_next_freq: 800000: 1024
          <idle>-0     [002] d.h.    87.545266: sutil_marker: Schedutil: update-single-util: 106: 88
          <idle>-0     [002] d.h.    87.545266: sutil_marker: Schedutil: update-single-boost: 106: 88
          <idle>-0     [002] d.h.    87.545267: sutil_marker: Schedutil: update-single-freq: 800000: 800000
          <idle>-0     [002] dNh.    87.545269: sched_wakeup: comm=Xorg pid=1080 prio=120 target_cpu=002
          <idle>-0     [002] d...    87.545278: sched_switch: prev_comm=swapper/2 prev_pid=0 prev_prio=120 prev_state=R ==> next_comm=Xorg next_pid=1080 next_prio=120
            Xorg-1080  [002] d...    87.545341: sched_stat_runtime: comm=Xorg pid=1080 runtime=67785 [ns] vruntime=404522340 [ns]
            Xorg-1080  [002] d...    87.545345: sched_switch: prev_comm=Xorg prev_pid=1080 prev_prio=120 prev_state=S ==> next_comm=swapper/2 next_pid=0 next_prio=120
          <idle>-0     [002] d...    87.545354: cpu_idle: state=6 cpu_id=2
          <idle>-0     [002] dN..    87.545739: cpu_idle: state=4294967295 cpu_id=2
          <idle>-0     [002] d...    87.545751: sched_switch: prev_comm=swapper/2 prev_pid=0 prev_prio=120 prev_state=R ==> next_comm=Xorg next_pid=1080 next_prio=120
            Xorg-1080  [002] d...    87.545805: sched_waking: comm=chrome pid=1896 prio=120 target_cpu=000
            Xorg-1080  [002] d...    87.545812: sched_wake_idle_without_ipi: cpu=0
            Xorg-1080  [002] d...    87.545813: sched_wakeup: comm=chrome pid=1896 prio=120 target_cpu=000
            Xorg-1080  [002] d...    87.545996: sched_waking: comm=marco pid=2113 prio=120 target_cpu=007
            Xorg-1080  [002] d...    87.546000: sched_wake_idle_without_ipi: cpu=7
            Xorg-1080  [002] d...    87.546000: sched_wakeup: comm=marco pid=2113 prio=120 target_cpu=007
            Xorg-1080  [002] d...    87.546048: sched_waking: comm=kworker/u16:5 pid=196 prio=120 target_cpu=007
            Xorg-1080  [002] d...    87.546051: sched_migrate_task: comm=kworker/u16:5 pid=196 prio=120 orig_cpu=7 dest_cpu=4
            Xorg-1080  [002] d...    87.546054: sutil_marker: Schedutil: attach_entity_load_avg: 0: 0
            Xorg-1080  [002] d...    87.546055: sched_wake_idle_without_ipi: cpu=4
            Xorg-1080  [002] d...    87.546056: sched_wakeup: comm=kworker/u16:5 pid=196 prio=120 target_cpu=004
            Xorg-1080  [002] d...    87.546059: sched_waking: comm=kworker/2:2 pid=342 prio=120 target_cpu=002
            Xorg-1080  [002] d...    87.546061: sched_wakeup: comm=kworker/2:2 pid=342 prio=120 target_cpu=002
            Xorg-1080  [002] d...    87.546102: sched_stat_runtime: comm=Xorg pid=1080 runtime=398108 [ns] vruntime=404920448 [ns]
            Xorg-1080  [002] d...    87.546106: sched_switch: prev_comm=Xorg prev_pid=1080 prev_prio=120 prev_state=S ==> next_comm=kworker/2:2 next_pid=342 next_prio=120
     kworker/2:2-342   [002] d...    87.546110: sched_stat_runtime: comm=kworker/2:2 pid=342 runtime=8840 [ns] vruntime=48319954195 [ns]
     kworker/2:2-342   [002] d...    87.546125: sched_switch: prev_comm=kworker/2:2 prev_pid=342 prev_prio=120 prev_state=S ==> next_comm=swapper/2 next_pid=0 next_prio=120
          <idle>-0     [002] d...    87.546135: cpu_idle: state=4 cpu_id=2
          <idle>-0     [002] dN..    87.546198: cpu_idle: state=4294967295 cpu_id=2
          <idle>-0     [002] d...    87.546210: sched_switch: prev_comm=swapper/2 prev_pid=0 prev_prio=120 prev_state=R ==> next_comm=Xorg next_pid=1080 next_prio=120
            Xorg-1080  [002] d...    87.546283: sched_waking: comm=marco pid=2113 prio=120 target_cpu=007
            Xorg-1080  [002] d...    87.546290: sched_wake_idle_without_ipi: cpu=7
            Xorg-1080  [002] d...    87.546291: sched_wakeup: comm=marco pid=2113 prio=120 target_cpu=007
            Xorg-1080  [002] d...    87.546332: sched_stat_runtime: comm=Xorg pid=1080 runtime=171303 [ns] vruntime=405091751 [ns]
            Xorg-1080  [002] d...    87.546336: sched_switch: prev_comm=Xorg prev_pid=1080 prev_prio=120 prev_state=S ==> next_comm=swapper/2 next_pid=0 next_prio=120
          <idle>-0     [002] d...    87.546345: cpu_idle: state=4 cpu_id=2
          <idle>-0     [002] dN..    87.546427: cpu_idle: state=4294967295 cpu_id=2
          <idle>-0     [002] d...    87.546438: sched_switch: prev_comm=swapper/2 prev_pid=0 prev_prio=120 prev_state=R ==> next_comm=Xorg next_pid=1080 next_prio=120
            Xorg-1080  [002] d...    87.546859: sched_waking: comm=marco pid=2113 prio=120 target_cpu=007
            Xorg-1080  [002] d...    87.546866: sched_migrate_task: comm=marco pid=2113 prio=120 orig_cpu=7 dest_cpu=4
            Xorg-1080  [002] d...    87.546870: sutil_marker: Schedutil: attach_entity_load_avg: 0: 0
            Xorg-1080  [002] d...    87.546874: sched_wake_idle_without_ipi: cpu=4
            Xorg-1080  [002] d...    87.546875: sched_wakeup: comm=marco pid=2113 prio=120 target_cpu=004
            Xorg-1080  [002] d...    87.546967: sched_stat_runtime: comm=Xorg pid=1080 runtime=569005 [ns] vruntime=405660756 [ns]
            Xorg-1080  [002] d...    87.546973: sched_switch: prev_comm=Xorg prev_pid=1080 prev_prio=120 prev_state=S ==> next_comm=swapper/2 next_pid=0 next_prio=120
          <idle>-0     [002] d...    87.546986: cpu_idle: state=4 cpu_id=2
          <idle>-0     [002] d...    87.548013: cpu_idle: state=4294967295 cpu_id=2
          <idle>-0     [002] d...    87.548030: cpu_idle: state=6 cpu_id=2
          <idle>-0     [002] dN..    87.549134: cpu_idle: state=4294967295 cpu_id=2
          <idle>-0     [002] d...    87.549145: sched_switch: prev_comm=swapper/2 prev_pid=0 prev_prio=120 prev_state=R ==> next_comm=Xorg next_pid=1080 next_prio=120
            Xorg-1080  [002] d...    87.549268: sched_waking: comm=chrome pid=1896 prio=120 target_cpu=000
            Xorg-1080  [002] d...    87.549275: sched_wake_idle_without_ipi: cpu=0
            Xorg-1080  [002] d...    87.549275: sched_wakeup: comm=chrome pid=1896 prio=120 target_cpu=000
            Xorg-1080  [002] d...    87.549326: sched_stat_runtime: comm=Xorg pid=1080 runtime=198990 [ns] vruntime=405859746 [ns]
            Xorg-1080  [002] d...    87.549329: sched_switch: prev_comm=Xorg prev_pid=1080 prev_prio=120 prev_state=S ==> next_comm=swapper/2 next_pid=0 next_prio=120
          <idle>-0     [002] d...    87.549338: cpu_idle: state=6 cpu_id=2
          <idle>-0     [002] dN..    87.550419: cpu_idle: state=4294967295 cpu_id=2
          <idle>-0     [002] d...    87.550432: sched_switch: prev_comm=swapper/2 prev_pid=0 prev_prio=120 prev_state=R ==> next_comm=Xorg next_pid=1080 next_prio=120
            Xorg-1080  [002] d...    87.550522: sched_waking: comm=chrome pid=1896 prio=120 target_cpu=000
            Xorg-1080  [002] d...    87.550529: sched_wake_idle_without_ipi: cpu=0
            Xorg-1080  [002] d...    87.550530: sched_wakeup: comm=chrome pid=1896 prio=120 target_cpu=000
            Xorg-1080  [002] d...    87.550578: sched_stat_runtime: comm=Xorg pid=1080 runtime=190375 [ns] vruntime=406050121 [ns]
            Xorg-1080  [002] d...    87.550582: sched_switch: prev_comm=Xorg prev_pid=1080 prev_prio=120 prev_state=S ==> next_comm=swapper/2 next_pid=0 next_prio=120
          <idle>-0     [002] d...    87.550592: cpu_idle: state=6 cpu_id=2
          <idle>-0     [002] dN..    87.550654: cpu_idle: state=4294967295 cpu_id=2
          <idle>-0     [002] d...    87.550665: sched_switch: prev_comm=swapper/2 prev_pid=0 prev_prio=120 prev_state=R ==> next_comm=Xorg next_pid=1080 next_prio=120
            Xorg-1080  [002] d...    87.550727: sched_waking: comm=chrome pid=1896 prio=120 target_cpu=000
            Xorg-1080  [002] d...    87.550733: sched_wake_idle_without_ipi: cpu=0
            Xorg-1080  [002] d...    87.550734: sched_wakeup: comm=chrome pid=1896 prio=120 target_cpu=000
            Xorg-1080  [002] d...    87.550774: sched_stat_runtime: comm=Xorg pid=1080 runtime=149778 [ns] vruntime=406199899 [ns]
            Xorg-1080  [002] d...    87.550780: sched_switch: prev_comm=Xorg prev_pid=1080 prev_prio=120 prev_state=S ==> next_comm=swapper/2 next_pid=0 next_prio=120
          <idle>-0     [002] d...    87.550789: cpu_idle: state=6 cpu_id=2
          <idle>-0     [002] dN..    87.550874: cpu_idle: state=4294967295 cpu_id=2
          <idle>-0     [002] d...    87.550885: sched_switch: prev_comm=swapper/2 prev_pid=0 prev_prio=120 prev_state=R ==> next_comm=Xorg next_pid=1080 next_prio=120
            Xorg-1080  [002] d...    87.550948: sched_waking: comm=chrome pid=1896 prio=120 target_cpu=000
            Xorg-1080  [002] d...    87.550955: sched_wake_idle_without_ipi: cpu=0
            Xorg-1080  [002] d...    87.550956: sched_wakeup: comm=chrome pid=1896 prio=120 target_cpu=000
            Xorg-1080  [002] d...    87.550993: sched_stat_runtime: comm=Xorg pid=1080 runtime=155633 [ns] vruntime=406355532 [ns]
            Xorg-1080  [002] d...    87.550997: sched_switch: prev_comm=Xorg prev_pid=1080 prev_prio=120 prev_state=S ==> next_comm=swapper/2 next_pid=0 next_prio=120
          <idle>-0     [002] d...    87.551007: cpu_idle: state=6 cpu_id=2
          <idle>-0     [002] dN..    87.551057: cpu_idle: state=4294967295 cpu_id=2
          <idle>-0     [002] d...    87.551068: sched_switch: prev_comm=swapper/2 prev_pid=0 prev_prio=120 prev_state=R ==> next_comm=Xorg next_pid=1080 next_prio=120
            Xorg-1080  [002] d...    87.551129: sched_waking: comm=chrome pid=1896 prio=120 target_cpu=000
            Xorg-1080  [002] d...    87.551136: sched_wake_idle_without_ipi: cpu=0
            Xorg-1080  [002] d...    87.551137: sched_wakeup: comm=chrome pid=1896 prio=120 target_cpu=000
            Xorg-1080  [002] d...    87.551173: sched_stat_runtime: comm=Xorg pid=1080 runtime=152174 [ns] vruntime=406507706 [ns]
            Xorg-1080  [002] d...    87.551177: sched_switch: prev_comm=Xorg prev_pid=1080 prev_prio=120 prev_state=S ==> next_comm=swapper/2 next_pid=0 next_prio=120
          <idle>-0     [002] d...    87.551186: cpu_idle: state=6 cpu_id=2
          <idle>-0     [002] dN..    87.551432: cpu_idle: state=4294967295 cpu_id=2
          <idle>-0     [002] d...    87.551443: sched_switch: prev_comm=swapper/2 prev_pid=0 prev_prio=120 prev_state=R ==> next_comm=Xorg next_pid=1080 next_prio=120
            Xorg-1080  [002] d.h.    87.551508: sched_stat_runtime: comm=Xorg pid=1080 runtime=110745 [ns] vruntime=406618451 [ns]
            Xorg-1080  [002] d...    87.551591: sched_waking: comm=chrome pid=1896 prio=120 target_cpu=000
            Xorg-1080  [002] d...    87.551598: sched_wake_idle_without_ipi: cpu=0
            Xorg-1080  [002] d...    87.551599: sched_wakeup: comm=chrome pid=1896 prio=120 target_cpu=000
            Xorg-1080  [002] d...    87.551650: sched_stat_runtime: comm=Xorg pid=1080 runtime=142283 [ns] vruntime=406760734 [ns]
            Xorg-1080  [002] d...    87.551653: sutil_marker: Schedutil: get_next_freq: 800000: 1024
            Xorg-1080  [002] d...    87.551654: sutil_marker: Schedutil: update-single-util: 88: 123
            Xorg-1080  [002] d...    87.551655: sutil_marker: Schedutil: update-single-boost: 88: 123
            Xorg-1080  [002] d...    87.551655: sutil_marker: Schedutil: update-single-freq: 800000: 800000
            Xorg-1080  [002] d...    87.551658: sched_switch: prev_comm=Xorg prev_pid=1080 prev_prio=120 prev_state=S ==> next_comm=swapper/2 next_pid=0 next_prio=120
          <idle>-0     [002] d...    87.551667: cpu_idle: state=6 cpu_id=2
          <idle>-0     [002] d...    87.560699: cpu_idle: state=4294967295 cpu_id=2
          <idle>-0     [002] d.h.    87.560707: sched_waking: comm=Xorg pid=1080 prio=120 target_cpu=002
          <idle>-0     [002] d.h.    87.560712: sutil_marker: Schedutil: get_next_freq: 800000: 1024
          <idle>-0     [002] d.h.    87.560713: sutil_marker: Schedutil: update-single-util: 123: 102
          <idle>-0     [002] d.h.    87.560714: sutil_marker: Schedutil: update-single-boost: 123: 102
          <idle>-0     [002] d.h.    87.560714: sutil_marker: Schedutil: update-single-freq: 800000: 800000
          <idle>-0     [002] dNh.    87.560717: sched_wakeup: comm=Xorg pid=1080 prio=120 target_cpu=002
          <idle>-0     [002] d...    87.560725: sched_switch: prev_comm=swapper/2 prev_pid=0 prev_prio=120 prev_state=R ==> next_comm=Xorg next_pid=1080 next_prio=120
            Xorg-1080  [002] d...    87.560792: sched_stat_runtime: comm=Xorg pid=1080 runtime=71134 [ns] vruntime=406831868 [ns]
            Xorg-1080  [002] d...    87.560813: sched_switch: prev_comm=Xorg prev_pid=1080 prev_prio=120 prev_state=S ==> next_comm=swapper/2 next_pid=0 next_prio=120
          <idle>-0     [002] d...    87.560815: cpu_idle: state=6 cpu_id=2
          <idle>-0     [002] dN..    87.562482: cpu_idle: state=4294967295 cpu_id=2
          <idle>-0     [002] d...    87.562484: sched_switch: prev_comm=swapper/2 prev_pid=0 prev_prio=120 prev_state=R ==> next_comm=Xorg next_pid=1080 next_prio=120
            Xorg-1080  [002] d...    87.562497: sched_waking: comm=chrome pid=1896 prio=120 target_cpu=000
            Xorg-1080  [002] d...    87.562498: sched_wake_idle_without_ipi: cpu=0
            Xorg-1080  [002] d...    87.562499: sched_wakeup: comm=chrome pid=1896 prio=120 target_cpu=000
            Xorg-1080  [002] d...    87.562621: sched_waking: comm=marco pid=2113 prio=120 target_cpu=004
            Xorg-1080  [002] d...    87.562623: sched_wake_idle_without_ipi: cpu=4
            Xorg-1080  [002] d...    87.562623: sched_wakeup: comm=marco pid=2113 prio=120 target_cpu=004
            Xorg-1080  [002] d...    87.562638: sched_waking: comm=kworker/u16:5 pid=196 prio=120 target_cpu=004
            Xorg-1080  [002] d...    87.562639: sched_migrate_task: comm=kworker/u16:5 pid=196 prio=120 orig_cpu=4 dest_cpu=3
            Xorg-1080  [002] d...    87.562639: sutil_marker: Schedutil: attach_entity_load_avg: 0: 0
            Xorg-1080  [002] d...    87.562640: sched_wake_idle_without_ipi: cpu=3
            Xorg-1080  [002] d...    87.562640: sched_wakeup: comm=kworker/u16:5 pid=196 prio=120 target_cpu=003
            Xorg-1080  [002] d...    87.562640: sched_waking: comm=kworker/2:2 pid=342 prio=120 target_cpu=002
            Xorg-1080  [002] dN..    87.562641: sched_wakeup: comm=kworker/2:2 pid=342 prio=120 target_cpu=002
            Xorg-1080  [002] dN..    87.562642: sched_stat_runtime: comm=Xorg pid=1080 runtime=254239 [ns] vruntime=407086107 [ns]
            Xorg-1080  [002] d...    87.562642: sched_switch: prev_comm=Xorg prev_pid=1080 prev_prio=120 prev_state=R ==> next_comm=kworker/2:2 next_pid=342 next_prio=120
     kworker/2:2-342   [002] d...    87.562644: sched_stat_runtime: comm=kworker/2:2 pid=342 runtime=2879 [ns] vruntime=48319957074 [ns]
     kworker/2:2-342   [002] d...    87.562644: sched_switch: prev_comm=kworker/2:2 prev_pid=342 prev_prio=120 prev_state=S ==> next_comm=Xorg next_pid=1080 next_prio=120
            Xorg-1080  [002] d...    87.562653: sched_stat_runtime: comm=Xorg pid=1080 runtime=9302 [ns] vruntime=407095409 [ns]
            Xorg-1080  [002] d...    87.562656: sched_switch: prev_comm=Xorg prev_pid=1080 prev_prio=120 prev_state=S ==> next_comm=swapper/2 next_pid=0 next_prio=120
          <idle>-0     [002] d...    87.562658: cpu_idle: state=4 cpu_id=2
          <idle>-0     [002] dN..    87.562770: cpu_idle: state=4294967295 cpu_id=2
          <idle>-0     [002] d...    87.562772: sched_switch: prev_comm=swapper/2 prev_pid=0 prev_prio=120 prev_state=R ==> next_comm=Xorg next_pid=1080 next_prio=120
            Xorg-1080  [002] d...    87.562829: sched_waking: comm=marco pid=2113 prio=120 target_cpu=004
            Xorg-1080  [002] d...    87.562831: sched_wakeup: comm=marco pid=2113 prio=120 target_cpu=004
            Xorg-1080  [002] d...    87.562840: sched_stat_runtime: comm=Xorg pid=1080 runtime=100290 [ns] vruntime=407195699 [ns]
            Xorg-1080  [002] d...    87.562841: sched_switch: prev_comm=Xorg prev_pid=1080 prev_prio=120 prev_state=S ==> next_comm=swapper/2 next_pid=0 next_prio=120
          <idle>-0     [002] d...    87.562843: cpu_idle: state=4 cpu_id=2
          <idle>-0     [002] dN..    87.562909: cpu_idle: state=4294967295 cpu_id=2
          <idle>-0     [002] d...    87.562912: sched_switch: prev_comm=swapper/2 prev_pid=0 prev_prio=120 prev_state=R ==> next_comm=Xorg next_pid=1080 next_prio=120
            Xorg-1080  [002] d...    87.563020: sched_waking: comm=marco pid=2113 prio=120 target_cpu=004
            Xorg-1080  [002] d...    87.563022: sched_wake_idle_without_ipi: cpu=4
            Xorg-1080  [002] d...    87.563022: sched_wakeup: comm=marco pid=2113 prio=120 target_cpu=004
            Xorg-1080  [002] d...    87.563031: sched_stat_runtime: comm=Xorg pid=1080 runtime=144365 [ns] vruntime=407340064 [ns]
            Xorg-1080  [002] d...    87.563031: sched_switch: prev_comm=Xorg prev_pid=1080 prev_prio=120 prev_state=S ==> next_comm=swapper/2 next_pid=0 next_prio=120
          <idle>-0     [002] d...    87.563034: cpu_idle: state=4 cpu_id=2
          <idle>-0     [002] dN..    87.564573: cpu_idle: state=4294967295 cpu_id=2
          <idle>-0     [002] d...    87.564577: sched_switch: prev_comm=swapper/2 prev_pid=0 prev_prio=120 prev_state=R ==> next_comm=CompositorTileW next_pid=3073 next_prio=120
           <...>-3073  [002] d...    87.564793: sched_waking: comm=CompositorTileW pid=3072 prio=120 target_cpu=000
           <...>-3073  [002] d...    87.564795: sched_wake_idle_without_ipi: cpu=0
           <...>-3073  [002] d...    87.564796: sched_wakeup: comm=CompositorTileW pid=3072 prio=120 target_cpu=000
           <...>-3073  [002] d...    87.564801: sched_waking: comm=CompositorTileW pid=3072 prio=120 target_cpu=000
           <...>-3073  [002] d...    87.564802: sched_wake_idle_without_ipi: cpu=0
           <...>-3073  [002] d...    87.564802: sched_wakeup: comm=CompositorTileW pid=3072 prio=120 target_cpu=000
           <...>-3073  [002] d...    87.564806: sched_waking: comm=CompositorTileW pid=3072 prio=120 target_cpu=000
           <...>-3073  [002] d...    87.564806: sched_wake_idle_without_ipi: cpu=0
           <...>-3073  [002] d...    87.564806: sched_wakeup: comm=CompositorTileW pid=3072 prio=120 target_cpu=000
           <...>-3073  [002] d...    87.564959: sched_waking: comm=Compositor pid=3069 prio=120 target_cpu=005
           <...>-3073  [002] d...    87.564961: sched_wake_idle_without_ipi: cpu=5
           <...>-3073  [002] d...    87.564961: sched_wakeup: comm=Compositor pid=3069 prio=120 target_cpu=005
           <...>-3073  [002] d...    87.564981: sched_stat_runtime: comm=CompositorTileW pid=3073 runtime=390703 [ns] vruntime=9174579924 [ns]
           <...>-3073  [002] d...    87.564982: sched_switch: prev_comm=CompositorTileW prev_pid=3073 prev_prio=120 prev_state=S ==> next_comm=swapper/2 next_pid=0 next_prio=120
          <idle>-0     [002] d...    87.564986: cpu_idle: state=6 cpu_id=2
          <idle>-0     [002] dN..    87.566677: cpu_idle: state=4294967295 cpu_id=2
          <idle>-0     [002] d...    87.566684: sched_switch: prev_comm=swapper/2 prev_pid=0 prev_prio=120 prev_state=R ==> next_comm=Xorg next_pid=1080 next_prio=120
            Xorg-1080  [002] d...    87.566745: sched_waking: comm=chrome pid=1896 prio=120 target_cpu=000
            Xorg-1080  [002] d...    87.566747: sched_wake_idle_without_ipi: cpu=0
            Xorg-1080  [002] d...    87.566747: sched_wakeup: comm=chrome pid=1896 prio=120 target_cpu=000
            Xorg-1080  [002] d...    87.566781: sched_stat_runtime: comm=Xorg pid=1080 runtime=131940 [ns] vruntime=407472004 [ns]
            Xorg-1080  [002] d...    87.566782: sched_switch: prev_comm=Xorg prev_pid=1080 prev_prio=120 prev_state=S ==> next_comm=swapper/2 next_pid=0 next_prio=120
          <idle>-0     [002] d...    87.566785: cpu_idle: state=6 cpu_id=2
          <idle>-0     [002] dN..    87.567052: cpu_idle: state=4294967295 cpu_id=2
          <idle>-0     [002] d...    87.567055: sched_switch: prev_comm=swapper/2 prev_pid=0 prev_prio=120 prev_state=R ==> next_comm=Xorg next_pid=1080 next_prio=120
            Xorg-1080  [002] d...    87.567093: sched_waking: comm=chrome pid=1896 prio=120 target_cpu=000
            Xorg-1080  [002] d...    87.567094: sched_wake_idle_without_ipi: cpu=0
            Xorg-1080  [002] d...    87.567094: sched_wakeup: comm=chrome pid=1896 prio=120 target_cpu=000
            Xorg-1080  [002] d...    87.567120: sched_stat_runtime: comm=Xorg pid=1080 runtime=90203 [ns] vruntime=407562207 [ns]
            Xorg-1080  [002] d...    87.567121: sched_switch: prev_comm=Xorg prev_pid=1080 prev_prio=120 prev_state=S ==> next_comm=swapper/2 next_pid=0 next_prio=120
          <idle>-0     [002] d...    87.567122: cpu_idle: state=6 cpu_id=2
          <idle>-0     [002] dN..    87.567162: cpu_idle: state=4294967295 cpu_id=2
          <idle>-0     [002] d...    87.567164: sched_switch: prev_comm=swapper/2 prev_pid=0 prev_prio=120 prev_state=R ==> next_comm=Xorg next_pid=1080 next_prio=120
            Xorg-1080  [002] d...    87.567216: sched_waking: comm=chrome pid=1896 prio=120 target_cpu=000
            Xorg-1080  [002] d...    87.567217: sched_wake_idle_without_ipi: cpu=0
            Xorg-1080  [002] d...    87.567217: sched_wakeup: comm=chrome pid=1896 prio=120 target_cpu=000
            Xorg-1080  [002] d...    87.567244: sched_stat_runtime: comm=Xorg pid=1080 runtime=113114 [ns] vruntime=407675321 [ns]
            Xorg-1080  [002] d...    87.567245: sched_switch: prev_comm=Xorg prev_pid=1080 prev_prio=120 prev_state=S ==> next_comm=swapper/2 next_pid=0 next_prio=120
          <idle>-0     [002] d...    87.567247: cpu_idle: state=4 cpu_id=2
          <idle>-0     [002] dN..    87.567307: cpu_idle: state=4294967295 cpu_id=2
          <idle>-0     [002] d...    87.567312: sched_switch: prev_comm=swapper/2 prev_pid=0 prev_prio=120 prev_state=R ==> next_comm=Xorg next_pid=1080 next_prio=120
            Xorg-1080  [002] d...    87.567346: sched_waking: comm=chrome pid=1896 prio=120 target_cpu=000
            Xorg-1080  [002] d...    87.567347: sched_wake_idle_without_ipi: cpu=0
            Xorg-1080  [002] d...    87.567365: sched_wakeup: comm=chrome pid=1896 prio=120 target_cpu=000
            Xorg-1080  [002] d...    87.567372: sched_stat_runtime: comm=Xorg pid=1080 runtime=119719 [ns] vruntime=407795040 [ns]
            Xorg-1080  [002] d...    87.567373: sutil_marker: Schedutil: get_next_freq: 800000: 1024
            Xorg-1080  [002] d...    87.567373: sutil_marker: Schedutil: update-single-util: 102: 117
            Xorg-1080  [002] d...    87.567373: sutil_marker: Schedutil: update-single-boost: 102: 117
            Xorg-1080  [002] d...    87.567373: sutil_marker: Schedutil: update-single-freq: 800000: 800000
            Xorg-1080  [002] d...    87.567390: sched_switch: prev_comm=Xorg prev_pid=1080 prev_prio=120 prev_state=S ==> next_comm=swapper/2 next_pid=0 next_prio=120
          <idle>-0     [002] d...    87.567392: cpu_idle: state=4 cpu_id=2
          <idle>-0     [002] dN..    87.567457: cpu_idle: state=4294967295 cpu_id=2
          <idle>-0     [002] d...    87.567462: sched_switch: prev_comm=swapper/2 prev_pid=0 prev_prio=120 prev_state=R ==> next_comm=Xorg next_pid=1080 next_prio=120
            Xorg-1080  [002] d...    87.567496: sched_waking: comm=chrome pid=1896 prio=120 target_cpu=000
            Xorg-1080  [002] d...    87.567517: sched_wake_idle_without_ipi: cpu=0
            Xorg-1080  [002] d...    87.567517: sched_wakeup: comm=chrome pid=1896 prio=120 target_cpu=000
            Xorg-1080  [002] d.h.    87.567519: sched_stat_runtime: comm=Xorg pid=1080 runtime=121898 [ns] vruntime=407916938 [ns]
            Xorg-1080  [002] d...    87.567547: sched_stat_runtime: comm=Xorg pid=1080 runtime=28588 [ns] vruntime=407945526 [ns]
            Xorg-1080  [002] d...    87.567548: sched_switch: prev_comm=Xorg prev_pid=1080 prev_prio=120 prev_state=S ==> next_comm=swapper/2 next_pid=0 next_prio=120
          <idle>-0     [002] d...    87.567550: cpu_idle: state=6 cpu_id=2
          <idle>-0     [002] dN..    87.567647: cpu_idle: state=4294967295 cpu_id=2
          <idle>-0     [002] d...    87.567649: sched_switch: prev_comm=swapper/2 prev_pid=0 prev_prio=120 prev_state=R ==> next_comm=Xorg next_pid=1080 next_prio=120
            Xorg-1080  [002] d...    87.567688: sched_waking: comm=chrome pid=1896 prio=120 target_cpu=000
            Xorg-1080  [002] d...    87.567689: sched_wake_idle_without_ipi: cpu=0
            Xorg-1080  [002] d...    87.567690: sched_wakeup: comm=chrome pid=1896 prio=120 target_cpu=000
            Xorg-1080  [002] d...    87.567700: sched_stat_runtime: comm=Xorg pid=1080 runtime=52223 [ns] vruntime=407997749 [ns]
            Xorg-1080  [002] d...    87.567701: sched_switch: prev_comm=Xorg prev_pid=1080 prev_prio=120 prev_state=S ==> next_comm=swapper/2 next_pid=0 next_prio=120
          <idle>-0     [002] d...    87.567719: cpu_idle: state=6 cpu_id=2
          <idle>-0     [002] d...    87.576773: cpu_idle: state=4294967295 cpu_id=2
          <idle>-0     [002] d.h.    87.576782: sched_waking: comm=Xorg pid=1080 prio=120 target_cpu=002
          <idle>-0     [002] d.h.    87.576788: sutil_marker: Schedutil: get_next_freq: 800000: 1024
          <idle>-0     [002] d.h.    87.576789: sutil_marker: Schedutil: update-single-util: 117: 100
          <idle>-0     [002] d.h.    87.576789: sutil_marker: Schedutil: update-single-boost: 117: 100
          <idle>-0     [002] d.h.    87.576790: sutil_marker: Schedutil: update-single-freq: 800000: 800000
          <idle>-0     [002] dNh.    87.576792: sched_wakeup: comm=Xorg pid=1080 prio=120 target_cpu=002
          <idle>-0     [002] d...    87.576802: sched_switch: prev_comm=swapper/2 prev_pid=0 prev_prio=120 prev_state=R ==> next_comm=Xorg next_pid=1080 next_prio=120
            Xorg-1080  [002] d...    87.576893: sched_stat_runtime: comm=Xorg pid=1080 runtime=96855 [ns] vruntime=408094604 [ns]
            Xorg-1080  [002] d...    87.576893: sutil_marker: Schedutil: get_next_freq: 800000: 1024
            Xorg-1080  [002] d...    87.576894: sutil_marker: Schedutil: update-single-util: 100: 102
            Xorg-1080  [002] d...    87.576894: sutil_marker: Schedutil: update-single-boost: 100: 102
            Xorg-1080  [002] d...    87.576894: sutil_marker: Schedutil: update-single-freq: 800000: 800000
            Xorg-1080  [002] d...    87.576894: sched_switch: prev_comm=Xorg prev_pid=1080 prev_prio=120 prev_state=S ==> next_comm=swapper/2 next_pid=0 next_prio=120
          <idle>-0     [002] d...    87.576896: cpu_idle: state=6 cpu_id=2
          <idle>-0     [002] dN..    87.579074: cpu_idle: state=4294967295 cpu_id=2
          <idle>-0     [002] d...    87.579076: sched_switch: prev_comm=swapper/2 prev_pid=0 prev_prio=120 prev_state=R ==> next_comm=Xorg next_pid=1080 next_prio=120
            Xorg-1080  [002] d...    87.579092: sched_waking: comm=chrome pid=1896 prio=120 target_cpu=000
            Xorg-1080  [002] d...    87.579094: sched_wake_idle_without_ipi: cpu=0
            Xorg-1080  [002] d...    87.579094: sched_wakeup: comm=chrome pid=1896 prio=120 target_cpu=000
            Xorg-1080  [002] d...    87.579236: sched_waking: comm=marco pid=2113 prio=120 target_cpu=004
            Xorg-1080  [002] d...    87.579237: sched_wake_idle_without_ipi: cpu=4
            Xorg-1080  [002] d...    87.579237: sched_wakeup: comm=marco pid=2113 prio=120 target_cpu=004
            Xorg-1080  [002] d...    87.579254: sched_waking: comm=kworker/u16:5 pid=196 prio=120 target_cpu=003
            Xorg-1080  [002] d...    87.579255: sched_wake_idle_without_ipi: cpu=3
            Xorg-1080  [002] d...    87.579255: sched_wakeup: comm=kworker/u16:5 pid=196 prio=120 target_cpu=003
            Xorg-1080  [002] d...    87.579256: sched_waking: comm=kworker/2:2 pid=342 prio=120 target_cpu=002
            Xorg-1080  [002] dN..    87.579256: sched_wakeup: comm=kworker/2:2 pid=342 prio=120 target_cpu=002
            Xorg-1080  [002] dN..    87.579257: sched_stat_runtime: comm=Xorg pid=1080 runtime=205100 [ns] vruntime=408299704 [ns]
            Xorg-1080  [002] d...    87.579258: sched_switch: prev_comm=Xorg prev_pid=1080 prev_prio=120 prev_state=R ==> next_comm=kworker/2:2 next_pid=342 next_prio=120
     kworker/2:2-342   [002] d...    87.579259: sched_stat_runtime: comm=kworker/2:2 pid=342 runtime=3151 [ns] vruntime=48320688025 [ns]
     kworker/2:2-342   [002] d...    87.579260: sched_switch: prev_comm=kworker/2:2 prev_pid=342 prev_prio=120 prev_state=S ==> next_comm=Xorg next_pid=1080 next_prio=120
            Xorg-1080  [002] d...    87.579309: sched_waking: comm=marco pid=2113 prio=120 target_cpu=004
            Xorg-1080  [002] d...    87.579310: sched_wake_idle_without_ipi: cpu=4
            Xorg-1080  [002] d...    87.579310: sched_wakeup: comm=marco pid=2113 prio=120 target_cpu=004
            Xorg-1080  [002] d...    87.579317: sched_stat_runtime: comm=Xorg pid=1080 runtime=58023 [ns] vruntime=408357727 [ns]
            Xorg-1080  [002] d...    87.579318: sched_switch: prev_comm=Xorg prev_pid=1080 prev_prio=120 prev_state=S ==> next_comm=swapper/2 next_pid=0 next_prio=120
          <idle>-0     [002] d...    87.579320: cpu_idle: state=6 cpu_id=2
          <idle>-0     [002] dN..    87.579409: cpu_idle: state=4294967295 cpu_id=2
          <idle>-0     [002] d...    87.579411: sched_switch: prev_comm=swapper/2 prev_pid=0 prev_prio=120 prev_state=R ==> next_comm=Xorg next_pid=1080 next_prio=120
            Xorg-1080  [002] d.h.    87.579503: sched_stat_runtime: comm=Xorg pid=1080 runtime=169725 [ns] vruntime=408527452 [ns]
            Xorg-1080  [002] d...    87.579614: sched_waking: comm=marco pid=2113 prio=120 target_cpu=004
            Xorg-1080  [002] d...    87.579620: sched_wake_idle_without_ipi: cpu=4
            Xorg-1080  [002] d...    87.579621: sched_wakeup: comm=marco pid=2113 prio=120 target_cpu=004
            Xorg-1080  [002] d...    87.579664: sched_stat_runtime: comm=Xorg pid=1080 runtime=160459 [ns] vruntime=408687911 [ns]
            Xorg-1080  [002] d...    87.579668: sched_switch: prev_comm=Xorg prev_pid=1080 prev_prio=120 prev_state=S ==> next_comm=swapper/2 next_pid=0 next_prio=120
          <idle>-0     [002] d...    87.579676: cpu_idle: state=4 cpu_id=2
          <idle>-0     [002] d...    87.581237: cpu_idle: state=4294967295 cpu_id=2
          <idle>-0     [002] d...    87.581252: cpu_idle: state=4 cpu_id=2
          <idle>-0     [002] dN..    87.590753: cpu_idle: state=4294967295 cpu_id=2
          <idle>-0     [002] d...    87.590765: sched_switch: prev_comm=swapper/2 prev_pid=0 prev_prio=120 prev_state=R ==> next_comm=Xorg next_pid=1080 next_prio=120
            Xorg-1080  [002] d...    87.591016: sched_waking: comm=chrome pid=1524 prio=120 target_cpu=003
            Xorg-1080  [002] d...    87.591024: sched_wake_idle_without_ipi: cpu=3
            Xorg-1080  [002] d...    87.591024: sched_wakeup: comm=chrome pid=1524 prio=120 target_cpu=003
            Xorg-1080  [002] d...    87.591096: sched_stat_runtime: comm=Xorg pid=1080 runtime=337252 [ns] vruntime=409025163 [ns]
            Xorg-1080  [002] d...    87.591101: sched_switch: prev_comm=Xorg prev_pid=1080 prev_prio=120 prev_state=S ==> next_comm=swapper/2 next_pid=0 next_prio=120
          <idle>-0     [002] d...    87.591117: cpu_idle: state=6 cpu_id=2
          <idle>-0     [002] dN..    87.591362: cpu_idle: state=4294967295 cpu_id=2
          <idle>-0     [002] d...    87.591374: sched_switch: prev_comm=swapper/2 prev_pid=0 prev_prio=120 prev_state=R ==> next_comm=Xorg next_pid=1080 next_prio=120
            Xorg-1080  [002] d...    87.591446: sched_waking: comm=chrome pid=1524 prio=120 target_cpu=003
            Xorg-1080  [002] d...    87.591452: sched_wake_idle_without_ipi: cpu=3
            Xorg-1080  [002] d...    87.591453: sched_wakeup: comm=chrome pid=1524 prio=120 target_cpu=003
            Xorg-1080  [002] d...    87.591461: sched_waking: comm=mate-maximus pid=1505 prio=120 target_cpu=000
            Xorg-1080  [002] d...    87.591464: sched_wake_idle_without_ipi: cpu=0
            Xorg-1080  [002] d...    87.591465: sched_wakeup: comm=mate-maximus pid=1505 prio=120 target_cpu=000
            Xorg-1080  [002] d...    87.591471: sched_waking: comm=wnck-applet pid=1478 prio=120 target_cpu=004
            Xorg-1080  [002] d...    87.591474: sched_wake_idle_without_ipi: cpu=4
            Xorg-1080  [002] d...    87.591475: sched_wakeup: comm=wnck-applet pid=1478 prio=120 target_cpu=004
            Xorg-1080  [002] d...    87.591480: sched_waking: comm=marco pid=2113 prio=120 target_cpu=004
            Xorg-1080  [002] d...    87.591482: sched_migrate_task: comm=marco pid=2113 prio=120 orig_cpu=4 dest_cpu=3
            Xorg-1080  [002] d...    87.591485: sutil_marker: Schedutil: attach_entity_load_avg: 0: 0
            Xorg-1080  [002] d...    87.591487: sched_wake_idle_without_ipi: cpu=3
            Xorg-1080  [002] d...    87.591487: sched_wakeup: comm=marco pid=2113 prio=120 target_cpu=003
            Xorg-1080  [002] d...    87.591492: sched_waking: comm=mate-settings-d pid=1450 prio=120 target_cpu=005
            Xorg-1080  [002] d...    87.591494: sched_wake_idle_without_ipi: cpu=5
            Xorg-1080  [002] d...    87.591495: sched_wakeup: comm=mate-settings-d pid=1450 prio=120 target_cpu=005
            Xorg-1080  [002] d...    87.591501: sched_waking: comm=chrome pid=1524 prio=120 target_cpu=003
            Xorg-1080  [002] d...    87.591505: sched_migrate_task: comm=chrome pid=1524 prio=120 orig_cpu=3 dest_cpu=6
            Xorg-1080  [002] d...    87.591506: sutil_marker: Schedutil: attach_entity_load_avg: 0: 0
            Xorg-1080  [002] d...    87.591508: sched_wake_idle_without_ipi: cpu=6
            Xorg-1080  [002] d...    87.591508: sched_wakeup: comm=chrome pid=1524 prio=120 target_cpu=006
            Xorg-1080  [002] d.h.    87.591515: sched_stat_runtime: comm=Xorg pid=1080 runtime=182320 [ns] vruntime=409207483 [ns]
            Xorg-1080  [002] d.h.    87.591518: sutil_marker: Schedutil: get_next_freq: 800000: 1024
            Xorg-1080  [002] d.h.    87.591519: sutil_marker: Schedutil: update-single-util: 102: 96
            Xorg-1080  [002] d.h.    87.591520: sutil_marker: Schedutil: update-single-boost: 102: 96
            Xorg-1080  [002] d.h.    87.591521: sutil_marker: Schedutil: update-single-freq: 800000: 800000
            Xorg-1080  [002] d...    87.591601: sched_waking: comm=marco pid=2113 prio=120 target_cpu=003
            Xorg-1080  [002] d...    87.591605: sched_wake_idle_without_ipi: cpu=3
            Xorg-1080  [002] d...    87.591605: sched_wakeup: comm=marco pid=2113 prio=120 target_cpu=003
            Xorg-1080  [002] d...    87.591656: sched_waking: comm=chrome pid=1524 prio=120 target_cpu=006
            Xorg-1080  [002] d...    87.591658: sched_wake_idle_without_ipi: cpu=6
            Xorg-1080  [002] d...    87.591659: sched_wakeup: comm=chrome pid=1524 prio=120 target_cpu=006
            Xorg-1080  [002] d...    87.591690: sched_stat_runtime: comm=Xorg pid=1080 runtime=175183 [ns] vruntime=409382666 [ns]
            Xorg-1080  [002] d...    87.591693: sched_switch: prev_comm=Xorg prev_pid=1080 prev_prio=120 prev_state=S ==> next_comm=swapper/2 next_pid=0 next_prio=120
          <idle>-0     [002] d...    87.591702: cpu_idle: state=6 cpu_id=2
          <idle>-0     [002] dN..    87.591711: cpu_idle: state=4294967295 cpu_id=2
          <idle>-0     [002] d...    87.591716: sched_switch: prev_comm=swapper/2 prev_pid=0 prev_prio=120 prev_state=R ==> next_comm=Xorg next_pid=1080 next_prio=120
            Xorg-1080  [002] d...    87.591762: sched_waking: comm=marco pid=2113 prio=120 target_cpu=003
            Xorg-1080  [002] d...    87.591767: sched_wake_idle_without_ipi: cpu=3
            Xorg-1080  [002] d...    87.591767: sched_wakeup: comm=marco pid=2113 prio=120 target_cpu=003
            Xorg-1080  [002] d...    87.591798: sched_stat_runtime: comm=Xorg pid=1080 runtime=92752 [ns] vruntime=409475418 [ns]
            Xorg-1080  [002] d...    87.591801: sched_switch: prev_comm=Xorg prev_pid=1080 prev_prio=120 prev_state=S ==> next_comm=swapper/2 next_pid=0 next_prio=120
          <idle>-0     [002] d...    87.591808: cpu_idle: state=6 cpu_id=2
          <idle>-0     [002] dN..    87.591861: cpu_idle: state=4294967295 cpu_id=2
          <idle>-0     [002] d...    87.591866: sched_switch: prev_comm=swapper/2 prev_pid=0 prev_prio=120 prev_state=R ==> next_comm=Xorg next_pid=1080 next_prio=120
            Xorg-1080  [002] d...    87.591915: sched_waking: comm=marco pid=2113 prio=120 target_cpu=003
            Xorg-1080  [002] d...    87.591919: sched_wake_idle_without_ipi: cpu=3
            Xorg-1080  [002] d...    87.591920: sched_wakeup: comm=marco pid=2113 prio=120 target_cpu=003
            Xorg-1080  [002] d...    87.591952: sched_stat_runtime: comm=Xorg pid=1080 runtime=96875 [ns] vruntime=409572293 [ns]
            Xorg-1080  [002] d...    87.591954: sched_switch: prev_comm=Xorg prev_pid=1080 prev_prio=120 prev_state=S ==> next_comm=swapper/2 next_pid=0 next_prio=120
          <idle>-0     [002] d...    87.591962: cpu_idle: state=6 cpu_id=2
          <idle>-0     [002] dN..    87.595760: cpu_idle: state=4294967295 cpu_id=2
          <idle>-0     [002] d...    87.595770: sched_switch: prev_comm=swapper/2 prev_pid=0 prev_prio=120 prev_state=R ==> next_comm=Xorg next_pid=1080 next_prio=120
            Xorg-1080  [002] d...    87.595834: sched_waking: comm=chrome pid=1896 prio=120 target_cpu=000
            Xorg-1080  [002] d...    87.595842: sched_wake_idle_without_ipi: cpu=0
            Xorg-1080  [002] d...    87.595843: sched_wakeup: comm=chrome pid=1896 prio=120 target_cpu=000
            Xorg-1080  [002] d...    87.595911: sched_waking: comm=kworker/u16:5 pid=196 prio=120 target_cpu=003
            Xorg-1080  [002] d...    87.595915: sched_wake_idle_without_ipi: cpu=3
            Xorg-1080  [002] d...    87.595916: sched_wakeup: comm=kworker/u16:5 pid=196 prio=120 target_cpu=003
            Xorg-1080  [002] d...    87.595918: sched_waking: comm=kworker/2:2 pid=342 prio=120 target_cpu=002
            Xorg-1080  [002] dN..    87.595922: sched_wakeup: comm=kworker/2:2 pid=342 prio=120 target_cpu=002
            Xorg-1080  [002] dN..    87.595926: sched_stat_runtime: comm=Xorg pid=1080 runtime=155941 [ns] vruntime=409728234 [ns]
            Xorg-1080  [002] d...    87.595929: sched_switch: prev_comm=Xorg prev_pid=1080 prev_prio=120 prev_state=R ==> next_comm=kworker/2:2 next_pid=342 next_prio=120
     kworker/2:2-342   [002] d...    87.595934: sched_stat_runtime: comm=kworker/2:2 pid=342 runtime=13434 [ns] vruntime=48320701459 [ns]
     kworker/2:2-342   [002] d...    87.595937: sched_switch: prev_comm=kworker/2:2 prev_pid=342 prev_prio=120 prev_state=S ==> next_comm=Xorg next_pid=1080 next_prio=120
            Xorg-1080  [002] d...    87.595982: sched_stat_runtime: comm=Xorg pid=1080 runtime=48920 [ns] vruntime=409777154 [ns]
            Xorg-1080  [002] d...    87.595986: sched_switch: prev_comm=Xorg prev_pid=1080 prev_prio=120 prev_state=S ==> next_comm=swapper/2 next_pid=0 next_prio=120
          <idle>-0     [002] d...    87.595996: cpu_idle: state=4 cpu_id=2
          <idle>-0     [002] d...    87.597748: cpu_idle: state=4294967295 cpu_id=2
          <idle>-0     [002] d.h.    87.597753: sched_waking: comm=watchdog/2 pid=20 prio=0 target_cpu=002
          <idle>-0     [002] dNh.    87.597756: sched_wakeup: comm=watchdog/2 pid=20 prio=0 target_cpu=002
          <idle>-0     [002] d...    87.597764: sched_switch: prev_comm=swapper/2 prev_pid=0 prev_prio=120 prev_state=R ==> next_comm=watchdog/2 next_pid=20 next_prio=0
      watchdog/2-20    [002] d...    87.597768: sutil_marker: Schedutil: update-single-util: 96: 95
      watchdog/2-20    [002] d...    87.597769: sutil_marker: Schedutil: update-single-boost: 96: 95
      watchdog/2-20    [002] d...    87.597770: sutil_marker: Schedutil: update-single-freq: 800000: 4000000
      watchdog/2-20    [002] d...    87.597774: cpu_frequency: state=4000000 cpu_id=2
      watchdog/2-20    [002] d...    87.597779: sutil_marker: Schedutil: update-single-return: 95: 95
      watchdog/2-20    [002] d...    87.597793: sutil_marker: Schedutil: update-single-return: 95: 95
      watchdog/2-20    [002] d...    87.597795: sched_switch: prev_comm=watchdog/2 prev_pid=20 prev_prio=0 prev_state=S ==> next_comm=swapper/2 next_pid=0 next_prio=120
          <idle>-0     [002] d...    87.597802: cpu_idle: state=6 cpu_id=2
          <idle>-0     [002] dN..    87.604404: cpu_idle: state=4294967295 cpu_id=2
          <idle>-0     [002] d...    87.604407: sched_switch: prev_comm=swapper/2 prev_pid=0 prev_prio=120 prev_state=R ==> next_comm=Xorg next_pid=1080 next_prio=120
            Xorg-1080  [002] d...    87.604453: sched_waking: comm=chrome pid=1896 prio=120 target_cpu=001
            Xorg-1080  [002] d...    87.604455: sched_wake_idle_without_ipi: cpu=1
            Xorg-1080  [002] d...    87.604455: sched_wakeup: comm=chrome pid=1896 prio=120 target_cpu=001
            Xorg-1080  [002] d...    87.604481: sched_stat_runtime: comm=Xorg pid=1080 runtime=75805 [ns] vruntime=409852959 [ns]
            Xorg-1080  [002] d...    87.604482: sched_switch: prev_comm=Xorg prev_pid=1080 prev_prio=120 prev_state=S ==> next_comm=swapper/2 next_pid=0 next_prio=120
          <idle>-0     [002] d...    87.604484: cpu_idle: state=6 cpu_id=2
          <idle>-0     [002] dN..    87.604751: cpu_idle: state=4294967295 cpu_id=2
          <idle>-0     [002] d...    87.604753: sched_switch: prev_comm=swapper/2 prev_pid=0 prev_prio=120 prev_state=R ==> next_comm=Xorg next_pid=1080 next_prio=120
            Xorg-1080  [002] d...    87.604769: sched_waking: comm=chrome pid=1896 prio=120 target_cpu=001
            Xorg-1080  [002] d...    87.604786: sched_wake_idle_without_ipi: cpu=1
            Xorg-1080  [002] d...    87.604787: sched_wakeup: comm=chrome pid=1896 prio=120 target_cpu=001
            Xorg-1080  [002] d...    87.604794: sched_stat_runtime: comm=Xorg pid=1080 runtime=66792 [ns] vruntime=409919751 [ns]
            Xorg-1080  [002] d...    87.604812: sched_switch: prev_comm=Xorg prev_pid=1080 prev_prio=120 prev_state=S ==> next_comm=swapper/2 next_pid=0 next_prio=120
          <idle>-0     [002] d...    87.604814: cpu_idle: state=6 cpu_id=2
          <idle>-0     [002] dN..    87.604902: cpu_idle: state=4294967295 cpu_id=2
          <idle>-0     [002] d...    87.604904: sched_switch: prev_comm=swapper/2 prev_pid=0 prev_prio=120 prev_state=R ==> next_comm=Xorg next_pid=1080 next_prio=120
            Xorg-1080  [002] d...    87.604917: sched_waking: comm=chrome pid=1896 prio=120 target_cpu=001
            Xorg-1080  [002] d...    87.604918: sched_wake_idle_without_ipi: cpu=1
            Xorg-1080  [002] d...    87.604918: sched_wakeup: comm=chrome pid=1896 prio=120 target_cpu=001
            Xorg-1080  [002] d...    87.604942: sched_stat_runtime: comm=Xorg pid=1080 runtime=64247 [ns] vruntime=409983998 [ns]
            Xorg-1080  [002] d...    87.604942: sched_switch: prev_comm=Xorg prev_pid=1080 prev_prio=120 prev_state=S ==> next_comm=swapper/2 next_pid=0 next_prio=120
          <idle>-0     [002] d...    87.604944: cpu_idle: state=6 cpu_id=2
          <idle>-0     [002] dN..    87.605008: cpu_idle: state=4294967295 cpu_id=2
          <idle>-0     [002] d...    87.605011: sched_switch: prev_comm=swapper/2 prev_pid=0 prev_prio=120 prev_state=R ==> next_comm=Xorg next_pid=1080 next_prio=120
            Xorg-1080  [002] d...    87.605024: sched_waking: comm=chrome pid=1896 prio=120 target_cpu=001
            Xorg-1080  [002] d...    87.605025: sched_wake_idle_without_ipi: cpu=1
            Xorg-1080  [002] d...    87.605025: sched_wakeup: comm=chrome pid=1896 prio=120 target_cpu=001
            Xorg-1080  [002] d...    87.605036: sched_waking: comm=chrome pid=1896 prio=120 target_cpu=001
            Xorg-1080  [002] d...    87.605036: sched_wake_idle_without_ipi: cpu=1
            Xorg-1080  [002] d...    87.605037: sched_wakeup: comm=chrome pid=1896 prio=120 target_cpu=001
            Xorg-1080  [002] d...    87.605042: sched_stat_runtime: comm=Xorg pid=1080 runtime=58892 [ns] vruntime=410042890 [ns]
            Xorg-1080  [002] d...    87.605043: sched_switch: prev_comm=Xorg prev_pid=1080 prev_prio=120 prev_state=S ==> next_comm=swapper/2 next_pid=0 next_prio=120
          <idle>-0     [002] d...    87.605045: cpu_idle: state=6 cpu_id=2
          <idle>-0     [002] dN..    87.605139: cpu_idle: state=4294967295 cpu_id=2
          <idle>-0     [002] d...    87.605141: sched_switch: prev_comm=swapper/2 prev_pid=0 prev_prio=120 prev_state=R ==> next_comm=Xorg next_pid=1080 next_prio=120
            Xorg-1080  [002] d...    87.605205: sched_waking: comm=marco pid=2113 prio=120 target_cpu=003
            Xorg-1080  [002] d...    87.605207: sched_wake_idle_without_ipi: cpu=3
            Xorg-1080  [002] d...    87.605207: sched_wakeup: comm=marco pid=2113 prio=120 target_cpu=003
            Xorg-1080  [002] d...    87.605210: sched_waking: comm=chrome pid=1896 prio=120 target_cpu=001
            Xorg-1080  [002] d...    87.605210: sched_wake_idle_without_ipi: cpu=1
            Xorg-1080  [002] d...    87.605210: sched_wakeup: comm=chrome pid=1896 prio=120 target_cpu=001
            Xorg-1080  [002] d...    87.605221: sched_stat_runtime: comm=Xorg pid=1080 runtime=105931 [ns] vruntime=410148821 [ns]
            Xorg-1080  [002] d...    87.605222: sched_switch: prev_comm=Xorg prev_pid=1080 prev_prio=120 prev_state=S ==> next_comm=swapper/2 next_pid=0 next_prio=120
          <idle>-0     [002] d...    87.605224: cpu_idle: state=6 cpu_id=2
          <idle>-0     [002] dN..    87.605308: cpu_idle: state=4294967295 cpu_id=2
          <idle>-0     [002] d...    87.605310: sched_switch: prev_comm=swapper/2 prev_pid=0 prev_prio=120 prev_state=R ==> next_comm=Xorg next_pid=1080 next_prio=120
            Xorg-1080  [002] d...    87.605345: sched_waking: comm=marco pid=2113 prio=120 target_cpu=003
            Xorg-1080  [002] d...    87.605347: sched_wake_idle_without_ipi: cpu=3
            Xorg-1080  [002] d...    87.605347: sched_wakeup: comm=marco pid=2113 prio=120 target_cpu=003
            Xorg-1080  [002] d...    87.605375: sched_stat_runtime: comm=Xorg pid=1080 runtime=117157 [ns] vruntime=410265978 [ns]
            Xorg-1080  [002] d...    87.605376: sched_switch: prev_comm=Xorg prev_pid=1080 prev_prio=120 prev_state=S ==> next_comm=swapper/2 next_pid=0 next_prio=120
          <idle>-0     [002] d...    87.605378: cpu_idle: state=6 cpu_id=2
          <idle>-0     [002] dN..    87.605445: cpu_idle: state=4294967295 cpu_id=2
          <idle>-0     [002] d...    87.605448: sched_switch: prev_comm=swapper/2 prev_pid=0 prev_prio=120 prev_state=R ==> next_comm=Xorg next_pid=1080 next_prio=120
            Xorg-1080  [002] d...    87.605565: sched_waking: comm=marco pid=2113 prio=120 target_cpu=003
            Xorg-1080  [002] d...    87.605567: sched_wake_idle_without_ipi: cpu=3
            Xorg-1080  [002] d...    87.605567: sched_wakeup: comm=marco pid=2113 prio=120 target_cpu=003
            Xorg-1080  [002] d...    87.605593: sched_stat_runtime: comm=Xorg pid=1080 runtime=193077 [ns] vruntime=410459055 [ns]
            Xorg-1080  [002] d...    87.605594: sched_switch: prev_comm=Xorg prev_pid=1080 prev_prio=120 prev_state=S ==> next_comm=swapper/2 next_pid=0 next_prio=120
          <idle>-0     [002] d...    87.605596: cpu_idle: state=6 cpu_id=2
          <idle>-0     [002] dN..    87.612538: cpu_idle: state=4294967295 cpu_id=2
          <idle>-0     [002] d...    87.612541: sched_switch: prev_comm=swapper/2 prev_pid=0 prev_prio=120 prev_state=R ==> next_comm=Xorg next_pid=1080 next_prio=120
            Xorg-1080  [002] d...    87.612626: sched_waking: comm=kworker/u16:5 pid=196 prio=120 target_cpu=003
            Xorg-1080  [002] d...    87.612627: sched_wake_idle_without_ipi: cpu=3
            Xorg-1080  [002] d...    87.612627: sched_wakeup: comm=kworker/u16:5 pid=196 prio=120 target_cpu=003
            Xorg-1080  [002] d...    87.612628: sched_waking: comm=kworker/2:2 pid=342 prio=120 target_cpu=002
            Xorg-1080  [002] dN..    87.612629: sched_wakeup: comm=kworker/2:2 pid=342 prio=120 target_cpu=002
            Xorg-1080  [002] dN..    87.612629: sched_stat_runtime: comm=Xorg pid=1080 runtime=88932 [ns] vruntime=410547987 [ns]
