 Chrome_ChildIOT-3068  [003] d...    87.458684: sched_switch: prev_comm=Chrome_ChildIOT prev_pid=3068 prev_prio=120 prev_state=S ==> next_comm=swapper/3 next_pid=0 next_prio=120
          <idle>-0     [003] d...    87.458685: cpu_idle: state=4 cpu_id=3
          <idle>-0     [003] dN..    87.458831: cpu_idle: state=4294967295 cpu_id=3
          <idle>-0     [003] d...    87.458833: sched_switch: prev_comm=swapper/3 prev_pid=0 prev_prio=120 prev_state=R ==> next_comm=Chrome_ChildIOT next_pid=3068 next_prio=120
 Chrome_ChildIOT-3068  [003] d...    87.458850: sched_waking: comm=Compositor pid=3069 prio=120 target_cpu=005
 Chrome_ChildIOT-3068  [003] d...    87.458851: sched_wake_idle_without_ipi: cpu=5
 Chrome_ChildIOT-3068  [003] d...    87.458851: sched_wakeup: comm=Compositor pid=3069 prio=120 target_cpu=005
 Chrome_ChildIOT-3068  [003] d...    87.458856: sched_stat_runtime: comm=Chrome_ChildIOT pid=3068 runtime=47442 [ns] vruntime=8120726292 [ns]
 Chrome_ChildIOT-3068  [003] d...    87.458857: sched_switch: prev_comm=Chrome_ChildIOT prev_pid=3068 prev_prio=120 prev_state=S ==> next_comm=swapper/3 next_pid=0 next_prio=120
          <idle>-0     [003] d...    87.458858: cpu_idle: state=4 cpu_id=3
          <idle>-0     [003] d...    87.459517: cpu_idle: state=4294967295 cpu_id=3
          <idle>-0     [003] d.s.    87.459521: sutil_marker: Schedutil: get_next_freq: 800000: 1024
          <idle>-0     [003] d.s.    87.459522: sutil_marker: Schedutil: update-single-util: 8: 87
          <idle>-0     [003] d.s.    87.459522: sutil_marker: Schedutil: update-single-boost: 8: 87
          <idle>-0     [003] d.s.    87.459522: sutil_marker: Schedutil: update-single-freq: 800000: 800000
          <idle>-0     [003] d...    87.459527: sched_switch: prev_comm=swapper/3 prev_pid=0 prev_prio=120 prev_state=R ==> next_comm=rcu_sched next_pid=8 next_prio=120
       rcu_sched-8     [003] d...    87.459529: sched_stat_runtime: comm=rcu_sched pid=8 runtime=4600 [ns] vruntime=48695222963 [ns]
       rcu_sched-8     [003] d...    87.459530: sched_switch: prev_comm=rcu_sched prev_pid=8 prev_prio=120 prev_state=S ==> next_comm=swapper/3 next_pid=0 next_prio=120
          <idle>-0     [003] d...    87.459530: cpu_idle: state=6 cpu_id=3
          <idle>-0     [003] dN..    87.460265: cpu_idle: state=4294967295 cpu_id=3
          <idle>-0     [003] d...    87.460267: sched_switch: prev_comm=swapper/3 prev_pid=0 prev_prio=120 prev_state=R ==> next_comm=Chrome_ChildIOT next_pid=3068 next_prio=120
 Chrome_ChildIOT-3068  [003] d...    87.460282: sched_waking: comm=Chrome_ChildIOT pid=1903 prio=120 target_cpu=001
 Chrome_ChildIOT-3068  [003] d...    87.460284: sched_wake_idle_without_ipi: cpu=1
 Chrome_ChildIOT-3068  [003] d...    87.460284: sched_wakeup: comm=Chrome_ChildIOT pid=1903 prio=120 target_cpu=001
 Chrome_ChildIOT-3068  [003] d...    87.460296: sched_stat_runtime: comm=Chrome_ChildIOT pid=3068 runtime=54136 [ns] vruntime=8120780428 [ns]
 Chrome_ChildIOT-3068  [003] d...    87.460297: sched_switch: prev_comm=Chrome_ChildIOT prev_pid=3068 prev_prio=120 prev_state=S ==> next_comm=swapper/3 next_pid=0 next_prio=120
          <idle>-0     [003] d...    87.460298: cpu_idle: state=4 cpu_id=3
          <idle>-0     [003] dN..    87.460404: cpu_idle: state=4294967295 cpu_id=3
          <idle>-0     [003] d...    87.460406: sched_switch: prev_comm=swapper/3 prev_pid=0 prev_prio=120 prev_state=R ==> next_comm=Chrome_ChildIOT next_pid=3068 next_prio=120
 Chrome_ChildIOT-3068  [003] d...    87.460422: sched_waking: comm=Compositor pid=3069 prio=120 target_cpu=005
 Chrome_ChildIOT-3068  [003] d...    87.460423: sched_migrate_task: comm=Compositor pid=3069 prio=120 orig_cpu=5 dest_cpu=0
 Chrome_ChildIOT-3068  [003] d...    87.460423: sutil_marker: Schedutil: attach_entity_load_avg: 0: 0
 Chrome_ChildIOT-3068  [003] d...    87.460424: sched_wake_idle_without_ipi: cpu=0
 Chrome_ChildIOT-3068  [003] d...    87.460424: sched_wakeup: comm=Compositor pid=3069 prio=120 target_cpu=000
 Chrome_ChildIOT-3068  [003] d...    87.460446: sched_stat_runtime: comm=Chrome_ChildIOT pid=3068 runtime=64609 [ns] vruntime=8120845037 [ns]
 Chrome_ChildIOT-3068  [003] d...    87.460446: sutil_marker: Schedutil: get_next_freq: 800000: 1024
 Chrome_ChildIOT-3068  [003] d...    87.460446: sutil_marker: Schedutil: update-single-util: 87: 88
 Chrome_ChildIOT-3068  [003] d...    87.460446: sutil_marker: Schedutil: update-single-boost: 87: 88
 Chrome_ChildIOT-3068  [003] d...    87.460447: sutil_marker: Schedutil: update-single-freq: 800000: 800000
 Chrome_ChildIOT-3068  [003] d...    87.460447: sched_switch: prev_comm=Chrome_ChildIOT prev_pid=3068 prev_prio=120 prev_state=S ==> next_comm=swapper/3 next_pid=0 next_prio=120
          <idle>-0     [003] d...    87.460448: cpu_idle: state=4 cpu_id=3
          <idle>-0     [003] dN..    87.460515: cpu_idle: state=4294967295 cpu_id=3
          <idle>-0     [003] d...    87.460517: sched_switch: prev_comm=swapper/3 prev_pid=0 prev_prio=120 prev_state=R ==> next_comm=Chrome_ChildIOT next_pid=3068 next_prio=120
 Chrome_ChildIOT-3068  [003] d...    87.460534: sched_waking: comm=Chrome_IOThread pid=1860 prio=120 target_cpu=002
 Chrome_ChildIOT-3068  [003] d...    87.460535: sched_wake_idle_without_ipi: cpu=2
 Chrome_ChildIOT-3068  [003] d...    87.460535: sched_wakeup: comm=Chrome_IOThread pid=1860 prio=120 target_cpu=002
 Chrome_ChildIOT-3068  [003] d...    87.460540: sched_stat_runtime: comm=Chrome_ChildIOT pid=3068 runtime=76121 [ns] vruntime=8120921158 [ns]
 Chrome_ChildIOT-3068  [003] d...    87.460541: sched_switch: prev_comm=Chrome_ChildIOT prev_pid=3068 prev_prio=120 prev_state=S ==> next_comm=swapper/3 next_pid=0 next_prio=120
          <idle>-0     [003] d...    87.460542: cpu_idle: state=4 cpu_id=3
          <idle>-0     [003] dN..    87.462572: cpu_idle: state=4294967295 cpu_id=3
          <idle>-0     [003] d...    87.462574: sched_switch: prev_comm=swapper/3 prev_pid=0 prev_prio=120 prev_state=R ==> next_comm=Chrome_ChildIOT next_pid=3068 next_prio=120
 Chrome_ChildIOT-3068  [003] d...    87.462609: sched_waking: comm=Compositor pid=3069 prio=120 target_cpu=000
 Chrome_ChildIOT-3068  [003] d...    87.462611: sched_wake_idle_without_ipi: cpu=0
 Chrome_ChildIOT-3068  [003] d...    87.462611: sched_wakeup: comm=Compositor pid=3069 prio=120 target_cpu=000
 Chrome_ChildIOT-3068  [003] d...    87.462632: sched_stat_runtime: comm=Chrome_ChildIOT pid=3068 runtime=90208 [ns] vruntime=8121011366 [ns]
 Chrome_ChildIOT-3068  [003] d...    87.462633: sched_switch: prev_comm=Chrome_ChildIOT prev_pid=3068 prev_prio=120 prev_state=S ==> next_comm=swapper/3 next_pid=0 next_prio=120
          <idle>-0     [003] d...    87.462634: cpu_idle: state=2 cpu_id=3
          <idle>-0     [003] dN..    87.462695: cpu_idle: state=4294967295 cpu_id=3
          <idle>-0     [003] d...    87.462695: sched_switch: prev_comm=swapper/3 prev_pid=0 prev_prio=120 prev_state=R ==> next_comm=chrome next_pid=3067 next_prio=120
           <...>-3067  [003] d...    87.462716: sched_stat_runtime: comm=chrome pid=3067 runtime=21595 [ns] vruntime=8121032961 [ns]
           <...>-3067  [003] d...    87.462716: sched_switch: prev_comm=chrome prev_pid=3067 prev_prio=120 prev_state=S ==> next_comm=swapper/3 next_pid=0 next_prio=120
          <idle>-0     [003] d...    87.462717: cpu_idle: state=2 cpu_id=3
          <idle>-0     [003] d...    87.462808: cpu_idle: state=4294967295 cpu_id=3
          <idle>-0     [003] d.h.    87.462809: sched_waking: comm=chrome pid=2150 prio=120 target_cpu=003
          <idle>-0     [003] dNh.    87.462810: sched_wakeup: comm=chrome pid=2150 prio=120 target_cpu=003
          <idle>-0     [003] d...    87.462811: sched_switch: prev_comm=swapper/3 prev_pid=0 prev_prio=120 prev_state=R ==> next_comm=chrome next_pid=2150 next_prio=120
           <...>-2150  [003] d...    87.462850: sched_stat_runtime: comm=chrome pid=2150 runtime=40314 [ns] vruntime=8109073275 [ns]
           <...>-2150  [003] d...    87.462850: sched_switch: prev_comm=chrome prev_pid=2150 prev_prio=120 prev_state=S ==> next_comm=swapper/3 next_pid=0 next_prio=120
          <idle>-0     [003] d...    87.462852: cpu_idle: state=4 cpu_id=3
          <idle>-0     [003] dN..    87.463011: cpu_idle: state=4294967295 cpu_id=3
          <idle>-0     [003] d...    87.463012: sched_switch: prev_comm=swapper/3 prev_pid=0 prev_prio=120 prev_state=R ==> next_comm=Chrome_ChildIOT next_pid=3068 next_prio=120
 Chrome_ChildIOT-3068  [003] d...    87.463029: sched_waking: comm=Compositor pid=3069 prio=120 target_cpu=000
 Chrome_ChildIOT-3068  [003] d...    87.463046: sched_wake_idle_without_ipi: cpu=0
 Chrome_ChildIOT-3068  [003] d...    87.463046: sched_wakeup: comm=Compositor pid=3069 prio=120 target_cpu=000
 Chrome_ChildIOT-3068  [003] d...    87.463052: sched_stat_runtime: comm=Chrome_ChildIOT pid=3068 runtime=64994 [ns] vruntime=8121076360 [ns]
 Chrome_ChildIOT-3068  [003] d...    87.463053: sched_switch: prev_comm=Chrome_ChildIOT prev_pid=3068 prev_prio=120 prev_state=S ==> next_comm=swapper/3 next_pid=0 next_prio=120
          <idle>-0     [003] d...    87.463054: cpu_idle: state=3 cpu_id=3
          <idle>-0     [003] dN..    87.463250: cpu_idle: state=4294967295 cpu_id=3
          <idle>-0     [003] d...    87.463251: sched_switch: prev_comm=swapper/3 prev_pid=0 prev_prio=120 prev_state=R ==> next_comm=Chrome_ChildIOT next_pid=3068 next_prio=120
 Chrome_ChildIOT-3068  [003] d...    87.463262: sched_waking: comm=Chrome_IOThread pid=1860 prio=120 target_cpu=004
 Chrome_ChildIOT-3068  [003] d...    87.463263: sched_wake_idle_without_ipi: cpu=4
 Chrome_ChildIOT-3068  [003] d...    87.463263: sched_wakeup: comm=Chrome_IOThread pid=1860 prio=120 target_cpu=004
 Chrome_ChildIOT-3068  [003] d...    87.463276: sched_stat_runtime: comm=Chrome_ChildIOT pid=3068 runtime=27416 [ns] vruntime=8121103776 [ns]
 Chrome_ChildIOT-3068  [003] d...    87.463277: sched_switch: prev_comm=Chrome_ChildIOT prev_pid=3068 prev_prio=120 prev_state=S ==> next_comm=swapper/3 next_pid=0 next_prio=120
          <idle>-0     [003] d...    87.463278: cpu_idle: state=2 cpu_id=3
          <idle>-0     [003] d...    87.463494: cpu_idle: state=4294967295 cpu_id=3
          <idle>-0     [003] d...    87.463502: cpu_idle: state=6 cpu_id=3
          <idle>-0     [003] d...    87.467497: cpu_idle: state=4294967295 cpu_id=3
          <idle>-0     [003] d...    87.467507: cpu_idle: state=6 cpu_id=3
          <idle>-0     [003] dN..    87.469580: cpu_idle: state=4294967295 cpu_id=3
          <idle>-0     [003] d...    87.469584: sched_switch: prev_comm=swapper/3 prev_pid=0 prev_prio=120 prev_state=R ==> next_comm=Chrome_ChildIOT next_pid=3068 next_prio=120
 Chrome_ChildIOT-3068  [003] d...    87.469640: sched_waking: comm=Compositor pid=3069 prio=120 target_cpu=000
 Chrome_ChildIOT-3068  [003] d...    87.469644: sched_wake_idle_without_ipi: cpu=0
 Chrome_ChildIOT-3068  [003] d...    87.469644: sched_wakeup: comm=Compositor pid=3069 prio=120 target_cpu=000
 Chrome_ChildIOT-3068  [003] d...    87.469655: sched_stat_runtime: comm=Chrome_ChildIOT pid=3068 runtime=95031 [ns] vruntime=8121198807 [ns]
 Chrome_ChildIOT-3068  [003] d...    87.469656: sched_switch: prev_comm=Chrome_ChildIOT prev_pid=3068 prev_prio=120 prev_state=S ==> next_comm=swapper/3 next_pid=0 next_prio=120
          <idle>-0     [003] d...    87.469659: cpu_idle: state=4 cpu_id=3
          <idle>-0     [003] dN..    87.469713: cpu_idle: state=4294967295 cpu_id=3
          <idle>-0     [003] d...    87.469717: sched_switch: prev_comm=swapper/3 prev_pid=0 prev_prio=120 prev_state=R ==> next_comm=chrome next_pid=3067 next_prio=120
           <...>-3067  [003] d...    87.469772: sched_stat_runtime: comm=chrome pid=3067 runtime=86544 [ns] vruntime=8121119505 [ns]
           <...>-3067  [003] d...    87.469774: sched_switch: prev_comm=chrome prev_pid=3067 prev_prio=120 prev_state=S ==> next_comm=swapper/3 next_pid=0 next_prio=120
          <idle>-0     [003] d...    87.469777: cpu_idle: state=4 cpu_id=3
          <idle>-0     [003] d...    87.471497: cpu_idle: state=4294967295 cpu_id=3
          <idle>-0     [003] d.s.    87.471503: sched_waking: comm=rcu_sched pid=8 prio=120 target_cpu=003
          <idle>-0     [003] d.s.    87.471505: sutil_marker: Schedutil: get_next_freq: 800000: 1024
          <idle>-0     [003] d.s.    87.471506: sutil_marker: Schedutil: update-single-util: 88: 619
          <idle>-0     [003] d.s.    87.471506: sutil_marker: Schedutil: update-single-boost: 88: 619
          <idle>-0     [003] d.s.    87.471507: sutil_marker: Schedutil: update-single-freq: 800000: 800000
          <idle>-0     [003] dNs.    87.471508: sched_wakeup: comm=rcu_sched pid=8 prio=120 target_cpu=003
          <idle>-0     [003] d...    87.471515: sched_switch: prev_comm=swapper/3 prev_pid=0 prev_prio=120 prev_state=R ==> next_comm=rcu_sched next_pid=8 next_prio=120
       rcu_sched-8     [003] d...    87.471520: sched_stat_runtime: comm=rcu_sched pid=8 runtime=10898 [ns] vruntime=48697121486 [ns]
       rcu_sched-8     [003] d...    87.471521: sched_switch: prev_comm=rcu_sched prev_pid=8 prev_prio=120 prev_state=S ==> next_comm=swapper/3 next_pid=0 next_prio=120
          <idle>-0     [003] d...    87.471523: cpu_idle: state=6 cpu_id=3
          <idle>-0     [003] d...    87.475549: cpu_idle: state=4294967295 cpu_id=3
          <idle>-0     [003] d.s.    87.475575: sched_waking: comm=rcu_sched pid=8 prio=120 target_cpu=003
          <idle>-0     [003] d.s.    87.475576: sutil_marker: Schedutil: get_next_freq: 800000: 1024
          <idle>-0     [003] d.s.    87.475577: sutil_marker: Schedutil: update-single-util: 619: 569
          <idle>-0     [003] d.s.    87.475577: sutil_marker: Schedutil: update-single-boost: 619: 569
          <idle>-0     [003] d.s.    87.475578: sutil_marker: Schedutil: update-single-freq: 800000: 800000
          <idle>-0     [003] dNs.    87.475579: sched_wakeup: comm=rcu_sched pid=8 prio=120 target_cpu=003
          <idle>-0     [003] d...    87.475589: sched_switch: prev_comm=swapper/3 prev_pid=0 prev_prio=120 prev_state=R ==> next_comm=rcu_sched next_pid=8 next_prio=120
       rcu_sched-8     [003] d...    87.475593: sched_stat_runtime: comm=rcu_sched pid=8 runtime=12265 [ns] vruntime=48697133751 [ns]
       rcu_sched-8     [003] d...    87.475594: sched_switch: prev_comm=rcu_sched prev_pid=8 prev_prio=120 prev_state=S ==> next_comm=swapper/3 next_pid=0 next_prio=120
          <idle>-0     [003] d...    87.475597: cpu_idle: state=6 cpu_id=3
          <idle>-0     [003] d...    87.477414: cpu_idle: state=4294967295 cpu_id=3
          <idle>-0     [003] d.h.    87.477418: sched_waking: comm=skype pid=1852 prio=120 target_cpu=003
          <idle>-0     [003] d.h.    87.477421: sutil_marker: Schedutil: get_next_freq: 800000: 1024
          <idle>-0     [003] d.h.    87.477421: sutil_marker: Schedutil: update-single-util: 569: 548
          <idle>-0     [003] d.h.    87.477422: sutil_marker: Schedutil: update-single-boost: 569: 548
          <idle>-0     [003] d.h.    87.477422: sutil_marker: Schedutil: update-single-freq: 800000: 800000
          <idle>-0     [003] dNh.    87.477423: sched_wakeup: comm=skype pid=1852 prio=120 target_cpu=003
          <idle>-0     [003] d...    87.477427: sched_switch: prev_comm=swapper/3 prev_pid=0 prev_prio=120 prev_state=R ==> next_comm=skype next_pid=1852 next_prio=120
           <...>-1852  [003] d...    87.477432: sched_stat_runtime: comm=skype pid=1852 runtime=12688 [ns] vruntime=8109211495 [ns]
           <...>-1852  [003] d...    87.477434: sched_switch: prev_comm=skype prev_pid=1852 prev_prio=120 prev_state=S ==> next_comm=swapper/3 next_pid=0 next_prio=120
          <idle>-0     [003] d...    87.477438: cpu_idle: state=6 cpu_id=3
          <idle>-0     [003] dN..    87.477904: cpu_idle: state=4294967295 cpu_id=3
          <idle>-0     [003] d...    87.477910: sched_switch: prev_comm=swapper/3 prev_pid=0 prev_prio=120 prev_state=R ==> next_comm=chrome next_pid=2150 next_prio=120
           <...>-2150  [003] d...    87.479324: sched_waking: comm=Chrome_ChildIOT pid=2151 prio=120 target_cpu=004
           <...>-2150  [003] d...    87.479329: sched_wake_idle_without_ipi: cpu=4
           <...>-2150  [003] d...    87.479329: sched_wakeup: comm=Chrome_ChildIOT pid=2151 prio=120 target_cpu=004
           <...>-2150  [003] d.h.    87.479499: sched_stat_runtime: comm=chrome pid=2150 runtime=1629522 [ns] vruntime=8110828329 [ns]
           <...>-2150  [003] d.h.    87.479502: sutil_marker: Schedutil: get_next_freq: 800000: 1024
           <...>-2150  [003] d.h.    87.479503: sutil_marker: Schedutil: update-single-util: 548: 559
           <...>-2150  [003] d.h.    87.479503: sutil_marker: Schedutil: update-single-boost: 548: 559
           <...>-2150  [003] d.h.    87.479504: sutil_marker: Schedutil: update-single-freq: 800000: 800000
           <...>-2150  [003] d...    87.481043: sched_stat_runtime: comm=chrome pid=2150 runtime=1540696 [ns] vruntime=8112369025 [ns]
           <...>-2150  [003] d...    87.481049: sutil_marker: Schedutil: get_next_freq: 800000: 1024
           <...>-2150  [003] d...    87.481051: sutil_marker: Schedutil: update-single-util: 559: 573
           <...>-2150  [003] d...    87.481052: sutil_marker: Schedutil: update-single-boost: 559: 573
           <...>-2150  [003] d...    87.481052: sutil_marker: Schedutil: update-single-freq: 800000: 800000
           <...>-2150  [003] d...    87.481056: sched_switch: prev_comm=chrome prev_pid=2150 prev_prio=120 prev_state=S ==> next_comm=swapper/3 next_pid=0 next_prio=120
          <idle>-0     [003] d...    87.481064: cpu_idle: state=6 cpu_id=3
          <idle>-0     [003] dN..    87.481298: cpu_idle: state=4294967295 cpu_id=3
          <idle>-0     [003] d...    87.481303: sched_switch: prev_comm=swapper/3 prev_pid=0 prev_prio=120 prev_state=R ==> next_comm=chrome next_pid=3067 next_prio=120
           <...>-3067  [003] d...    87.481416: sched_stat_runtime: comm=chrome pid=3067 runtime=124825 [ns] vruntime=8121244330 [ns]
           <...>-3067  [003] d...    87.481419: sutil_marker: Schedutil: get_next_freq: 800000: 1024
           <...>-3067  [003] d...    87.481419: sutil_marker: Schedutil: update-single-util: 573: 520
           <...>-3067  [003] d...    87.481420: sutil_marker: Schedutil: update-single-boost: 573: 520
           <...>-3067  [003] d...    87.481421: sutil_marker: Schedutil: update-single-freq: 800000: 800000
           <...>-3067  [003] d...    87.481423: sched_switch: prev_comm=chrome prev_pid=3067 prev_prio=120 prev_state=S ==> next_comm=swapper/3 next_pid=0 next_prio=120
          <idle>-0     [003] d...    87.481428: cpu_idle: state=6 cpu_id=3
          <idle>-0     [003] d...    87.483525: cpu_idle: state=4294967295 cpu_id=3
          <idle>-0     [003] d.s.    87.483538: sched_waking: comm=rcu_sched pid=8 prio=120 target_cpu=003
          <idle>-0     [003] d.s.    87.483543: sutil_marker: Schedutil: get_next_freq: 800000: 1024
          <idle>-0     [003] d.s.    87.483544: sutil_marker: Schedutil: update-single-util: 520: 497
          <idle>-0     [003] d.s.    87.483545: sutil_marker: Schedutil: update-single-boost: 520: 497
          <idle>-0     [003] d.s.    87.483546: sutil_marker: Schedutil: update-single-freq: 800000: 800000
          <idle>-0     [003] dNs.    87.483549: sched_wakeup: comm=rcu_sched pid=8 prio=120 target_cpu=003
          <idle>-0     [003] d...    87.483563: sched_switch: prev_comm=swapper/3 prev_pid=0 prev_prio=120 prev_state=R ==> next_comm=rcu_sched next_pid=8 next_prio=120
       rcu_sched-8     [003] d...    87.483572: sched_stat_runtime: comm=rcu_sched pid=8 runtime=19857 [ns] vruntime=48704749891 [ns]
       rcu_sched-8     [003] d...    87.483575: sched_switch: prev_comm=rcu_sched prev_pid=8 prev_prio=120 prev_state=S ==> next_comm=swapper/3 next_pid=0 next_prio=120
          <idle>-0     [003] d...    87.483578: cpu_idle: state=6 cpu_id=3
          <idle>-0     [003] d...    87.486055: cpu_idle: state=4294967295 cpu_id=3
          <idle>-0     [003] d.h.    87.486062: sched_waking: comm=chrome pid=3067 prio=120 target_cpu=003
          <idle>-0     [003] d.h.    87.486068: sutil_marker: Schedutil: get_next_freq: 800000: 1024
          <idle>-0     [003] d.h.    87.486070: sutil_marker: Schedutil: update-single-util: 497: 473
          <idle>-0     [003] d.h.    87.486070: sutil_marker: Schedutil: update-single-boost: 497: 473
          <idle>-0     [003] d.h.    87.486071: sutil_marker: Schedutil: update-single-freq: 800000: 800000
          <idle>-0     [003] dNh.    87.486073: sched_wakeup: comm=chrome pid=3067 prio=120 target_cpu=003
          <idle>-0     [003] d...    87.486078: sched_switch: prev_comm=swapper/3 prev_pid=0 prev_prio=120 prev_state=R ==> next_comm=chrome next_pid=3067 next_prio=120
           <...>-3067  [003] d...    87.486303: sched_waking: comm=Compositor pid=3069 prio=120 target_cpu=004
           <...>-3067  [003] d...    87.486309: sched_wake_idle_without_ipi: cpu=4
           <...>-3067  [003] d...    87.486310: sched_wakeup: comm=Compositor pid=3069 prio=120 target_cpu=004
           <...>-3067  [003] d...    87.486748: sched_waking: comm=Chrome_IOThread pid=1860 prio=120 target_cpu=006
           <...>-3067  [003] d...    87.486753: sched_wake_idle_without_ipi: cpu=6
           <...>-3067  [003] d...    87.486754: sched_wakeup: comm=Chrome_IOThread pid=1860 prio=120 target_cpu=006
           <...>-3067  [003] d...    87.487104: sched_stat_runtime: comm=chrome pid=3067 runtime=1038588 [ns] vruntime=8122282918 [ns]
           <...>-3067  [003] d...    87.487108: sutil_marker: Schedutil: get_next_freq: 800000: 1024
           <...>-3067  [003] d...    87.487109: sutil_marker: Schedutil: update-single-util: 473: 484
           <...>-3067  [003] d...    87.487110: sutil_marker: Schedutil: update-single-boost: 473: 484
           <...>-3067  [003] d...    87.487110: sutil_marker: Schedutil: update-single-freq: 800000: 800000
           <...>-3067  [003] d...    87.487113: sched_switch: prev_comm=chrome prev_pid=3067 prev_prio=120 prev_state=S ==> next_comm=swapper/3 next_pid=0 next_prio=120
          <idle>-0     [003] d...    87.487118: cpu_idle: state=3 cpu_id=3
          <idle>-0     [003] d...    87.487514: cpu_idle: state=4294967295 cpu_id=3
          <idle>-0     [003] d...    87.487544: cpu_idle: state=6 cpu_id=3
          <idle>-0     [003] dN..    87.489917: cpu_idle: state=4294967295 cpu_id=3
          <idle>-0     [003] d...    87.489925: sched_switch: prev_comm=swapper/3 prev_pid=0 prev_prio=120 prev_state=R ==> next_comm=threaded-ml next_pid=1603 next_prio=120
     threaded-ml-1603  [003] d...    87.489963: sched_stat_runtime: comm=threaded-ml pid=1603 runtime=81370 [ns] vruntime=8110364288 [ns]
     threaded-ml-1603  [003] d...    87.489967: sched_switch: prev_comm=threaded-ml prev_pid=1603 prev_prio=120 prev_state=S ==> next_comm=swapper/3 next_pid=0 next_prio=120
          <idle>-0     [003] d...    87.489972: cpu_idle: state=6 cpu_id=3
          <idle>-0     [003] d...    87.491610: cpu_idle: state=4294967295 cpu_id=3
          <idle>-0     [003] d.s.    87.491618: sched_waking: comm=rcu_sched pid=8 prio=120 target_cpu=003
          <idle>-0     [003] d.s.    87.491620: sutil_marker: Schedutil: get_next_freq: 800000: 1024
          <idle>-0     [003] d.s.    87.491621: sutil_marker: Schedutil: update-single-util: 484: 443
          <idle>-0     [003] d.s.    87.491621: sutil_marker: Schedutil: update-single-boost: 484: 443
          <idle>-0     [003] d.s.    87.491621: sutil_marker: Schedutil: update-single-freq: 800000: 800000
          <idle>-0     [003] dNs.    87.491622: sched_wakeup: comm=rcu_sched pid=8 prio=120 target_cpu=003
          <idle>-0     [003] d...    87.491643: sched_switch: prev_comm=swapper/3 prev_pid=0 prev_prio=120 prev_state=R ==> next_comm=rcu_sched next_pid=8 next_prio=120
       rcu_sched-8     [003] d...    87.491646: sched_stat_runtime: comm=rcu_sched pid=8 runtime=23369 [ns] vruntime=48707411187 [ns]
       rcu_sched-8     [003] d...    87.491647: sched_switch: prev_comm=rcu_sched prev_pid=8 prev_prio=120 prev_state=S ==> next_comm=swapper/3 next_pid=0 next_prio=120
          <idle>-0     [003] d...    87.491648: cpu_idle: state=6 cpu_id=3
          <idle>-0     [003] d...    87.495533: cpu_idle: state=4294967295 cpu_id=3
          <idle>-0     [003] d.s.    87.495537: sutil_marker: Schedutil: get_next_freq: 800000: 1024
          <idle>-0     [003] d.s.    87.495537: sutil_marker: Schedutil: update-single-util: 443: 409
          <idle>-0     [003] d.s.    87.495537: sutil_marker: Schedutil: update-single-boost: 443: 409
          <idle>-0     [003] d.s.    87.495537: sutil_marker: Schedutil: update-single-freq: 800000: 800000
          <idle>-0     [003] d...    87.495558: cpu_idle: state=6 cpu_id=3
          <idle>-0     [003] dN..    87.495923: cpu_idle: state=4294967295 cpu_id=3
          <idle>-0     [003] d...    87.495925: sched_switch: prev_comm=swapper/3 prev_pid=0 prev_prio=120 prev_state=R ==> next_comm=Chrome_ChildIOT next_pid=3068 next_prio=120
 Chrome_ChildIOT-3068  [003] d...    87.495951: sched_waking: comm=chrome pid=3067 prio=120 target_cpu=003
 Chrome_ChildIOT-3068  [003] d...    87.495952: sched_migrate_task: comm=chrome pid=3067 prio=120 orig_cpu=3 dest_cpu=6
 Chrome_ChildIOT-3068  [003] d...    87.495952: sutil_marker: Schedutil: attach_entity_load_avg: 0: 0
 Chrome_ChildIOT-3068  [003] d...    87.495953: sched_wake_idle_without_ipi: cpu=6
 Chrome_ChildIOT-3068  [003] d...    87.495953: sched_wakeup: comm=chrome pid=3067 prio=120 target_cpu=006
 Chrome_ChildIOT-3068  [003] d...    87.495991: sched_stat_runtime: comm=Chrome_ChildIOT pid=3068 runtime=95018 [ns] vruntime=8122377936 [ns]
 Chrome_ChildIOT-3068  [003] d...    87.495992: sched_switch: prev_comm=Chrome_ChildIOT prev_pid=3068 prev_prio=120 prev_state=S ==> next_comm=swapper/3 next_pid=0 next_prio=120
          <idle>-0     [003] d...    87.495993: cpu_idle: state=6 cpu_id=3
          <idle>-0     [003] dN..    87.496096: cpu_idle: state=4294967295 cpu_id=3
          <idle>-0     [003] d...    87.496098: sched_switch: prev_comm=swapper/3 prev_pid=0 prev_prio=120 prev_state=R ==> next_comm=Chrome_ChildIOT next_pid=3068 next_prio=120
 Chrome_ChildIOT-3068  [003] d...    87.496123: sched_stat_runtime: comm=Chrome_ChildIOT pid=3068 runtime=30235 [ns] vruntime=8122408171 [ns]
 Chrome_ChildIOT-3068  [003] d...    87.496124: sched_switch: prev_comm=Chrome_ChildIOT prev_pid=3068 prev_prio=120 prev_state=S ==> next_comm=swapper/3 next_pid=0 next_prio=120
          <idle>-0     [003] d...    87.496125: cpu_idle: state=6 cpu_id=3
          <idle>-0     [003] dN..    87.496210: cpu_idle: state=4294967295 cpu_id=3
          <idle>-0     [003] d...    87.496212: sched_switch: prev_comm=swapper/3 prev_pid=0 prev_prio=120 prev_state=R ==> next_comm=SimpleCacheWork next_pid=2425 next_prio=120
 SimpleCacheWork-2425  [003] d...    87.496217: sched_waking: comm=SimpleCacheWork pid=2370 prio=120 target_cpu=007
 SimpleCacheWork-2425  [003] d...    87.496218: sched_wake_idle_without_ipi: cpu=7
 SimpleCacheWork-2425  [003] d...    87.496218: sched_wakeup: comm=SimpleCacheWork pid=2370 prio=120 target_cpu=007
 SimpleCacheWork-2425  [003] d...    87.496267: sched_stat_runtime: comm=SimpleCacheWork pid=2425 runtime=80748 [ns] vruntime=8110488919 [ns]
 SimpleCacheWork-2425  [003] d...    87.496268: sched_switch: prev_comm=SimpleCacheWork prev_pid=2425 prev_prio=120 prev_state=S ==> next_comm=swapper/3 next_pid=0 next_prio=120
          <idle>-0     [003] d...    87.496269: cpu_idle: state=6 cpu_id=3
          <idle>-0     [003] dN..    87.496385: cpu_idle: state=4294967295 cpu_id=3
          <idle>-0     [003] d...    87.496387: sched_switch: prev_comm=swapper/3 prev_pid=0 prev_prio=120 prev_state=R ==> next_comm=Chrome_ChildIOT next_pid=3068 next_prio=120
 Chrome_ChildIOT-3068  [003] d...    87.496408: sched_waking: comm=Compositor pid=3069 prio=120 target_cpu=004
 Chrome_ChildIOT-3068  [003] d...    87.496409: sched_migrate_task: comm=Compositor pid=3069 prio=120 orig_cpu=4 dest_cpu=5
 Chrome_ChildIOT-3068  [003] d...    87.496410: sutil_marker: Schedutil: attach_entity_load_avg: 0: 0
 Chrome_ChildIOT-3068  [003] d...    87.496410: sched_wake_idle_without_ipi: cpu=5
 Chrome_ChildIOT-3068  [003] d...    87.496411: sched_wakeup: comm=Compositor pid=3069 prio=120 target_cpu=005
 Chrome_ChildIOT-3068  [003] d...    87.496451: sched_stat_runtime: comm=Chrome_ChildIOT pid=3068 runtime=89703 [ns] vruntime=8122497874 [ns]
 Chrome_ChildIOT-3068  [003] d...    87.496452: sched_switch: prev_comm=Chrome_ChildIOT prev_pid=3068 prev_prio=120 prev_state=S ==> next_comm=swapper/3 next_pid=0 next_prio=120
          <idle>-0     [003] d...    87.496454: cpu_idle: state=4 cpu_id=3
          <idle>-0     [003] dN..    87.496601: cpu_idle: state=4294967295 cpu_id=3
          <idle>-0     [003] d...    87.496602: sched_switch: prev_comm=swapper/3 prev_pid=0 prev_prio=120 prev_state=R ==> next_comm=Chrome_ChildIOT next_pid=3068 next_prio=120
 Chrome_ChildIOT-3068  [003] d...    87.496617: sched_waking: comm=Chrome_IOThread pid=1860 prio=120 target_cpu=000
 Chrome_ChildIOT-3068  [003] d...    87.496618: sched_wake_idle_without_ipi: cpu=0
 Chrome_ChildIOT-3068  [003] d...    87.496618: sched_wakeup: comm=Chrome_IOThread pid=1860 prio=120 target_cpu=000
 Chrome_ChildIOT-3068  [003] d...    87.496628: sched_stat_runtime: comm=Chrome_ChildIOT pid=3068 runtime=50338 [ns] vruntime=8122548212 [ns]
 Chrome_ChildIOT-3068  [003] d...    87.496629: sched_switch: prev_comm=Chrome_ChildIOT prev_pid=3068 prev_prio=120 prev_state=S ==> next_comm=swapper/3 next_pid=0 next_prio=120
          <idle>-0     [003] d...    87.496630: cpu_idle: state=4 cpu_id=3
          <idle>-0     [003] dN..    87.496849: cpu_idle: state=4294967295 cpu_id=3
          <idle>-0     [003] d...    87.496855: sched_switch: prev_comm=swapper/3 prev_pid=0 prev_prio=120 prev_state=R ==> next_comm=Chrome_ChildIOT next_pid=3068 next_prio=120
 Chrome_ChildIOT-3068  [003] d...    87.496870: sched_waking: comm=Chrome_IOThread pid=1860 prio=120 target_cpu=000
 Chrome_ChildIOT-3068  [003] d...    87.496871: sched_wake_idle_without_ipi: cpu=0
 Chrome_ChildIOT-3068  [003] d...    87.496871: sched_wakeup: comm=Chrome_IOThread pid=1860 prio=120 target_cpu=000
 Chrome_ChildIOT-3068  [003] d...    87.496879: sched_stat_runtime: comm=Chrome_ChildIOT pid=3068 runtime=62016 [ns] vruntime=8122610228 [ns]
 Chrome_ChildIOT-3068  [003] d...    87.496880: sched_switch: prev_comm=Chrome_ChildIOT prev_pid=3068 prev_prio=120 prev_state=S ==> next_comm=swapper/3 next_pid=0 next_prio=120
          <idle>-0     [003] d...    87.496881: cpu_idle: state=4 cpu_id=3
          <idle>-0     [003] dN..    87.496975: cpu_idle: state=4294967295 cpu_id=3
          <idle>-0     [003] d...    87.496976: sched_switch: prev_comm=swapper/3 prev_pid=0 prev_prio=120 prev_state=R ==> next_comm=Chrome_ChildIOT next_pid=3068 next_prio=120
 Chrome_ChildIOT-3068  [003] d...    87.496997: sched_stat_runtime: comm=Chrome_ChildIOT pid=3068 runtime=46006 [ns] vruntime=8122656234 [ns]
 Chrome_ChildIOT-3068  [003] d...    87.496998: sched_switch: prev_comm=Chrome_ChildIOT prev_pid=3068 prev_prio=120 prev_state=S ==> next_comm=swapper/3 next_pid=0 next_prio=120
          <idle>-0     [003] d...    87.496999: cpu_idle: state=4 cpu_id=3
          <idle>-0     [003] dN..    87.497097: cpu_idle: state=4294967295 cpu_id=3
          <idle>-0     [003] d...    87.497099: sched_switch: prev_comm=swapper/3 prev_pid=0 prev_prio=120 prev_state=R ==> next_comm=Chrome_ChildIOT next_pid=3068 next_prio=120
 Chrome_ChildIOT-3068  [003] d...    87.497122: sched_waking: comm=chrome pid=3067 prio=120 target_cpu=006
 Chrome_ChildIOT-3068  [003] d...    87.497124: sched_wake_idle_without_ipi: cpu=6
 Chrome_ChildIOT-3068  [003] d...    87.497124: sched_wakeup: comm=chrome pid=3067 prio=120 target_cpu=006
 Chrome_ChildIOT-3068  [003] d...    87.497158: sched_stat_runtime: comm=Chrome_ChildIOT pid=3068 runtime=88353 [ns] vruntime=8122744587 [ns]
 Chrome_ChildIOT-3068  [003] d...    87.497159: sutil_marker: Schedutil: get_next_freq: 800000: 1024
 Chrome_ChildIOT-3068  [003] d...    87.497160: sutil_marker: Schedutil: update-single-util: 409: 132
 Chrome_ChildIOT-3068  [003] d...    87.497161: sutil_marker: Schedutil: update-single-boost: 409: 132
 Chrome_ChildIOT-3068  [003] d...    87.497161: sutil_marker: Schedutil: update-single-freq: 800000: 800000
 Chrome_ChildIOT-3068  [003] d...    87.497161: sched_switch: prev_comm=Chrome_ChildIOT prev_pid=3068 prev_prio=120 prev_state=S ==> next_comm=swapper/3 next_pid=0 next_prio=120
          <idle>-0     [003] d...    87.497163: cpu_idle: state=2 cpu_id=3
          <idle>-0     [003] dN..    87.497234: cpu_idle: state=4294967295 cpu_id=3
          <idle>-0     [003] d...    87.497234: sched_switch: prev_comm=swapper/3 prev_pid=0 prev_prio=120 prev_state=R ==> next_comm=Chrome_ChildIOT next_pid=3068 next_prio=120
 Chrome_ChildIOT-3068  [003] d...    87.497245: sched_stat_runtime: comm=Chrome_ChildIOT pid=3068 runtime=12215 [ns] vruntime=8122756802 [ns]
 Chrome_ChildIOT-3068  [003] d...    87.497246: sched_switch: prev_comm=Chrome_ChildIOT prev_pid=3068 prev_prio=120 prev_state=S ==> next_comm=swapper/3 next_pid=0 next_prio=120
          <idle>-0     [003] d...    87.497246: cpu_idle: state=2 cpu_id=3
          <idle>-0     [003] dN..    87.497463: cpu_idle: state=4294967295 cpu_id=3
          <idle>-0     [003] d...    87.497464: sched_switch: prev_comm=swapper/3 prev_pid=0 prev_prio=120 prev_state=R ==> next_comm=Chrome_ChildIOT next_pid=3068 next_prio=120
 Chrome_ChildIOT-3068  [003] d...    87.497474: sched_waking: comm=Compositor pid=3069 prio=120 target_cpu=005
 Chrome_ChildIOT-3068  [003] d...    87.497475: sched_wake_idle_without_ipi: cpu=5
 Chrome_ChildIOT-3068  [003] d...    87.497475: sched_wakeup: comm=Compositor pid=3069 prio=120 target_cpu=005
 Chrome_ChildIOT-3068  [003] d...    87.497477: sched_stat_runtime: comm=Chrome_ChildIOT pid=3068 runtime=14886 [ns] vruntime=8122771688 [ns]
 Chrome_ChildIOT-3068  [003] d...    87.497477: sched_switch: prev_comm=Chrome_ChildIOT prev_pid=3068 prev_prio=120 prev_state=S ==> next_comm=swapper/3 next_pid=0 next_prio=120
          <idle>-0     [003] d...    87.497478: cpu_idle: state=2 cpu_id=3
          <idle>-0     [003] d...    87.498514: cpu_idle: state=4294967295 cpu_id=3
          <idle>-0     [003] d.h.    87.498517: sched_waking: comm=vlc pid=2957 prio=120 target_cpu=003
          <idle>-0     [003] d.h.    87.498518: sutil_marker: Schedutil: get_next_freq: 800000: 1024
          <idle>-0     [003] d.h.    87.498519: sutil_marker: Schedutil: update-single-util: 132: 129
          <idle>-0     [003] d.h.    87.498519: sutil_marker: Schedutil: update-single-boost: 132: 129
          <idle>-0     [003] d.h.    87.498519: sutil_marker: Schedutil: update-single-freq: 800000: 800000
          <idle>-0     [003] dNh.    87.498519: sched_wakeup: comm=vlc pid=2957 prio=120 target_cpu=003
          <idle>-0     [003] d...    87.498520: sched_switch: prev_comm=swapper/3 prev_pid=0 prev_prio=120 prev_state=R ==> next_comm=vlc next_pid=2957 next_prio=120
             vlc-2957  [003] d...    87.498543: sched_waking: comm=vlc pid=2959 prio=120 target_cpu=004
             vlc-2957  [003] d...    87.498544: sched_wake_idle_without_ipi: cpu=4
             vlc-2957  [003] d...    87.498544: sched_wakeup: comm=vlc pid=2959 prio=120 target_cpu=004
             vlc-2957  [003] d...    87.498547: sched_stat_runtime: comm=vlc pid=2957 runtime=29918 [ns] vruntime=8110801606 [ns]
             vlc-2957  [003] d...    87.498548: sched_switch: prev_comm=vlc prev_pid=2957 prev_prio=120 prev_state=S ==> next_comm=swapper/3 next_pid=0 next_prio=120
          <idle>-0     [003] d...    87.498565: cpu_idle: state=4 cpu_id=3
          <idle>-0     [003] dN..    87.498983: cpu_idle: state=4294967295 cpu_id=3
          <idle>-0     [003] d...    87.498986: sched_switch: prev_comm=swapper/3 prev_pid=0 prev_prio=120 prev_state=R ==> next_comm=threaded-ml next_pid=1603 next_prio=120
     threaded-ml-1603  [003] d...    87.499000: sched_waking: comm=pulseaudio pid=1481 prio=109 target_cpu=001
     threaded-ml-1603  [003] d...    87.499003: sched_wake_idle_without_ipi: cpu=1
     threaded-ml-1603  [003] d...    87.499003: sched_wakeup: comm=pulseaudio pid=1481 prio=109 target_cpu=001
     threaded-ml-1603  [003] d...    87.499011: sched_stat_runtime: comm=threaded-ml pid=1603 runtime=51933 [ns] vruntime=8110823621 [ns]
     threaded-ml-1603  [003] d...    87.499013: sched_switch: prev_comm=threaded-ml prev_pid=1603 prev_prio=120 prev_state=S ==> next_comm=swapper/3 next_pid=0 next_prio=120
          <idle>-0     [003] d...    87.499014: cpu_idle: state=4 cpu_id=3
          <idle>-0     [003] dN..    87.499405: cpu_idle: state=4294967295 cpu_id=3
          <idle>-0     [003] d...    87.499407: sched_switch: prev_comm=swapper/3 prev_pid=0 prev_prio=120 prev_state=R ==> next_comm=threaded-ml next_pid=1603 next_prio=120
     threaded-ml-1603  [003] d...    87.499413: sched_waking: comm=pulseaudio pid=1481 prio=109 target_cpu=001
     threaded-ml-1603  [003] d...    87.499414: sched_wake_idle_without_ipi: cpu=1
     threaded-ml-1603  [003] d...    87.499414: sched_wakeup: comm=pulseaudio pid=1481 prio=109 target_cpu=001
     threaded-ml-1603  [003] d...    87.499418: sched_stat_runtime: comm=threaded-ml pid=1603 runtime=36933 [ns] vruntime=8110860554 [ns]
     threaded-ml-1603  [003] d...    87.499419: sched_switch: prev_comm=threaded-ml prev_pid=1603 prev_prio=120 prev_state=S ==> next_comm=swapper/3 next_pid=0 next_prio=120
          <idle>-0     [003] d...    87.499420: cpu_idle: state=2 cpu_id=3
          <idle>-0     [003] d...    87.499496: cpu_idle: state=4294967295 cpu_id=3
          <idle>-0     [003] d.s.    87.499504: sched_waking: comm=rcu_sched pid=8 prio=120 target_cpu=003
          <idle>-0     [003] dNs.    87.499505: sched_wakeup: comm=rcu_sched pid=8 prio=120 target_cpu=003
          <idle>-0     [003] d...    87.499511: sched_switch: prev_comm=swapper/3 prev_pid=0 prev_prio=120 prev_state=R ==> next_comm=rcu_sched next_pid=8 next_prio=120
       rcu_sched-8     [003] d...    87.499514: sched_stat_runtime: comm=rcu_sched pid=8 runtime=8961 [ns] vruntime=48709076907 [ns]
       rcu_sched-8     [003] d...    87.499515: sched_switch: prev_comm=rcu_sched prev_pid=8 prev_prio=120 prev_state=S ==> next_comm=swapper/3 next_pid=0 next_prio=120
          <idle>-0     [003] d...    87.499516: cpu_idle: state=6 cpu_id=3
          <idle>-0     [003] d...    87.503529: cpu_idle: state=4294967295 cpu_id=3
          <idle>-0     [003] d.s.    87.503554: sutil_marker: Schedutil: get_next_freq: 800000: 1024
          <idle>-0     [003] d.s.    87.503554: sutil_marker: Schedutil: update-single-util: 129: 119
          <idle>-0     [003] d.s.    87.503554: sutil_marker: Schedutil: update-single-boost: 129: 119
          <idle>-0     [003] d.s.    87.503554: sutil_marker: Schedutil: update-single-freq: 800000: 800000
          <idle>-0     [003] d...    87.503579: cpu_idle: state=6 cpu_id=3
          <idle>-0     [003] d...    87.507533: cpu_idle: state=4294967295 cpu_id=3
          <idle>-0     [003] d.s.    87.507542: sched_waking: comm=rcu_sched pid=8 prio=120 target_cpu=003
          <idle>-0     [003] d.s.    87.507544: sutil_marker: Schedutil: get_next_freq: 800000: 1024
          <idle>-0     [003] d.s.    87.507545: sutil_marker: Schedutil: update-single-util: 119: 109
          <idle>-0     [003] d.s.    87.507545: sutil_marker: Schedutil: update-single-boost: 119: 109
          <idle>-0     [003] d.s.    87.507545: sutil_marker: Schedutil: update-single-freq: 800000: 800000
          <idle>-0     [003] dNs.    87.507548: sched_wakeup: comm=rcu_sched pid=8 prio=120 target_cpu=003
          <idle>-0     [003] d...    87.507555: sched_switch: prev_comm=swapper/3 prev_pid=0 prev_prio=120 prev_state=R ==> next_comm=rcu_sched next_pid=8 next_prio=120
       rcu_sched-8     [003] d...    87.507561: sched_stat_runtime: comm=rcu_sched pid=8 runtime=11881 [ns] vruntime=48709088788 [ns]
       rcu_sched-8     [003] d...    87.507563: sched_switch: prev_comm=rcu_sched prev_pid=8 prev_prio=120 prev_state=S ==> next_comm=swapper/3 next_pid=0 next_prio=120
          <idle>-0     [003] d...    87.507565: cpu_idle: state=6 cpu_id=3
          <idle>-0     [003] d...    87.511531: cpu_idle: state=4294967295 cpu_id=3
          <idle>-0     [003] d.s.    87.511538: sutil_marker: Schedutil: get_next_freq: 800000: 1024
          <idle>-0     [003] d.s.    87.511539: sutil_marker: Schedutil: update-single-util: 109: 101
          <idle>-0     [003] d.s.    87.511539: sutil_marker: Schedutil: update-single-boost: 109: 101
          <idle>-0     [003] d.s.    87.511539: sutil_marker: Schedutil: update-single-freq: 800000: 800000
          <idle>-0     [003] d...    87.511548: cpu_idle: state=6 cpu_id=3
          <idle>-0     [003] dN..    87.513729: cpu_idle: state=4294967295 cpu_id=3
          <idle>-0     [003] d...    87.513734: sched_switch: prev_comm=swapper/3 prev_pid=0 prev_prio=120 prev_state=R ==> next_comm=Chrome_ChildIOT next_pid=3068 next_prio=120
 Chrome_ChildIOT-3068  [003] d...    87.513829: sched_waking: comm=Compositor pid=3069 prio=120 target_cpu=005
 Chrome_ChildIOT-3068  [003] d...    87.513836: sched_wake_idle_without_ipi: cpu=5
 Chrome_ChildIOT-3068  [003] d...    87.513837: sched_wakeup: comm=Compositor pid=3069 prio=120 target_cpu=005
 Chrome_ChildIOT-3068  [003] d...    87.513860: sched_stat_runtime: comm=Chrome_ChildIOT pid=3068 runtime=162815 [ns] vruntime=8122934503 [ns]
 Chrome_ChildIOT-3068  [003] d...    87.513864: sched_switch: prev_comm=Chrome_ChildIOT prev_pid=3068 prev_prio=120 prev_state=S ==> next_comm=swapper/3 next_pid=0 next_prio=120
          <idle>-0     [003] d...    87.513871: cpu_idle: state=6 cpu_id=3
          <idle>-0     [003] dN..    87.514930: cpu_idle: state=4294967295 cpu_id=3
          <idle>-0     [003] d...    87.514940: sched_switch: prev_comm=swapper/3 prev_pid=0 prev_prio=120 prev_state=R ==> next_comm=Chrome_ChildIOT next_pid=3068 next_prio=120
 Chrome_ChildIOT-3068  [003] d...    87.515027: sched_waking: comm=Chrome_IOThread pid=1860 prio=120 target_cpu=000
 Chrome_ChildIOT-3068  [003] d...    87.515032: sched_migrate_task: comm=Chrome_IOThread pid=1860 prio=120 orig_cpu=0 dest_cpu=1
 Chrome_ChildIOT-3068  [003] d...    87.515036: sutil_marker: Schedutil: attach_entity_load_avg: 0: 0
 Chrome_ChildIOT-3068  [003] d...    87.515040: sched_wake_idle_without_ipi: cpu=1
 Chrome_ChildIOT-3068  [003] d...    87.515041: sched_wakeup: comm=Chrome_IOThread pid=1860 prio=120 target_cpu=001
 Chrome_ChildIOT-3068  [003] d...    87.515123: sched_stat_runtime: comm=Chrome_ChildIOT pid=3068 runtime=225567 [ns] vruntime=8123160070 [ns]
 Chrome_ChildIOT-3068  [003] d...    87.515127: sutil_marker: Schedutil: get_next_freq: 800000: 1024
 Chrome_ChildIOT-3068  [003] d...    87.515128: sutil_marker: Schedutil: update-single-util: 101: 102
 Chrome_ChildIOT-3068  [003] d...    87.515128: sutil_marker: Schedutil: update-single-boost: 101: 102
 Chrome_ChildIOT-3068  [003] d...    87.515129: sutil_marker: Schedutil: update-single-freq: 800000: 800000
 Chrome_ChildIOT-3068  [003] d...    87.515132: sched_switch: prev_comm=Chrome_ChildIOT prev_pid=3068 prev_prio=120 prev_state=S ==> next_comm=swapper/3 next_pid=0 next_prio=120
          <idle>-0     [003] d...    87.515140: cpu_idle: state=3 cpu_id=3
          <idle>-0     [003] d...    87.515514: cpu_idle: state=4294967295 cpu_id=3
          <idle>-0     [003] d.s.    87.515534: sched_waking: comm=rcu_sched pid=8 prio=120 target_cpu=003
          <idle>-0     [003] dNs.    87.515537: sched_wakeup: comm=rcu_sched pid=8 prio=120 target_cpu=003
          <idle>-0     [003] d...    87.515552: sched_switch: prev_comm=swapper/3 prev_pid=0 prev_prio=120 prev_state=R ==> next_comm=rcu_sched next_pid=8 next_prio=120
       rcu_sched-8     [003] d...    87.515561: sched_stat_runtime: comm=rcu_sched pid=8 runtime=21459 [ns] vruntime=48709919862 [ns]
       rcu_sched-8     [003] d...    87.515562: sched_switch: prev_comm=rcu_sched prev_pid=8 prev_prio=120 prev_state=S ==> next_comm=swapper/3 next_pid=0 next_prio=120
          <idle>-0     [003] d...    87.515567: cpu_idle: state=6 cpu_id=3
          <idle>-0     [003] dN..    87.515803: cpu_idle: state=4294967295 cpu_id=3
          <idle>-0     [003] d...    87.515815: sched_switch: prev_comm=swapper/3 prev_pid=0 prev_prio=120 prev_state=R ==> next_comm=Chrome_ChildIOT next_pid=3068 next_prio=120
 Chrome_ChildIOT-3068  [003] d...    87.515928: sched_waking: comm=Compositor pid=3069 prio=120 target_cpu=005
 Chrome_ChildIOT-3068  [003] d...    87.515934: sched_wake_idle_without_ipi: cpu=5
 Chrome_ChildIOT-3068  [003] d...    87.515936: sched_wakeup: comm=Compositor pid=3069 prio=120 target_cpu=005
 Chrome_ChildIOT-3068  [003] d...    87.515960: sched_stat_runtime: comm=Chrome_ChildIOT pid=3068 runtime=192650 [ns] vruntime=8123352720 [ns]
 Chrome_ChildIOT-3068  [003] d...    87.515965: sched_switch: prev_comm=Chrome_ChildIOT prev_pid=3068 prev_prio=120 prev_state=S ==> next_comm=swapper/3 next_pid=0 next_prio=120
          <idle>-0     [003] d...    87.515975: cpu_idle: state=6 cpu_id=3
          <idle>-0     [003] dN..    87.518528: cpu_idle: state=4294967295 cpu_id=3
          <idle>-0     [003] d...    87.518541: sched_switch: prev_comm=swapper/3 prev_pid=0 prev_prio=120 prev_state=R ==> next_comm=chrome next_pid=1524 next_prio=120
          chrome-1524  [003] d...    87.518664: sched_stat_runtime: comm=chrome pid=1524 runtime=167607 [ns] vruntime=8123520327 [ns]
          chrome-1524  [003] d...    87.518668: sched_switch: prev_comm=chrome prev_pid=1524 prev_prio=120 prev_state=S ==> next_comm=swapper/3 next_pid=0 next_prio=120
          <idle>-0     [003] d...    87.518678: cpu_idle: state=6 cpu_id=3
          <idle>-0     [003] dN..    87.518905: cpu_idle: state=4294967295 cpu_id=3
          <idle>-0     [003] d...    87.518916: sched_switch: prev_comm=swapper/3 prev_pid=0 prev_prio=120 prev_state=R ==> next_comm=chrome next_pid=1524 next_prio=120
          chrome-1524  [003] d...    87.519023: sched_stat_runtime: comm=chrome pid=1524 runtime=147335 [ns] vruntime=8123667662 [ns]
          chrome-1524  [003] d...    87.519027: sched_switch: prev_comm=chrome prev_pid=1524 prev_prio=120 prev_state=S ==> next_comm=swapper/3 next_pid=0 next_prio=120
          <idle>-0     [003] d...    87.519035: cpu_idle: state=6 cpu_id=3
          <idle>-0     [003] dN..    87.521592: cpu_idle: state=4294967295 cpu_id=3
          <idle>-0     [003] d...    87.521604: sched_switch: prev_comm=swapper/3 prev_pid=0 prev_prio=120 prev_state=R ==> next_comm=threaded-ml next_pid=1603 next_prio=120
     threaded-ml-1603  [003] d...    87.521648: sched_stat_runtime: comm=threaded-ml pid=1603 runtime=51364 [ns] vruntime=8111719026 [ns]
     threaded-ml-1603  [003] d...    87.521652: sched_switch: prev_comm=threaded-ml prev_pid=1603 prev_prio=120 prev_state=S ==> next_comm=swapper/3 next_pid=0 next_prio=120
          <idle>-0     [003] d...    87.521658: cpu_idle: state=4 cpu_id=3
          <idle>-0     [003] dN..    87.521995: cpu_idle: state=4294967295 cpu_id=3
          <idle>-0     [003] d...    87.522002: sched_switch: prev_comm=swapper/3 prev_pid=0 prev_prio=120 prev_state=R ==> next_comm=threaded-ml next_pid=1603 next_prio=120
     threaded-ml-1603  [003] d...    87.522032: sched_stat_runtime: comm=threaded-ml pid=1603 runtime=73031 [ns] vruntime=8111792057 [ns]
     threaded-ml-1603  [003] d...    87.522035: sched_switch: prev_comm=threaded-ml prev_pid=1603 prev_prio=120 prev_state=S ==> next_comm=swapper/3 next_pid=0 next_prio=120
          <idle>-0     [003] d...    87.522042: cpu_idle: state=4 cpu_id=3
          <idle>-0     [003] d...    87.523534: cpu_idle: state=4294967295 cpu_id=3
          <idle>-0     [003] d.s.    87.523550: sched_waking: comm=rcu_sched pid=8 prio=120 target_cpu=003
          <idle>-0     [003] d.s.    87.523554: sutil_marker: Schedutil: get_next_freq: 800000: 1024
          <idle>-0     [003] d.s.    87.523555: sutil_marker: Schedutil: update-single-util: 102: 298
          <idle>-0     [003] d.s.    87.523556: sutil_marker: Schedutil: update-single-boost: 102: 298
          <idle>-0     [003] d.s.    87.523556: sutil_marker: Schedutil: update-single-freq: 800000: 800000
          <idle>-0     [003] dNs.    87.523559: sched_wakeup: comm=rcu_sched pid=8 prio=120 target_cpu=003
          <idle>-0     [003] d...    87.523574: sched_switch: prev_comm=swapper/3 prev_pid=0 prev_prio=120 prev_state=R ==> next_comm=rcu_sched next_pid=8 next_prio=120
       rcu_sched-8     [003] d...    87.523582: sched_stat_runtime: comm=rcu_sched pid=8 runtime=20735 [ns] vruntime=48711255999 [ns]
       rcu_sched-8     [003] d...    87.523585: sched_switch: prev_comm=rcu_sched prev_pid=8 prev_prio=120 prev_state=S ==> next_comm=swapper/3 next_pid=0 next_prio=120
          <idle>-0     [003] d...    87.523592: cpu_idle: state=6 cpu_id=3
          <idle>-0     [003] dN..    87.527775: cpu_idle: state=4294967295 cpu_id=3
          <idle>-0     [003] d...    87.527785: sched_switch: prev_comm=swapper/3 prev_pid=0 prev_prio=120 prev_state=R ==> next_comm=chrome next_pid=1524 next_prio=120
          chrome-1524  [003] d...    87.527883: sched_stat_runtime: comm=chrome pid=1524 runtime=102452 [ns] vruntime=8123770114 [ns]
