          chrome-1524  [003] d...    87.527886: sched_switch: prev_comm=chrome prev_pid=1524 prev_prio=120 prev_state=S ==> next_comm=swapper/3 next_pid=0 next_prio=120
          <idle>-0     [003] d...    87.527893: cpu_idle: state=4 cpu_id=3
          <idle>-0     [003] dN..    87.528008: cpu_idle: state=4294967295 cpu_id=3
          <idle>-0     [003] d...    87.528016: sched_switch: prev_comm=swapper/3 prev_pid=0 prev_prio=120 prev_state=R ==> next_comm=Chrome_ChildIOT next_pid=3068 next_prio=120
 Chrome_ChildIOT-3068  [003] d...    87.528114: sched_waking: comm=ServiceWorker T pid=3076 prio=120 target_cpu=004
 Chrome_ChildIOT-3068  [003] d...    87.528121: sched_wake_idle_without_ipi: cpu=4
 Chrome_ChildIOT-3068  [003] d...    87.528123: sched_wakeup: comm=ServiceWorker T pid=3076 prio=120 target_cpu=004
 Chrome_ChildIOT-3068  [003] d...    87.528147: sched_stat_runtime: comm=Chrome_ChildIOT pid=3068 runtime=167815 [ns] vruntime=8123520535 [ns]
 Chrome_ChildIOT-3068  [003] d...    87.528151: sched_switch: prev_comm=Chrome_ChildIOT prev_pid=3068 prev_prio=120 prev_state=S ==> next_comm=swapper/3 next_pid=0 next_prio=120
          <idle>-0     [003] d...    87.528159: cpu_idle: state=4 cpu_id=3
          <idle>-0     [003] dN..    87.528510: cpu_idle: state=4294967295 cpu_id=3
          <idle>-0     [003] d...    87.528518: sched_switch: prev_comm=swapper/3 prev_pid=0 prev_prio=120 prev_state=R ==> next_comm=Chrome_ChildIOT next_pid=3068 next_prio=120
 Chrome_ChildIOT-3068  [003] d...    87.528576: sched_waking: comm=Chrome_IOThread pid=1860 prio=120 target_cpu=001
 Chrome_ChildIOT-3068  [003] d...    87.528582: sched_wake_idle_without_ipi: cpu=1
 Chrome_ChildIOT-3068  [003] d...    87.528583: sched_wakeup: comm=Chrome_IOThread pid=1860 prio=120 target_cpu=001
 Chrome_ChildIOT-3068  [003] d...    87.528607: sched_stat_runtime: comm=Chrome_ChildIOT pid=3068 runtime=133343 [ns] vruntime=8123653878 [ns]
 Chrome_ChildIOT-3068  [003] d...    87.528610: sutil_marker: Schedutil: get_next_freq: 800000: 1024
 Chrome_ChildIOT-3068  [003] d...    87.528611: sutil_marker: Schedutil: update-single-util: 298: 278
 Chrome_ChildIOT-3068  [003] d...    87.528612: sutil_marker: Schedutil: update-single-boost: 298: 278
 Chrome_ChildIOT-3068  [003] d...    87.528612: sutil_marker: Schedutil: update-single-freq: 800000: 800000
 Chrome_ChildIOT-3068  [003] d...    87.528614: sched_switch: prev_comm=Chrome_ChildIOT prev_pid=3068 prev_prio=120 prev_state=S ==> next_comm=swapper/3 next_pid=0 next_prio=120
          <idle>-0     [003] d...    87.528622: cpu_idle: state=4 cpu_id=3
          <idle>-0     [003] dN..    87.529203: cpu_idle: state=4294967295 cpu_id=3
          <idle>-0     [003] d...    87.529211: sched_switch: prev_comm=swapper/3 prev_pid=0 prev_prio=120 prev_state=R ==> next_comm=SimpleCacheWork next_pid=2466 next_prio=120
           <...>-2466  [003] d...    87.529229: sched_waking: comm=SimpleCacheWork pid=1906 prio=120 target_cpu=007
           <...>-2466  [003] d...    87.529235: sched_wake_idle_without_ipi: cpu=7
           <...>-2466  [003] d...    87.529236: sched_wakeup: comm=SimpleCacheWork pid=1906 prio=120 target_cpu=007
           <...>-2466  [003] d.h.    87.529368: sched_waking: comm=chrome pid=2150 prio=120 target_cpu=003
           <...>-2466  [003] d.h.    87.529371: sched_migrate_task: comm=chrome pid=2150 prio=120 orig_cpu=3 dest_cpu=4
           <...>-2466  [003] d.h.    87.529373: sutil_marker: Schedutil: attach_entity_load_avg: 0: 0
           <...>-2466  [003] d.h.    87.529375: sched_wake_idle_without_ipi: cpu=4
           <...>-2466  [003] d.h.    87.529376: sched_wakeup: comm=chrome pid=2150 prio=120 target_cpu=004
           <...>-2466  [003] d...    87.529486: sched_waking: comm=Chrome_IOThread pid=1860 prio=120 target_cpu=001
           <...>-2466  [003] d...    87.529490: sched_wake_idle_without_ipi: cpu=1
           <...>-2466  [003] d...    87.529490: sched_wakeup: comm=Chrome_IOThread pid=1860 prio=120 target_cpu=001
           <...>-2466  [003] d...    87.529500: sched_stat_runtime: comm=SimpleCacheWork pid=2466 runtime=333218 [ns] vruntime=8112103332 [ns]
           <...>-2466  [003] d...    87.529503: sched_switch: prev_comm=SimpleCacheWork prev_pid=2466 prev_prio=120 prev_state=S ==> next_comm=swapper/3 next_pid=0 next_prio=120
          <idle>-0     [003] d...    87.529509: cpu_idle: state=4 cpu_id=3
          <idle>-0     [003] d...    87.529962: cpu_idle: state=4294967295 cpu_id=3
          <idle>-0     [003] d.h.    87.529970: sched_waking: comm=chrome pid=1524 prio=120 target_cpu=003
          <idle>-0     [003] d.h.    87.529976: sutil_marker: Schedutil: get_next_freq: 800000: 1024
          <idle>-0     [003] d.h.    87.529977: sutil_marker: Schedutil: update-single-util: 278: 268
          <idle>-0     [003] d.h.    87.529978: sutil_marker: Schedutil: update-single-boost: 278: 268
          <idle>-0     [003] d.h.    87.529979: sutil_marker: Schedutil: update-single-freq: 800000: 800000
          <idle>-0     [003] dNh.    87.529982: sched_wakeup: comm=chrome pid=1524 prio=120 target_cpu=003
          <idle>-0     [003] d...    87.529988: sched_switch: prev_comm=swapper/3 prev_pid=0 prev_prio=120 prev_state=R ==> next_comm=chrome next_pid=1524 next_prio=120
          chrome-1524  [003] d...    87.530086: sched_waking: comm=Chrome_IOThread pid=1860 prio=120 target_cpu=001
          chrome-1524  [003] d...    87.530090: sched_wake_idle_without_ipi: cpu=1
          chrome-1524  [003] d...    87.530091: sched_wakeup: comm=Chrome_IOThread pid=1860 prio=120 target_cpu=001
          chrome-1524  [003] d...    87.530172: sched_stat_runtime: comm=chrome pid=1524 runtime=198669 [ns] vruntime=8123968783 [ns]
          chrome-1524  [003] d...    87.530176: sched_switch: prev_comm=chrome prev_pid=1524 prev_prio=120 prev_state=S ==> next_comm=swapper/3 next_pid=0 next_prio=120
          <idle>-0     [003] d...    87.530183: cpu_idle: state=4 cpu_id=3
          <idle>-0     [003] d...    87.531503: cpu_idle: state=4294967295 cpu_id=3
          <idle>-0     [003] d.s.    87.531513: sched_waking: comm=rcu_sched pid=8 prio=120 target_cpu=003
          <idle>-0     [003] d.s.    87.531517: sutil_marker: Schedutil: get_next_freq: 800000: 1024
          <idle>-0     [003] d.s.    87.531518: sutil_marker: Schedutil: update-single-util: 268: 264
          <idle>-0     [003] d.s.    87.531518: sutil_marker: Schedutil: update-single-boost: 268: 264
          <idle>-0     [003] d.s.    87.531519: sutil_marker: Schedutil: update-single-freq: 800000: 800000
          <idle>-0     [003] dNs.    87.531521: sched_wakeup: comm=rcu_sched pid=8 prio=120 target_cpu=003
          <idle>-0     [003] d...    87.531539: sched_switch: prev_comm=swapper/3 prev_pid=0 prev_prio=120 prev_state=R ==> next_comm=rcu_sched next_pid=8 next_prio=120
       rcu_sched-8     [003] d...    87.531547: sched_stat_runtime: comm=rcu_sched pid=8 runtime=19207 [ns] vruntime=48713118916 [ns]
       rcu_sched-8     [003] d...    87.531549: sched_switch: prev_comm=rcu_sched prev_pid=8 prev_prio=120 prev_state=S ==> next_comm=swapper/3 next_pid=0 next_prio=120
          <idle>-0     [003] d...    87.531555: cpu_idle: state=6 cpu_id=3
          <idle>-0     [003] dN..    87.531642: cpu_idle: state=4294967295 cpu_id=3
          <idle>-0     [003] d...    87.531646: sched_switch: prev_comm=swapper/3 prev_pid=0 prev_prio=120 prev_state=R ==> next_comm=chrome next_pid=1524 next_prio=120
          chrome-1524  [003] d...    87.532132: sched_waking: comm=Chrome_IOThread pid=1860 prio=120 target_cpu=001
          chrome-1524  [003] d...    87.532136: sched_wake_idle_without_ipi: cpu=1
          chrome-1524  [003] d...    87.532137: sched_wakeup: comm=Chrome_IOThread pid=1860 prio=120 target_cpu=001
          chrome-1524  [003] d...    87.532204: sched_stat_runtime: comm=chrome pid=1524 runtime=567761 [ns] vruntime=8124536544 [ns]
          chrome-1524  [003] d...    87.532208: sutil_marker: Schedutil: get_next_freq: 800000: 1024
          chrome-1524  [003] d...    87.532208: sutil_marker: Schedutil: update-single-util: 264: 221
          chrome-1524  [003] d...    87.532209: sutil_marker: Schedutil: update-single-boost: 264: 221
          chrome-1524  [003] d...    87.532209: sutil_marker: Schedutil: update-single-freq: 800000: 800000
          chrome-1524  [003] d...    87.532211: sched_switch: prev_comm=chrome prev_pid=1524 prev_prio=120 prev_state=S ==> next_comm=swapper/3 next_pid=0 next_prio=120
          <idle>-0     [003] d...    87.532216: cpu_idle: state=6 cpu_id=3
          <idle>-0     [003] dN..    87.532853: cpu_idle: state=4294967295 cpu_id=3
          <idle>-0     [003] d...    87.532860: sched_switch: prev_comm=swapper/3 prev_pid=0 prev_prio=120 prev_state=R ==> next_comm=chrome next_pid=1524 next_prio=120
          chrome-1524  [003] d...    87.532945: sched_stat_runtime: comm=chrome pid=1524 runtime=119490 [ns] vruntime=8124656034 [ns]
          chrome-1524  [003] d...    87.532949: sched_switch: prev_comm=chrome prev_pid=1524 prev_prio=120 prev_state=S ==> next_comm=swapper/3 next_pid=0 next_prio=120
          <idle>-0     [003] d...    87.532954: cpu_idle: state=6 cpu_id=3
          <idle>-0     [003] dN..    87.533281: cpu_idle: state=4294967295 cpu_id=3
          <idle>-0     [003] d...    87.533289: sched_switch: prev_comm=swapper/3 prev_pid=0 prev_prio=120 prev_state=R ==> next_comm=chrome next_pid=1524 next_prio=120
          chrome-1524  [003] d...    87.533488: sched_stat_runtime: comm=chrome pid=1524 runtime=232128 [ns] vruntime=8124888162 [ns]
          chrome-1524  [003] d...    87.533493: sched_switch: prev_comm=chrome prev_pid=1524 prev_prio=120 prev_state=S ==> next_comm=swapper/3 next_pid=0 next_prio=120
          <idle>-0     [003] d...    87.533498: cpu_idle: state=4 cpu_id=3
          <idle>-0     [003] dN..    87.533913: cpu_idle: state=4294967295 cpu_id=3
          <idle>-0     [003] d...    87.533919: sched_switch: prev_comm=swapper/3 prev_pid=0 prev_prio=120 prev_state=R ==> next_comm=SimpleCacheWork next_pid=2466 next_prio=120
           <...>-2466  [003] d...    87.533933: sched_waking: comm=SimpleCacheWork pid=2370 prio=120 target_cpu=007
           <...>-2466  [003] d...    87.533939: sched_wake_idle_without_ipi: cpu=7
           <...>-2466  [003] d...    87.533940: sched_wakeup: comm=SimpleCacheWork pid=2370 prio=120 target_cpu=007
           <...>-2466  [003] d...    87.533965: sched_waking: comm=Chrome_IOThread pid=1860 prio=120 target_cpu=001
           <...>-2466  [003] d...    87.533968: sched_wake_idle_without_ipi: cpu=1
           <...>-2466  [003] d...    87.533968: sched_wakeup: comm=Chrome_IOThread pid=1860 prio=120 target_cpu=001
           <...>-2466  [003] d...    87.533976: sched_stat_runtime: comm=SimpleCacheWork pid=2466 runtime=95844 [ns] vruntime=8112984006 [ns]
           <...>-2466  [003] d...    87.533978: sched_switch: prev_comm=SimpleCacheWork prev_pid=2466 prev_prio=120 prev_state=S ==> next_comm=swapper/3 next_pid=0 next_prio=120
          <idle>-0     [003] d...    87.533981: cpu_idle: state=4 cpu_id=3
          <idle>-0     [003] dN..    87.534312: cpu_idle: state=4294967295 cpu_id=3
          <idle>-0     [003] d...    87.534318: sched_switch: prev_comm=swapper/3 prev_pid=0 prev_prio=120 prev_state=R ==> next_comm=chrome next_pid=1524 next_prio=120
          chrome-1524  [003] d...    87.534435: sched_stat_runtime: comm=chrome pid=1524 runtime=155285 [ns] vruntime=8125043447 [ns]
          chrome-1524  [003] d...    87.534440: sched_switch: prev_comm=chrome prev_pid=1524 prev_prio=120 prev_state=S ==> next_comm=swapper/3 next_pid=0 next_prio=120
          <idle>-0     [003] d...    87.534446: cpu_idle: state=4 cpu_id=3
          <idle>-0     [003] dN..    87.534649: cpu_idle: state=4294967295 cpu_id=3
          <idle>-0     [003] d...    87.534656: sched_switch: prev_comm=swapper/3 prev_pid=0 prev_prio=120 prev_state=R ==> next_comm=chrome next_pid=1524 next_prio=120
          chrome-1524  [003] d...    87.534761: sched_stat_runtime: comm=chrome pid=1524 runtime=143709 [ns] vruntime=8125187156 [ns]
          chrome-1524  [003] d...    87.534764: sched_switch: prev_comm=chrome prev_pid=1524 prev_prio=120 prev_state=S ==> next_comm=swapper/3 next_pid=0 next_prio=120
          <idle>-0     [003] d...    87.534768: cpu_idle: state=4 cpu_id=3
          <idle>-0     [003] dN..    87.534849: cpu_idle: state=4294967295 cpu_id=3
          <idle>-0     [003] d...    87.534855: sched_switch: prev_comm=swapper/3 prev_pid=0 prev_prio=120 prev_state=R ==> next_comm=chrome next_pid=1524 next_prio=120
          chrome-1524  [003] d...    87.535019: sched_waking: comm=Xorg pid=1080 prio=120 target_cpu=002
          chrome-1524  [003] d...    87.535025: sched_wake_idle_without_ipi: cpu=2
          chrome-1524  [003] d...    87.535026: sched_wakeup: comm=Xorg pid=1080 prio=120 target_cpu=002
          chrome-1524  [003] d...    87.535031: sched_stat_runtime: comm=chrome pid=1524 runtime=214125 [ns] vruntime=8125401281 [ns]
          chrome-1524  [003] d...    87.535034: sutil_marker: Schedutil: get_next_freq: 800000: 1024
          chrome-1524  [003] d...    87.535035: sutil_marker: Schedutil: update-single-util: 221: 215
          chrome-1524  [003] d...    87.535035: sutil_marker: Schedutil: update-single-boost: 221: 215
          chrome-1524  [003] d...    87.535036: sutil_marker: Schedutil: update-single-freq: 800000: 800000
          chrome-1524  [003] d...    87.535037: sched_switch: prev_comm=chrome prev_pid=1524 prev_prio=120 prev_state=S ==> next_comm=swapper/3 next_pid=0 next_prio=120
          <idle>-0     [003] d...    87.535042: cpu_idle: state=4 cpu_id=3
          <idle>-0     [003] d...    87.535091: cpu_idle: state=4294967295 cpu_id=3
          <idle>-0     [003] d...    87.535093: cpu_idle: state=4 cpu_id=3
          <idle>-0     [003] dN..    87.535113: cpu_idle: state=4294967295 cpu_id=3
          <idle>-0     [003] d...    87.535116: sched_switch: prev_comm=swapper/3 prev_pid=0 prev_prio=120 prev_state=R ==> next_comm=chrome next_pid=1524 next_prio=120
          chrome-1524  [003] d...    87.535140: sched_stat_runtime: comm=chrome pid=1524 runtime=30697 [ns] vruntime=8125431978 [ns]
          chrome-1524  [003] d...    87.535141: sched_switch: prev_comm=chrome prev_pid=1524 prev_prio=120 prev_state=S ==> next_comm=swapper/3 next_pid=0 next_prio=120
          <idle>-0     [003] d...    87.535143: cpu_idle: state=3 cpu_id=3
          <idle>-0     [003] dN..    87.535167: cpu_idle: state=4294967295 cpu_id=3
          <idle>-0     [003] d...    87.535168: sched_switch: prev_comm=swapper/3 prev_pid=0 prev_prio=120 prev_state=R ==> next_comm=chrome next_pid=1524 next_prio=120
          chrome-1524  [003] d...    87.535269: sched_stat_runtime: comm=chrome pid=1524 runtime=105428 [ns] vruntime=8125537406 [ns]
          chrome-1524  [003] d...    87.535271: sched_switch: prev_comm=chrome prev_pid=1524 prev_prio=120 prev_state=S ==> next_comm=swapper/3 next_pid=0 next_prio=120
          <idle>-0     [003] d...    87.535274: cpu_idle: state=2 cpu_id=3
          <idle>-0     [003] d...    87.535499: cpu_idle: state=4294967295 cpu_id=3
          <idle>-0     [003] d...    87.535508: cpu_idle: state=6 cpu_id=3
          <idle>-0     [003] d...    87.539532: cpu_idle: state=4294967295 cpu_id=3
          <idle>-0     [003] d.s.    87.539543: sched_waking: comm=rcu_sched pid=8 prio=120 target_cpu=003
          <idle>-0     [003] d.s.    87.539546: sutil_marker: Schedutil: get_next_freq: 800000: 1024
          <idle>-0     [003] d.s.    87.539547: sutil_marker: Schedutil: update-single-util: 215: 199
          <idle>-0     [003] d.s.    87.539547: sutil_marker: Schedutil: update-single-boost: 215: 199
          <idle>-0     [003] d.s.    87.539548: sutil_marker: Schedutil: update-single-freq: 800000: 800000
          <idle>-0     [003] dNs.    87.539550: sched_wakeup: comm=rcu_sched pid=8 prio=120 target_cpu=003
          <idle>-0     [003] d...    87.539562: sched_switch: prev_comm=swapper/3 prev_pid=0 prev_prio=120 prev_state=R ==> next_comm=rcu_sched next_pid=8 next_prio=120
       rcu_sched-8     [003] d...    87.539569: sched_stat_runtime: comm=rcu_sched pid=8 runtime=17294 [ns] vruntime=48716320546 [ns]
       rcu_sched-8     [003] d...    87.539571: sched_switch: prev_comm=rcu_sched prev_pid=8 prev_prio=120 prev_state=S ==> next_comm=swapper/3 next_pid=0 next_prio=120
          <idle>-0     [003] d...    87.539575: cpu_idle: state=6 cpu_id=3
          <idle>-0     [003] d...    87.543553: cpu_idle: state=4294967295 cpu_id=3
          <idle>-0     [003] d.s.    87.543569: sutil_marker: Schedutil: get_next_freq: 800000: 1024
          <idle>-0     [003] d.s.    87.543570: sutil_marker: Schedutil: update-single-util: 199: 183
          <idle>-0     [003] d.s.    87.543570: sutil_marker: Schedutil: update-single-boost: 199: 183
          <idle>-0     [003] d.s.    87.543571: sutil_marker: Schedutil: update-single-freq: 800000: 800000
          <idle>-0     [003] d...    87.543584: cpu_idle: state=6 cpu_id=3
          <idle>-0     [003] d...    87.546278: cpu_idle: state=4294967295 cpu_id=3
          <idle>-0     [003] d...    87.546282: cpu_idle: state=6 cpu_id=3
          <idle>-0     [003] d...    87.546319: cpu_idle: state=4294967295 cpu_id=3
          <idle>-0     [003] d.h.    87.546323: sched_waking: comm=chrome pid=1524 prio=120 target_cpu=003
          <idle>-0     [003] d.h.    87.546328: sutil_marker: Schedutil: get_next_freq: 800000: 1024
          <idle>-0     [003] d.h.    87.546329: sutil_marker: Schedutil: update-single-util: 183: 173
          <idle>-0     [003] d.h.    87.546330: sutil_marker: Schedutil: update-single-boost: 183: 173
          <idle>-0     [003] d.h.    87.546330: sutil_marker: Schedutil: update-single-freq: 800000: 800000
          <idle>-0     [003] dNh.    87.546332: sched_wakeup: comm=chrome pid=1524 prio=120 target_cpu=003
          <idle>-0     [003] d...    87.546337: sched_switch: prev_comm=swapper/3 prev_pid=0 prev_prio=120 prev_state=R ==> next_comm=chrome next_pid=1524 next_prio=120
          chrome-1524  [003] d...    87.546428: sched_waking: comm=Chrome_IOThread pid=1860 prio=120 target_cpu=001
          chrome-1524  [003] d...    87.546432: sched_wake_idle_without_ipi: cpu=1
          chrome-1524  [003] d...    87.546432: sched_wakeup: comm=Chrome_IOThread pid=1860 prio=120 target_cpu=001
          chrome-1524  [003] d...    87.546512: sched_stat_runtime: comm=chrome pid=1524 runtime=186466 [ns] vruntime=8125723872 [ns]
          chrome-1524  [003] d...    87.546514: sutil_marker: Schedutil: get_next_freq: 800000: 1024
          chrome-1524  [003] d...    87.546515: sutil_marker: Schedutil: update-single-util: 173: 176
          chrome-1524  [003] d...    87.546516: sutil_marker: Schedutil: update-single-boost: 173: 176
          chrome-1524  [003] d...    87.546516: sutil_marker: Schedutil: update-single-freq: 800000: 800000
          chrome-1524  [003] d...    87.546518: sched_switch: prev_comm=chrome prev_pid=1524 prev_prio=120 prev_state=S ==> next_comm=swapper/3 next_pid=0 next_prio=120
          <idle>-0     [003] d...    87.546522: cpu_idle: state=4 cpu_id=3
          <idle>-0     [003] d...    87.547504: cpu_idle: state=4294967295 cpu_id=3
          <idle>-0     [003] d...    87.547523: cpu_idle: state=6 cpu_id=3
          <idle>-0     [003] dN..    87.548181: cpu_idle: state=4294967295 cpu_id=3
          <idle>-0     [003] d...    87.548188: sched_switch: prev_comm=swapper/3 prev_pid=0 prev_prio=120 prev_state=R ==> next_comm=chrome next_pid=1524 next_prio=120
          chrome-1524  [003] d...    87.548561: sched_waking: comm=Chrome_IOThread pid=1860 prio=120 target_cpu=001
          chrome-1524  [003] d...    87.548571: sched_wake_idle_without_ipi: cpu=1
          chrome-1524  [003] d...    87.548572: sched_wakeup: comm=Chrome_IOThread pid=1860 prio=120 target_cpu=001
          chrome-1524  [003] d...    87.548740: sched_waking: comm=Chrome_IOThread pid=1860 prio=120 target_cpu=001
          chrome-1524  [003] d...    87.548743: sched_wake_idle_without_ipi: cpu=1
          chrome-1524  [003] d...    87.548744: sched_wakeup: comm=Chrome_IOThread pid=1860 prio=120 target_cpu=001
          chrome-1524  [003] d...    87.548826: sched_stat_runtime: comm=chrome pid=1524 runtime=665112 [ns] vruntime=8126388984 [ns]
          chrome-1524  [003] d...    87.548830: sutil_marker: Schedutil: get_next_freq: 800000: 1024
          chrome-1524  [003] d...    87.548832: sutil_marker: Schedutil: update-single-util: 176: 182
          chrome-1524  [003] d...    87.548833: sutil_marker: Schedutil: update-single-boost: 176: 182
          chrome-1524  [003] d...    87.548834: sutil_marker: Schedutil: update-single-freq: 800000: 800000
          chrome-1524  [003] d...    87.548836: sched_switch: prev_comm=chrome prev_pid=1524 prev_prio=120 prev_state=S ==> next_comm=swapper/3 next_pid=0 next_prio=120
          <idle>-0     [003] d...    87.548844: cpu_idle: state=4 cpu_id=3
          <idle>-0     [003] d...    87.550792: cpu_idle: state=4294967295 cpu_id=3
          <idle>-0     [003] d.h.    87.550800: sched_waking: comm=vlc pid=2957 prio=120 target_cpu=003
          <idle>-0     [003] d.h.    87.550806: sutil_marker: Schedutil: get_next_freq: 800000: 1024
          <idle>-0     [003] d.h.    87.550807: sutil_marker: Schedutil: update-single-util: 182: 175
          <idle>-0     [003] d.h.    87.550808: sutil_marker: Schedutil: update-single-boost: 182: 175
          <idle>-0     [003] d.h.    87.550808: sutil_marker: Schedutil: update-single-freq: 800000: 800000
          <idle>-0     [003] dNh.    87.550811: sched_wakeup: comm=vlc pid=2957 prio=120 target_cpu=003
          <idle>-0     [003] d...    87.550817: sched_switch: prev_comm=swapper/3 prev_pid=0 prev_prio=120 prev_state=R ==> next_comm=vlc next_pid=2957 next_prio=120
             vlc-2957  [003] d...    87.550874: sched_waking: comm=vlc pid=2959 prio=120 target_cpu=004
             vlc-2957  [003] d...    87.550878: sched_wake_idle_without_ipi: cpu=4
             vlc-2957  [003] d...    87.550879: sched_wakeup: comm=vlc pid=2959 prio=120 target_cpu=004
             vlc-2957  [003] d...    87.550892: sched_stat_runtime: comm=vlc pid=2957 runtime=88794 [ns] vruntime=8114477778 [ns]
             vlc-2957  [003] d...    87.550895: sched_switch: prev_comm=vlc prev_pid=2957 prev_prio=120 prev_state=S ==> next_comm=swapper/3 next_pid=0 next_prio=120
          <idle>-0     [003] d...    87.550901: cpu_idle: state=4 cpu_id=3
          <idle>-0     [003] d...    87.551438: cpu_idle: state=4294967295 cpu_id=3
          <idle>-0     [003] d...    87.551442: cpu_idle: state=4 cpu_id=3
          <idle>-0     [003] dN..    87.551474: cpu_idle: state=4294967295 cpu_id=3
          <idle>-0     [003] d...    87.551478: sched_switch: prev_comm=swapper/3 prev_pid=0 prev_prio=120 prev_state=R ==> next_comm=chrome next_pid=1524 next_prio=120
          chrome-1524  [003] d.h.    87.551508: sched_stat_runtime: comm=chrome pid=1524 runtime=39715 [ns] vruntime=8126428699 [ns]
          chrome-1524  [003] d.s.    87.551517: sched_waking: comm=rcu_sched pid=8 prio=120 target_cpu=003
          chrome-1524  [003] d.s.    87.551522: sched_migrate_task: comm=rcu_sched pid=8 prio=120 orig_cpu=3 dest_cpu=5
          chrome-1524  [003] d.s.    87.551525: sutil_marker: Schedutil: attach_entity_load_avg: 0: 0
          chrome-1524  [003] d.s.    87.551527: sched_wakeup: comm=rcu_sched pid=8 prio=120 target_cpu=005
          chrome-1524  [003] d.s.    87.551532: sutil_marker: Schedutil: get_next_freq: 800000: 1024
          chrome-1524  [003] d.s.    87.551533: sutil_marker: Schedutil: update-single-util: 175: 174
          chrome-1524  [003] d.s.    87.551533: sutil_marker: Schedutil: update-single-boost: 175: 174
          chrome-1524  [003] d.s.    87.551534: sutil_marker: Schedutil: update-single-freq: 800000: 800000
          chrome-1524  [003] d...    87.551657: sched_stat_runtime: comm=chrome pid=1524 runtime=148365 [ns] vruntime=8126577064 [ns]
          chrome-1524  [003] d...    87.551660: sutil_marker: Schedutil: get_next_freq: 800000: 1024
          chrome-1524  [003] d...    87.551661: sutil_marker: Schedutil: update-single-util: 174: 176
          chrome-1524  [003] d...    87.551662: sutil_marker: Schedutil: update-single-boost: 174: 176
          chrome-1524  [003] d...    87.551663: sutil_marker: Schedutil: update-single-freq: 800000: 800000
          chrome-1524  [003] d...    87.551665: sched_switch: prev_comm=chrome prev_pid=1524 prev_prio=120 prev_state=S ==> next_comm=swapper/3 next_pid=0 next_prio=120
          <idle>-0     [003] d...    87.551670: cpu_idle: state=6 cpu_id=3
          <idle>-0     [003] dN..    87.551838: cpu_idle: state=4294967295 cpu_id=3
          <idle>-0     [003] d...    87.551845: sched_switch: prev_comm=swapper/3 prev_pid=0 prev_prio=120 prev_state=R ==> next_comm=chrome next_pid=1524 next_prio=120
          chrome-1524  [003] d...    87.551995: sched_stat_runtime: comm=chrome pid=1524 runtime=162076 [ns] vruntime=8126739140 [ns]
          chrome-1524  [003] d...    87.551999: sched_switch: prev_comm=chrome prev_pid=1524 prev_prio=120 prev_state=S ==> next_comm=swapper/3 next_pid=0 next_prio=120
          <idle>-0     [003] d...    87.552003: cpu_idle: state=6 cpu_id=3
          <idle>-0     [003] dN..    87.552720: cpu_idle: state=4294967295 cpu_id=3
          <idle>-0     [003] d...    87.552727: sched_switch: prev_comm=swapper/3 prev_pid=0 prev_prio=120 prev_state=R ==> next_comm=threaded-ml next_pid=1603 next_prio=120
     threaded-ml-1603  [003] d...    87.552753: sched_waking: comm=pulseaudio pid=1481 prio=109 target_cpu=001
     threaded-ml-1603  [003] d...    87.552760: sched_wake_idle_without_ipi: cpu=1
     threaded-ml-1603  [003] d...    87.552761: sched_wakeup: comm=pulseaudio pid=1481 prio=109 target_cpu=001
     threaded-ml-1603  [003] d...    87.552780: sched_stat_runtime: comm=threaded-ml pid=1603 runtime=95696 [ns] vruntime=8114834836 [ns]
     threaded-ml-1603  [003] d...    87.552784: sched_switch: prev_comm=threaded-ml prev_pid=1603 prev_prio=120 prev_state=S ==> next_comm=swapper/3 next_pid=0 next_prio=120
          <idle>-0     [003] d...    87.552789: cpu_idle: state=6 cpu_id=3
          <idle>-0     [003] dN..    87.553314: cpu_idle: state=4294967295 cpu_id=3
          <idle>-0     [003] d...    87.553321: sched_switch: prev_comm=swapper/3 prev_pid=0 prev_prio=120 prev_state=R ==> next_comm=threaded-ml next_pid=1603 next_prio=120
     threaded-ml-1603  [003] d...    87.553359: sched_stat_runtime: comm=threaded-ml pid=1603 runtime=81123 [ns] vruntime=8114915959 [ns]
     threaded-ml-1603  [003] d...    87.553362: sched_switch: prev_comm=threaded-ml prev_pid=1603 prev_prio=120 prev_state=S ==> next_comm=swapper/3 next_pid=0 next_prio=120
          <idle>-0     [003] d...    87.553368: cpu_idle: state=4 cpu_id=3
          <idle>-0     [003] dN..    87.553981: cpu_idle: state=4294967295 cpu_id=3
          <idle>-0     [003] d...    87.553983: sched_switch: prev_comm=swapper/3 prev_pid=0 prev_prio=120 prev_state=R ==> next_comm=threaded-ml next_pid=1603 next_prio=120
     threaded-ml-1603  [003] d...    87.553988: sched_waking: comm=pulseaudio pid=1481 prio=109 target_cpu=001
     threaded-ml-1603  [003] d...    87.553989: sched_wake_idle_without_ipi: cpu=1
     threaded-ml-1603  [003] d...    87.553990: sched_wakeup: comm=pulseaudio pid=1481 prio=109 target_cpu=001
     threaded-ml-1603  [003] d...    87.553993: sched_stat_runtime: comm=threaded-ml pid=1603 runtime=39073 [ns] vruntime=8114955032 [ns]
     threaded-ml-1603  [003] d...    87.553994: sched_switch: prev_comm=threaded-ml prev_pid=1603 prev_prio=120 prev_state=S ==> next_comm=swapper/3 next_pid=0 next_prio=120
          <idle>-0     [003] d...    87.553995: cpu_idle: state=4 cpu_id=3
          <idle>-0     [003] dN..    87.554343: cpu_idle: state=4294967295 cpu_id=3
          <idle>-0     [003] d...    87.554344: sched_switch: prev_comm=swapper/3 prev_pid=0 prev_prio=120 prev_state=R ==> next_comm=threaded-ml next_pid=1603 next_prio=120
     threaded-ml-1603  [003] d...    87.554349: sched_waking: comm=pulseaudio pid=1481 prio=109 target_cpu=001
     threaded-ml-1603  [003] d...    87.554350: sched_wake_idle_without_ipi: cpu=1
     threaded-ml-1603  [003] d...    87.554351: sched_wakeup: comm=pulseaudio pid=1481 prio=109 target_cpu=001
     threaded-ml-1603  [003] d...    87.554371: sched_stat_runtime: comm=threaded-ml pid=1603 runtime=38366 [ns] vruntime=8114993398 [ns]
     threaded-ml-1603  [003] d...    87.554371: sched_switch: prev_comm=threaded-ml prev_pid=1603 prev_prio=120 prev_state=S ==> next_comm=swapper/3 next_pid=0 next_prio=120
          <idle>-0     [003] d...    87.554373: cpu_idle: state=4 cpu_id=3
          <idle>-0     [003] d...    87.555545: cpu_idle: state=4294967295 cpu_id=3
          <idle>-0     [003] d.s.    87.555561: sutil_marker: Schedutil: get_next_freq: 800000: 1024
          <idle>-0     [003] d.s.    87.555562: sutil_marker: Schedutil: update-single-util: 176: 171
          <idle>-0     [003] d.s.    87.555562: sutil_marker: Schedutil: update-single-boost: 176: 171
          <idle>-0     [003] d.s.    87.555563: sutil_marker: Schedutil: update-single-freq: 800000: 800000
          <idle>-0     [003] d...    87.555577: cpu_idle: state=6 cpu_id=3
          <idle>-0     [003] d...    87.559544: cpu_idle: state=4294967295 cpu_id=3
          <idle>-0     [003] d.s.    87.559560: sutil_marker: Schedutil: get_next_freq: 800000: 1024
          <idle>-0     [003] d.s.    87.559561: sutil_marker: Schedutil: update-single-util: 171: 157
          <idle>-0     [003] d.s.    87.559561: sutil_marker: Schedutil: update-single-boost: 171: 157
          <idle>-0     [003] d.s.    87.559562: sutil_marker: Schedutil: update-single-freq: 800000: 800000
          <idle>-0     [003] d...    87.559573: cpu_idle: state=6 cpu_id=3
          <idle>-0     [003] dN..    87.562693: cpu_idle: state=4294967295 cpu_id=3
          <idle>-0     [003] d...    87.562695: sched_switch: prev_comm=swapper/3 prev_pid=0 prev_prio=120 prev_state=R ==> next_comm=kworker/u16:5 next_pid=196 next_prio=120
   kworker/u16:5-196   [003] d...    87.562702: sched_stat_runtime: comm=kworker/u16:5 pid=196 runtime=62820 [ns] vruntime=48719236441 [ns]
   kworker/u16:5-196   [003] d...    87.562703: sched_switch: prev_comm=kworker/u16:5 prev_pid=196 prev_prio=120 prev_state=D ==> next_comm=swapper/3 next_pid=0 next_prio=120
          <idle>-0     [003] d...    87.562704: cpu_idle: state=3 cpu_id=3
          <idle>-0     [003] d...    87.563044: cpu_idle: state=4294967295 cpu_id=3
          <idle>-0     [003] d.h.    87.563045: sched_waking: comm=chrome pid=1524 prio=120 target_cpu=003
          <idle>-0     [003] dNh.    87.563047: sched_wakeup: comm=chrome pid=1524 prio=120 target_cpu=003
          <idle>-0     [003] d...    87.563048: sched_switch: prev_comm=swapper/3 prev_pid=0 prev_prio=120 prev_state=R ==> next_comm=chrome next_pid=1524 next_prio=120
          chrome-1524  [003] d...    87.563112: sched_waking: comm=Chrome_IOThread pid=1860 prio=120 target_cpu=001
          chrome-1524  [003] d...    87.563113: sched_wake_idle_without_ipi: cpu=1
          chrome-1524  [003] d...    87.563113: sched_wakeup: comm=Chrome_IOThread pid=1860 prio=120 target_cpu=001
          chrome-1524  [003] d...    87.563163: sched_stat_runtime: comm=chrome pid=1524 runtime=117489 [ns] vruntime=8126856629 [ns]
          chrome-1524  [003] d...    87.563164: sched_switch: prev_comm=chrome prev_pid=1524 prev_prio=120 prev_state=S ==> next_comm=swapper/3 next_pid=0 next_prio=120
          <idle>-0     [003] d...    87.563165: cpu_idle: state=3 cpu_id=3
          <idle>-0     [003] d...    87.563524: cpu_idle: state=4294967295 cpu_id=3
          <idle>-0     [003] d.s.    87.563533: sutil_marker: Schedutil: get_next_freq: 800000: 1024
          <idle>-0     [003] d.s.    87.563533: sutil_marker: Schedutil: update-single-util: 157: 153
          <idle>-0     [003] d.s.    87.563533: sutil_marker: Schedutil: update-single-boost: 157: 153
          <idle>-0     [003] d.s.    87.563533: sutil_marker: Schedutil: update-single-freq: 800000: 800000
          <idle>-0     [003] d...    87.563544: cpu_idle: state=6 cpu_id=3
          <idle>-0     [003] dN..    87.565723: cpu_idle: state=4294967295 cpu_id=3
          <idle>-0     [003] d...    87.565746: sched_switch: prev_comm=swapper/3 prev_pid=0 prev_prio=120 prev_state=R ==> next_comm=chrome next_pid=1524 next_prio=120
          chrome-1524  [003] d...    87.565954: sched_waking: comm=Chrome_IOThread pid=1860 prio=120 target_cpu=001
          chrome-1524  [003] d...    87.565957: sched_wake_idle_without_ipi: cpu=1
          chrome-1524  [003] d...    87.565957: sched_wakeup: comm=Chrome_IOThread pid=1860 prio=120 target_cpu=001
          chrome-1524  [003] d...    87.566000: sched_stat_runtime: comm=chrome pid=1524 runtime=336418 [ns] vruntime=8127193047 [ns]
          chrome-1524  [003] d...    87.566001: sched_switch: prev_comm=chrome prev_pid=1524 prev_prio=120 prev_state=S ==> next_comm=swapper/3 next_pid=0 next_prio=120
          <idle>-0     [003] d...    87.566006: cpu_idle: state=6 cpu_id=3
          <idle>-0     [003] dN..    87.566185: cpu_idle: state=4294967295 cpu_id=3
          <idle>-0     [003] d...    87.566188: sched_switch: prev_comm=swapper/3 prev_pid=0 prev_prio=120 prev_state=R ==> next_comm=chrome next_pid=1524 next_prio=120
          chrome-1524  [003] d...    87.566200: sched_waking: comm=Chrome_IOThread pid=1860 prio=120 target_cpu=001
          chrome-1524  [003] d...    87.566201: sched_wake_idle_without_ipi: cpu=1
          chrome-1524  [003] d...    87.566202: sched_wakeup: comm=Chrome_IOThread pid=1860 prio=120 target_cpu=001
          chrome-1524  [003] d...    87.566315: sched_waking: comm=Chrome_IOThread pid=1860 prio=120 target_cpu=001
          chrome-1524  [003] d...    87.566316: sched_wake_idle_without_ipi: cpu=1
          chrome-1524  [003] d...    87.566316: sched_wakeup: comm=Chrome_IOThread pid=1860 prio=120 target_cpu=001
          chrome-1524  [003] d...    87.566389: sched_waking: comm=Chrome_IOThread pid=1860 prio=120 target_cpu=001
          chrome-1524  [003] d...    87.566389: sched_wake_idle_without_ipi: cpu=1
          chrome-1524  [003] d...    87.566389: sched_wakeup: comm=Chrome_IOThread pid=1860 prio=120 target_cpu=001
          chrome-1524  [003] d...    87.566416: sched_stat_runtime: comm=chrome pid=1524 runtime=254110 [ns] vruntime=8127447157 [ns]
          chrome-1524  [003] d...    87.566417: sutil_marker: Schedutil: get_next_freq: 800000: 1024
          chrome-1524  [003] d...    87.566417: sutil_marker: Schedutil: update-single-util: 153: 156
          chrome-1524  [003] d...    87.566417: sutil_marker: Schedutil: update-single-boost: 153: 156
          chrome-1524  [003] d...    87.566417: sutil_marker: Schedutil: update-single-freq: 800000: 800000
          chrome-1524  [003] d...    87.566418: sched_switch: prev_comm=chrome prev_pid=1524 prev_prio=120 prev_state=S ==> next_comm=swapper/3 next_pid=0 next_prio=120
          <idle>-0     [003] d...    87.566420: cpu_idle: state=4 cpu_id=3
          <idle>-0     [003] dN..    87.567743: cpu_idle: state=4294967295 cpu_id=3
          <idle>-0     [003] d...    87.567746: sched_switch: prev_comm=swapper/3 prev_pid=0 prev_prio=120 prev_state=R ==> next_comm=chrome next_pid=1524 next_prio=120
          chrome-1524  [003] d...    87.567815: sched_stat_runtime: comm=chrome pid=1524 runtime=71121 [ns] vruntime=8127518278 [ns]
          chrome-1524  [003] d...    87.567816: sched_switch: prev_comm=chrome prev_pid=1524 prev_prio=120 prev_state=S ==> next_comm=swapper/3 next_pid=0 next_prio=120
          <idle>-0     [003] d...    87.567818: cpu_idle: state=4 cpu_id=3
          <idle>-0     [003] dN..    87.567824: cpu_idle: state=4294967295 cpu_id=3
          <idle>-0     [003] d...    87.567825: sched_switch: prev_comm=swapper/3 prev_pid=0 prev_prio=120 prev_state=R ==> next_comm=chrome next_pid=1524 next_prio=120
          chrome-1524  [003] d...    87.567842: sched_stat_runtime: comm=chrome pid=1524 runtime=23136 [ns] vruntime=8127541414 [ns]
          chrome-1524  [003] d...    87.567843: sched_switch: prev_comm=chrome prev_pid=1524 prev_prio=120 prev_state=S ==> next_comm=swapper/3 next_pid=0 next_prio=120
          <idle>-0     [003] d...    87.567843: cpu_idle: state=4 cpu_id=3
          <idle>-0     [003] dN..    87.571091: cpu_idle: state=4294967295 cpu_id=3
          <idle>-0     [003] d...    87.571094: sched_switch: prev_comm=swapper/3 prev_pid=0 prev_prio=120 prev_state=R ==> next_comm=chrome next_pid=1524 next_prio=120
          chrome-1524  [003] d...    87.571147: sched_stat_runtime: comm=chrome pid=1524 runtime=57361 [ns] vruntime=8127598775 [ns]
          chrome-1524  [003] d...    87.571148: sched_switch: prev_comm=chrome prev_pid=1524 prev_prio=120 prev_state=S ==> next_comm=swapper/3 next_pid=0 next_prio=120
          <idle>-0     [003] d...    87.571150: cpu_idle: state=6 cpu_id=3
          <idle>-0     [003] dN..    87.571183: cpu_idle: state=4294967295 cpu_id=3
          <idle>-0     [003] d...    87.571184: sched_switch: prev_comm=swapper/3 prev_pid=0 prev_prio=120 prev_state=R ==> next_comm=chrome next_pid=1524 next_prio=120
          chrome-1524  [003] d...    87.571195: sched_stat_runtime: comm=chrome pid=1524 runtime=12824 [ns] vruntime=8127611599 [ns]
          chrome-1524  [003] d...    87.571195: sched_switch: prev_comm=chrome prev_pid=1524 prev_prio=120 prev_state=S ==> next_comm=swapper/3 next_pid=0 next_prio=120
          <idle>-0     [003] d...    87.571196: cpu_idle: state=6 cpu_id=3
          <idle>-0     [003] dN..    87.579048: cpu_idle: state=4294967295 cpu_id=3
          <idle>-0     [003] d...    87.579050: sched_switch: prev_comm=swapper/3 prev_pid=0 prev_prio=120 prev_state=R ==> next_comm=kworker/u16:5 next_pid=196 next_prio=120
   kworker/u16:5-196   [003] d...    87.579076: sched_stat_runtime: comm=kworker/u16:5 pid=196 runtime=27133 [ns] vruntime=48720715666 [ns]
   kworker/u16:5-196   [003] d...    87.579077: sched_switch: prev_comm=kworker/u16:5 prev_pid=196 prev_prio=120 prev_state=S ==> next_comm=swapper/3 next_pid=0 next_prio=120
          <idle>-0     [003] d...    87.579078: cpu_idle: state=4 cpu_id=3
          <idle>-0     [003] dN..    87.579304: cpu_idle: state=4294967295 cpu_id=3
          <idle>-0     [003] d...    87.579307: sched_switch: prev_comm=swapper/3 prev_pid=0 prev_prio=120 prev_state=R ==> next_comm=kworker/u16:5 next_pid=196 next_prio=120
   kworker/u16:5-196   [003] d...    87.579314: sched_stat_runtime: comm=kworker/u16:5 pid=196 runtime=59969 [ns] vruntime=48720775635 [ns]
   kworker/u16:5-196   [003] d...    87.579315: sched_switch: prev_comm=kworker/u16:5 prev_pid=196 prev_prio=120 prev_state=D ==> next_comm=swapper/3 next_pid=0 next_prio=120
          <idle>-0     [003] d...    87.579317: cpu_idle: state=4 cpu_id=3
          <idle>-0     [003] d...    87.580280: cpu_idle: state=4294967295 cpu_id=3
          <idle>-0     [003] d.h.    87.580291: sched_waking: comm=chrome pid=1524 prio=120 target_cpu=003
          <idle>-0     [003] d.h.    87.580300: sutil_marker: Schedutil: get_next_freq: 800000: 1024
          <idle>-0     [003] d.h.    87.580301: sutil_marker: Schedutil: update-single-util: 156: 122
          <idle>-0     [003] d.h.    87.580302: sutil_marker: Schedutil: update-single-boost: 156: 122
          <idle>-0     [003] d.h.    87.580302: sutil_marker: Schedutil: update-single-freq: 800000: 800000
          <idle>-0     [003] dNh.    87.580306: sched_wakeup: comm=chrome pid=1524 prio=120 target_cpu=003
          <idle>-0     [003] d...    87.580317: sched_switch: prev_comm=swapper/3 prev_pid=0 prev_prio=120 prev_state=R ==> next_comm=chrome next_pid=1524 next_prio=120
          chrome-1524  [003] d...    87.580436: sched_waking: comm=Chrome_IOThread pid=1860 prio=120 target_cpu=001
          chrome-1524  [003] d...    87.580443: sched_wake_idle_without_ipi: cpu=1
          chrome-1524  [003] d...    87.580443: sched_wakeup: comm=Chrome_IOThread pid=1860 prio=120 target_cpu=001
          chrome-1524  [003] d...    87.580527: sched_stat_runtime: comm=chrome pid=1524 runtime=215425 [ns] vruntime=8127827024 [ns]
          chrome-1524  [003] d...    87.580533: sched_switch: prev_comm=chrome prev_pid=1524 prev_prio=120 prev_state=S ==> next_comm=swapper/3 next_pid=0 next_prio=120
          <idle>-0     [003] d...    87.580544: cpu_idle: state=6 cpu_id=3
          <idle>-0     [003] dN..    87.588746: cpu_idle: state=4294967295 cpu_id=3
          <idle>-0     [003] d...    87.588758: sched_switch: prev_comm=swapper/3 prev_pid=0 prev_prio=120 prev_state=R ==> next_comm=threaded-ml next_pid=1603 next_prio=120
     threaded-ml-1603  [003] d...    87.588810: sched_stat_runtime: comm=threaded-ml pid=1603 runtime=59439 [ns] vruntime=8115886463 [ns]
     threaded-ml-1603  [003] d...    87.588814: sched_switch: prev_comm=threaded-ml prev_pid=1603 prev_prio=120 prev_state=S ==> next_comm=swapper/3 next_pid=0 next_prio=120
          <idle>-0     [003] d...    87.588822: cpu_idle: state=6 cpu_id=3
          <idle>-0     [003] dN..    87.591051: cpu_idle: state=4294967295 cpu_id=3
          <idle>-0     [003] d...    87.591063: sched_switch: prev_comm=swapper/3 prev_pid=0 prev_prio=120 prev_state=R ==> next_comm=chrome next_pid=1524 next_prio=120
          chrome-1524  [003] d...    87.591328: sched_waking: comm=Xorg pid=1080 prio=120 target_cpu=002
          chrome-1524  [003] d...    87.591335: sched_wake_idle_without_ipi: cpu=2
          chrome-1524  [003] d...    87.591336: sched_wakeup: comm=Xorg pid=1080 prio=120 target_cpu=002
          chrome-1524  [003] d...    87.591343: sched_stat_runtime: comm=chrome pid=1524 runtime=323012 [ns] vruntime=8128150036 [ns]
          chrome-1524  [003] d...    87.591347: sched_switch: prev_comm=chrome prev_pid=1524 prev_prio=120 prev_state=S ==> next_comm=swapper/3 next_pid=0 next_prio=120
          <idle>-0     [003] d...    87.591353: cpu_idle: state=2 cpu_id=3
          <idle>-0     [003] dN..    87.591453: cpu_idle: state=4294967295 cpu_id=3
          <idle>-0     [003] d...    87.591456: sched_switch: prev_comm=swapper/3 prev_pid=0 prev_prio=120 prev_state=R ==> next_comm=chrome next_pid=1524 next_prio=120
          chrome-1524  [003] d...    87.591467: sched_stat_runtime: comm=chrome pid=1524 runtime=18041 [ns] vruntime=8128168077 [ns]
          chrome-1524  [003] d...    87.591468: sched_switch: prev_comm=chrome prev_pid=1524 prev_prio=120 prev_state=S ==> next_comm=swapper/3 next_pid=0 next_prio=120
          <idle>-0     [003] d...    87.591471: cpu_idle: state=2 cpu_id=3
          <idle>-0     [003] dN..    87.591489: cpu_idle: state=4294967295 cpu_id=3
          <idle>-0     [003] d...    87.591491: sched_switch: prev_comm=swapper/3 prev_pid=0 prev_prio=120 prev_state=R ==> next_comm=marco next_pid=2113 next_prio=120
           marco-2113  [003] d.h.    87.591509: sched_stat_runtime: comm=marco pid=2113 runtime=24223 [ns] vruntime=8117098850 [ns]
           marco-2113  [003] d...    87.591578: sched_stat_runtime: comm=marco pid=2113 runtime=69483 [ns] vruntime=8117168333 [ns]
           marco-2113  [003] d...    87.591581: sched_switch: prev_comm=marco prev_pid=2113 prev_prio=120 prev_state=S ==> next_comm=swapper/3 next_pid=0 next_prio=120
          <idle>-0     [003] d...    87.591584: cpu_idle: state=6 cpu_id=3
          <idle>-0     [003] dN..    87.591641: cpu_idle: state=4294967295 cpu_id=3
          <idle>-0     [003] d...    87.591648: sched_switch: prev_comm=swapper/3 prev_pid=0 prev_prio=120 prev_state=R ==> next_comm=marco next_pid=2113 next_prio=120
           marco-2113  [003] d...    87.591701: sched_waking: comm=Xorg pid=1080 prio=120 target_cpu=002
           marco-2113  [003] d...    87.591708: sched_wake_idle_without_ipi: cpu=2
           marco-2113  [003] d...    87.591709: sched_wakeup: comm=Xorg pid=1080 prio=120 target_cpu=002
           marco-2113  [003] d...    87.591715: sched_stat_runtime: comm=marco pid=2113 runtime=111142 [ns] vruntime=8117279475 [ns]
           marco-2113  [003] d...    87.591719: sched_switch: prev_comm=marco prev_pid=2113 prev_prio=120 prev_state=S ==> next_comm=swapper/3 next_pid=0 next_prio=120
          <idle>-0     [003] d...    87.591724: cpu_idle: state=6 cpu_id=3
          <idle>-0     [003] dN..    87.591800: cpu_idle: state=4294967295 cpu_id=3
          <idle>-0     [003] d...    87.591808: sched_switch: prev_comm=swapper/3 prev_pid=0 prev_prio=120 prev_state=R ==> next_comm=marco next_pid=2113 next_prio=120
           marco-2113  [003] d...    87.591851: sched_waking: comm=Xorg pid=1080 prio=120 target_cpu=002
           marco-2113  [003] d...    87.591857: sched_wake_idle_without_ipi: cpu=2
           marco-2113  [003] d...    87.591858: sched_wakeup: comm=Xorg pid=1080 prio=120 target_cpu=002
           marco-2113  [003] d...    87.591865: sched_stat_runtime: comm=marco pid=2113 runtime=99476 [ns] vruntime=8117378951 [ns]
           marco-2113  [003] d...    87.591868: sched_switch: prev_comm=marco prev_pid=2113 prev_prio=120 prev_state=S ==> next_comm=swapper/3 next_pid=0 next_prio=120
          <idle>-0     [003] d...    87.591874: cpu_idle: state=6 cpu_id=3
          <idle>-0     [003] dN..    87.591956: cpu_idle: state=4294967295 cpu_id=3
          <idle>-0     [003] d...    87.591963: sched_switch: prev_comm=swapper/3 prev_pid=0 prev_prio=120 prev_state=R ==> next_comm=marco next_pid=2113 next_prio=120
           marco-2113  [003] d...    87.592022: sched_stat_runtime: comm=marco pid=2113 runtime=103462 [ns] vruntime=8117482413 [ns]
           marco-2113  [003] d...    87.592026: sched_switch: prev_comm=marco prev_pid=2113 prev_prio=120 prev_state=S ==> next_comm=swapper/3 next_pid=0 next_prio=120
          <idle>-0     [003] d...    87.592031: cpu_idle: state=6 cpu_id=3
          <idle>-0     [003] d...    87.595543: cpu_idle: state=4294967295 cpu_id=3
          <idle>-0     [003] d.s.    87.595559: sutil_marker: Schedutil: get_next_freq: 800000: 1024
          <idle>-0     [003] d.s.    87.595560: sutil_marker: Schedutil: update-single-util: 122: 46
          <idle>-0     [003] d.s.    87.595561: sutil_marker: Schedutil: update-single-boost: 122: 46
          <idle>-0     [003] d.s.    87.595561: sutil_marker: Schedutil: update-single-freq: 800000: 800000
          <idle>-0     [003] d...    87.595577: cpu_idle: state=6 cpu_id=3
          <idle>-0     [003] dN..    87.595752: cpu_idle: state=4294967295 cpu_id=3
          <idle>-0     [003] d...    87.595757: sched_switch: prev_comm=swapper/3 prev_pid=0 prev_prio=120 prev_state=R ==> next_comm=kworker/u16:5 next_pid=196 next_prio=120
   kworker/u16:5-196   [003] d...    87.595782: sched_stat_runtime: comm=kworker/u16:5 pid=196 runtime=35010 [ns] vruntime=48722397739 [ns]
   kworker/u16:5-196   [003] d...    87.595785: sched_switch: prev_comm=kworker/u16:5 prev_pid=196 prev_prio=120 prev_state=S ==> next_comm=swapper/3 next_pid=0 next_prio=120
          <idle>-0     [003] d...    87.595791: cpu_idle: state=4 cpu_id=3
          <idle>-0     [003] dN..    87.595942: cpu_idle: state=4294967295 cpu_id=3
          <idle>-0     [003] d...    87.595949: sched_switch: prev_comm=swapper/3 prev_pid=0 prev_prio=120 prev_state=R ==> next_comm=kworker/u16:5 next_pid=196 next_prio=120
   kworker/u16:5-196   [003] d...    87.595973: sched_stat_runtime: comm=kworker/u16:5 pid=196 runtime=59286 [ns] vruntime=48722457025 [ns]
   kworker/u16:5-196   [003] d...    87.595977: sched_switch: prev_comm=kworker/u16:5 prev_pid=196 prev_prio=120 prev_state=D ==> next_comm=swapper/3 next_pid=0 next_prio=120
          <idle>-0     [003] d...    87.595982: cpu_idle: state=4 cpu_id=3
          <idle>-0     [003] d...    87.597790: cpu_idle: state=4294967295 cpu_id=3
          <idle>-0     [003] d.h.    87.597797: sched_waking: comm=watchdog/3 pid=26 prio=0 target_cpu=003
          <idle>-0     [003] dNh.    87.597801: sched_wakeup: comm=watchdog/3 pid=26 prio=0 target_cpu=003
          <idle>-0     [003] d...    87.597809: sched_switch: prev_comm=swapper/3 prev_pid=0 prev_prio=120 prev_state=R ==> next_comm=watchdog/3 next_pid=26 next_prio=0
      watchdog/3-26    [003] d...    87.597814: sutil_marker: Schedutil: update-single-util: 46: 45
      watchdog/3-26    [003] d...    87.597815: sutil_marker: Schedutil: update-single-boost: 46: 45
      watchdog/3-26    [003] d...    87.597816: sutil_marker: Schedutil: update-single-freq: 800000: 4000000
      watchdog/3-26    [003] d...    87.597819: cpu_frequency: state=4000000 cpu_id=3
      watchdog/3-26    [003] d...    87.597823: sched_switch: prev_comm=watchdog/3 prev_pid=26 prev_prio=0 prev_state=S ==> next_comm=swapper/3 next_pid=0 next_prio=120
          <idle>-0     [003] d...    87.597829: cpu_idle: state=4 cpu_id=3
          <idle>-0     [003] dN..    87.598342: cpu_idle: state=4294967295 cpu_id=3
          <idle>-0     [003] d...    87.598344: sched_switch: prev_comm=swapper/3 prev_pid=0 prev_prio=120 prev_state=R ==> next_comm=SimpleCacheWork next_pid=2466 next_prio=120
           <...>-2466  [003] d...    87.598349: sched_waking: comm=SimpleCacheWork pid=1906 prio=120 target_cpu=000
           <...>-2466  [003] d...    87.598350: sched_wake_idle_without_ipi: cpu=0
           <...>-2466  [003] d...    87.598350: sched_wakeup: comm=SimpleCacheWork pid=1906 prio=120 target_cpu=000
           <...>-2466  [003] d...    87.598405: sched_stat_runtime: comm=SimpleCacheWork pid=2466 runtime=85244 [ns] vruntime=8116253321 [ns]
