          chrome-1896  [003] d...    87.304703: sutil_marker: Schedutil: update-single-util: 286: 182
          chrome-1896  [003] d...    87.304703: sutil_marker: Schedutil: update-single-boost: 286: 182
          chrome-1896  [003] d...    87.304703: sutil_marker: Schedutil: update-single-freq: 800000: 800000
          chrome-1896  [003] d...    87.304704: sched_switch: prev_comm=chrome prev_pid=1896 prev_prio=120 prev_state=S ==> next_comm=swapper/3 next_pid=0 next_prio=120
          <idle>-0     [003] d...    87.304706: cpu_idle: state=1 cpu_id=3
          <idle>-0     [003] d...    87.305748: cpu_idle: state=4294967295 cpu_id=3
          <idle>-0     [003] d.h.    87.305749: sched_waking: comm=chrome pid=1896 prio=120 target_cpu=003
          <idle>-0     [003] d.h.    87.305751: sutil_marker: Schedutil: get_next_freq: 800000: 1024
          <idle>-0     [003] d.h.    87.305751: sutil_marker: Schedutil: update-single-util: 182: 178
          <idle>-0     [003] d.h.    87.305751: sutil_marker: Schedutil: update-single-boost: 182: 178
          <idle>-0     [003] d.h.    87.305751: sutil_marker: Schedutil: update-single-freq: 800000: 800000
          <idle>-0     [003] dNh.    87.305752: sched_wakeup: comm=chrome pid=1896 prio=120 target_cpu=003
          <idle>-0     [003] d...    87.305753: sched_switch: prev_comm=swapper/3 prev_pid=0 prev_prio=120 prev_state=R ==> next_comm=chrome next_pid=1896 next_prio=120
          chrome-1896  [003] d...    87.305770: sched_stat_runtime: comm=chrome pid=1896 runtime=20718 [ns] vruntime=8046820554 [ns]
          chrome-1896  [003] d...    87.305771: sched_switch: prev_comm=chrome prev_pid=1896 prev_prio=120 prev_state=S ==> next_comm=swapper/3 next_pid=0 next_prio=120
          <idle>-0     [003] d...    87.305772: cpu_idle: state=1 cpu_id=3
          <idle>-0     [003] d...    87.306820: cpu_idle: state=4294967295 cpu_id=3
          <idle>-0     [003] d.h.    87.306820: sched_waking: comm=chrome pid=1896 prio=120 target_cpu=003
          <idle>-0     [003] d.h.    87.306821: sutil_marker: Schedutil: get_next_freq: 800000: 1024
          <idle>-0     [003] d.h.    87.306821: sutil_marker: Schedutil: update-single-util: 178: 175
          <idle>-0     [003] d.h.    87.306821: sutil_marker: Schedutil: update-single-boost: 178: 175
          <idle>-0     [003] d.h.    87.306821: sutil_marker: Schedutil: update-single-freq: 800000: 800000
          <idle>-0     [003] dNh.    87.306821: sched_wakeup: comm=chrome pid=1896 prio=120 target_cpu=003
          <idle>-0     [003] d...    87.306822: sched_switch: prev_comm=swapper/3 prev_pid=0 prev_prio=120 prev_state=R ==> next_comm=chrome next_pid=1896 next_prio=120
          chrome-1896  [003] d...    87.306856: sched_stat_runtime: comm=chrome pid=1896 runtime=35835 [ns] vruntime=8046856389 [ns]
          chrome-1896  [003] d...    87.306857: sched_switch: prev_comm=chrome prev_pid=1896 prev_prio=120 prev_state=S ==> next_comm=swapper/3 next_pid=0 next_prio=120
          <idle>-0     [003] d...    87.306857: cpu_idle: state=1 cpu_id=3
          <idle>-0     [003] d...    87.307482: cpu_idle: state=4294967295 cpu_id=3
          <idle>-0     [003] d.s.    87.307486: sched_waking: comm=rcu_sched pid=8 prio=120 target_cpu=003
          <idle>-0     [003] d.s.    87.307487: sutil_marker: Schedutil: get_next_freq: 800000: 1024
          <idle>-0     [003] d.s.    87.307487: sutil_marker: Schedutil: update-single-util: 175: 173
          <idle>-0     [003] d.s.    87.307487: sutil_marker: Schedutil: update-single-boost: 175: 173
          <idle>-0     [003] d.s.    87.307487: sutil_marker: Schedutil: update-single-freq: 800000: 800000
          <idle>-0     [003] dNs.    87.307488: sched_wakeup: comm=rcu_sched pid=8 prio=120 target_cpu=003
          <idle>-0     [003] d...    87.307492: sched_switch: prev_comm=swapper/3 prev_pid=0 prev_prio=120 prev_state=R ==> next_comm=rcu_sched next_pid=8 next_prio=120
       rcu_sched-8     [003] d...    87.307496: sched_stat_runtime: comm=rcu_sched pid=8 runtime=7328 [ns] vruntime=48512231356 [ns]
       rcu_sched-8     [003] d...    87.307496: sched_switch: prev_comm=rcu_sched prev_pid=8 prev_prio=120 prev_state=S ==> next_comm=swapper/3 next_pid=0 next_prio=120
          <idle>-0     [003] d...    87.307497: cpu_idle: state=6 cpu_id=3
          <idle>-0     [003] dN..    87.312261: cpu_idle: state=4294967295 cpu_id=3
          <idle>-0     [003] d...    87.312264: sched_switch: prev_comm=swapper/3 prev_pid=0 prev_prio=120 prev_state=R ==> next_comm=chrome next_pid=1896 next_prio=120
          chrome-1896  [003] d...    87.312282: sched_stat_runtime: comm=chrome pid=1896 runtime=19542 [ns] vruntime=8046875931 [ns]
          chrome-1896  [003] d...    87.312283: sched_switch: prev_comm=chrome prev_pid=1896 prev_prio=120 prev_state=S ==> next_comm=swapper/3 next_pid=0 next_prio=120
          <idle>-0     [003] d...    87.312284: cpu_idle: state=6 cpu_id=3
          <idle>-0     [003] dN..    87.313283: cpu_idle: state=4294967295 cpu_id=3
          <idle>-0     [003] d...    87.313285: sched_switch: prev_comm=swapper/3 prev_pid=0 prev_prio=120 prev_state=R ==> next_comm=kworker/u16:5 next_pid=3084 next_prio=120
           <...>-3084  [003] d...    87.313306: sched_waking: comm=migration/3 pid=27 prio=0 target_cpu=003
           <...>-3084  [003] dN..    87.313306: sched_wakeup: comm=migration/3 pid=27 prio=0 target_cpu=003
           <...>-3084  [003] dN..    87.313307: sched_stat_runtime: comm=kworker/u16:5 pid=3084 runtime=27484 [ns] vruntime=48536327593 [ns]
           <...>-3084  [003] d...    87.313307: sched_switch: prev_comm=kworker/u16:5 prev_pid=3084 prev_prio=120 prev_state=R+ ==> next_comm=migration/3 next_pid=27 next_prio=0
           <...>-27    [003] d..1    87.313310: sched_migrate_task: comm=kworker/u16:5 pid=3084 prio=120 orig_cpu=3 dest_cpu=1
           <...>-27    [003] d..1    87.313310: sutil_marker: Schedutil: attach_entity_load_avg: 0: 0
           <...>-27    [003] d..1    87.313311: sched_wake_idle_without_ipi: cpu=1
           <...>-27    [003] d...    87.313314: sutil_marker: Schedutil: get_next_freq: 800000: 1024
           <...>-27    [003] d...    87.313315: sutil_marker: Schedutil: update-single-util: 173: 154
           <...>-27    [003] d...    87.313315: sutil_marker: Schedutil: update-single-boost: 173: 154
           <...>-27    [003] d...    87.313315: sutil_marker: Schedutil: update-single-freq: 800000: 800000
           <...>-27    [003] d...    87.313325: sched_switch: prev_comm=migration/3 prev_pid=27 prev_prio=0 prev_state=S ==> next_comm=swapper/3 next_pid=0 next_prio=120
          <idle>-0     [003] d...    87.313327: cpu_idle: state=6 cpu_id=3
          <idle>-0     [003] dN..    87.313715: cpu_idle: state=4294967295 cpu_id=3
          <idle>-0     [003] d...    87.313717: sched_switch: prev_comm=swapper/3 prev_pid=0 prev_prio=120 prev_state=R ==> next_comm=chrome next_pid=1896 next_prio=120
          chrome-1896  [003] d...    87.314102: sched_stat_runtime: comm=chrome pid=1896 runtime=388910 [ns] vruntime=8047264841 [ns]
          chrome-1896  [003] d...    87.314103: sched_switch: prev_comm=chrome prev_pid=1896 prev_prio=120 prev_state=S ==> next_comm=swapper/3 next_pid=0 next_prio=120
          <idle>-0     [003] d...    87.314105: cpu_idle: state=4 cpu_id=3
          <idle>-0     [003] dN..    87.314214: cpu_idle: state=4294967295 cpu_id=3
          <idle>-0     [003] d...    87.314216: sched_switch: prev_comm=swapper/3 prev_pid=0 prev_prio=120 prev_state=R ==> next_comm=chrome next_pid=1896 next_prio=120
          chrome-1896  [003] d...    87.314304: sched_stat_runtime: comm=chrome pid=1896 runtime=91791 [ns] vruntime=8047356632 [ns]
          chrome-1896  [003] d...    87.314305: sched_switch: prev_comm=chrome prev_pid=1896 prev_prio=120 prev_state=S ==> next_comm=swapper/3 next_pid=0 next_prio=120
          <idle>-0     [003] d...    87.314307: cpu_idle: state=4 cpu_id=3
          <idle>-0     [003] dN..    87.314548: cpu_idle: state=4294967295 cpu_id=3
          <idle>-0     [003] d...    87.314549: sched_switch: prev_comm=swapper/3 prev_pid=0 prev_prio=120 prev_state=R ==> next_comm=chrome next_pid=1896 next_prio=120
          chrome-1896  [003] d...    87.314634: sched_waking: comm=Xorg pid=1080 prio=120 target_cpu=000
          chrome-1896  [003] d...    87.314638: sched_wake_idle_without_ipi: cpu=0
          chrome-1896  [003] d...    87.314638: sched_wakeup: comm=Xorg pid=1080 prio=120 target_cpu=000
          chrome-1896  [003] d...    87.314641: sched_stat_runtime: comm=chrome pid=1896 runtime=95577 [ns] vruntime=8047452209 [ns]
          chrome-1896  [003] d...    87.314642: sched_switch: prev_comm=chrome prev_pid=1896 prev_prio=120 prev_state=S ==> next_comm=swapper/3 next_pid=0 next_prio=120
          <idle>-0     [003] d...    87.314644: cpu_idle: state=3 cpu_id=3
          <idle>-0     [003] dN..    87.314729: cpu_idle: state=4294967295 cpu_id=3
          <idle>-0     [003] d...    87.314730: sched_switch: prev_comm=swapper/3 prev_pid=0 prev_prio=120 prev_state=R ==> next_comm=chrome next_pid=1896 next_prio=120
          chrome-1896  [003] d...    87.315122: sched_waking: comm=Xorg pid=1080 prio=120 target_cpu=000
          chrome-1896  [003] d...    87.315125: sched_wake_idle_without_ipi: cpu=0
          chrome-1896  [003] d...    87.315125: sched_wakeup: comm=Xorg pid=1080 prio=120 target_cpu=000
          chrome-1896  [003] d...    87.315127: sched_stat_runtime: comm=chrome pid=1896 runtime=426327 [ns] vruntime=8047878536 [ns]
          chrome-1896  [003] d...    87.315128: sched_switch: prev_comm=chrome prev_pid=1896 prev_prio=120 prev_state=S ==> next_comm=swapper/3 next_pid=0 next_prio=120
          <idle>-0     [003] d...    87.315130: cpu_idle: state=2 cpu_id=3
          <idle>-0     [003] dN..    87.315151: cpu_idle: state=4294967295 cpu_id=3
          <idle>-0     [003] d...    87.315152: sched_switch: prev_comm=swapper/3 prev_pid=0 prev_prio=120 prev_state=R ==> next_comm=SimpleCacheWork next_pid=1906 next_prio=120
           <...>-1906  [003] d...    87.315158: sched_stat_runtime: comm=SimpleCacheWork pid=1906 runtime=7788 [ns] vruntime=8035886324 [ns]
           <...>-1906  [003] d...    87.315158: sched_switch: prev_comm=SimpleCacheWork prev_pid=1906 prev_prio=120 prev_state=S ==> next_comm=swapper/3 next_pid=0 next_prio=120
          <idle>-0     [003] d...    87.315159: cpu_idle: state=2 cpu_id=3
          <idle>-0     [003] dN..    87.315188: cpu_idle: state=4294967295 cpu_id=3
          <idle>-0     [003] d...    87.315189: sched_switch: prev_comm=swapper/3 prev_pid=0 prev_prio=120 prev_state=R ==> next_comm=chrome next_pid=1896 next_prio=120
          chrome-1896  [003] d...    87.315209: sched_stat_runtime: comm=chrome pid=1896 runtime=22134 [ns] vruntime=8047900670 [ns]
          chrome-1896  [003] d...    87.315210: sched_switch: prev_comm=chrome prev_pid=1896 prev_prio=120 prev_state=S ==> next_comm=swapper/3 next_pid=0 next_prio=120
          <idle>-0     [003] d...    87.315210: cpu_idle: state=2 cpu_id=3
          <idle>-0     [003] dN..    87.315219: cpu_idle: state=4294967295 cpu_id=3
          <idle>-0     [003] d...    87.315219: sched_switch: prev_comm=swapper/3 prev_pid=0 prev_prio=120 prev_state=R ==> next_comm=chrome next_pid=1896 next_prio=120
          chrome-1896  [003] d...    87.315224: sched_stat_runtime: comm=chrome pid=1896 runtime=6506 [ns] vruntime=8047907176 [ns]
          chrome-1896  [003] d...    87.315225: sched_switch: prev_comm=chrome prev_pid=1896 prev_prio=120 prev_state=S ==> next_comm=swapper/3 next_pid=0 next_prio=120
          <idle>-0     [003] d...    87.315225: cpu_idle: state=2 cpu_id=3
          <idle>-0     [003] dN..    87.315231: cpu_idle: state=4294967295 cpu_id=3
          <idle>-0     [003] d...    87.315232: sched_switch: prev_comm=swapper/3 prev_pid=0 prev_prio=120 prev_state=R ==> next_comm=chrome next_pid=1896 next_prio=120
          chrome-1896  [003] d...    87.315237: sched_stat_runtime: comm=chrome pid=1896 runtime=6014 [ns] vruntime=8047913190 [ns]
          chrome-1896  [003] d...    87.315237: sched_switch: prev_comm=chrome prev_pid=1896 prev_prio=120 prev_state=S ==> next_comm=swapper/3 next_pid=0 next_prio=120
          <idle>-0     [003] d...    87.315238: cpu_idle: state=2 cpu_id=3
          <idle>-0     [003] dN..    87.315244: cpu_idle: state=4294967295 cpu_id=3
          <idle>-0     [003] d...    87.315244: sched_switch: prev_comm=swapper/3 prev_pid=0 prev_prio=120 prev_state=R ==> next_comm=chrome next_pid=1896 next_prio=120
          chrome-1896  [003] d...    87.315264: sched_waking: comm=Chrome_ChildIOT pid=1903 prio=120 target_cpu=007
          chrome-1896  [003] d...    87.315266: sched_wake_idle_without_ipi: cpu=7
          chrome-1896  [003] d...    87.315267: sched_wakeup: comm=Chrome_ChildIOT pid=1903 prio=120 target_cpu=007
          chrome-1896  [003] d...    87.315326: sched_waking: comm=Xorg pid=1080 prio=120 target_cpu=000
          chrome-1896  [003] d...    87.315327: sched_wake_idle_without_ipi: cpu=0
          chrome-1896  [003] d...    87.315327: sched_wakeup: comm=Xorg pid=1080 prio=120 target_cpu=000
          chrome-1896  [003] d...    87.315330: sched_stat_runtime: comm=chrome pid=1896 runtime=87323 [ns] vruntime=8048000513 [ns]
          chrome-1896  [003] d...    87.315331: sched_switch: prev_comm=chrome prev_pid=1896 prev_prio=120 prev_state=S ==> next_comm=swapper/3 next_pid=0 next_prio=120
          <idle>-0     [003] d...    87.315332: cpu_idle: state=1 cpu_id=3
          <idle>-0     [003] dN..    87.315355: cpu_idle: state=4294967295 cpu_id=3
          <idle>-0     [003] d...    87.315355: sched_switch: prev_comm=swapper/3 prev_pid=0 prev_prio=120 prev_state=R ==> next_comm=chrome next_pid=1896 next_prio=120
          chrome-1896  [003] d...    87.315370: sched_waking: comm=Chrome_ChildIOT pid=1903 prio=120 target_cpu=007
          chrome-1896  [003] d...    87.315371: sched_wake_idle_without_ipi: cpu=7
          chrome-1896  [003] d...    87.315371: sched_wakeup: comm=Chrome_ChildIOT pid=1903 prio=120 target_cpu=007
          chrome-1896  [003] d...    87.315396: sched_stat_runtime: comm=chrome pid=1896 runtime=42238 [ns] vruntime=8048042751 [ns]
          chrome-1896  [003] d...    87.315397: sched_switch: prev_comm=chrome prev_pid=1896 prev_prio=120 prev_state=S ==> next_comm=swapper/3 next_pid=0 next_prio=120
          <idle>-0     [003] d...    87.315397: cpu_idle: state=1 cpu_id=3
          <idle>-0     [003] d...    87.315483: cpu_idle: state=4294967295 cpu_id=3
          <idle>-0     [003] d.s.    87.315490: sched_waking: comm=rcu_sched pid=8 prio=120 target_cpu=003
          <idle>-0     [003] dNs.    87.315491: sched_wakeup: comm=rcu_sched pid=8 prio=120 target_cpu=003
          <idle>-0     [003] d...    87.315499: sched_switch: prev_comm=swapper/3 prev_pid=0 prev_prio=120 prev_state=R ==> next_comm=rcu_sched next_pid=8 next_prio=120
       rcu_sched-8     [003] d...    87.315503: sched_stat_runtime: comm=rcu_sched pid=8 runtime=11734 [ns] vruntime=48524339327 [ns]
       rcu_sched-8     [003] d...    87.315504: sched_switch: prev_comm=rcu_sched prev_pid=8 prev_prio=120 prev_state=S ==> next_comm=swapper/3 next_pid=0 next_prio=120
          <idle>-0     [003] d...    87.315504: cpu_idle: state=1 cpu_id=3
          <idle>-0     [003] d...    87.316445: cpu_idle: state=4294967295 cpu_id=3
          <idle>-0     [003] d.h.    87.316446: sched_waking: comm=chrome pid=1896 prio=120 target_cpu=003
          <idle>-0     [003] d.h.    87.316448: sutil_marker: Schedutil: get_next_freq: 800000: 1024
          <idle>-0     [003] d.h.    87.316448: sutil_marker: Schedutil: update-single-util: 154: 169
          <idle>-0     [003] d.h.    87.316448: sutil_marker: Schedutil: update-single-boost: 154: 169
          <idle>-0     [003] d.h.    87.316449: sutil_marker: Schedutil: update-single-freq: 800000: 800000
          <idle>-0     [003] dNh.    87.316449: sched_wakeup: comm=chrome pid=1896 prio=120 target_cpu=003
          <idle>-0     [003] d...    87.316450: sched_switch: prev_comm=swapper/3 prev_pid=0 prev_prio=120 prev_state=R ==> next_comm=chrome next_pid=1896 next_prio=120
          chrome-1896  [003] d...    87.316534: sched_stat_runtime: comm=chrome pid=1896 runtime=86820 [ns] vruntime=8048129571 [ns]
          chrome-1896  [003] d...    87.316535: sched_switch: prev_comm=chrome prev_pid=1896 prev_prio=120 prev_state=S ==> next_comm=swapper/3 next_pid=0 next_prio=120
          <idle>-0     [003] d...    87.316536: cpu_idle: state=1 cpu_id=3
          <idle>-0     [003] d...    87.319483: cpu_idle: state=4294967295 cpu_id=3
          <idle>-0     [003] d...    87.319488: cpu_idle: state=2 cpu_id=3
          <idle>-0     [003] d...    87.319620: cpu_idle: state=4294967295 cpu_id=3
          <idle>-0     [003] d.h.    87.319620: sched_waking: comm=skype pid=1528 prio=120 target_cpu=003
          <idle>-0     [003] d.h.    87.319622: sutil_marker: Schedutil: get_next_freq: 800000: 1024
          <idle>-0     [003] d.h.    87.319622: sutil_marker: Schedutil: update-single-util: 169: 160
          <idle>-0     [003] d.h.    87.319622: sutil_marker: Schedutil: update-single-boost: 169: 160
          <idle>-0     [003] d.h.    87.319622: sutil_marker: Schedutil: update-single-freq: 800000: 800000
          <idle>-0     [003] dNh.    87.319622: sched_wakeup: comm=skype pid=1528 prio=120 target_cpu=003
          <idle>-0     [003] d...    87.319623: sched_switch: prev_comm=swapper/3 prev_pid=0 prev_prio=120 prev_state=R ==> next_comm=skype next_pid=1528 next_prio=120
           skype-1528  [003] d...    87.320583: sched_stat_runtime: comm=skype pid=1528 runtime=962609 [ns] vruntime=8037092180 [ns]
           skype-1528  [003] d...    87.320584: sutil_marker: Schedutil: get_next_freq: 800000: 1024
           skype-1528  [003] d...    87.320584: sutil_marker: Schedutil: update-single-util: 160: 177
           skype-1528  [003] d...    87.320584: sutil_marker: Schedutil: update-single-boost: 160: 177
           skype-1528  [003] d...    87.320585: sutil_marker: Schedutil: update-single-freq: 800000: 800000
           skype-1528  [003] d...    87.320585: sched_switch: prev_comm=skype prev_pid=1528 prev_prio=120 prev_state=S ==> next_comm=swapper/3 next_pid=0 next_prio=120
          <idle>-0     [003] d...    87.320586: cpu_idle: state=6 cpu_id=3
          <idle>-0     [003] d...    87.323560: cpu_idle: state=4294967295 cpu_id=3
          <idle>-0     [003] d.s.    87.323586: sched_waking: comm=rcu_sched pid=8 prio=120 target_cpu=003
          <idle>-0     [003] d.s.    87.323587: sutil_marker: Schedutil: get_next_freq: 800000: 1024
          <idle>-0     [003] d.s.    87.323587: sutil_marker: Schedutil: update-single-util: 177: 166
          <idle>-0     [003] d.s.    87.323588: sutil_marker: Schedutil: update-single-boost: 177: 166
          <idle>-0     [003] d.s.    87.323588: sutil_marker: Schedutil: update-single-freq: 800000: 800000
          <idle>-0     [003] dNs.    87.323589: sched_wakeup: comm=rcu_sched pid=8 prio=120 target_cpu=003
          <idle>-0     [003] d...    87.323593: sched_switch: prev_comm=swapper/3 prev_pid=0 prev_prio=120 prev_state=R ==> next_comm=rcu_sched next_pid=8 next_prio=120
       rcu_sched-8     [003] d...    87.323596: sched_stat_runtime: comm=rcu_sched pid=8 runtime=6045 [ns] vruntime=48524345372 [ns]
       rcu_sched-8     [003] d...    87.323597: sched_switch: prev_comm=rcu_sched prev_pid=8 prev_prio=120 prev_state=S ==> next_comm=swapper/3 next_pid=0 next_prio=120
          <idle>-0     [003] d...    87.323598: cpu_idle: state=6 cpu_id=3
          <idle>-0     [003] d...    87.327626: cpu_idle: state=4294967295 cpu_id=3
          <idle>-0     [003] d.s.    87.327651: sutil_marker: Schedutil: get_next_freq: 800000: 1024
          <idle>-0     [003] d.s.    87.327652: sutil_marker: Schedutil: update-single-util: 166: 153
          <idle>-0     [003] d.s.    87.327652: sutil_marker: Schedutil: update-single-boost: 166: 153
          <idle>-0     [003] d.s.    87.327652: sutil_marker: Schedutil: update-single-freq: 800000: 800000
          <idle>-0     [003] d...    87.327656: cpu_idle: state=6 cpu_id=3
          <idle>-0     [003] dN..    87.328864: cpu_idle: state=4294967295 cpu_id=3
          <idle>-0     [003] d...    87.328865: sched_switch: prev_comm=swapper/3 prev_pid=0 prev_prio=120 prev_state=R ==> next_comm=chrome next_pid=1896 next_prio=120
          chrome-1896  [003] d...    87.328891: sched_stat_runtime: comm=chrome pid=1896 runtime=28535 [ns] vruntime=8048158106 [ns]
          chrome-1896  [003] d...    87.328892: sched_switch: prev_comm=chrome prev_pid=1896 prev_prio=120 prev_state=S ==> next_comm=swapper/3 next_pid=0 next_prio=120
          <idle>-0     [003] d...    87.328893: cpu_idle: state=6 cpu_id=3
          <idle>-0     [003] dN..    87.329206: cpu_idle: state=4294967295 cpu_id=3
          <idle>-0     [003] d...    87.329208: sched_switch: prev_comm=swapper/3 prev_pid=0 prev_prio=120 prev_state=R ==> next_comm=chrome next_pid=3067 next_prio=120
           <...>-3067  [003] d...    87.329417: sched_waking: comm=ServiceWorker T pid=3076 prio=120 target_cpu=000
           <...>-3067  [003] d...    87.329419: sched_migrate_task: comm=ServiceWorker T pid=3076 prio=120 orig_cpu=0 dest_cpu=6
           <...>-3067  [003] d...    87.329420: sutil_marker: Schedutil: attach_entity_load_avg: 0: 0
           <...>-3067  [003] d...    87.329420: sched_wake_idle_without_ipi: cpu=6
           <...>-3067  [003] d...    87.329420: sched_wakeup: comm=ServiceWorker T pid=3076 prio=120 target_cpu=006
           <...>-3067  [003] d...    87.329462: sched_waking: comm=ServiceWorker T pid=3076 prio=120 target_cpu=006
           <...>-3067  [003] d...    87.329482: sched_wakeup: comm=ServiceWorker T pid=3076 prio=120 target_cpu=006
           <...>-3067  [003] d...    87.329529: sched_stat_runtime: comm=chrome pid=3067 runtime=324360 [ns] vruntime=8047117281 [ns]
           <...>-3067  [003] d...    87.329529: sutil_marker: Schedutil: get_next_freq: 800000: 1024
           <...>-3067  [003] d...    87.329530: sutil_marker: Schedutil: update-single-util: 153: 481
           <...>-3067  [003] d...    87.329530: sutil_marker: Schedutil: update-single-boost: 153: 481
           <...>-3067  [003] d...    87.329530: sutil_marker: Schedutil: update-single-freq: 800000: 800000
           <...>-3067  [003] d...    87.329530: sched_switch: prev_comm=chrome prev_pid=3067 prev_prio=120 prev_state=S ==> next_comm=swapper/3 next_pid=0 next_prio=120
          <idle>-0     [003] d...    87.329532: cpu_idle: state=6 cpu_id=3
          <idle>-0     [003] dN..    87.329689: cpu_idle: state=4294967295 cpu_id=3
          <idle>-0     [003] d...    87.329691: sched_switch: prev_comm=swapper/3 prev_pid=0 prev_prio=120 prev_state=R ==> next_comm=chrome next_pid=3067 next_prio=120
           <...>-3067  [003] d...    87.329758: sched_stat_runtime: comm=chrome pid=3067 runtime=97278 [ns] vruntime=8047214559 [ns]
           <...>-3067  [003] d...    87.329760: sched_switch: prev_comm=chrome prev_pid=3067 prev_prio=120 prev_state=S ==> next_comm=swapper/3 next_pid=0 next_prio=120
          <idle>-0     [003] d...    87.329761: cpu_idle: state=4 cpu_id=3
          <idle>-0     [003] dN..    87.330131: cpu_idle: state=4294967295 cpu_id=3
          <idle>-0     [003] d...    87.330133: sched_switch: prev_comm=swapper/3 prev_pid=0 prev_prio=120 prev_state=R ==> next_comm=chrome next_pid=3067 next_prio=120
           <...>-3067  [003] d...    87.330480: sched_stat_runtime: comm=chrome pid=3067 runtime=351179 [ns] vruntime=8047565738 [ns]
           <...>-3067  [003] d...    87.330482: sutil_marker: Schedutil: get_next_freq: 800000: 1024
           <...>-3067  [003] d...    87.330482: sutil_marker: Schedutil: update-single-util: 481: 481
           <...>-3067  [003] d...    87.330482: sutil_marker: Schedutil: update-single-boost: 481: 481
           <...>-3067  [003] d...    87.330483: sutil_marker: Schedutil: update-single-freq: 800000: 800000
           <...>-3067  [003] d...    87.330483: sched_switch: prev_comm=chrome prev_pid=3067 prev_prio=120 prev_state=S ==> next_comm=swapper/3 next_pid=0 next_prio=120
          <idle>-0     [003] d...    87.330485: cpu_idle: state=4 cpu_id=3
          <idle>-0     [003] d...    87.331612: cpu_idle: state=4294967295 cpu_id=3
          <idle>-0     [003] d.s.    87.331650: sutil_marker: Schedutil: get_next_freq: 800000: 1024
          <idle>-0     [003] d.s.    87.331651: sutil_marker: Schedutil: update-single-util: 481: 470
          <idle>-0     [003] d.s.    87.331651: sutil_marker: Schedutil: update-single-boost: 481: 470
          <idle>-0     [003] d.s.    87.331651: sutil_marker: Schedutil: update-single-freq: 800000: 800000
          <idle>-0     [003] d...    87.331662: cpu_idle: state=6 cpu_id=3
          <idle>-0     [003] d...    87.335485: cpu_idle: state=4294967295 cpu_id=3
          <idle>-0     [003] d...    87.335493: cpu_idle: state=6 cpu_id=3
          <idle>-0     [003] dN..    87.337201: cpu_idle: state=4294967295 cpu_id=3
          <idle>-0     [003] d...    87.337203: sched_switch: prev_comm=swapper/3 prev_pid=0 prev_prio=120 prev_state=R ==> next_comm=SimpleCacheWork next_pid=1906 next_prio=120
           <...>-1906  [003] d...    87.337207: sched_stat_runtime: comm=SimpleCacheWork pid=1906 runtime=4934 [ns] vruntime=8036163040 [ns]
           <...>-1906  [003] d...    87.337208: sched_switch: prev_comm=SimpleCacheWork prev_pid=1906 prev_prio=120 prev_state=S ==> next_comm=swapper/3 next_pid=0 next_prio=120
          <idle>-0     [003] d...    87.337210: cpu_idle: state=6 cpu_id=3
          <idle>-0     [003] dN..    87.337414: cpu_idle: state=4294967295 cpu_id=3
          <idle>-0     [003] d...    87.337416: sched_switch: prev_comm=swapper/3 prev_pid=0 prev_prio=120 prev_state=R ==> next_comm=dnsmasq next_pid=2173 next_prio=120
           <...>-2173  [003] d...    87.337447: sched_stat_runtime: comm=dnsmasq pid=2173 runtime=33950 [ns] vruntime=96856708 [ns]
           <...>-2173  [003] d...    87.337448: sched_switch: prev_comm=dnsmasq prev_pid=2173 prev_prio=120 prev_state=S ==> next_comm=swapper/3 next_pid=0 next_prio=120
          <idle>-0     [003] d...    87.337450: cpu_idle: state=4 cpu_id=3
          <idle>-0     [003] dN..    87.345751: cpu_idle: state=4294967295 cpu_id=3
          <idle>-0     [003] d...    87.345756: sched_switch: prev_comm=swapper/3 prev_pid=0 prev_prio=120 prev_state=R ==> next_comm=chrome next_pid=1896 next_prio=120
          chrome-1896  [003] d...    87.345813: sched_stat_runtime: comm=chrome pid=1896 runtime=59720 [ns] vruntime=8048217826 [ns]
          chrome-1896  [003] d...    87.345814: sched_switch: prev_comm=chrome prev_pid=1896 prev_prio=120 prev_state=S ==> next_comm=swapper/3 next_pid=0 next_prio=120
          <idle>-0     [003] d...    87.345816: cpu_idle: state=6 cpu_id=3
          <idle>-0     [003] dN..    87.346213: cpu_idle: state=4294967295 cpu_id=3
          <idle>-0     [003] d...    87.346215: sched_switch: prev_comm=swapper/3 prev_pid=0 prev_prio=120 prev_state=R ==> next_comm=chrome next_pid=3067 next_prio=120
           <...>-3067  [003] d...    87.346263: sched_stat_runtime: comm=chrome pid=3067 runtime=74674 [ns] vruntime=8047640412 [ns]
           <...>-3067  [003] d...    87.346264: sched_switch: prev_comm=chrome prev_pid=3067 prev_prio=120 prev_state=S ==> next_comm=swapper/3 next_pid=0 next_prio=120
          <idle>-0     [003] d...    87.346266: cpu_idle: state=6 cpu_id=3
          <idle>-0     [003] d...    87.350676: cpu_idle: state=4294967295 cpu_id=3
          <idle>-0     [003] d.h.    87.350678: sched_waking: comm=skype pid=1528 prio=120 target_cpu=003
          <idle>-0     [003] d.h.    87.350679: sutil_marker: Schedutil: get_next_freq: 800000: 1024
          <idle>-0     [003] d.h.    87.350680: sutil_marker: Schedutil: update-single-util: 470: 320
          <idle>-0     [003] d.h.    87.350680: sutil_marker: Schedutil: update-single-boost: 470: 320
          <idle>-0     [003] d.h.    87.350680: sutil_marker: Schedutil: update-single-freq: 800000: 800000
          <idle>-0     [003] dNh.    87.350680: sched_wakeup: comm=skype pid=1528 prio=120 target_cpu=003
          <idle>-0     [003] d...    87.350682: sched_switch: prev_comm=swapper/3 prev_pid=0 prev_prio=120 prev_state=R ==> next_comm=skype next_pid=1528 next_prio=120
           skype-1528  [003] d...    87.351128: sched_stat_runtime: comm=skype pid=1528 runtime=446656 [ns] vruntime=8037538836 [ns]
           skype-1528  [003] d...    87.351129: sched_switch: prev_comm=skype prev_pid=1528 prev_prio=120 prev_state=S ==> next_comm=swapper/3 next_pid=0 next_prio=120
          <idle>-0     [003] d...    87.351130: cpu_idle: state=6 cpu_id=3
          <idle>-0     [003] dN..    87.359185: cpu_idle: state=4294967295 cpu_id=3
          <idle>-0     [003] d...    87.359193: sched_switch: prev_comm=swapper/3 prev_pid=0 prev_prio=120 prev_state=R ==> next_comm=chrome next_pid=3067 next_prio=120
           <...>-3067  [003] d.h.    87.359491: sched_stat_runtime: comm=chrome pid=3067 runtime=303032 [ns] vruntime=8047943444 [ns]
           <...>-3067  [003] d...    87.359568: sched_waking: comm=ServiceWorker T pid=3076 prio=120 target_cpu=006
           <...>-3067  [003] d...    87.359573: sched_migrate_task: comm=ServiceWorker T pid=3076 prio=120 orig_cpu=6 dest_cpu=0
           <...>-3067  [003] d...    87.359575: sutil_marker: Schedutil: attach_entity_load_avg: 0: 0
           <...>-3067  [003] d...    87.359578: sched_wake_idle_without_ipi: cpu=0
           <...>-3067  [003] d...    87.359579: sched_wakeup: comm=ServiceWorker T pid=3076 prio=120 target_cpu=000
           <...>-3067  [003] d...    87.359629: sched_stat_runtime: comm=chrome pid=3067 runtime=137425 [ns] vruntime=8048080869 [ns]
           <...>-3067  [003] d...    87.359633: sched_switch: prev_comm=chrome prev_pid=3067 prev_prio=120 prev_state=S ==> next_comm=swapper/3 next_pid=0 next_prio=120
          <idle>-0     [003] d...    87.359642: cpu_idle: state=6 cpu_id=3
          <idle>-0     [003] dN..    87.359711: cpu_idle: state=4294967295 cpu_id=3
          <idle>-0     [003] d...    87.359718: sched_switch: prev_comm=swapper/3 prev_pid=0 prev_prio=120 prev_state=R ==> next_comm=chrome next_pid=3067 next_prio=120
           <...>-3067  [003] d...    87.359946: sched_waking: comm=Chrome_ChildIOT pid=3068 prio=120 target_cpu=001
           <...>-3067  [003] d...    87.359950: sched_wake_idle_without_ipi: cpu=1
           <...>-3067  [003] d...    87.359950: sched_wakeup: comm=Chrome_ChildIOT pid=3068 prio=120 target_cpu=001
           <...>-3067  [003] d...    87.359979: sched_stat_runtime: comm=chrome pid=3067 runtime=272586 [ns] vruntime=8048353455 [ns]
           <...>-3067  [003] d...    87.359981: sutil_marker: Schedutil: get_next_freq: 800000: 1024
           <...>-3067  [003] d...    87.359982: sutil_marker: Schedutil: update-single-util: 320: 287
           <...>-3067  [003] d...    87.359982: sutil_marker: Schedutil: update-single-boost: 320: 287
           <...>-3067  [003] d...    87.359983: sutil_marker: Schedutil: update-single-freq: 800000: 800000
           <...>-3067  [003] d...    87.359985: sched_switch: prev_comm=chrome prev_pid=3067 prev_prio=120 prev_state=S ==> next_comm=swapper/3 next_pid=0 next_prio=120
          <idle>-0     [003] d...    87.359990: cpu_idle: state=6 cpu_id=3
          <idle>-0     [003] dN..    87.360067: cpu_idle: state=4294967295 cpu_id=3
          <idle>-0     [003] d...    87.360073: sched_switch: prev_comm=swapper/3 prev_pid=0 prev_prio=120 prev_state=R ==> next_comm=chrome next_pid=3067 next_prio=120
           <...>-3067  [003] d...    87.360127: sched_waking: comm=Chrome_ChildIOT pid=3068 prio=120 target_cpu=001
           <...>-3067  [003] d...    87.360132: sched_wake_idle_without_ipi: cpu=1
           <...>-3067  [003] d...    87.360133: sched_wakeup: comm=Chrome_ChildIOT pid=3068 prio=120 target_cpu=001
           <...>-3067  [003] d...    87.360284: sched_stat_runtime: comm=chrome pid=3067 runtime=220879 [ns] vruntime=8048574334 [ns]
           <...>-3067  [003] d...    87.360288: sched_switch: prev_comm=chrome prev_pid=3067 prev_prio=120 prev_state=S ==> next_comm=swapper/3 next_pid=0 next_prio=120
          <idle>-0     [003] d...    87.360297: cpu_idle: state=4 cpu_id=3
          <idle>-0     [003] dN..    87.360808: cpu_idle: state=4294967295 cpu_id=3
          <idle>-0     [003] d...    87.360816: sched_switch: prev_comm=swapper/3 prev_pid=0 prev_prio=120 prev_state=R ==> next_comm=chrome next_pid=3067 next_prio=120
           <...>-3067  [003] d...    87.361159: sched_stat_runtime: comm=chrome pid=3067 runtime=355109 [ns] vruntime=8048929443 [ns]
           <...>-3067  [003] d...    87.361175: sched_switch: prev_comm=chrome prev_pid=3067 prev_prio=120 prev_state=S ==> next_comm=swapper/3 next_pid=0 next_prio=120
          <idle>-0     [003] d...    87.361183: cpu_idle: state=4 cpu_id=3
          <idle>-0     [003] dN..    87.361304: cpu_idle: state=4294967295 cpu_id=3
          <idle>-0     [003] d...    87.361310: sched_switch: prev_comm=swapper/3 prev_pid=0 prev_prio=120 prev_state=R ==> next_comm=chrome next_pid=3067 next_prio=120
           <...>-3067  [003] d...    87.361958: sched_waking: comm=Chrome_ChildIOT pid=3068 prio=120 target_cpu=002
           <...>-3067  [003] d...    87.361964: sched_wake_idle_without_ipi: cpu=2
           <...>-3067  [003] d...    87.361965: sched_wakeup: comm=Chrome_ChildIOT pid=3068 prio=120 target_cpu=002
           <...>-3067  [003] d...    87.362018: sched_stat_runtime: comm=chrome pid=3067 runtime=718401 [ns] vruntime=8049647844 [ns]
           <...>-3067  [003] d...    87.362022: sutil_marker: Schedutil: get_next_freq: 800000: 1024
           <...>-3067  [003] d...    87.362023: sutil_marker: Schedutil: update-single-util: 287: 302
           <...>-3067  [003] d...    87.362023: sutil_marker: Schedutil: update-single-boost: 287: 302
           <...>-3067  [003] d...    87.362024: sutil_marker: Schedutil: update-single-freq: 800000: 800000
           <...>-3067  [003] d...    87.362026: sched_switch: prev_comm=chrome prev_pid=3067 prev_prio=120 prev_state=S ==> next_comm=swapper/3 next_pid=0 next_prio=120
          <idle>-0     [003] d...    87.362035: cpu_idle: state=2 cpu_id=3
          <idle>-0     [003] d...    87.362179: cpu_idle: state=4294967295 cpu_id=3
          <idle>-0     [003] d.h.    87.362184: sched_waking: comm=skype pid=1528 prio=120 target_cpu=003
          <idle>-0     [003] dNh.    87.362190: sched_wakeup: comm=skype pid=1528 prio=120 target_cpu=003
          <idle>-0     [003] d...    87.362195: sched_switch: prev_comm=swapper/3 prev_pid=0 prev_prio=120 prev_state=R ==> next_comm=skype next_pid=1528 next_prio=120
           skype-1528  [003] d...    87.362621: sched_stat_runtime: comm=skype pid=1528 runtime=433106 [ns] vruntime=8038080950 [ns]
           skype-1528  [003] d...    87.362624: sched_switch: prev_comm=skype prev_pid=1528 prev_prio=120 prev_state=S ==> next_comm=swapper/3 next_pid=0 next_prio=120
          <idle>-0     [003] d...    87.362631: cpu_idle: state=6 cpu_id=3
          <idle>-0     [003] dN..    87.365910: cpu_idle: state=4294967295 cpu_id=3
          <idle>-0     [003] d...    87.365918: sched_switch: prev_comm=swapper/3 prev_pid=0 prev_prio=120 prev_state=R ==> next_comm=chrome next_pid=3067 next_prio=120
           <...>-3067  [003] d...    87.366020: sched_waking: comm=ServiceWorker T pid=3076 prio=120 target_cpu=000
           <...>-3067  [003] d...    87.366024: sched_migrate_task: comm=ServiceWorker T pid=3076 prio=120 orig_cpu=0 dest_cpu=5
           <...>-3067  [003] d...    87.366027: sutil_marker: Schedutil: attach_entity_load_avg: 0: 0
           <...>-3067  [003] d...    87.366029: sched_wake_idle_without_ipi: cpu=5
           <...>-3067  [003] d...    87.366030: sched_wakeup: comm=ServiceWorker T pid=3076 prio=120 target_cpu=005
           <...>-3067  [003] d...    87.366043: sched_waking: comm=Chrome_ChildIOT pid=3068 prio=120 target_cpu=002
           <...>-3067  [003] d...    87.366047: sched_wake_idle_without_ipi: cpu=2
           <...>-3067  [003] d...    87.366047: sched_wakeup: comm=Chrome_ChildIOT pid=3068 prio=120 target_cpu=002
           <...>-3067  [003] d...    87.366083: sched_stat_runtime: comm=chrome pid=3067 runtime=168894 [ns] vruntime=8049816738 [ns]
           <...>-3067  [003] d...    87.366085: sutil_marker: Schedutil: get_next_freq: 800000: 1024
           <...>-3067  [003] d...    87.366086: sutil_marker: Schedutil: update-single-util: 302: 290
           <...>-3067  [003] d...    87.366087: sutil_marker: Schedutil: update-single-boost: 302: 290
           <...>-3067  [003] d...    87.366088: sutil_marker: Schedutil: update-single-freq: 800000: 800000
           <...>-3067  [003] d...    87.366089: sched_switch: prev_comm=chrome prev_pid=3067 prev_prio=120 prev_state=S ==> next_comm=swapper/3 next_pid=0 next_prio=120
          <idle>-0     [003] d...    87.366097: cpu_idle: state=4 cpu_id=3
          <idle>-0     [003] dN..    87.366156: cpu_idle: state=4294967295 cpu_id=3
          <idle>-0     [003] d...    87.366162: sched_switch: prev_comm=swapper/3 prev_pid=0 prev_prio=120 prev_state=R ==> next_comm=chrome next_pid=3067 next_prio=120
           <...>-3067  [003] d...    87.366323: sched_stat_runtime: comm=chrome pid=3067 runtime=171785 [ns] vruntime=8049988523 [ns]
           <...>-3067  [003] d...    87.366327: sched_switch: prev_comm=chrome prev_pid=3067 prev_prio=120 prev_state=S ==> next_comm=swapper/3 next_pid=0 next_prio=120
          <idle>-0     [003] d...    87.366334: cpu_idle: state=4 cpu_id=3
          <idle>-0     [003] dN..    87.366371: cpu_idle: state=4294967295 cpu_id=3
          <idle>-0     [003] d...    87.366376: sched_switch: prev_comm=swapper/3 prev_pid=0 prev_prio=120 prev_state=R ==> next_comm=chrome next_pid=3067 next_prio=120
           <...>-3067  [003] d...    87.366425: sched_waking: comm=ServiceWorker T pid=3076 prio=120 target_cpu=005
           <...>-3067  [003] d...    87.366429: sched_wake_idle_without_ipi: cpu=5
           <...>-3067  [003] d...    87.366430: sched_wakeup: comm=ServiceWorker T pid=3076 prio=120 target_cpu=005
           <...>-3067  [003] d...    87.366463: sched_stat_runtime: comm=chrome pid=3067 runtime=96517 [ns] vruntime=8050085040 [ns]
           <...>-3067  [003] d...    87.366465: sched_switch: prev_comm=chrome prev_pid=3067 prev_prio=120 prev_state=S ==> next_comm=swapper/3 next_pid=0 next_prio=120
          <idle>-0     [003] d...    87.366471: cpu_idle: state=4 cpu_id=3
          <idle>-0     [003] dN..    87.366547: cpu_idle: state=4294967295 cpu_id=3
          <idle>-0     [003] d...    87.366552: sched_switch: prev_comm=swapper/3 prev_pid=0 prev_prio=120 prev_state=R ==> next_comm=chrome next_pid=3067 next_prio=120
           <...>-3067  [003] d...    87.366737: sched_waking: comm=ServiceWorker T pid=3076 prio=120 target_cpu=005
           <...>-3067  [003] d...    87.366742: sched_wake_idle_without_ipi: cpu=5
           <...>-3067  [003] d...    87.366743: sched_wakeup: comm=ServiceWorker T pid=3076 prio=120 target_cpu=005
           <...>-3067  [003] d...    87.366777: sched_stat_runtime: comm=chrome pid=3067 runtime=234595 [ns] vruntime=8050319635 [ns]
           <...>-3067  [003] d...    87.366781: sched_switch: prev_comm=chrome prev_pid=3067 prev_prio=120 prev_state=S ==> next_comm=swapper/3 next_pid=0 next_prio=120
          <idle>-0     [003] d...    87.366788: cpu_idle: state=4 cpu_id=3
          <idle>-0     [003] dN..    87.366851: cpu_idle: state=4294967295 cpu_id=3
          <idle>-0     [003] d...    87.366856: sched_switch: prev_comm=swapper/3 prev_pid=0 prev_prio=120 prev_state=R ==> next_comm=chrome next_pid=3067 next_prio=120
           <...>-3067  [003] d...    87.366928: sched_waking: comm=Chrome_ChildIOT pid=3068 prio=120 target_cpu=002
           <...>-3067  [003] d...    87.366932: sched_wake_idle_without_ipi: cpu=2
           <...>-3067  [003] d...    87.366933: sched_wakeup: comm=Chrome_ChildIOT pid=3068 prio=120 target_cpu=002
           <...>-3067  [003] d...    87.367391: sched_stat_runtime: comm=chrome pid=3067 runtime=543982 [ns] vruntime=8050863617 [ns]
           <...>-3067  [003] d...    87.367394: sutil_marker: Schedutil: get_next_freq: 800000: 1024
           <...>-3067  [003] d...    87.367395: sutil_marker: Schedutil: update-single-util: 290: 304
           <...>-3067  [003] d...    87.367395: sutil_marker: Schedutil: update-single-boost: 290: 304
           <...>-3067  [003] d...    87.367396: sutil_marker: Schedutil: update-single-freq: 800000: 800000
           <...>-3067  [003] d...    87.367398: sched_switch: prev_comm=chrome prev_pid=3067 prev_prio=120 prev_state=S ==> next_comm=swapper/3 next_pid=0 next_prio=120
          <idle>-0     [003] d...    87.367405: cpu_idle: state=3 cpu_id=3
          <idle>-0     [003] dN..    87.367407: cpu_idle: state=4294967295 cpu_id=3
          <idle>-0     [003] d...    87.367410: sched_switch: prev_comm=swapper/3 prev_pid=0 prev_prio=120 prev_state=R ==> next_comm=chrome next_pid=3067 next_prio=120
           <...>-3067  [003] d.h.    87.367491: sched_stat_runtime: comm=chrome pid=3067 runtime=87225 [ns] vruntime=8050950842 [ns]
           <...>-3067  [003] d...    87.367527: sched_waking: comm=Chrome_ChildIOT pid=3068 prio=120 target_cpu=005
           <...>-3067  [003] d...    87.367530: sched_wake_idle_without_ipi: cpu=5
           <...>-3067  [003] d...    87.367531: sched_wakeup: comm=Chrome_ChildIOT pid=3068 prio=120 target_cpu=005
           <...>-3067  [003] d...    87.367562: sched_stat_runtime: comm=chrome pid=3067 runtime=70537 [ns] vruntime=8051021379 [ns]
           <...>-3067  [003] d...    87.367565: sched_switch: prev_comm=chrome prev_pid=3067 prev_prio=120 prev_state=S ==> next_comm=swapper/3 next_pid=0 next_prio=120
          <idle>-0     [003] d...    87.367571: cpu_idle: state=2 cpu_id=3
          <idle>-0     [003] d...    87.367894: cpu_idle: state=4294967295 cpu_id=3
          <idle>-0     [003] d.h.    87.367898: sched_waking: comm=vlc pid=2957 prio=120 target_cpu=003
          <idle>-0     [003] dNh.    87.367902: sched_wakeup: comm=vlc pid=2957 prio=120 target_cpu=003
          <idle>-0     [003] d...    87.367908: sched_switch: prev_comm=swapper/3 prev_pid=0 prev_prio=120 prev_state=R ==> next_comm=vlc next_pid=2957 next_prio=120
             vlc-2957  [003] d...    87.367951: sched_waking: comm=vlc pid=1970 prio=120 target_cpu=002
             vlc-2957  [003] d...    87.367955: sched_wake_idle_without_ipi: cpu=2
             vlc-2957  [003] d...    87.367956: sched_wakeup: comm=vlc pid=1970 prio=120 target_cpu=002
             vlc-2957  [003] d...    87.367967: sched_waking: comm=vlc pid=1949 prio=120 target_cpu=005
             vlc-2957  [003] d...    87.367969: sched_wake_idle_without_ipi: cpu=5
             vlc-2957  [003] d...    87.367970: sched_wakeup: comm=vlc pid=1949 prio=120 target_cpu=005
             vlc-2957  [003] d...    87.368004: sched_waking: comm=vlc pid=2959 prio=120 target_cpu=004
             vlc-2957  [003] d...    87.368007: sched_wake_idle_without_ipi: cpu=4
             vlc-2957  [003] d...    87.368008: sched_wakeup: comm=vlc pid=2959 prio=120 target_cpu=004
             vlc-2957  [003] d...    87.368016: sched_stat_runtime: comm=vlc pid=2957 runtime=110860 [ns] vruntime=8039132239 [ns]
             vlc-2957  [003] d...    87.368019: sched_switch: prev_comm=vlc prev_pid=2957 prev_prio=120 prev_state=S ==> next_comm=swapper/3 next_pid=0 next_prio=120
          <idle>-0     [003] d...    87.368025: cpu_idle: state=6 cpu_id=3
          <idle>-0     [003] dN..    87.368623: cpu_idle: state=4294967295 cpu_id=3
          <idle>-0     [003] d...    87.368628: sched_switch: prev_comm=swapper/3 prev_pid=0 prev_prio=120 prev_state=R ==> next_comm=vlc next_pid=1970 next_prio=120
             vlc-1970  [003] d...    87.369468: sched_waking: comm=Xorg pid=1080 prio=120 target_cpu=005
             vlc-1970  [003] d...    87.369475: sched_wake_idle_without_ipi: cpu=5
             vlc-1970  [003] d...    87.369476: sched_wakeup: comm=Xorg pid=1080 prio=120 target_cpu=005
             vlc-1970  [003] d...    87.369516: sched_stat_runtime: comm=vlc pid=1970 runtime=898027 [ns] vruntime=8040459282 [ns]
             vlc-1970  [003] d...    87.369520: sutil_marker: Schedutil: get_next_freq: 800000: 1024
             vlc-1970  [003] d...    87.369521: sutil_marker: Schedutil: update-single-util: 304: 312
             vlc-1970  [003] d...    87.369522: sutil_marker: Schedutil: update-single-boost: 304: 312
             vlc-1970  [003] d...    87.369522: sutil_marker: Schedutil: update-single-freq: 800000: 800000
             vlc-1970  [003] d...    87.369525: sched_switch: prev_comm=vlc prev_pid=1970 prev_prio=120 prev_state=S ==> next_comm=swapper/3 next_pid=0 next_prio=120
          <idle>-0     [003] d...    87.369533: cpu_idle: state=6 cpu_id=3
          <idle>-0     [003] dN..    87.372908: cpu_idle: state=4294967295 cpu_id=3
          <idle>-0     [003] d...    87.372911: sched_switch: prev_comm=swapper/3 prev_pid=0 prev_prio=120 prev_state=R ==> next_comm=chrome next_pid=3067 next_prio=120
           <...>-3067  [003] d...    87.373617: sched_waking: comm=Chrome_ChildIOT pid=3068 prio=120 target_cpu=005
           <...>-3067  [003] d...    87.373619: sched_wake_idle_without_ipi: cpu=5
           <...>-3067  [003] d...    87.373620: sched_wakeup: comm=Chrome_ChildIOT pid=3068 prio=120 target_cpu=005
           <...>-3067  [003] d...    87.373651: sched_stat_runtime: comm=chrome pid=3067 runtime=741684 [ns] vruntime=8051763063 [ns]
           <...>-3067  [003] d...    87.373652: sutil_marker: Schedutil: get_next_freq: 800000: 1024
           <...>-3067  [003] d...    87.373653: sutil_marker: Schedutil: update-single-util: 312: 302
           <...>-3067  [003] d...    87.373653: sutil_marker: Schedutil: update-single-boost: 312: 302
           <...>-3067  [003] d...    87.373653: sutil_marker: Schedutil: update-single-freq: 800000: 800000
           <...>-3067  [003] d...    87.373654: sched_switch: prev_comm=chrome prev_pid=3067 prev_prio=120 prev_state=S ==> next_comm=swapper/3 next_pid=0 next_prio=120
          <idle>-0     [003] d...    87.373657: cpu_idle: state=6 cpu_id=3
          <idle>-0     [003] dN..    87.374730: cpu_idle: state=4294967295 cpu_id=3
          <idle>-0     [003] d...    87.374732: sched_switch: prev_comm=swapper/3 prev_pid=0 prev_prio=120 prev_state=R ==> next_comm=chrome next_pid=3067 next_prio=120
           <...>-3067  [003] d...    87.374749: sched_waking: comm=ServiceWorker T pid=3076 prio=120 target_cpu=001
           <...>-3067  [003] d...    87.374750: sched_wake_idle_without_ipi: cpu=1
           <...>-3067  [003] d...    87.374751: sched_wakeup: comm=ServiceWorker T pid=3076 prio=120 target_cpu=001
           <...>-3067  [003] d...    87.374831: sched_waking: comm=Chrome_ChildIOT pid=3068 prio=120 target_cpu=005
           <...>-3067  [003] d...    87.374832: sched_wake_idle_without_ipi: cpu=5
           <...>-3067  [003] d...    87.374832: sched_wakeup: comm=Chrome_ChildIOT pid=3068 prio=120 target_cpu=005
           <...>-3067  [003] d...    87.374846: sched_stat_runtime: comm=chrome pid=3067 runtime=117826 [ns] vruntime=8051880889 [ns]
           <...>-3067  [003] d...    87.374847: sched_switch: prev_comm=chrome prev_pid=3067 prev_prio=120 prev_state=S ==> next_comm=swapper/3 next_pid=0 next_prio=120
          <idle>-0     [003] d...    87.374850: cpu_idle: state=6 cpu_id=3
          <idle>-0     [003] dN..    87.376950: cpu_idle: state=4294967295 cpu_id=3
          <idle>-0     [003] d...    87.376953: sched_switch: prev_comm=swapper/3 prev_pid=0 prev_prio=120 prev_state=R ==> next_comm=chrome next_pid=3067 next_prio=120
           <...>-3067  [003] d...    87.376993: sched_waking: comm=ServiceWorker T pid=3076 prio=120 target_cpu=001
           <...>-3067  [003] d...    87.376994: sched_wake_idle_without_ipi: cpu=1
           <...>-3067  [003] d...    87.376995: sched_wakeup: comm=ServiceWorker T pid=3076 prio=120 target_cpu=001
           <...>-3067  [003] d...    87.377015: sched_waking: comm=Chrome_ChildIOT pid=3068 prio=120 target_cpu=005
           <...>-3067  [003] d...    87.377016: sched_wake_idle_without_ipi: cpu=5
           <...>-3067  [003] d...    87.377016: sched_wakeup: comm=Chrome_ChildIOT pid=3068 prio=120 target_cpu=005
           <...>-3067  [003] d...    87.377027: sched_stat_runtime: comm=chrome pid=3067 runtime=75254 [ns] vruntime=8051956143 [ns]
           <...>-3067  [003] d...    87.377028: sched_switch: prev_comm=chrome prev_pid=3067 prev_prio=120 prev_state=S ==> next_comm=swapper/3 next_pid=0 next_prio=120
          <idle>-0     [003] d...    87.377030: cpu_idle: state=6 cpu_id=3
          <idle>-0     [003] dN..    87.377034: cpu_idle: state=4294967295 cpu_id=3
          <idle>-0     [003] d...    87.377035: sched_switch: prev_comm=swapper/3 prev_pid=0 prev_prio=120 prev_state=R ==> next_comm=chrome next_pid=3067 next_prio=120
           <...>-3067  [003] d...    87.377075: sched_waking: comm=Chrome_ChildIOT pid=3068 prio=120 target_cpu=005
           <...>-3067  [003] d...    87.377077: sched_wake_idle_without_ipi: cpu=5
           <...>-3067  [003] d...    87.377077: sched_wakeup: comm=Chrome_ChildIOT pid=3068 prio=120 target_cpu=005
           <...>-3067  [003] d...    87.377110: sched_stat_runtime: comm=chrome pid=3067 runtime=77195 [ns] vruntime=8052033338 [ns]
