          <idle>-0     [003] d...    87.263107: cpu_idle: state=4 cpu_id=3
          <idle>-0     [003] dN..    87.263216: cpu_idle: state=4294967295 cpu_id=3
          <idle>-0     [003] d...    87.263225: sched_switch: prev_comm=swapper/3 prev_pid=0 prev_prio=120 prev_state=R ==> next_comm=Chrome_ChildIOT next_pid=3068 next_prio=120
 Chrome_ChildIOT-3068  [003] d...    87.263264: sched_waking: comm=Chrome_ChildIOT pid=1903 prio=120 target_cpu=002
 Chrome_ChildIOT-3068  [003] d...    87.263269: sched_wake_idle_without_ipi: cpu=2
 Chrome_ChildIOT-3068  [003] d...    87.263270: sched_wakeup: comm=Chrome_ChildIOT pid=1903 prio=120 target_cpu=002
 Chrome_ChildIOT-3068  [003] d...    87.263285: sched_stat_runtime: comm=Chrome_ChildIOT pid=3068 runtime=94476 [ns] vruntime=8042565255 [ns]
 Chrome_ChildIOT-3068  [003] d...    87.263288: sutil_marker: Schedutil: get_next_freq: 800000: 1024
 Chrome_ChildIOT-3068  [003] d...    87.263289: sutil_marker: Schedutil: update-single-util: 294: 278
 Chrome_ChildIOT-3068  [003] d...    87.263289: sutil_marker: Schedutil: update-single-boost: 294: 278
 Chrome_ChildIOT-3068  [003] d...    87.263290: sutil_marker: Schedutil: update-single-freq: 800000: 800000
 Chrome_ChildIOT-3068  [003] d...    87.263291: sched_switch: prev_comm=Chrome_ChildIOT prev_pid=3068 prev_prio=120 prev_state=S ==> next_comm=swapper/3 next_pid=0 next_prio=120
          <idle>-0     [003] d...    87.263299: cpu_idle: state=4 cpu_id=3
          <idle>-0     [003] dN..    87.264089: cpu_idle: state=4294967295 cpu_id=3
          <idle>-0     [003] d...    87.264100: sched_switch: prev_comm=swapper/3 prev_pid=0 prev_prio=120 prev_state=R ==> next_comm=Chrome_ChildIOT next_pid=3068 next_prio=120
 Chrome_ChildIOT-3068  [003] d...    87.264237: sched_stat_runtime: comm=Chrome_ChildIOT pid=3068 runtime=143550 [ns] vruntime=8042708805 [ns]
 Chrome_ChildIOT-3068  [003] d...    87.264240: sched_switch: prev_comm=Chrome_ChildIOT prev_pid=3068 prev_prio=120 prev_state=S ==> next_comm=swapper/3 next_pid=0 next_prio=120
          <idle>-0     [003] d...    87.264248: cpu_idle: state=4 cpu_id=3
          <idle>-0     [003] dN..    87.264411: cpu_idle: state=4294967295 cpu_id=3
          <idle>-0     [003] d...    87.264421: sched_switch: prev_comm=swapper/3 prev_pid=0 prev_prio=120 prev_state=R ==> next_comm=Chrome_ChildIOT next_pid=3068 next_prio=120
 Chrome_ChildIOT-3068  [003] d...    87.264465: sched_waking: comm=Chrome_IOThread pid=1860 prio=120 target_cpu=004
 Chrome_ChildIOT-3068  [003] d...    87.264470: sched_wake_idle_without_ipi: cpu=4
 Chrome_ChildIOT-3068  [003] d...    87.264471: sched_wakeup: comm=Chrome_IOThread pid=1860 prio=120 target_cpu=004
 Chrome_ChildIOT-3068  [003] d...    87.264486: sched_stat_runtime: comm=Chrome_ChildIOT pid=3068 runtime=104498 [ns] vruntime=8042813303 [ns]
 Chrome_ChildIOT-3068  [003] d...    87.264489: sched_switch: prev_comm=Chrome_ChildIOT prev_pid=3068 prev_prio=120 prev_state=S ==> next_comm=swapper/3 next_pid=0 next_prio=120
          <idle>-0     [003] d...    87.264496: cpu_idle: state=4 cpu_id=3
          <idle>-0     [003] dN..    87.264694: cpu_idle: state=4294967295 cpu_id=3
          <idle>-0     [003] d...    87.264703: sched_switch: prev_comm=swapper/3 prev_pid=0 prev_prio=120 prev_state=R ==> next_comm=Chrome_ChildIOT next_pid=3068 next_prio=120
 Chrome_ChildIOT-3068  [003] d...    87.264747: sched_waking: comm=Chrome_IOThread pid=1860 prio=120 target_cpu=004
 Chrome_ChildIOT-3068  [003] d...    87.264752: sched_wake_idle_without_ipi: cpu=4
 Chrome_ChildIOT-3068  [003] d...    87.264753: sched_wakeup: comm=Chrome_IOThread pid=1860 prio=120 target_cpu=004
 Chrome_ChildIOT-3068  [003] d...    87.264771: sched_stat_runtime: comm=Chrome_ChildIOT pid=3068 runtime=108625 [ns] vruntime=8042921928 [ns]
 Chrome_ChildIOT-3068  [003] d...    87.264775: sched_switch: prev_comm=Chrome_ChildIOT prev_pid=3068 prev_prio=120 prev_state=S ==> next_comm=swapper/3 next_pid=0 next_prio=120
          <idle>-0     [003] d...    87.264781: cpu_idle: state=4 cpu_id=3
          <idle>-0     [003] dN..    87.265461: cpu_idle: state=4294967295 cpu_id=3
          <idle>-0     [003] d...    87.265469: sched_switch: prev_comm=swapper/3 prev_pid=0 prev_prio=120 prev_state=R ==> next_comm=Chrome_ChildIOT next_pid=3068 next_prio=120
 Chrome_ChildIOT-3068  [003] d...    87.265525: sched_stat_runtime: comm=Chrome_ChildIOT pid=3068 runtime=98314 [ns] vruntime=8043020242 [ns]
 Chrome_ChildIOT-3068  [003] d...    87.265528: sched_switch: prev_comm=Chrome_ChildIOT prev_pid=3068 prev_prio=120 prev_state=S ==> next_comm=swapper/3 next_pid=0 next_prio=120
          <idle>-0     [003] d...    87.265535: cpu_idle: state=4 cpu_id=3
          <idle>-0     [003] dN..    87.268028: cpu_idle: state=4294967295 cpu_id=3
          <idle>-0     [003] d...    87.268031: sched_switch: prev_comm=swapper/3 prev_pid=0 prev_prio=120 prev_state=R ==> next_comm=Chrome_ChildIOT next_pid=3068 next_prio=120
 Chrome_ChildIOT-3068  [003] d...    87.268053: sched_stat_runtime: comm=Chrome_ChildIOT pid=3068 runtime=23180 [ns] vruntime=8043043422 [ns]
 Chrome_ChildIOT-3068  [003] d...    87.268053: sched_switch: prev_comm=Chrome_ChildIOT prev_pid=3068 prev_prio=120 prev_state=S ==> next_comm=swapper/3 next_pid=0 next_prio=120
          <idle>-0     [003] d...    87.268056: cpu_idle: state=4 cpu_id=3
          <idle>-0     [003] dN..    87.269473: cpu_idle: state=4294967295 cpu_id=3
          <idle>-0     [003] d...    87.269475: sched_switch: prev_comm=swapper/3 prev_pid=0 prev_prio=120 prev_state=R ==> next_comm=Chrome_ChildIOT next_pid=3068 next_prio=120
 Chrome_ChildIOT-3068  [003] d...    87.269502: sched_waking: comm=ServiceWorker T pid=3076 prio=120 target_cpu=000
 Chrome_ChildIOT-3068  [003] d...    87.269504: sched_wake_idle_without_ipi: cpu=0
 Chrome_ChildIOT-3068  [003] d...    87.269504: sched_wakeup: comm=ServiceWorker T pid=3076 prio=120 target_cpu=000
 Chrome_ChildIOT-3068  [003] d...    87.269509: sched_stat_runtime: comm=Chrome_ChildIOT pid=3068 runtime=60298 [ns] vruntime=8043103720 [ns]
 Chrome_ChildIOT-3068  [003] d...    87.269510: sched_switch: prev_comm=Chrome_ChildIOT prev_pid=3068 prev_prio=120 prev_state=S ==> next_comm=swapper/3 next_pid=0 next_prio=120
          <idle>-0     [003] d...    87.269513: cpu_idle: state=4 cpu_id=3
          <idle>-0     [003] dN..    87.269681: cpu_idle: state=4294967295 cpu_id=3
          <idle>-0     [003] d...    87.269684: sched_switch: prev_comm=swapper/3 prev_pid=0 prev_prio=120 prev_state=R ==> next_comm=Chrome_ChildIOT next_pid=3068 next_prio=120
 Chrome_ChildIOT-3068  [003] d...    87.269701: sched_stat_runtime: comm=Chrome_ChildIOT pid=3068 runtime=43444 [ns] vruntime=8043147164 [ns]
 Chrome_ChildIOT-3068  [003] d...    87.269702: sched_switch: prev_comm=Chrome_ChildIOT prev_pid=3068 prev_prio=120 prev_state=S ==> next_comm=swapper/3 next_pid=0 next_prio=120
          <idle>-0     [003] d...    87.269704: cpu_idle: state=4 cpu_id=3
          <idle>-0     [003] dN..    87.270449: cpu_idle: state=4294967295 cpu_id=3
          <idle>-0     [003] d...    87.270452: sched_switch: prev_comm=swapper/3 prev_pid=0 prev_prio=120 prev_state=R ==> next_comm=SimpleCacheWork next_pid=2424 next_prio=120
 SimpleCacheWork-2424  [003] d...    87.270456: sched_stat_runtime: comm=SimpleCacheWork pid=2424 runtime=33499 [ns] vruntime=8032198834 [ns]
 SimpleCacheWork-2424  [003] d...    87.270456: sched_switch: prev_comm=SimpleCacheWork prev_pid=2424 prev_prio=120 prev_state=S ==> next_comm=swapper/3 next_pid=0 next_prio=120
          <idle>-0     [003] d...    87.270458: cpu_idle: state=3 cpu_id=3
          <idle>-0     [003] dN..    87.270535: cpu_idle: state=4294967295 cpu_id=3
          <idle>-0     [003] d...    87.270537: sched_switch: prev_comm=swapper/3 prev_pid=0 prev_prio=120 prev_state=R ==> next_comm=Chrome_ChildIOT next_pid=3068 next_prio=120
 Chrome_ChildIOT-3068  [003] d...    87.270555: sched_waking: comm=ServiceWorker T pid=3076 prio=120 target_cpu=000
 Chrome_ChildIOT-3068  [003] d...    87.270556: sched_wake_idle_without_ipi: cpu=0
 Chrome_ChildIOT-3068  [003] d...    87.270557: sched_wakeup: comm=ServiceWorker T pid=3076 prio=120 target_cpu=000
 Chrome_ChildIOT-3068  [003] d...    87.270562: sched_stat_runtime: comm=Chrome_ChildIOT pid=3068 runtime=52636 [ns] vruntime=8043199800 [ns]
 Chrome_ChildIOT-3068  [003] d...    87.270562: sched_switch: prev_comm=Chrome_ChildIOT prev_pid=3068 prev_prio=120 prev_state=S ==> next_comm=swapper/3 next_pid=0 next_prio=120
          <idle>-0     [003] d...    87.270563: cpu_idle: state=3 cpu_id=3
          <idle>-0     [003] dN..    87.270778: cpu_idle: state=4294967295 cpu_id=3
          <idle>-0     [003] d...    87.270779: sched_switch: prev_comm=swapper/3 prev_pid=0 prev_prio=120 prev_state=R ==> next_comm=Chrome_ChildIOT next_pid=3068 next_prio=120
 Chrome_ChildIOT-3068  [003] d...    87.270808: sched_waking: comm=Chrome_IOThread pid=1860 prio=120 target_cpu=004
 Chrome_ChildIOT-3068  [003] d...    87.270837: sched_wakeup: comm=Chrome_IOThread pid=1860 prio=120 target_cpu=004
 Chrome_ChildIOT-3068  [003] d...    87.270841: sched_stat_runtime: comm=Chrome_ChildIOT pid=3068 runtime=93134 [ns] vruntime=8043292934 [ns]
 Chrome_ChildIOT-3068  [003] d...    87.270842: sched_switch: prev_comm=Chrome_ChildIOT prev_pid=3068 prev_prio=120 prev_state=S ==> next_comm=swapper/3 next_pid=0 next_prio=120
          <idle>-0     [003] d...    87.270843: cpu_idle: state=4 cpu_id=3
          <idle>-0     [003] dN..    87.271158: cpu_idle: state=4294967295 cpu_id=3
          <idle>-0     [003] d...    87.271161: sched_switch: prev_comm=swapper/3 prev_pid=0 prev_prio=120 prev_state=R ==> next_comm=SimpleCacheWork next_pid=1906 next_prio=120
           <...>-1906  [003] d...    87.271164: sched_stat_runtime: comm=SimpleCacheWork pid=1906 runtime=28543 [ns] vruntime=8032193878 [ns]
           <...>-1906  [003] d...    87.271165: sched_switch: prev_comm=SimpleCacheWork prev_pid=1906 prev_prio=120 prev_state=S ==> next_comm=swapper/3 next_pid=0 next_prio=120
          <idle>-0     [003] d...    87.271166: cpu_idle: state=3 cpu_id=3
          <idle>-0     [003] d...    87.271896: cpu_idle: state=4294967295 cpu_id=3
          <idle>-0     [003] d.h.    87.271900: sched_waking: comm=chrome pid=2150 prio=120 target_cpu=003
          <idle>-0     [003] d.h.    87.271919: sutil_marker: Schedutil: get_next_freq: 800000: 1024
          <idle>-0     [003] d.h.    87.271919: sutil_marker: Schedutil: update-single-util: 278: 248
          <idle>-0     [003] d.h.    87.271919: sutil_marker: Schedutil: update-single-boost: 278: 248
          <idle>-0     [003] d.h.    87.271919: sutil_marker: Schedutil: update-single-freq: 800000: 800000
          <idle>-0     [003] dNh.    87.271919: sched_wakeup: comm=chrome pid=2150 prio=120 target_cpu=003
          <idle>-0     [003] d...    87.271921: sched_switch: prev_comm=swapper/3 prev_pid=0 prev_prio=120 prev_state=R ==> next_comm=chrome next_pid=2150 next_prio=120
           <...>-2150  [003] d...    87.271952: sched_stat_runtime: comm=chrome pid=2150 runtime=31836 [ns] vruntime=8032197171 [ns]
           <...>-2150  [003] d...    87.271953: sched_switch: prev_comm=chrome prev_pid=2150 prev_prio=120 prev_state=S ==> next_comm=swapper/3 next_pid=0 next_prio=120
          <idle>-0     [003] d...    87.271954: cpu_idle: state=4 cpu_id=3
          <idle>-0     [003] d...    87.278316: cpu_idle: state=4294967295 cpu_id=3
          <idle>-0     [003] d.h.    87.278320: sched_waking: comm=skype pid=1528 prio=120 target_cpu=003
          <idle>-0     [003] d.h.    87.278323: sutil_marker: Schedutil: get_next_freq: 800000: 1024
          <idle>-0     [003] d.h.    87.278323: sutil_marker: Schedutil: update-single-util: 248: 218
          <idle>-0     [003] d.h.    87.278323: sutil_marker: Schedutil: update-single-boost: 248: 218
          <idle>-0     [003] d.h.    87.278323: sutil_marker: Schedutil: update-single-freq: 800000: 800000
          <idle>-0     [003] dNh.    87.278324: sched_wakeup: comm=skype pid=1528 prio=120 target_cpu=003
          <idle>-0     [003] d...    87.278327: sched_switch: prev_comm=swapper/3 prev_pid=0 prev_prio=120 prev_state=R ==> next_comm=skype next_pid=1528 next_prio=120
           skype-1528  [003] d...    87.278568: sched_stat_runtime: comm=skype pid=1528 runtime=242466 [ns] vruntime=8033651880 [ns]
           skype-1528  [003] d...    87.278569: sched_switch: prev_comm=skype prev_pid=1528 prev_prio=120 prev_state=S ==> next_comm=swapper/3 next_pid=0 next_prio=120
          <idle>-0     [003] d...    87.278571: cpu_idle: state=6 cpu_id=3
          <idle>-0     [003] dN..    87.280395: cpu_idle: state=4294967295 cpu_id=3
          <idle>-0     [003] d...    87.280404: sched_switch: prev_comm=swapper/3 prev_pid=0 prev_prio=120 prev_state=R ==> next_comm=Chrome_ChildIOT next_pid=3068 next_prio=120
 Chrome_ChildIOT-3068  [003] d...    87.280465: sched_waking: comm=Compositor pid=3069 prio=120 target_cpu=006
 Chrome_ChildIOT-3068  [003] d...    87.280469: sched_wake_idle_without_ipi: cpu=6
 Chrome_ChildIOT-3068  [003] d...    87.280470: sched_wakeup: comm=Compositor pid=3069 prio=120 target_cpu=006
 Chrome_ChildIOT-3068  [003] d...    87.280486: sched_stat_runtime: comm=Chrome_ChildIOT pid=3068 runtime=86183 [ns] vruntime=8043379117 [ns]
 Chrome_ChildIOT-3068  [003] d...    87.280489: sched_switch: prev_comm=Chrome_ChildIOT prev_pid=3068 prev_prio=120 prev_state=S ==> next_comm=swapper/3 next_pid=0 next_prio=120
          <idle>-0     [003] d...    87.280496: cpu_idle: state=6 cpu_id=3
          <idle>-0     [003] dN..    87.281944: cpu_idle: state=4294967295 cpu_id=3
          <idle>-0     [003] d...    87.281953: sched_switch: prev_comm=swapper/3 prev_pid=0 prev_prio=120 prev_state=R ==> next_comm=Chrome_ChildIOT next_pid=3068 next_prio=120
 Chrome_ChildIOT-3068  [003] d...    87.282000: sched_waking: comm=Chrome_IOThread pid=1860 prio=120 target_cpu=004
 Chrome_ChildIOT-3068  [003] d...    87.282005: sched_wake_idle_without_ipi: cpu=4
 Chrome_ChildIOT-3068  [003] d...    87.282006: sched_wakeup: comm=Chrome_IOThread pid=1860 prio=120 target_cpu=004
 Chrome_ChildIOT-3068  [003] d...    87.282022: sched_stat_runtime: comm=Chrome_ChildIOT pid=3068 runtime=110786 [ns] vruntime=8043489903 [ns]
 Chrome_ChildIOT-3068  [003] d...    87.282025: sched_switch: prev_comm=Chrome_ChildIOT prev_pid=3068 prev_prio=120 prev_state=S ==> next_comm=swapper/3 next_pid=0 next_prio=120
          <idle>-0     [003] d...    87.282033: cpu_idle: state=6 cpu_id=3
          <idle>-0     [003] dN..    87.282663: cpu_idle: state=4294967295 cpu_id=3
          <idle>-0     [003] d...    87.282671: sched_switch: prev_comm=swapper/3 prev_pid=0 prev_prio=120 prev_state=R ==> next_comm=Chrome_ChildIOT next_pid=3068 next_prio=120
 Chrome_ChildIOT-3068  [003] d...    87.282752: sched_stat_runtime: comm=Chrome_ChildIOT pid=3068 runtime=114478 [ns] vruntime=8043604381 [ns]
 Chrome_ChildIOT-3068  [003] d...    87.282756: sched_switch: prev_comm=Chrome_ChildIOT prev_pid=3068 prev_prio=120 prev_state=S ==> next_comm=swapper/3 next_pid=0 next_prio=120
          <idle>-0     [003] d...    87.282764: cpu_idle: state=6 cpu_id=3
          <idle>-0     [003] dN..    87.282876: cpu_idle: state=4294967295 cpu_id=3
          <idle>-0     [003] d...    87.282884: sched_switch: prev_comm=swapper/3 prev_pid=0 prev_prio=120 prev_state=R ==> next_comm=Chrome_ChildIOT next_pid=3068 next_prio=120
 Chrome_ChildIOT-3068  [003] d...    87.282998: sched_stat_runtime: comm=Chrome_ChildIOT pid=3068 runtime=146619 [ns] vruntime=8043751000 [ns]
 Chrome_ChildIOT-3068  [003] d...    87.283002: sched_switch: prev_comm=Chrome_ChildIOT prev_pid=3068 prev_prio=120 prev_state=S ==> next_comm=swapper/3 next_pid=0 next_prio=120
          <idle>-0     [003] d...    87.283009: cpu_idle: state=6 cpu_id=3
          <idle>-0     [003] d...    87.289522: cpu_idle: state=4294967295 cpu_id=3
          <idle>-0     [003] d.h.    87.289527: sched_waking: comm=vlc pid=2957 prio=120 target_cpu=003
          <idle>-0     [003] d.h.    87.289530: sutil_marker: Schedutil: get_next_freq: 800000: 1024
          <idle>-0     [003] d.h.    87.289531: sutil_marker: Schedutil: update-single-util: 218: 185
          <idle>-0     [003] d.h.    87.289531: sutil_marker: Schedutil: update-single-boost: 218: 185
          <idle>-0     [003] d.h.    87.289532: sutil_marker: Schedutil: update-single-freq: 800000: 800000
          <idle>-0     [003] dNh.    87.289534: sched_wakeup: comm=vlc pid=2957 prio=120 target_cpu=003
          <idle>-0     [003] d...    87.289540: sched_switch: prev_comm=swapper/3 prev_pid=0 prev_prio=120 prev_state=R ==> next_comm=vlc next_pid=2957 next_prio=120
             vlc-2957  [003] d...    87.289583: sched_waking: comm=vlc pid=2959 prio=120 target_cpu=003
             vlc-2957  [003] d...    87.289585: sched_migrate_task: comm=vlc pid=2959 prio=120 orig_cpu=3 dest_cpu=4
             vlc-2957  [003] d...    87.289587: sutil_marker: Schedutil: attach_entity_load_avg: 0: 0
             vlc-2957  [003] d...    87.289589: sched_wake_idle_without_ipi: cpu=4
             vlc-2957  [003] d...    87.289589: sched_wakeup: comm=vlc pid=2959 prio=120 target_cpu=004
             vlc-2957  [003] d...    87.289597: sched_stat_runtime: comm=vlc pid=2957 runtime=60559 [ns] vruntime=8032225894 [ns]
             vlc-2957  [003] d...    87.289600: sched_switch: prev_comm=vlc prev_pid=2957 prev_prio=120 prev_state=S ==> next_comm=swapper/3 next_pid=0 next_prio=120
          <idle>-0     [003] d...    87.289607: cpu_idle: state=6 cpu_id=3
          <idle>-0     [003] dN..    87.293727: cpu_idle: state=4294967295 cpu_id=3
          <idle>-0     [003] d...    87.293730: sched_switch: prev_comm=swapper/3 prev_pid=0 prev_prio=120 prev_state=R ==> next_comm=Chrome_ChildIOT next_pid=3068 next_prio=120
 Chrome_ChildIOT-3068  [003] d...    87.293744: sched_waking: comm=Chrome_IOThread pid=1860 prio=120 target_cpu=004
 Chrome_ChildIOT-3068  [003] d...    87.293745: sched_wake_idle_without_ipi: cpu=4
 Chrome_ChildIOT-3068  [003] d...    87.293745: sched_wakeup: comm=Chrome_IOThread pid=1860 prio=120 target_cpu=004
 Chrome_ChildIOT-3068  [003] d...    87.293767: sched_stat_runtime: comm=Chrome_ChildIOT pid=3068 runtime=38496 [ns] vruntime=8043789496 [ns]
 Chrome_ChildIOT-3068  [003] d...    87.293768: sched_switch: prev_comm=Chrome_ChildIOT prev_pid=3068 prev_prio=120 prev_state=S ==> next_comm=swapper/3 next_pid=0 next_prio=120
          <idle>-0     [003] d...    87.293770: cpu_idle: state=6 cpu_id=3
          <idle>-0     [003] dN..    87.294802: cpu_idle: state=4294967295 cpu_id=3
          <idle>-0     [003] d...    87.294804: sched_switch: prev_comm=swapper/3 prev_pid=0 prev_prio=120 prev_state=R ==> next_comm=Chrome_ChildIOT next_pid=3068 next_prio=120
 Chrome_ChildIOT-3068  [003] d...    87.294816: sched_waking: comm=Chrome_IOThread pid=1860 prio=120 target_cpu=004
 Chrome_ChildIOT-3068  [003] d...    87.294817: sched_migrate_task: comm=Chrome_IOThread pid=1860 prio=120 orig_cpu=4 dest_cpu=5
 Chrome_ChildIOT-3068  [003] d...    87.294817: sutil_marker: Schedutil: attach_entity_load_avg: 0: 0
 Chrome_ChildIOT-3068  [003] d...    87.294818: sched_wake_idle_without_ipi: cpu=5
 Chrome_ChildIOT-3068  [003] d...    87.294818: sched_wakeup: comm=Chrome_IOThread pid=1860 prio=120 target_cpu=005
 Chrome_ChildIOT-3068  [003] d...    87.294823: sched_stat_runtime: comm=Chrome_ChildIOT pid=3068 runtime=69302 [ns] vruntime=8043858798 [ns]
 Chrome_ChildIOT-3068  [003] d...    87.294824: sched_switch: prev_comm=Chrome_ChildIOT prev_pid=3068 prev_prio=120 prev_state=S ==> next_comm=swapper/3 next_pid=0 next_prio=120
          <idle>-0     [003] d...    87.294826: cpu_idle: state=6 cpu_id=3
          <idle>-0     [003] dN..    87.294961: cpu_idle: state=4294967295 cpu_id=3
          <idle>-0     [003] d...    87.294963: sched_switch: prev_comm=swapper/3 prev_pid=0 prev_prio=120 prev_state=R ==> next_comm=Chrome_ChildIOT next_pid=3068 next_prio=120
 Chrome_ChildIOT-3068  [003] d...    87.294974: sched_waking: comm=Chrome_IOThread pid=1860 prio=120 target_cpu=005
 Chrome_ChildIOT-3068  [003] d...    87.294975: sched_wake_idle_without_ipi: cpu=5
 Chrome_ChildIOT-3068  [003] d...    87.294975: sched_wakeup: comm=Chrome_IOThread pid=1860 prio=120 target_cpu=005
 Chrome_ChildIOT-3068  [003] d...    87.294981: sched_stat_runtime: comm=Chrome_ChildIOT pid=3068 runtime=21013 [ns] vruntime=8043879811 [ns]
 Chrome_ChildIOT-3068  [003] d...    87.294981: sched_switch: prev_comm=Chrome_ChildIOT prev_pid=3068 prev_prio=120 prev_state=S ==> next_comm=swapper/3 next_pid=0 next_prio=120
          <idle>-0     [003] d...    87.294983: cpu_idle: state=6 cpu_id=3
          <idle>-0     [003] dN..    87.295027: cpu_idle: state=4294967295 cpu_id=3
          <idle>-0     [003] d...    87.295029: sched_switch: prev_comm=swapper/3 prev_pid=0 prev_prio=120 prev_state=R ==> next_comm=Chrome_ChildIOT next_pid=3068 next_prio=120
 Chrome_ChildIOT-3068  [003] d...    87.295043: sched_waking: comm=Chrome_ChildIOT pid=1903 prio=120 target_cpu=002
 Chrome_ChildIOT-3068  [003] d...    87.295045: sched_migrate_task: comm=Chrome_ChildIOT pid=1903 prio=120 orig_cpu=2 dest_cpu=5
 Chrome_ChildIOT-3068  [003] d...    87.295045: sutil_marker: Schedutil: attach_entity_load_avg: 0: 0
 Chrome_ChildIOT-3068  [003] d...    87.295046: sched_wake_idle_without_ipi: cpu=5
 Chrome_ChildIOT-3068  [003] d...    87.295046: sched_wakeup: comm=Chrome_ChildIOT pid=1903 prio=120 target_cpu=005
 Chrome_ChildIOT-3068  [003] d...    87.295052: sched_stat_runtime: comm=Chrome_ChildIOT pid=3068 runtime=38834 [ns] vruntime=8043918645 [ns]
 Chrome_ChildIOT-3068  [003] d...    87.295053: sched_switch: prev_comm=Chrome_ChildIOT prev_pid=3068 prev_prio=120 prev_state=S ==> next_comm=swapper/3 next_pid=0 next_prio=120
          <idle>-0     [003] d...    87.295055: cpu_idle: state=6 cpu_id=3
          <idle>-0     [003] dN..    87.295086: cpu_idle: state=4294967295 cpu_id=3
          <idle>-0     [003] d...    87.295087: sched_switch: prev_comm=swapper/3 prev_pid=0 prev_prio=120 prev_state=R ==> next_comm=chrome next_pid=1896 next_prio=120
          chrome-1896  [003] d...    87.295210: sched_stat_runtime: comm=chrome pid=1896 runtime=25760 [ns] vruntime=8044291045 [ns]
          chrome-1896  [003] d...    87.295212: sched_switch: prev_comm=chrome prev_pid=1896 prev_prio=120 prev_state=S ==> next_comm=Chrome_ChildIOT next_pid=3068 next_prio=120
 Chrome_ChildIOT-3068  [003] d...    87.295233: sched_waking: comm=Compositor pid=3069 prio=120 target_cpu=007
 Chrome_ChildIOT-3068  [003] d...    87.295234: sched_migrate_task: comm=Compositor pid=3069 prio=120 orig_cpu=7 dest_cpu=3
 Chrome_ChildIOT-3068  [003] d...    87.295234: sched_stat_runtime: comm=Chrome_ChildIOT pid=3068 runtime=24203 [ns] vruntime=8043942848 [ns]
 Chrome_ChildIOT-3068  [003] d...    87.295235: sutil_marker: Schedutil: attach_entity_load_avg: 0: 0
 Chrome_ChildIOT-3068  [003] dN..    87.295235: sched_wakeup: comm=Compositor pid=3069 prio=120 target_cpu=003
 Chrome_ChildIOT-3068  [003] d...    87.295236: sched_switch: prev_comm=Chrome_ChildIOT prev_pid=3068 prev_prio=120 prev_state=R ==> next_comm=Compositor next_pid=3069 next_prio=120
      Compositor-3069  [003] d...    87.295238: sched_stat_runtime: comm=Compositor pid=3069 runtime=3851 [ns] vruntime=8032936502 [ns]
      Compositor-3069  [003] d...    87.295238: sched_switch: prev_comm=Compositor prev_pid=3069 prev_prio=120 prev_state=S ==> next_comm=Chrome_ChildIOT next_pid=3068 next_prio=120
 Chrome_ChildIOT-3068  [003] d...    87.295239: sched_waking: comm=Compositor pid=3069 prio=120 target_cpu=003
 Chrome_ChildIOT-3068  [003] d...    87.295240: sched_stat_runtime: comm=Chrome_ChildIOT pid=3068 runtime=2013 [ns] vruntime=8043944861 [ns]
 Chrome_ChildIOT-3068  [003] dN..    87.295240: sched_wakeup: comm=Compositor pid=3069 prio=120 target_cpu=003
 Chrome_ChildIOT-3068  [003] d...    87.295241: sched_switch: prev_comm=Chrome_ChildIOT prev_pid=3068 prev_prio=120 prev_state=R ==> next_comm=Compositor next_pid=3069 next_prio=120
      Compositor-3069  [003] d...    87.295242: sched_stat_runtime: comm=Compositor pid=3069 runtime=2372 [ns] vruntime=8032938874 [ns]
      Compositor-3069  [003] d...    87.295243: sched_switch: prev_comm=Compositor prev_pid=3069 prev_prio=120 prev_state=S ==> next_comm=Chrome_ChildIOT next_pid=3068 next_prio=120
 Chrome_ChildIOT-3068  [003] d...    87.295244: sched_waking: comm=Compositor pid=3069 prio=120 target_cpu=003
 Chrome_ChildIOT-3068  [003] d...    87.295244: sched_stat_runtime: comm=Chrome_ChildIOT pid=3068 runtime=1698 [ns] vruntime=8043946559 [ns]
 Chrome_ChildIOT-3068  [003] dN..    87.295244: sched_wakeup: comm=Compositor pid=3069 prio=120 target_cpu=003
 Chrome_ChildIOT-3068  [003] d...    87.295245: sched_switch: prev_comm=Chrome_ChildIOT prev_pid=3068 prev_prio=120 prev_state=R ==> next_comm=Compositor next_pid=3069 next_prio=120
      Compositor-3069  [003] d...    87.295256: sched_stat_runtime: comm=Compositor pid=3069 runtime=12116 [ns] vruntime=8032950990 [ns]
      Compositor-3069  [003] d...    87.295257: sched_switch: prev_comm=Compositor prev_pid=3069 prev_prio=120 prev_state=S ==> next_comm=Chrome_ChildIOT next_pid=3068 next_prio=120
 Chrome_ChildIOT-3068  [003] d...    87.295262: sched_stat_runtime: comm=Chrome_ChildIOT pid=3068 runtime=5404 [ns] vruntime=8043951963 [ns]
 Chrome_ChildIOT-3068  [003] d...    87.295266: sched_switch: prev_comm=Chrome_ChildIOT prev_pid=3068 prev_prio=120 prev_state=S ==> next_comm=swapper/3 next_pid=0 next_prio=120
          <idle>-0     [003] d...    87.295268: cpu_idle: state=4 cpu_id=3
          <idle>-0     [003] dN..    87.295327: cpu_idle: state=4294967295 cpu_id=3
          <idle>-0     [003] d...    87.295329: sched_switch: prev_comm=swapper/3 prev_pid=0 prev_prio=120 prev_state=R ==> next_comm=Xorg next_pid=1080 next_prio=120
            Xorg-1080  [003] d...    87.295366: sched_waking: comm=chrome pid=1896 prio=120 target_cpu=007
            Xorg-1080  [003] d...    87.295368: sched_wake_idle_without_ipi: cpu=7
            Xorg-1080  [003] d...    87.295368: sched_wakeup: comm=chrome pid=1896 prio=120 target_cpu=007
            Xorg-1080  [003] d...    87.295383: sched_stat_runtime: comm=Xorg pid=1080 runtime=57666 [ns] vruntime=355728717 [ns]
            Xorg-1080  [003] d...    87.295384: sched_switch: prev_comm=Xorg prev_pid=1080 prev_prio=120 prev_state=S ==> next_comm=swapper/3 next_pid=0 next_prio=120
          <idle>-0     [003] d...    87.295386: cpu_idle: state=3 cpu_id=3
          <idle>-0     [003] d...    87.295486: cpu_idle: state=4294967295 cpu_id=3
          <idle>-0     [003] d...    87.295494: sched_switch: prev_comm=swapper/3 prev_pid=0 prev_prio=120 prev_state=R ==> next_comm=rcu_sched next_pid=8 next_prio=120
       rcu_sched-8     [003] d...    87.295496: sched_stat_runtime: comm=rcu_sched pid=8 runtime=3402 [ns] vruntime=48500165158 [ns]
       rcu_sched-8     [003] d...    87.295497: sched_switch: prev_comm=rcu_sched prev_pid=8 prev_prio=120 prev_state=S ==> next_comm=swapper/3 next_pid=0 next_prio=120
          <idle>-0     [003] d...    87.295498: cpu_idle: state=3 cpu_id=3
          <idle>-0     [003] dN..    87.295679: cpu_idle: state=4294967295 cpu_id=3
          <idle>-0     [003] d...    87.295680: sched_switch: prev_comm=swapper/3 prev_pid=0 prev_prio=120 prev_state=R ==> next_comm=Xorg next_pid=1080 next_prio=120
            Xorg-1080  [003] d...    87.295701: sched_waking: comm=chrome pid=1896 prio=120 target_cpu=007
            Xorg-1080  [003] d...    87.295702: sched_wake_idle_without_ipi: cpu=7
            Xorg-1080  [003] d...    87.295702: sched_wakeup: comm=chrome pid=1896 prio=120 target_cpu=007
            Xorg-1080  [003] d...    87.295711: sched_stat_runtime: comm=Xorg pid=1080 runtime=33581 [ns] vruntime=355762298 [ns]
            Xorg-1080  [003] d...    87.295712: sched_switch: prev_comm=Xorg prev_pid=1080 prev_prio=120 prev_state=S ==> next_comm=swapper/3 next_pid=0 next_prio=120
          <idle>-0     [003] d...    87.295713: cpu_idle: state=2 cpu_id=3
          <idle>-0     [003] dN..    87.295714: cpu_idle: state=4294967295 cpu_id=3
          <idle>-0     [003] d...    87.295714: sched_switch: prev_comm=swapper/3 prev_pid=0 prev_prio=120 prev_state=R ==> next_comm=Xorg next_pid=1080 next_prio=120
            Xorg-1080  [003] d...    87.295722: sched_waking: comm=chrome pid=1896 prio=120 target_cpu=007
            Xorg-1080  [003] d...    87.295722: sched_wake_idle_without_ipi: cpu=7
            Xorg-1080  [003] d...    87.295722: sched_wakeup: comm=chrome pid=1896 prio=120 target_cpu=007
            Xorg-1080  [003] d...    87.295735: sched_waking: comm=chrome pid=1896 prio=120 target_cpu=007
            Xorg-1080  [003] d...    87.295736: sched_wakeup: comm=chrome pid=1896 prio=120 target_cpu=007
            Xorg-1080  [003] d...    87.295749: sched_waking: comm=chrome pid=1896 prio=120 target_cpu=007
            Xorg-1080  [003] d...    87.295749: sched_wake_idle_without_ipi: cpu=7
            Xorg-1080  [003] d...    87.295749: sched_wakeup: comm=chrome pid=1896 prio=120 target_cpu=007
            Xorg-1080  [003] d...    87.295756: sched_stat_runtime: comm=Xorg pid=1080 runtime=42137 [ns] vruntime=355804435 [ns]
            Xorg-1080  [003] d...    87.295756: sched_switch: prev_comm=Xorg prev_pid=1080 prev_prio=120 prev_state=S ==> next_comm=swapper/3 next_pid=0 next_prio=120
          <idle>-0     [003] d...    87.295757: cpu_idle: state=2 cpu_id=3
          <idle>-0     [003] dN..    87.295778: cpu_idle: state=4294967295 cpu_id=3
          <idle>-0     [003] d...    87.295779: sched_switch: prev_comm=swapper/3 prev_pid=0 prev_prio=120 prev_state=R ==> next_comm=Chrome_IOThread next_pid=1860 next_prio=120
 Chrome_IOThread-1860  [003] d...    87.295806: sched_waking: comm=chrome pid=1524 prio=120 target_cpu=007
 Chrome_IOThread-1860  [003] d...    87.295807: sched_migrate_task: comm=chrome pid=1524 prio=120 orig_cpu=7 dest_cpu=3
 Chrome_IOThread-1860  [003] d...    87.295807: sched_stat_runtime: comm=Chrome_IOThread pid=1860 runtime=30520 [ns] vruntime=8044295805 [ns]
 Chrome_IOThread-1860  [003] d...    87.295808: sutil_marker: Schedutil: attach_entity_load_avg: 0: 0
 Chrome_IOThread-1860  [003] d...    87.295808: sutil_marker: Schedutil: get_next_freq: 800000: 1024
 Chrome_IOThread-1860  [003] d...    87.295809: sutil_marker: Schedutil: update-single-util: 185: 509
 Chrome_IOThread-1860  [003] d...    87.295809: sutil_marker: Schedutil: update-single-boost: 185: 509
 Chrome_IOThread-1860  [003] d...    87.295809: sutil_marker: Schedutil: update-single-freq: 800000: 800000
 Chrome_IOThread-1860  [003] d...    87.295809: sched_wakeup: comm=chrome pid=1524 prio=120 target_cpu=003
 Chrome_IOThread-1860  [003] d...    87.295817: sched_stat_runtime: comm=Chrome_IOThread pid=1860 runtime=9542 [ns] vruntime=8044305347 [ns]
 Chrome_IOThread-1860  [003] d...    87.295817: sched_switch: prev_comm=Chrome_IOThread prev_pid=1860 prev_prio=120 prev_state=S ==> next_comm=chrome next_pid=1524 next_prio=120
          chrome-1524  [003] d...    87.295842: sched_stat_runtime: comm=chrome pid=1524 runtime=25247 [ns] vruntime=8043827523 [ns]
          chrome-1524  [003] d...    87.295843: sched_switch: prev_comm=chrome prev_pid=1524 prev_prio=120 prev_state=S ==> next_comm=swapper/3 next_pid=0 next_prio=120
          <idle>-0     [003] d...    87.295844: cpu_idle: state=2 cpu_id=3
          <idle>-0     [003] dN..    87.295876: cpu_idle: state=4294967295 cpu_id=3
          <idle>-0     [003] d...    87.295876: sched_switch: prev_comm=swapper/3 prev_pid=0 prev_prio=120 prev_state=R ==> next_comm=chrome next_pid=1896 next_prio=120
          chrome-1896  [003] d...    87.295887: sched_waking: comm=Chrome_ChildIOT pid=1903 prio=120 target_cpu=005
          chrome-1896  [003] d...    87.295889: sched_wakeup: comm=Chrome_ChildIOT pid=1903 prio=120 target_cpu=005
          chrome-1896  [003] d...    87.295904: sched_stat_runtime: comm=chrome pid=1896 runtime=1304 [ns] vruntime=8044324977 [ns]
          chrome-1896  [003] d...    87.295905: sched_switch: prev_comm=chrome prev_pid=1896 prev_prio=120 prev_state=S ==> next_comm=Chrome_IOThread next_pid=1860 next_prio=120
 Chrome_IOThread-1860  [003] d...    87.295921: sched_waking: comm=chrome pid=1524 prio=120 target_cpu=003
 Chrome_IOThread-1860  [003] d...    87.295921: sched_migrate_task: comm=chrome pid=1524 prio=120 orig_cpu=3 dest_cpu=5
 Chrome_IOThread-1860  [003] d...    87.295922: sutil_marker: Schedutil: attach_entity_load_avg: 0: 0
 Chrome_IOThread-1860  [003] d...    87.295923: sched_wake_idle_without_ipi: cpu=5
 Chrome_IOThread-1860  [003] d...    87.295923: sched_wakeup: comm=chrome pid=1524 prio=120 target_cpu=005
 Chrome_IOThread-1860  [003] d...    87.295929: sched_stat_runtime: comm=Chrome_IOThread pid=1860 runtime=24925 [ns] vruntime=8044330272 [ns]
 Chrome_IOThread-1860  [003] d...    87.295929: sched_switch: prev_comm=Chrome_IOThread prev_pid=1860 prev_prio=120 prev_state=S ==> next_comm=swapper/3 next_pid=0 next_prio=120
          <idle>-0     [003] d...    87.295931: cpu_idle: state=2 cpu_id=3
          <idle>-0     [003] dN..    87.295952: cpu_idle: state=4294967295 cpu_id=3
          <idle>-0     [003] d...    87.295953: sched_switch: prev_comm=swapper/3 prev_pid=0 prev_prio=120 prev_state=R ==> next_comm=Chrome_IOThread next_pid=1860 next_prio=120
 Chrome_IOThread-1860  [003] d...    87.295961: sched_waking: comm=Chrome_ChildIOT pid=3068 prio=120 target_cpu=003
 Chrome_IOThread-1860  [003] d...    87.295962: sched_stat_runtime: comm=Chrome_IOThread pid=1860 runtime=11634 [ns] vruntime=8044341906 [ns]
 Chrome_IOThread-1860  [003] d...    87.295963: sched_wakeup: comm=Chrome_ChildIOT pid=3068 prio=120 target_cpu=003
 Chrome_IOThread-1860  [003] d...    87.295969: sched_stat_runtime: comm=Chrome_IOThread pid=1860 runtime=6496 [ns] vruntime=8044348402 [ns]
 Chrome_IOThread-1860  [003] d...    87.295969: sched_switch: prev_comm=Chrome_IOThread prev_pid=1860 prev_prio=120 prev_state=S ==> next_comm=Chrome_ChildIOT next_pid=3068 next_prio=120
 Chrome_ChildIOT-3068  [003] d.h.    87.295971: sched_waking: comm=Compositor pid=3069 prio=120 target_cpu=003
 Chrome_ChildIOT-3068  [003] d.h.    87.295971: sched_migrate_task: comm=Compositor pid=3069 prio=120 orig_cpu=3 dest_cpu=5
 Chrome_ChildIOT-3068  [003] d.h.    87.295972: sutil_marker: Schedutil: attach_entity_load_avg: 0: 0
 Chrome_ChildIOT-3068  [003] d.h.    87.295972: sched_wakeup: comm=Compositor pid=3069 prio=120 target_cpu=005
 Chrome_ChildIOT-3068  [003] d...    87.295992: sched_waking: comm=Compositor pid=3069 prio=120 target_cpu=005
 Chrome_ChildIOT-3068  [003] d...    87.295993: sched_wake_idle_without_ipi: cpu=5
 Chrome_ChildIOT-3068  [003] d...    87.295993: sched_wakeup: comm=Compositor pid=3069 prio=120 target_cpu=005
 Chrome_ChildIOT-3068  [003] d...    87.295998: sched_stat_runtime: comm=Chrome_ChildIOT pid=3068 runtime=28852 [ns] vruntime=8043980815 [ns]
 Chrome_ChildIOT-3068  [003] d...    87.295998: sched_switch: prev_comm=Chrome_ChildIOT prev_pid=3068 prev_prio=120 prev_state=S ==> next_comm=swapper/3 next_pid=0 next_prio=120
          <idle>-0     [003] d...    87.296000: cpu_idle: state=1 cpu_id=3
          <idle>-0     [003] d...    87.297078: cpu_idle: state=4294967295 cpu_id=3
          <idle>-0     [003] d...    87.297084: cpu_idle: state=1 cpu_id=3
          <idle>-0     [003] dN..    87.297682: cpu_idle: state=4294967295 cpu_id=3
          <idle>-0     [003] d...    87.297684: sched_switch: prev_comm=swapper/3 prev_pid=0 prev_prio=120 prev_state=R ==> next_comm=Chrome_ChildIOT next_pid=3068 next_prio=120
 Chrome_ChildIOT-3068  [003] d...    87.297718: sched_waking: comm=Chrome_IOThread pid=1860 prio=120 target_cpu=003
 Chrome_ChildIOT-3068  [003] d...    87.297720: sched_migrate_task: comm=Chrome_IOThread pid=1860 prio=120 orig_cpu=3 dest_cpu=5
 Chrome_ChildIOT-3068  [003] d...    87.297721: sutil_marker: Schedutil: attach_entity_load_avg: 0: 0
 Chrome_ChildIOT-3068  [003] d...    87.297722: sched_wake_idle_without_ipi: cpu=5
 Chrome_ChildIOT-3068  [003] d...    87.297722: sched_wakeup: comm=Chrome_IOThread pid=1860 prio=120 target_cpu=005
 Chrome_ChildIOT-3068  [003] d...    87.297749: sched_stat_runtime: comm=Chrome_ChildIOT pid=3068 runtime=69381 [ns] vruntime=8044050196 [ns]
 Chrome_ChildIOT-3068  [003] d...    87.297749: sched_switch: prev_comm=Chrome_ChildIOT prev_pid=3068 prev_prio=120 prev_state=S ==> next_comm=swapper/3 next_pid=0 next_prio=120
          <idle>-0     [003] d...    87.297751: cpu_idle: state=6 cpu_id=3
          <idle>-0     [003] dN..    87.298051: cpu_idle: state=4294967295 cpu_id=3
          <idle>-0     [003] d...    87.298054: sched_switch: prev_comm=swapper/3 prev_pid=0 prev_prio=120 prev_state=R ==> next_comm=Chrome_ChildIOT next_pid=3068 next_prio=120
 Chrome_ChildIOT-3068  [003] d...    87.298097: sched_waking: comm=CompositorTileW pid=3071 prio=120 target_cpu=002
 Chrome_ChildIOT-3068  [003] d...    87.298099: sched_wake_idle_without_ipi: cpu=2
 Chrome_ChildIOT-3068  [003] d...    87.298099: sched_wakeup: comm=CompositorTileW pid=3071 prio=120 target_cpu=002
 Chrome_ChildIOT-3068  [003] d...    87.298104: sched_stat_runtime: comm=Chrome_ChildIOT pid=3068 runtime=100018 [ns] vruntime=8044150214 [ns]
 Chrome_ChildIOT-3068  [003] d...    87.298105: sched_switch: prev_comm=Chrome_ChildIOT prev_pid=3068 prev_prio=120 prev_state=S ==> next_comm=swapper/3 next_pid=0 next_prio=120
          <idle>-0     [003] d...    87.298107: cpu_idle: state=6 cpu_id=3
          <idle>-0     [003] dN..    87.298148: cpu_idle: state=4294967295 cpu_id=3
          <idle>-0     [003] d...    87.298151: sched_switch: prev_comm=swapper/3 prev_pid=0 prev_prio=120 prev_state=R ==> next_comm=Chrome_ChildIOT next_pid=3068 next_prio=120
 Chrome_ChildIOT-3068  [003] d...    87.298160: sched_stat_runtime: comm=Chrome_ChildIOT pid=3068 runtime=42623 [ns] vruntime=8044192837 [ns]
 Chrome_ChildIOT-3068  [003] d...    87.298161: sched_switch: prev_comm=Chrome_ChildIOT prev_pid=3068 prev_prio=120 prev_state=S ==> next_comm=swapper/3 next_pid=0 next_prio=120
          <idle>-0     [003] d...    87.298163: cpu_idle: state=6 cpu_id=3
          <idle>-0     [003] dN..    87.301139: cpu_idle: state=4294967295 cpu_id=3
          <idle>-0     [003] d...    87.301143: sched_switch: prev_comm=swapper/3 prev_pid=0 prev_prio=120 prev_state=R ==> next_comm=Chrome_ChildIOT next_pid=3068 next_prio=120
 Chrome_ChildIOT-3068  [003] d...    87.301164: sched_waking: comm=Chrome_IOThread pid=1860 prio=120 target_cpu=005
 Chrome_ChildIOT-3068  [003] d...    87.301166: sched_wake_idle_without_ipi: cpu=5
 Chrome_ChildIOT-3068  [003] d...    87.301167: sched_wakeup: comm=Chrome_IOThread pid=1860 prio=120 target_cpu=005
 Chrome_ChildIOT-3068  [003] d...    87.301178: sched_stat_runtime: comm=Chrome_ChildIOT pid=3068 runtime=37261 [ns] vruntime=8044230098 [ns]
 Chrome_ChildIOT-3068  [003] d...    87.301179: sched_switch: prev_comm=Chrome_ChildIOT prev_pid=3068 prev_prio=120 prev_state=S ==> next_comm=swapper/3 next_pid=0 next_prio=120
          <idle>-0     [003] d...    87.301181: cpu_idle: state=4 cpu_id=3
          <idle>-0     [003] dN..    87.301304: cpu_idle: state=4294967295 cpu_id=3
          <idle>-0     [003] d...    87.301305: sched_switch: prev_comm=swapper/3 prev_pid=0 prev_prio=120 prev_state=R ==> next_comm=Chrome_ChildIOT next_pid=3068 next_prio=120
 Chrome_ChildIOT-3068  [003] d...    87.301326: sched_waking: comm=CompositorTileW pid=3073 prio=120 target_cpu=006
 Chrome_ChildIOT-3068  [003] d...    87.301328: sched_wake_idle_without_ipi: cpu=6
 Chrome_ChildIOT-3068  [003] d...    87.301328: sched_wakeup: comm=CompositorTileW pid=3073 prio=120 target_cpu=006
 Chrome_ChildIOT-3068  [003] d...    87.301340: sched_waking: comm=CompositorTileW pid=3073 prio=120 target_cpu=006
 Chrome_ChildIOT-3068  [003] d...    87.301340: sched_wake_idle_without_ipi: cpu=6
 Chrome_ChildIOT-3068  [003] d...    87.301341: sched_wakeup: comm=CompositorTileW pid=3073 prio=120 target_cpu=006
 Chrome_ChildIOT-3068  [003] d...    87.301347: sched_waking: comm=CompositorTileW pid=3072 prio=120 target_cpu=000
 Chrome_ChildIOT-3068  [003] d...    87.301348: sched_wake_idle_without_ipi: cpu=0
 Chrome_ChildIOT-3068  [003] d...    87.301348: sched_wakeup: comm=CompositorTileW pid=3072 prio=120 target_cpu=000
 Chrome_ChildIOT-3068  [003] d...    87.301349: sched_waking: comm=CompositorTileW pid=3073 prio=120 target_cpu=006
 Chrome_ChildIOT-3068  [003] d...    87.301350: sched_wake_idle_without_ipi: cpu=6
 Chrome_ChildIOT-3068  [003] d...    87.301350: sched_wakeup: comm=CompositorTileW pid=3073 prio=120 target_cpu=006
 Chrome_ChildIOT-3068  [003] d...    87.301354: sched_stat_runtime: comm=Chrome_ChildIOT pid=3068 runtime=96492 [ns] vruntime=8044326590 [ns]
 Chrome_ChildIOT-3068  [003] d...    87.301354: sched_switch: prev_comm=Chrome_ChildIOT prev_pid=3068 prev_prio=120 prev_state=S ==> next_comm=swapper/3 next_pid=0 next_prio=120
          <idle>-0     [003] d...    87.301356: cpu_idle: state=4 cpu_id=3
          <idle>-0     [003] dN..    87.301363: cpu_idle: state=4294967295 cpu_id=3
          <idle>-0     [003] d...    87.301364: sched_switch: prev_comm=swapper/3 prev_pid=0 prev_prio=120 prev_state=R ==> next_comm=Chrome_ChildIOT next_pid=3068 next_prio=120
 Chrome_ChildIOT-3068  [003] d...    87.301370: sched_stat_runtime: comm=Chrome_ChildIOT pid=3068 runtime=10942 [ns] vruntime=8044337532 [ns]
 Chrome_ChildIOT-3068  [003] d...    87.301370: sched_switch: prev_comm=Chrome_ChildIOT prev_pid=3068 prev_prio=120 prev_state=S ==> next_comm=swapper/3 next_pid=0 next_prio=120
          <idle>-0     [003] d...    87.301371: cpu_idle: state=4 cpu_id=3
          <idle>-0     [003] dN..    87.302069: cpu_idle: state=4294967295 cpu_id=3
          <idle>-0     [003] d...    87.302070: sched_switch: prev_comm=swapper/3 prev_pid=0 prev_prio=120 prev_state=R ==> next_comm=Chrome_ChildIOT next_pid=3068 next_prio=120
 Chrome_ChildIOT-3068  [003] d...    87.302083: sched_waking: comm=Chrome_ChildIOT pid=1903 prio=120 target_cpu=005
 Chrome_ChildIOT-3068  [003] d...    87.302085: sched_wake_idle_without_ipi: cpu=5
 Chrome_ChildIOT-3068  [003] d...    87.302085: sched_wakeup: comm=Chrome_ChildIOT pid=1903 prio=120 target_cpu=005
 Chrome_ChildIOT-3068  [003] d...    87.302101: sched_stat_runtime: comm=Chrome_ChildIOT pid=3068 runtime=55594 [ns] vruntime=8044393126 [ns]
 Chrome_ChildIOT-3068  [003] d...    87.302102: sutil_marker: Schedutil: get_next_freq: 800000: 1024
 Chrome_ChildIOT-3068  [003] d...    87.302102: sutil_marker: Schedutil: update-single-util: 509: 265
 Chrome_ChildIOT-3068  [003] d...    87.302102: sutil_marker: Schedutil: update-single-boost: 509: 265
 Chrome_ChildIOT-3068  [003] d...    87.302102: sutil_marker: Schedutil: update-single-freq: 800000: 800000
 Chrome_ChildIOT-3068  [003] d...    87.302103: sched_switch: prev_comm=Chrome_ChildIOT prev_pid=3068 prev_prio=120 prev_state=S ==> next_comm=swapper/3 next_pid=0 next_prio=120
          <idle>-0     [003] d...    87.302104: cpu_idle: state=4 cpu_id=3
          <idle>-0     [003] dN..    87.302164: cpu_idle: state=4294967295 cpu_id=3
          <idle>-0     [003] d...    87.302165: sched_switch: prev_comm=swapper/3 prev_pid=0 prev_prio=120 prev_state=R ==> next_comm=chrome next_pid=1896 next_prio=120
          chrome-1896  [003] d.h.    87.303484: sched_stat_runtime: comm=chrome pid=1896 runtime=1347499 [ns] vruntime=8045672476 [ns]
          chrome-1896  [003] d.h.    87.303485: sutil_marker: Schedutil: get_next_freq: 800000: 1024
          chrome-1896  [003] d.h.    87.303486: sutil_marker: Schedutil: update-single-util: 265: 286
          chrome-1896  [003] d.h.    87.303486: sutil_marker: Schedutil: update-single-boost: 265: 286
          chrome-1896  [003] d.h.    87.303486: sutil_marker: Schedutil: update-single-freq: 800000: 800000
          chrome-1896  [003] d...    87.303714: sched_waking: comm=Xorg pid=1080 prio=120 target_cpu=007
          chrome-1896  [003] d...    87.303716: sched_wake_idle_without_ipi: cpu=7
          chrome-1896  [003] d...    87.303716: sched_wakeup: comm=Xorg pid=1080 prio=120 target_cpu=007
          chrome-1896  [003] d...    87.303718: sched_stat_runtime: comm=chrome pid=1896 runtime=234774 [ns] vruntime=8045907250 [ns]
          chrome-1896  [003] d...    87.303719: sched_switch: prev_comm=chrome prev_pid=1896 prev_prio=120 prev_state=S ==> next_comm=swapper/3 next_pid=0 next_prio=120
          <idle>-0     [003] d...    87.303721: cpu_idle: state=3 cpu_id=3
          <idle>-0     [003] dN..    87.303759: cpu_idle: state=4294967295 cpu_id=3
          <idle>-0     [003] d...    87.303760: sched_switch: prev_comm=swapper/3 prev_pid=0 prev_prio=120 prev_state=R ==> next_comm=chrome next_pid=1896 next_prio=120
          chrome-1896  [003] d...    87.303998: sched_waking: comm=Xorg pid=1080 prio=120 target_cpu=007
          chrome-1896  [003] d...    87.303999: sched_wake_idle_without_ipi: cpu=7
          chrome-1896  [003] d...    87.303999: sched_wakeup: comm=Xorg pid=1080 prio=120 target_cpu=007
          chrome-1896  [003] d...    87.304001: sched_stat_runtime: comm=chrome pid=1896 runtime=243228 [ns] vruntime=8046150478 [ns]
          chrome-1896  [003] d...    87.304001: sched_switch: prev_comm=chrome prev_pid=1896 prev_prio=120 prev_state=S ==> next_comm=swapper/3 next_pid=0 next_prio=120
          <idle>-0     [003] d...    87.304003: cpu_idle: state=3 cpu_id=3
          <idle>-0     [003] dN..    87.304018: cpu_idle: state=4294967295 cpu_id=3
          <idle>-0     [003] d...    87.304019: sched_switch: prev_comm=swapper/3 prev_pid=0 prev_prio=120 prev_state=R ==> next_comm=chrome next_pid=1896 next_prio=120
          chrome-1896  [003] d...    87.304028: sched_waking: comm=Xorg pid=1080 prio=120 target_cpu=007
          chrome-1896  [003] d...    87.304029: sched_wakeup: comm=Xorg pid=1080 prio=120 target_cpu=007
          chrome-1896  [003] d...    87.304030: sched_stat_runtime: comm=chrome pid=1896 runtime=12785 [ns] vruntime=8046163263 [ns]
          chrome-1896  [003] d...    87.304030: sched_switch: prev_comm=chrome prev_pid=1896 prev_prio=120 prev_state=S ==> next_comm=swapper/3 next_pid=0 next_prio=120
          <idle>-0     [003] d...    87.304031: cpu_idle: state=2 cpu_id=3
          <idle>-0     [003] dN..    87.304038: cpu_idle: state=4294967295 cpu_id=3
          <idle>-0     [003] d...    87.304038: sched_switch: prev_comm=swapper/3 prev_pid=0 prev_prio=120 prev_state=R ==> next_comm=chrome next_pid=1896 next_prio=120
          chrome-1896  [003] d...    87.304043: sched_stat_runtime: comm=chrome pid=1896 runtime=5985 [ns] vruntime=8046169248 [ns]
          chrome-1896  [003] d...    87.304044: sched_switch: prev_comm=chrome prev_pid=1896 prev_prio=120 prev_state=S ==> next_comm=swapper/3 next_pid=0 next_prio=120
          <idle>-0     [003] d...    87.304045: cpu_idle: state=2 cpu_id=3
          <idle>-0     [003] dN..    87.304049: cpu_idle: state=4294967295 cpu_id=3
          <idle>-0     [003] d...    87.304049: sched_switch: prev_comm=swapper/3 prev_pid=0 prev_prio=120 prev_state=R ==> next_comm=chrome next_pid=1896 next_prio=120
          chrome-1896  [003] d...    87.304054: sched_stat_runtime: comm=chrome pid=1896 runtime=5725 [ns] vruntime=8046174973 [ns]
          chrome-1896  [003] d...    87.304054: sched_switch: prev_comm=chrome prev_pid=1896 prev_prio=120 prev_state=S ==> next_comm=swapper/3 next_pid=0 next_prio=120
          <idle>-0     [003] d...    87.304055: cpu_idle: state=1 cpu_id=3
          <idle>-0     [003] dN..    87.304059: cpu_idle: state=4294967295 cpu_id=3
          <idle>-0     [003] d...    87.304060: sched_switch: prev_comm=swapper/3 prev_pid=0 prev_prio=120 prev_state=R ==> next_comm=chrome next_pid=1896 next_prio=120
          chrome-1896  [003] d...    87.304068: sched_waking: comm=Chrome_ChildIOT pid=1903 prio=120 target_cpu=001
          chrome-1896  [003] d...    87.304069: sched_wake_idle_without_ipi: cpu=1
          chrome-1896  [003] d...    87.304069: sched_wakeup: comm=Chrome_ChildIOT pid=1903 prio=120 target_cpu=001
          chrome-1896  [003] d...    87.304102: sched_waking: comm=Xorg pid=1080 prio=120 target_cpu=007
          chrome-1896  [003] d...    87.304102: sched_wake_idle_without_ipi: cpu=7
          chrome-1896  [003] d...    87.304103: sched_wakeup: comm=Xorg pid=1080 prio=120 target_cpu=007
          chrome-1896  [003] d...    87.304106: sched_stat_runtime: comm=chrome pid=1896 runtime=47198 [ns] vruntime=8046222171 [ns]
          chrome-1896  [003] d...    87.304107: sched_switch: prev_comm=chrome prev_pid=1896 prev_prio=120 prev_state=S ==> next_comm=swapper/3 next_pid=0 next_prio=120
          <idle>-0     [003] d...    87.304108: cpu_idle: state=1 cpu_id=3
          <idle>-0     [003] dN..    87.304122: cpu_idle: state=4294967295 cpu_id=3
          <idle>-0     [003] d...    87.304123: sched_switch: prev_comm=swapper/3 prev_pid=0 prev_prio=120 prev_state=R ==> next_comm=chrome next_pid=1896 next_prio=120
          chrome-1896  [003] d...    87.304131: sched_waking: comm=Chrome_ChildIOT pid=1903 prio=120 target_cpu=001
          chrome-1896  [003] d...    87.304132: sched_wake_idle_without_ipi: cpu=1
          chrome-1896  [003] d...    87.304132: sched_wakeup: comm=Chrome_ChildIOT pid=1903 prio=120 target_cpu=001
          chrome-1896  [003] d...    87.304700: sched_stat_runtime: comm=chrome pid=1896 runtime=577665 [ns] vruntime=8046799836 [ns]
          chrome-1896  [003] d...    87.304702: sutil_marker: Schedutil: get_next_freq: 800000: 1024
