          <idle>-0     [004] dN..    87.194433: cpu_idle: state=4294967295 cpu_id=4
          <idle>-0     [004] d...    87.194435: sched_switch: prev_comm=swapper/4 prev_pid=0 prev_prio=120 prev_state=R ==> next_comm=threaded-ml next_pid=1603 next_prio=120
     threaded-ml-1603  [004] d...    87.194450: sched_stat_runtime: comm=threaded-ml pid=1603 runtime=44740 [ns] vruntime=53847927079 [ns]
     threaded-ml-1603  [004] d...    87.194454: sched_switch: prev_comm=threaded-ml prev_pid=1603 prev_prio=120 prev_state=S ==> next_comm=swapper/4 next_pid=0 next_prio=120
          <idle>-0     [004] d...    87.194456: cpu_idle: state=4 cpu_id=4
          <idle>-0     [004] d...    87.194789: cpu_idle: state=4294967295 cpu_id=4
          <idle>-0     [004] d...    87.194798: cpu_idle: state=4 cpu_id=4
          <idle>-0     [004] dN..    87.195418: cpu_idle: state=4294967295 cpu_id=4
          <idle>-0     [004] d...    87.195420: sched_switch: prev_comm=swapper/4 prev_pid=0 prev_prio=120 prev_state=R ==> next_comm=Xorg next_pid=1080 next_prio=120
            Xorg-1080  [004] d...    87.195455: sched_waking: comm=kworker/u16:5 pid=196 prio=120 target_cpu=007
            Xorg-1080  [004] d...    87.195456: sched_wake_idle_without_ipi: cpu=7
            Xorg-1080  [004] d...    87.195456: sched_wakeup: comm=kworker/u16:5 pid=196 prio=120 target_cpu=007
            Xorg-1080  [004] d...    87.195457: sched_waking: comm=kworker/4:1 pid=71 prio=120 target_cpu=004
            Xorg-1080  [004] d...    87.195458: sched_wakeup: comm=kworker/4:1 pid=71 prio=120 target_cpu=004
            Xorg-1080  [004] d...    87.195467: sched_waking: comm=chrome pid=1896 prio=120 target_cpu=006
            Xorg-1080  [004] d...    87.195469: sched_wake_idle_without_ipi: cpu=6
            Xorg-1080  [004] d...    87.195469: sched_wakeup: comm=chrome pid=1896 prio=120 target_cpu=006
            Xorg-1080  [004] d.h.    87.195490: sched_stat_runtime: comm=Xorg pid=1080 runtime=92697 [ns] vruntime=313593065 [ns]
            Xorg-1080  [004] d...    87.195501: sched_stat_runtime: comm=Xorg pid=1080 runtime=10699 [ns] vruntime=313603764 [ns]
            Xorg-1080  [004] d...    87.195502: sched_switch: prev_comm=Xorg prev_pid=1080 prev_prio=120 prev_state=S ==> next_comm=kworker/4:1 next_pid=71 next_prio=120
           <...>-71    [004] d...    87.195503: sched_stat_runtime: comm=kworker/4:1 pid=71 runtime=2442 [ns] vruntime=321334841368 [ns]
           <...>-71    [004] d...    87.195522: sched_switch: prev_comm=kworker/4:1 prev_pid=71 prev_prio=120 prev_state=S ==> next_comm=swapper/4 next_pid=0 next_prio=120
          <idle>-0     [004] d...    87.195524: cpu_idle: state=4 cpu_id=4
          <idle>-0     [004] d...    87.195802: cpu_idle: state=4294967295 cpu_id=4
          <idle>-0     [004] d...    87.195819: cpu_idle: state=4 cpu_id=4
          <idle>-0     [004] dN..    87.196184: cpu_idle: state=4294967295 cpu_id=4
          <idle>-0     [004] d...    87.196186: sched_switch: prev_comm=swapper/4 prev_pid=0 prev_prio=120 prev_state=R ==> next_comm=Compositor next_pid=3069 next_prio=120
      Compositor-3069  [004] d...    87.196214: sched_waking: comm=chrome pid=3067 prio=120 target_cpu=002
      Compositor-3069  [004] d...    87.196215: sched_wake_idle_without_ipi: cpu=2
      Compositor-3069  [004] d...    87.196215: sched_wakeup: comm=chrome pid=3067 prio=120 target_cpu=002
      Compositor-3069  [004] d...    87.196227: sched_stat_runtime: comm=Compositor pid=3069 runtime=42321 [ns] vruntime=53847975622 [ns]
      Compositor-3069  [004] d...    87.196228: sched_switch: prev_comm=Compositor prev_pid=3069 prev_prio=120 prev_state=S ==> next_comm=swapper/4 next_pid=0 next_prio=120
          <idle>-0     [004] d...    87.196230: cpu_idle: state=4 cpu_id=4
          <idle>-0     [004] dN..    87.196685: cpu_idle: state=4294967295 cpu_id=4
          <idle>-0     [004] d...    87.196688: sched_switch: prev_comm=swapper/4 prev_pid=0 prev_prio=120 prev_state=R ==> next_comm=Compositor next_pid=3069 next_prio=120
      Compositor-3069  [004] d...    87.196742: sched_waking: comm=Chrome_ChildIOT pid=3068 prio=120 target_cpu=000
      Compositor-3069  [004] d...    87.196744: sched_wake_idle_without_ipi: cpu=0
      Compositor-3069  [004] d...    87.196744: sched_wakeup: comm=Chrome_ChildIOT pid=3068 prio=120 target_cpu=000
      Compositor-3069  [004] d...    87.196751: sched_waking: comm=CompositorTileW pid=3071 prio=120 target_cpu=004
      Compositor-3069  [004] d...    87.196752: sched_migrate_task: comm=CompositorTileW pid=3071 prio=120 orig_cpu=4 dest_cpu=7
      Compositor-3069  [004] d...    87.196753: sutil_marker: Schedutil: attach_entity_load_avg: 0: 0
      Compositor-3069  [004] d...    87.196754: sched_wake_idle_without_ipi: cpu=7
      Compositor-3069  [004] d...    87.196754: sched_wakeup: comm=CompositorTileW pid=3071 prio=120 target_cpu=007
      Compositor-3069  [004] d...    87.196765: sched_stat_runtime: comm=Compositor pid=3069 runtime=110728 [ns] vruntime=53848086350 [ns]
      Compositor-3069  [004] d...    87.196767: sched_switch: prev_comm=Compositor prev_pid=3069 prev_prio=120 prev_state=S ==> next_comm=swapper/4 next_pid=0 next_prio=120
          <idle>-0     [004] d...    87.196770: cpu_idle: state=4 cpu_id=4
          <idle>-0     [004] d...    87.196779: cpu_idle: state=4294967295 cpu_id=4
          <idle>-0     [004] d...    87.196797: sched_switch: prev_comm=swapper/4 prev_pid=0 prev_prio=120 prev_state=R ==> next_comm=Compositor next_pid=3069 next_prio=120
      Compositor-3069  [004] d...    87.196813: sched_stat_runtime: comm=Compositor pid=3069 runtime=18634 [ns] vruntime=53848104984 [ns]
      Compositor-3069  [004] d...    87.196814: sched_switch: prev_comm=Compositor prev_pid=3069 prev_prio=120 prev_state=S ==> next_comm=swapper/4 next_pid=0 next_prio=120
          <idle>-0     [004] d...    87.196815: cpu_idle: state=4 cpu_id=4
          <idle>-0     [004] d...    87.197805: cpu_idle: state=4294967295 cpu_id=4
          <idle>-0     [004] d...    87.197822: cpu_idle: state=4 cpu_id=4
          <idle>-0     [004] d...    87.198803: cpu_idle: state=4294967295 cpu_id=4
          <idle>-0     [004] d...    87.198820: cpu_idle: state=4 cpu_id=4
          <idle>-0     [004] d...    87.199803: cpu_idle: state=4294967295 cpu_id=4
          <idle>-0     [004] d...    87.199820: cpu_idle: state=6 cpu_id=4
          <idle>-0     [004] d...    87.200803: cpu_idle: state=4294967295 cpu_id=4
          <idle>-0     [004] d...    87.200820: cpu_idle: state=6 cpu_id=4
          <idle>-0     [004] d...    87.201805: cpu_idle: state=4294967295 cpu_id=4
          <idle>-0     [004] d...    87.201822: cpu_idle: state=6 cpu_id=4
          <idle>-0     [004] d...    87.202804: cpu_idle: state=4294967295 cpu_id=4
          <idle>-0     [004] d...    87.202826: cpu_idle: state=6 cpu_id=4
          <idle>-0     [004] d...    87.203800: cpu_idle: state=4294967295 cpu_id=4
          <idle>-0     [004] d...    87.203816: cpu_idle: state=6 cpu_id=4
          <idle>-0     [004] d...    87.204803: cpu_idle: state=4294967295 cpu_id=4
          <idle>-0     [004] d...    87.204820: cpu_idle: state=4 cpu_id=4
          <idle>-0     [004] d...    87.205803: cpu_idle: state=4294967295 cpu_id=4
          <idle>-0     [004] d...    87.205819: cpu_idle: state=4 cpu_id=4
          <idle>-0     [004] d...    87.206803: cpu_idle: state=4294967295 cpu_id=4
          <idle>-0     [004] d...    87.206819: cpu_idle: state=4 cpu_id=4
          <idle>-0     [004] d...    87.207801: cpu_idle: state=4294967295 cpu_id=4
          <idle>-0     [004] d...    87.207821: cpu_idle: state=4 cpu_id=4
          <idle>-0     [004] d...    87.208801: cpu_idle: state=4294967295 cpu_id=4
          <idle>-0     [004] d...    87.208828: cpu_idle: state=4 cpu_id=4
          <idle>-0     [004] d...    87.209549: cpu_idle: state=4294967295 cpu_id=4
          <idle>-0     [004] d.h.    87.209552: sched_waking: comm=Xorg pid=1080 prio=120 target_cpu=004
          <idle>-0     [004] d.h.    87.209555: sutil_marker: Schedutil: get_next_freq: 800000: 1024
          <idle>-0     [004] d.h.    87.209555: sutil_marker: Schedutil: update-single-util: 113: 77
          <idle>-0     [004] d.h.    87.209555: sutil_marker: Schedutil: update-single-boost: 113: 77
          <idle>-0     [004] d.h.    87.209556: sutil_marker: Schedutil: update-single-freq: 800000: 800000
          <idle>-0     [004] dNh.    87.209557: sched_wakeup: comm=Xorg pid=1080 prio=120 target_cpu=004
          <idle>-0     [004] d...    87.209561: sched_switch: prev_comm=swapper/4 prev_pid=0 prev_prio=120 prev_state=R ==> next_comm=Xorg next_pid=1080 next_prio=120
            Xorg-1080  [004] d...    87.209601: sched_stat_runtime: comm=Xorg pid=1080 runtime=42012 [ns] vruntime=313645776 [ns]
            Xorg-1080  [004] d...    87.209603: sched_switch: prev_comm=Xorg prev_pid=1080 prev_prio=120 prev_state=S ==> next_comm=swapper/4 next_pid=0 next_prio=120
          <idle>-0     [004] d...    87.209607: cpu_idle: state=4 cpu_id=4
          <idle>-0     [004] d...    87.209802: cpu_idle: state=4294967295 cpu_id=4
          <idle>-0     [004] d...    87.209821: cpu_idle: state=4 cpu_id=4
          <idle>-0     [004] d...    87.210801: cpu_idle: state=4294967295 cpu_id=4
          <idle>-0     [004] d...    87.210821: cpu_idle: state=4 cpu_id=4
          <idle>-0     [004] d...    87.211429: cpu_idle: state=4294967295 cpu_id=4
          <idle>-0     [004] d.h.    87.211433: sched_waking: comm=Compositor pid=3069 prio=120 target_cpu=004
          <idle>-0     [004] d.h.    87.211435: sutil_marker: Schedutil: get_next_freq: 800000: 1024
          <idle>-0     [004] d.h.    87.211436: sutil_marker: Schedutil: update-single-util: 77: 75
          <idle>-0     [004] d.h.    87.211436: sutil_marker: Schedutil: update-single-boost: 77: 75
          <idle>-0     [004] d.h.    87.211436: sutil_marker: Schedutil: update-single-freq: 800000: 800000
          <idle>-0     [004] dNh.    87.211437: sched_wakeup: comm=Compositor pid=3069 prio=120 target_cpu=004
          <idle>-0     [004] d...    87.211441: sched_switch: prev_comm=swapper/4 prev_pid=0 prev_prio=120 prev_state=R ==> next_comm=Compositor next_pid=3069 next_prio=120
      Compositor-3069  [004] d...    87.211457: sched_stat_runtime: comm=Compositor pid=3069 runtime=22786 [ns] vruntime=53848127770 [ns]
      Compositor-3069  [004] d...    87.211458: sched_switch: prev_comm=Compositor prev_pid=3069 prev_prio=120 prev_state=S ==> next_comm=swapper/4 next_pid=0 next_prio=120
          <idle>-0     [004] d...    87.211462: cpu_idle: state=4 cpu_id=4
          <idle>-0     [004] d...    87.211802: cpu_idle: state=4294967295 cpu_id=4
          <idle>-0     [004] d...    87.211822: cpu_idle: state=4 cpu_id=4
          <idle>-0     [004] dN..    87.212099: cpu_idle: state=4294967295 cpu_id=4
          <idle>-0     [004] d...    87.212104: sched_switch: prev_comm=swapper/4 prev_pid=0 prev_prio=120 prev_state=R ==> next_comm=Xorg next_pid=1080 next_prio=120
            Xorg-1080  [004] d...    87.212138: sched_stat_runtime: comm=Xorg pid=1080 runtime=36474 [ns] vruntime=313682250 [ns]
            Xorg-1080  [004] d...    87.212140: sched_switch: prev_comm=Xorg prev_pid=1080 prev_prio=120 prev_state=S ==> next_comm=swapper/4 next_pid=0 next_prio=120
          <idle>-0     [004] d...    87.212144: cpu_idle: state=4 cpu_id=4
          <idle>-0     [004] d...    87.212597: cpu_idle: state=4294967295 cpu_id=4
          <idle>-0     [004] d.h.    87.212600: sched_waking: comm=Compositor pid=3069 prio=120 target_cpu=004
          <idle>-0     [004] dNh.    87.212603: sched_wakeup: comm=Compositor pid=3069 prio=120 target_cpu=004
          <idle>-0     [004] d...    87.212606: sched_switch: prev_comm=swapper/4 prev_pid=0 prev_prio=120 prev_state=R ==> next_comm=Compositor next_pid=3069 next_prio=120
      Compositor-3069  [004] d...    87.212622: sched_stat_runtime: comm=Compositor pid=3069 runtime=20300 [ns] vruntime=53848148070 [ns]
      Compositor-3069  [004] d...    87.212623: sched_switch: prev_comm=Compositor prev_pid=3069 prev_prio=120 prev_state=S ==> next_comm=swapper/4 next_pid=0 next_prio=120
          <idle>-0     [004] d...    87.212627: cpu_idle: state=4 cpu_id=4
          <idle>-0     [004] d...    87.212801: cpu_idle: state=4294967295 cpu_id=4
          <idle>-0     [004] d...    87.212820: cpu_idle: state=4 cpu_id=4
          <idle>-0     [004] dN..    87.213323: cpu_idle: state=4294967295 cpu_id=4
          <idle>-0     [004] d...    87.213327: sched_switch: prev_comm=swapper/4 prev_pid=0 prev_prio=120 prev_state=R ==> next_comm=Compositor next_pid=3069 next_prio=120
      Compositor-3069  [004] d...    87.213391: sched_stat_runtime: comm=Compositor pid=3069 runtime=71417 [ns] vruntime=53848219487 [ns]
      Compositor-3069  [004] d...    87.213393: sched_switch: prev_comm=Compositor prev_pid=3069 prev_prio=120 prev_state=S ==> next_comm=swapper/4 next_pid=0 next_prio=120
          <idle>-0     [004] d...    87.213397: cpu_idle: state=4 cpu_id=4
          <idle>-0     [004] d...    87.213801: cpu_idle: state=4294967295 cpu_id=4
          <idle>-0     [004] d...    87.213821: cpu_idle: state=4 cpu_id=4
          <idle>-0     [004] d...    87.214801: cpu_idle: state=4294967295 cpu_id=4
          <idle>-0     [004] d...    87.214836: cpu_idle: state=4 cpu_id=4
          <idle>-0     [004] d...    87.215778: cpu_idle: state=4294967295 cpu_id=4
          <idle>-0     [004] d...    87.215788: cpu_idle: state=4 cpu_id=4
          <idle>-0     [004] d...    87.216801: cpu_idle: state=4294967295 cpu_id=4
          <idle>-0     [004] d...    87.216822: cpu_idle: state=6 cpu_id=4
          <idle>-0     [004] d...    87.217804: cpu_idle: state=4294967295 cpu_id=4
          <idle>-0     [004] d...    87.217824: cpu_idle: state=6 cpu_id=4
          <idle>-0     [004] d...    87.218801: cpu_idle: state=4294967295 cpu_id=4
          <idle>-0     [004] d...    87.218822: cpu_idle: state=6 cpu_id=4
          <idle>-0     [004] d...    87.219779: cpu_idle: state=4294967295 cpu_id=4
          <idle>-0     [004] d...    87.219799: cpu_idle: state=6 cpu_id=4
          <idle>-0     [004] d...    87.220779: cpu_idle: state=4294967295 cpu_id=4
          <idle>-0     [004] d...    87.220809: cpu_idle: state=6 cpu_id=4
          <idle>-0     [004] dN..    87.221278: cpu_idle: state=4294967295 cpu_id=4
          <idle>-0     [004] d...    87.221285: sched_switch: prev_comm=swapper/4 prev_pid=0 prev_prio=120 prev_state=R ==> next_comm=Chrome_ChildIOT next_pid=2151 next_prio=120
 Chrome_ChildIOT-2151  [004] d...    87.221350: sched_waking: comm=chrome pid=2150 prio=120 target_cpu=003
 Chrome_ChildIOT-2151  [004] d...    87.221355: sched_wake_idle_without_ipi: cpu=3
 Chrome_ChildIOT-2151  [004] d...    87.221356: sched_wakeup: comm=chrome pid=2150 prio=120 target_cpu=003
 Chrome_ChildIOT-2151  [004] d...    87.221372: sched_stat_runtime: comm=Chrome_ChildIOT pid=2151 runtime=91710 [ns] vruntime=53847974049 [ns]
 Chrome_ChildIOT-2151  [004] d...    87.221375: sutil_marker: Schedutil: get_next_freq: 800000: 1024
 Chrome_ChildIOT-2151  [004] d...    87.221376: sutil_marker: Schedutil: update-single-util: 75: 66
 Chrome_ChildIOT-2151  [004] d...    87.221376: sutil_marker: Schedutil: update-single-boost: 75: 66
 Chrome_ChildIOT-2151  [004] d...    87.221377: sutil_marker: Schedutil: update-single-freq: 800000: 800000
 Chrome_ChildIOT-2151  [004] d...    87.221378: sched_switch: prev_comm=Chrome_ChildIOT prev_pid=2151 prev_prio=120 prev_state=S ==> next_comm=swapper/4 next_pid=0 next_prio=120
          <idle>-0     [004] d...    87.221384: cpu_idle: state=6 cpu_id=4
          <idle>-0     [004] dN..    87.221811: cpu_idle: state=4294967295 cpu_id=4
          <idle>-0     [004] d...    87.221838: sched_switch: prev_comm=swapper/4 prev_pid=0 prev_prio=120 prev_state=R ==> next_comm=Chrome_ChildIOT next_pid=2151 next_prio=120
 Chrome_ChildIOT-2151  [004] d...    87.221886: sched_waking: comm=Chrome_IOThread pid=1860 prio=120 target_cpu=001
 Chrome_ChildIOT-2151  [004] d...    87.221891: sched_wake_idle_without_ipi: cpu=1
 Chrome_ChildIOT-2151  [004] d...    87.221892: sched_wakeup: comm=Chrome_IOThread pid=1860 prio=120 target_cpu=001
 Chrome_ChildIOT-2151  [004] d...    87.221910: sched_stat_runtime: comm=Chrome_ChildIOT pid=2151 runtime=127959 [ns] vruntime=53848102008 [ns]
 Chrome_ChildIOT-2151  [004] d...    87.221913: sched_switch: prev_comm=Chrome_ChildIOT prev_pid=2151 prev_prio=120 prev_state=S ==> next_comm=swapper/4 next_pid=0 next_prio=120
          <idle>-0     [004] d...    87.221921: cpu_idle: state=4 cpu_id=4
          <idle>-0     [004] d...    87.222807: cpu_idle: state=4294967295 cpu_id=4
          <idle>-0     [004] d...    87.222833: cpu_idle: state=4 cpu_id=4
          <idle>-0     [004] d...    87.223780: cpu_idle: state=4294967295 cpu_id=4
          <idle>-0     [004] d...    87.223801: cpu_idle: state=4 cpu_id=4
          <idle>-0     [004] dN..    87.224289: cpu_idle: state=4294967295 cpu_id=4
          <idle>-0     [004] d...    87.224299: sched_switch: prev_comm=swapper/4 prev_pid=0 prev_prio=120 prev_state=R ==> next_comm=Compositor next_pid=3069 next_prio=120
      Compositor-3069  [004] d...    87.224331: sched_stat_runtime: comm=Compositor pid=3069 runtime=37958 [ns] vruntime=53848257445 [ns]
      Compositor-3069  [004] d...    87.224334: sched_switch: prev_comm=Compositor prev_pid=3069 prev_prio=120 prev_state=S ==> next_comm=swapper/4 next_pid=0 next_prio=120
          <idle>-0     [004] d...    87.224341: cpu_idle: state=4 cpu_id=4
          <idle>-0     [004] d...    87.224807: cpu_idle: state=4294967295 cpu_id=4
          <idle>-0     [004] d...    87.224834: cpu_idle: state=4 cpu_id=4
          <idle>-0     [004] d...    87.225807: cpu_idle: state=4294967295 cpu_id=4
          <idle>-0     [004] d...    87.225834: cpu_idle: state=4 cpu_id=4
          <idle>-0     [004] d...    87.226211: cpu_idle: state=4294967295 cpu_id=4
          <idle>-0     [004] d.h.    87.226217: sched_waking: comm=Xorg pid=1080 prio=120 target_cpu=004
          <idle>-0     [004] d.h.    87.226223: sutil_marker: Schedutil: get_next_freq: 800000: 1024
          <idle>-0     [004] d.h.    87.226224: sutil_marker: Schedutil: update-single-util: 66: 63
          <idle>-0     [004] d.h.    87.226224: sutil_marker: Schedutil: update-single-boost: 66: 63
          <idle>-0     [004] d.h.    87.226225: sutil_marker: Schedutil: update-single-freq: 800000: 800000
          <idle>-0     [004] dNh.    87.226227: sched_wakeup: comm=Xorg pid=1080 prio=120 target_cpu=004
          <idle>-0     [004] d...    87.226234: sched_switch: prev_comm=swapper/4 prev_pid=0 prev_prio=120 prev_state=R ==> next_comm=Xorg next_pid=1080 next_prio=120
            Xorg-1080  [004] d...    87.226317: sched_stat_runtime: comm=Xorg pid=1080 runtime=97428 [ns] vruntime=313779678 [ns]
            Xorg-1080  [004] d...    87.226319: sched_switch: prev_comm=Xorg prev_pid=1080 prev_prio=120 prev_state=S ==> next_comm=swapper/4 next_pid=0 next_prio=120
          <idle>-0     [004] d...    87.226326: cpu_idle: state=4 cpu_id=4
          <idle>-0     [004] d...    87.226779: cpu_idle: state=4294967295 cpu_id=4
          <idle>-0     [004] d...    87.226818: cpu_idle: state=4 cpu_id=4
          <idle>-0     [004] dN..    87.226857: cpu_idle: state=4294967295 cpu_id=4
          <idle>-0     [004] d...    87.226862: sched_switch: prev_comm=swapper/4 prev_pid=0 prev_prio=120 prev_state=R ==> next_comm=Compositor next_pid=3069 next_prio=120
      Compositor-3069  [004] d...    87.226896: sched_stat_runtime: comm=Compositor pid=3069 runtime=42978 [ns] vruntime=53848300423 [ns]
      Compositor-3069  [004] d...    87.226899: sched_switch: prev_comm=Compositor prev_pid=3069 prev_prio=120 prev_state=S ==> next_comm=swapper/4 next_pid=0 next_prio=120
          <idle>-0     [004] d...    87.226906: cpu_idle: state=4 cpu_id=4
          <idle>-0     [004] d...    87.227778: cpu_idle: state=4294967295 cpu_id=4
          <idle>-0     [004] d...    87.227792: cpu_idle: state=4 cpu_id=4
          <idle>-0     [004] dN..    87.227837: cpu_idle: state=4294967295 cpu_id=4
          <idle>-0     [004] d...    87.227841: sched_switch: prev_comm=swapper/4 prev_pid=0 prev_prio=120 prev_state=R ==> next_comm=Xorg next_pid=1080 next_prio=120
            Xorg-1080  [004] d...    87.227899: sched_waking: comm=chrome pid=1524 prio=120 target_cpu=002
            Xorg-1080  [004] d...    87.227903: sched_wake_idle_without_ipi: cpu=2
            Xorg-1080  [004] d...    87.227904: sched_wakeup: comm=chrome pid=1524 prio=120 target_cpu=002
            Xorg-1080  [004] d...    87.227935: sched_stat_runtime: comm=Xorg pid=1080 runtime=96391 [ns] vruntime=313876069 [ns]
            Xorg-1080  [004] d...    87.227937: sched_switch: prev_comm=Xorg prev_pid=1080 prev_prio=120 prev_state=S ==> next_comm=swapper/4 next_pid=0 next_prio=120
          <idle>-0     [004] d...    87.227941: cpu_idle: state=4 cpu_id=4
          <idle>-0     [004] dN..    87.227992: cpu_idle: state=4294967295 cpu_id=4
          <idle>-0     [004] d...    87.227995: sched_switch: prev_comm=swapper/4 prev_pid=0 prev_prio=120 prev_state=R ==> next_comm=Xorg next_pid=1080 next_prio=120
            Xorg-1080  [004] d...    87.228029: sched_waking: comm=chrome pid=1524 prio=120 target_cpu=002
            Xorg-1080  [004] d...    87.228031: sched_wake_idle_without_ipi: cpu=2
            Xorg-1080  [004] d...    87.228031: sched_wakeup: comm=chrome pid=1524 prio=120 target_cpu=002
            Xorg-1080  [004] d...    87.228055: sched_stat_runtime: comm=Xorg pid=1080 runtime=67722 [ns] vruntime=313943791 [ns]
            Xorg-1080  [004] d...    87.228056: sched_switch: prev_comm=Xorg prev_pid=1080 prev_prio=120 prev_state=S ==> next_comm=swapper/4 next_pid=0 next_prio=120
          <idle>-0     [004] d...    87.228059: cpu_idle: state=3 cpu_id=4
          <idle>-0     [004] dN..    87.228111: cpu_idle: state=4294967295 cpu_id=4
          <idle>-0     [004] d...    87.228114: sched_switch: prev_comm=swapper/4 prev_pid=0 prev_prio=120 prev_state=R ==> next_comm=Xorg next_pid=1080 next_prio=120
            Xorg-1080  [004] d...    87.228146: sched_waking: comm=chrome pid=1524 prio=120 target_cpu=002
            Xorg-1080  [004] d...    87.228148: sched_wake_idle_without_ipi: cpu=2
            Xorg-1080  [004] d...    87.228149: sched_wakeup: comm=chrome pid=1524 prio=120 target_cpu=002
            Xorg-1080  [004] d...    87.228173: sched_stat_runtime: comm=Xorg pid=1080 runtime=66739 [ns] vruntime=314010530 [ns]
            Xorg-1080  [004] d...    87.228175: sched_switch: prev_comm=Xorg prev_pid=1080 prev_prio=120 prev_state=S ==> next_comm=swapper/4 next_pid=0 next_prio=120
          <idle>-0     [004] dn..    87.228179: cpu_idle: state=3 cpu_id=4
          <idle>-0     [004] dN..    87.228180: cpu_idle: state=4294967295 cpu_id=4
          <idle>-0     [004] d...    87.228184: sched_switch: prev_comm=swapper/4 prev_pid=0 prev_prio=120 prev_state=R ==> next_comm=Xorg next_pid=1080 next_prio=120
            Xorg-1080  [004] d...    87.228208: sched_waking: comm=chrome pid=1524 prio=120 target_cpu=002
            Xorg-1080  [004] d...    87.228210: sched_wake_idle_without_ipi: cpu=2
            Xorg-1080  [004] d...    87.228210: sched_wakeup: comm=chrome pid=1524 prio=120 target_cpu=002
            Xorg-1080  [004] d...    87.228250: sched_waking: comm=chrome pid=1524 prio=120 target_cpu=002
            Xorg-1080  [004] d...    87.228252: sched_wake_idle_without_ipi: cpu=2
            Xorg-1080  [004] d...    87.228252: sched_wakeup: comm=chrome pid=1524 prio=120 target_cpu=002
            Xorg-1080  [004] d...    87.228284: sched_waking: comm=chrome pid=1524 prio=120 target_cpu=002
            Xorg-1080  [004] d...    87.228286: sched_wake_idle_without_ipi: cpu=2
            Xorg-1080  [004] d...    87.228287: sched_wakeup: comm=chrome pid=1524 prio=120 target_cpu=002
            Xorg-1080  [004] d...    87.228317: sched_waking: comm=chrome pid=1524 prio=120 target_cpu=002
            Xorg-1080  [004] d...    87.228319: sched_wake_idle_without_ipi: cpu=2
            Xorg-1080  [004] d...    87.228319: sched_wakeup: comm=chrome pid=1524 prio=120 target_cpu=002
            Xorg-1080  [004] d...    87.228350: sched_waking: comm=chrome pid=1524 prio=120 target_cpu=002
            Xorg-1080  [004] d...    87.228352: sched_wake_idle_without_ipi: cpu=2
            Xorg-1080  [004] d...    87.228352: sched_wakeup: comm=chrome pid=1524 prio=120 target_cpu=002
            Xorg-1080  [004] d...    87.228382: sched_waking: comm=chrome pid=1524 prio=120 target_cpu=002
            Xorg-1080  [004] d...    87.228384: sched_wake_idle_without_ipi: cpu=2
            Xorg-1080  [004] d...    87.228385: sched_wakeup: comm=chrome pid=1524 prio=120 target_cpu=002
            Xorg-1080  [004] d...    87.228415: sched_waking: comm=chrome pid=1524 prio=120 target_cpu=002
            Xorg-1080  [004] d...    87.228417: sched_wake_idle_without_ipi: cpu=2
            Xorg-1080  [004] d...    87.228417: sched_wakeup: comm=chrome pid=1524 prio=120 target_cpu=002
            Xorg-1080  [004] d...    87.228439: sched_stat_runtime: comm=Xorg pid=1080 runtime=261392 [ns] vruntime=314271922 [ns]
            Xorg-1080  [004] d...    87.228441: sched_switch: prev_comm=Xorg prev_pid=1080 prev_prio=120 prev_state=S ==> next_comm=swapper/4 next_pid=0 next_prio=120
          <idle>-0     [004] dn..    87.228444: cpu_idle: state=4 cpu_id=4
          <idle>-0     [004] dN..    87.228446: cpu_idle: state=4294967295 cpu_id=4
          <idle>-0     [004] d...    87.228449: sched_switch: prev_comm=swapper/4 prev_pid=0 prev_prio=120 prev_state=R ==> next_comm=Xorg next_pid=1080 next_prio=120
            Xorg-1080  [004] d...    87.228472: sched_waking: comm=chrome pid=1524 prio=120 target_cpu=002
            Xorg-1080  [004] d...    87.228473: sched_wake_idle_without_ipi: cpu=2
            Xorg-1080  [004] d...    87.228474: sched_wakeup: comm=chrome pid=1524 prio=120 target_cpu=002
            Xorg-1080  [004] d...    87.228496: sched_stat_runtime: comm=Xorg pid=1080 runtime=52392 [ns] vruntime=314324314 [ns]
            Xorg-1080  [004] d...    87.228497: sched_switch: prev_comm=Xorg prev_pid=1080 prev_prio=120 prev_state=S ==> next_comm=swapper/4 next_pid=0 next_prio=120
          <idle>-0     [004] d...    87.228500: cpu_idle: state=1 cpu_id=4
          <idle>-0     [004] dN..    87.228507: cpu_idle: state=4294967295 cpu_id=4
          <idle>-0     [004] d...    87.228509: sched_switch: prev_comm=swapper/4 prev_pid=0 prev_prio=120 prev_state=R ==> next_comm=Xorg next_pid=1080 next_prio=120
            Xorg-1080  [004] d...    87.228529: sched_waking: comm=chrome pid=1524 prio=120 target_cpu=002
            Xorg-1080  [004] d...    87.228531: sched_wake_idle_without_ipi: cpu=2
            Xorg-1080  [004] d...    87.228532: sched_wakeup: comm=chrome pid=1524 prio=120 target_cpu=002
            Xorg-1080  [004] d...    87.228553: sched_stat_runtime: comm=Xorg pid=1080 runtime=48765 [ns] vruntime=314373079 [ns]
            Xorg-1080  [004] d...    87.228555: sched_switch: prev_comm=Xorg prev_pid=1080 prev_prio=120 prev_state=S ==> next_comm=swapper/4 next_pid=0 next_prio=120
          <idle>-0     [004] d...    87.228558: cpu_idle: state=1 cpu_id=4
          <idle>-0     [004] dN..    87.228559: cpu_idle: state=4294967295 cpu_id=4
          <idle>-0     [004] d...    87.228561: sched_switch: prev_comm=swapper/4 prev_pid=0 prev_prio=120 prev_state=R ==> next_comm=Xorg next_pid=1080 next_prio=120
            Xorg-1080  [004] d...    87.228581: sched_waking: comm=chrome pid=1524 prio=120 target_cpu=002
            Xorg-1080  [004] d...    87.228583: sched_wake_idle_without_ipi: cpu=2
            Xorg-1080  [004] d...    87.228583: sched_wakeup: comm=chrome pid=1524 prio=120 target_cpu=002
            Xorg-1080  [004] d...    87.228621: sched_waking: comm=chrome pid=1524 prio=120 target_cpu=002
            Xorg-1080  [004] d...    87.228623: sched_wake_idle_without_ipi: cpu=2
            Xorg-1080  [004] d...    87.228623: sched_wakeup: comm=chrome pid=1524 prio=120 target_cpu=002
            Xorg-1080  [004] d...    87.228667: sched_waking: comm=chrome pid=1524 prio=120 target_cpu=002
            Xorg-1080  [004] d...    87.228669: sched_wake_idle_without_ipi: cpu=2
            Xorg-1080  [004] d...    87.228670: sched_wakeup: comm=chrome pid=1524 prio=120 target_cpu=002
            Xorg-1080  [004] d...    87.228708: sched_waking: comm=chrome pid=1524 prio=120 target_cpu=002
            Xorg-1080  [004] d...    87.228710: sched_wake_idle_without_ipi: cpu=2
            Xorg-1080  [004] d...    87.228711: sched_wakeup: comm=chrome pid=1524 prio=120 target_cpu=002
            Xorg-1080  [004] d...    87.228753: sched_waking: comm=chrome pid=1524 prio=120 target_cpu=002
            Xorg-1080  [004] d...    87.228755: sched_wake_idle_without_ipi: cpu=2
            Xorg-1080  [004] d...    87.228755: sched_wakeup: comm=chrome pid=1524 prio=120 target_cpu=002
            Xorg-1080  [004] d...    87.228783: sched_stat_runtime: comm=Xorg pid=1080 runtime=225685 [ns] vruntime=314598764 [ns]
            Xorg-1080  [004] d...    87.228803: sched_waking: comm=chrome pid=1524 prio=120 target_cpu=002
            Xorg-1080  [004] d...    87.228805: sched_wake_idle_without_ipi: cpu=2
            Xorg-1080  [004] d...    87.228806: sched_wakeup: comm=chrome pid=1524 prio=120 target_cpu=002
            Xorg-1080  [004] d...    87.228842: sched_waking: comm=chrome pid=1524 prio=120 target_cpu=002
            Xorg-1080  [004] d...    87.228844: sched_wake_idle_without_ipi: cpu=2
            Xorg-1080  [004] d...    87.228845: sched_wakeup: comm=chrome pid=1524 prio=120 target_cpu=002
            Xorg-1080  [004] d...    87.228883: sched_waking: comm=chrome pid=1524 prio=120 target_cpu=002
            Xorg-1080  [004] d...    87.228885: sched_wake_idle_without_ipi: cpu=2
            Xorg-1080  [004] d...    87.228885: sched_wakeup: comm=chrome pid=1524 prio=120 target_cpu=002
            Xorg-1080  [004] d...    87.228906: sched_stat_runtime: comm=Xorg pid=1080 runtime=122934 [ns] vruntime=314721698 [ns]
            Xorg-1080  [004] d...    87.228908: sutil_marker: Schedutil: get_next_freq: 800000: 1024
            Xorg-1080  [004] d...    87.228909: sutil_marker: Schedutil: update-single-util: 63: 82
            Xorg-1080  [004] d...    87.228909: sutil_marker: Schedutil: update-single-boost: 63: 82
            Xorg-1080  [004] d...    87.228910: sutil_marker: Schedutil: update-single-freq: 800000: 800000
            Xorg-1080  [004] d...    87.228911: sched_switch: prev_comm=Xorg prev_pid=1080 prev_prio=120 prev_state=S ==> next_comm=swapper/4 next_pid=0 next_prio=120
          <idle>-0     [004] d...    87.228915: cpu_idle: state=1 cpu_id=4
          <idle>-0     [004] dN..    87.229020: cpu_idle: state=4294967295 cpu_id=4
          <idle>-0     [004] d...    87.229023: sched_switch: prev_comm=swapper/4 prev_pid=0 prev_prio=120 prev_state=R ==> next_comm=Xorg next_pid=1080 next_prio=120
            Xorg-1080  [004] d...    87.229049: sched_waking: comm=chrome pid=1524 prio=120 target_cpu=002
            Xorg-1080  [004] d...    87.229052: sched_wake_idle_without_ipi: cpu=2
            Xorg-1080  [004] d...    87.229052: sched_wakeup: comm=chrome pid=1524 prio=120 target_cpu=002
            Xorg-1080  [004] d...    87.229072: sched_stat_runtime: comm=Xorg pid=1080 runtime=54161 [ns] vruntime=314775859 [ns]
            Xorg-1080  [004] d...    87.229073: sched_switch: prev_comm=Xorg prev_pid=1080 prev_prio=120 prev_state=S ==> next_comm=swapper/4 next_pid=0 next_prio=120
          <idle>-0     [004] d...    87.229076: cpu_idle: state=1 cpu_id=4
          <idle>-0     [004] d...    87.229247: cpu_idle: state=4294967295 cpu_id=4
          <idle>-0     [004] d.h.    87.229250: sched_waking: comm=Compositor pid=3069 prio=120 target_cpu=004
          <idle>-0     [004] dNh.    87.229253: sched_wakeup: comm=Compositor pid=3069 prio=120 target_cpu=004
          <idle>-0     [004] d...    87.229256: sched_switch: prev_comm=swapper/4 prev_pid=0 prev_prio=120 prev_state=R ==> next_comm=Compositor next_pid=3069 next_prio=120
      Compositor-3069  [004] d...    87.229277: sched_stat_runtime: comm=Compositor pid=3069 runtime=26537 [ns] vruntime=53848326960 [ns]
      Compositor-3069  [004] d...    87.229279: sched_switch: prev_comm=Compositor prev_pid=3069 prev_prio=120 prev_state=S ==> next_comm=swapper/4 next_pid=0 next_prio=120
          <idle>-0     [004] d...    87.229282: cpu_idle: state=1 cpu_id=4
          <idle>-0     [004] d...    87.229371: cpu_idle: state=4294967295 cpu_id=4
          <idle>-0     [004] d...    87.229377: cpu_idle: state=4 cpu_id=4
          <idle>-0     [004] d...    87.229779: cpu_idle: state=4294967295 cpu_id=4
          <idle>-0     [004] d...    87.229783: cpu_idle: state=4 cpu_id=4
          <idle>-0     [004] dN..    87.230086: cpu_idle: state=4294967295 cpu_id=4
          <idle>-0     [004] d...    87.230088: sched_switch: prev_comm=swapper/4 prev_pid=0 prev_prio=120 prev_state=R ==> next_comm=Compositor next_pid=3069 next_prio=120
      Compositor-3069  [004] d...    87.230117: sched_stat_runtime: comm=Compositor pid=3069 runtime=32766 [ns] vruntime=53848359726 [ns]
      Compositor-3069  [004] d...    87.230117: sched_switch: prev_comm=Compositor prev_pid=3069 prev_prio=120 prev_state=S ==> next_comm=swapper/4 next_pid=0 next_prio=120
          <idle>-0     [004] d...    87.230119: cpu_idle: state=4 cpu_id=4
          <idle>-0     [004] dN..    87.230729: cpu_idle: state=4294967295 cpu_id=4
          <idle>-0     [004] d...    87.230733: sched_switch: prev_comm=swapper/4 prev_pid=0 prev_prio=120 prev_state=R ==> next_comm=Chrome_ChildIOT next_pid=1903 next_prio=120
 Chrome_ChildIOT-1903  [004] d...    87.230771: sched_waking: comm=chrome pid=1896 prio=120 target_cpu=006
 Chrome_ChildIOT-1903  [004] d...    87.230773: sched_migrate_task: comm=chrome pid=1896 prio=120 orig_cpu=6 dest_cpu=5
 Chrome_ChildIOT-1903  [004] d...    87.230774: sutil_marker: Schedutil: attach_entity_load_avg: 0: 0
 Chrome_ChildIOT-1903  [004] d...    87.230775: sched_wake_idle_without_ipi: cpu=5
 Chrome_ChildIOT-1903  [004] d...    87.230775: sched_wakeup: comm=chrome pid=1896 prio=120 target_cpu=005
 Chrome_ChildIOT-1903  [004] d...    87.230788: sched_stat_runtime: comm=Chrome_ChildIOT pid=1903 runtime=87208 [ns] vruntime=53847969547 [ns]
 Chrome_ChildIOT-1903  [004] d...    87.230789: sutil_marker: Schedutil: get_next_freq: 800000: 1024
 Chrome_ChildIOT-1903  [004] d...    87.230789: sutil_marker: Schedutil: update-single-util: 82: 87
 Chrome_ChildIOT-1903  [004] d...    87.230789: sutil_marker: Schedutil: update-single-boost: 82: 87
 Chrome_ChildIOT-1903  [004] d...    87.230789: sutil_marker: Schedutil: update-single-freq: 800000: 800000
 Chrome_ChildIOT-1903  [004] d...    87.230790: sched_switch: prev_comm=Chrome_ChildIOT prev_pid=1903 prev_prio=120 prev_state=S ==> next_comm=swapper/4 next_pid=0 next_prio=120
          <idle>-0     [004] d...    87.230791: cpu_idle: state=4 cpu_id=4
          <idle>-0     [004] dN..    87.231037: cpu_idle: state=4294967295 cpu_id=4
          <idle>-0     [004] d...    87.231039: sched_switch: prev_comm=swapper/4 prev_pid=0 prev_prio=120 prev_state=R ==> next_comm=Chrome_ChildIOT next_pid=1903 next_prio=120
 Chrome_ChildIOT-1903  [004] d...    87.231056: sched_waking: comm=chrome pid=1896 prio=120 target_cpu=005
 Chrome_ChildIOT-1903  [004] d...    87.231057: sched_wake_idle_without_ipi: cpu=5
 Chrome_ChildIOT-1903  [004] d...    87.231058: sched_wakeup: comm=chrome pid=1896 prio=120 target_cpu=005
 Chrome_ChildIOT-1903  [004] d...    87.231081: sched_stat_runtime: comm=Chrome_ChildIOT pid=1903 runtime=67382 [ns] vruntime=53848036929 [ns]
 Chrome_ChildIOT-1903  [004] d...    87.231082: sched_switch: prev_comm=Chrome_ChildIOT prev_pid=1903 prev_prio=120 prev_state=S ==> next_comm=swapper/4 next_pid=0 next_prio=120
          <idle>-0     [004] d...    87.231084: cpu_idle: state=4 cpu_id=4
          <idle>-0     [004] dN..    87.231507: cpu_idle: state=4294967295 cpu_id=4
          <idle>-0     [004] d...    87.231513: sched_switch: prev_comm=swapper/4 prev_pid=0 prev_prio=120 prev_state=R ==> next_comm=Xorg next_pid=1080 next_prio=120
            Xorg-1080  [004] d...    87.231569: sched_waking: comm=chrome pid=1896 prio=120 target_cpu=005
            Xorg-1080  [004] d...    87.231570: sched_wake_idle_without_ipi: cpu=5
            Xorg-1080  [004] d...    87.231571: sched_wakeup: comm=chrome pid=1896 prio=120 target_cpu=005
            Xorg-1080  [004] d...    87.231582: sched_stat_runtime: comm=Xorg pid=1080 runtime=72250 [ns] vruntime=314848109 [ns]
            Xorg-1080  [004] d...    87.231583: sched_switch: prev_comm=Xorg prev_pid=1080 prev_prio=120 prev_state=S ==> next_comm=swapper/4 next_pid=0 next_prio=120
          <idle>-0     [004] d...    87.231585: cpu_idle: state=4 cpu_id=4
          <idle>-0     [004] d...    87.231798: cpu_idle: state=4294967295 cpu_id=4
          <idle>-0     [004] d...    87.231814: cpu_idle: state=4 cpu_id=4
          <idle>-0     [004] dN..    87.231953: cpu_idle: state=4294967295 cpu_id=4
          <idle>-0     [004] d...    87.231956: sched_switch: prev_comm=swapper/4 prev_pid=0 prev_prio=120 prev_state=R ==> next_comm=Xorg next_pid=1080 next_prio=120
            Xorg-1080  [004] d...    87.231974: sched_waking: comm=chrome pid=1896 prio=120 target_cpu=005
            Xorg-1080  [004] d...    87.231976: sched_wake_idle_without_ipi: cpu=5
            Xorg-1080  [004] d...    87.231976: sched_wakeup: comm=chrome pid=1896 prio=120 target_cpu=005
            Xorg-1080  [004] d...    87.231984: sched_stat_runtime: comm=Xorg pid=1080 runtime=53528 [ns] vruntime=314901637 [ns]
            Xorg-1080  [004] d...    87.231984: sched_switch: prev_comm=Xorg prev_pid=1080 prev_prio=120 prev_state=S ==> next_comm=swapper/4 next_pid=0 next_prio=120
          <idle>-0     [004] d...    87.231986: cpu_idle: state=4 cpu_id=4
          <idle>-0     [004] dN..    87.232055: cpu_idle: state=4294967295 cpu_id=4
          <idle>-0     [004] d...    87.232057: sched_switch: prev_comm=swapper/4 prev_pid=0 prev_prio=120 prev_state=R ==> next_comm=Xorg next_pid=1080 next_prio=120
            Xorg-1080  [004] d...    87.232070: sched_waking: comm=chrome pid=1896 prio=120 target_cpu=005
            Xorg-1080  [004] d...    87.232071: sched_wake_idle_without_ipi: cpu=5
            Xorg-1080  [004] d...    87.232072: sched_wakeup: comm=chrome pid=1896 prio=120 target_cpu=005
            Xorg-1080  [004] d...    87.232079: sched_stat_runtime: comm=Xorg pid=1080 runtime=88998 [ns] vruntime=314990635 [ns]
            Xorg-1080  [004] d...    87.232080: sched_switch: prev_comm=Xorg prev_pid=1080 prev_prio=120 prev_state=S ==> next_comm=swapper/4 next_pid=0 next_prio=120
          <idle>-0     [004] d...    87.232083: sched_switch: prev_comm=swapper/4 prev_pid=0 prev_prio=120 prev_state=R ==> next_comm=Xorg next_pid=1080 next_prio=120
            Xorg-1080  [004] d...    87.232089: sched_waking: comm=chrome pid=1896 prio=120 target_cpu=005
            Xorg-1080  [004] d...    87.232089: sched_wake_idle_without_ipi: cpu=5
            Xorg-1080  [004] d...    87.232089: sched_wakeup: comm=chrome pid=1896 prio=120 target_cpu=005
            Xorg-1080  [004] d...    87.232094: sched_stat_runtime: comm=Xorg pid=1080 runtime=12853 [ns] vruntime=315003488 [ns]
            Xorg-1080  [004] d...    87.232095: sched_switch: prev_comm=Xorg prev_pid=1080 prev_prio=120 prev_state=S ==> next_comm=swapper/4 next_pid=0 next_prio=120
          <idle>-0     [004] d...    87.232096: cpu_idle: state=4 cpu_id=4
          <idle>-0     [004] dN..    87.232102: cpu_idle: state=4294967295 cpu_id=4
          <idle>-0     [004] d...    87.232103: sched_switch: prev_comm=swapper/4 prev_pid=0 prev_prio=120 prev_state=R ==> next_comm=Xorg next_pid=1080 next_prio=120
            Xorg-1080  [004] d...    87.232112: sched_waking: comm=chrome pid=1896 prio=120 target_cpu=005
            Xorg-1080  [004] d...    87.232113: sched_wake_idle_without_ipi: cpu=5
            Xorg-1080  [004] d...    87.232113: sched_wakeup: comm=chrome pid=1896 prio=120 target_cpu=005
            Xorg-1080  [004] d...    87.232118: sched_stat_runtime: comm=Xorg pid=1080 runtime=20723 [ns] vruntime=315024211 [ns]
            Xorg-1080  [004] d...    87.232118: sched_switch: prev_comm=Xorg prev_pid=1080 prev_prio=120 prev_state=S ==> next_comm=swapper/4 next_pid=0 next_prio=120
          <idle>-0     [004] d...    87.232119: cpu_idle: state=4 cpu_id=4
          <idle>-0     [004] dN..    87.232160: cpu_idle: state=4294967295 cpu_id=4
          <idle>-0     [004] d...    87.232162: sched_switch: prev_comm=swapper/4 prev_pid=0 prev_prio=120 prev_state=R ==> next_comm=Chrome_ChildIOT next_pid=1903 next_prio=120
 Chrome_ChildIOT-1903  [004] d...    87.232195: sched_waking: comm=Chrome_IOThread pid=1860 prio=120 target_cpu=003
 Chrome_ChildIOT-1903  [004] d...    87.232196: sched_wake_idle_without_ipi: cpu=3
 Chrome_ChildIOT-1903  [004] d...    87.232196: sched_wakeup: comm=Chrome_IOThread pid=1860 prio=120 target_cpu=003
 Chrome_ChildIOT-1903  [004] d...    87.232202: sched_stat_runtime: comm=Chrome_ChildIOT pid=1903 runtime=76076 [ns] vruntime=53848113005 [ns]
 Chrome_ChildIOT-1903  [004] d...    87.232203: sched_switch: prev_comm=Chrome_ChildIOT prev_pid=1903 prev_prio=120 prev_state=S ==> next_comm=swapper/4 next_pid=0 next_prio=120
          <idle>-0     [004] d...    87.232205: cpu_idle: state=4 cpu_id=4
          <idle>-0     [004] dN..    87.232305: cpu_idle: state=4294967295 cpu_id=4
          <idle>-0     [004] d...    87.232307: sched_switch: prev_comm=swapper/4 prev_pid=0 prev_prio=120 prev_state=R ==> next_comm=Chrome_ChildIOT next_pid=1903 next_prio=120
 Chrome_ChildIOT-1903  [004] d...    87.232320: sched_waking: comm=Chrome_IOThread pid=1860 prio=120 target_cpu=003
 Chrome_ChildIOT-1903  [004] d...    87.232321: sched_wake_idle_without_ipi: cpu=3
 Chrome_ChildIOT-1903  [004] d...    87.232322: sched_wakeup: comm=Chrome_IOThread pid=1860 prio=120 target_cpu=003
 Chrome_ChildIOT-1903  [004] d...    87.232327: sched_stat_runtime: comm=Chrome_ChildIOT pid=1903 runtime=22922 [ns] vruntime=53848135927 [ns]
 Chrome_ChildIOT-1903  [004] d...    87.232328: sched_switch: prev_comm=Chrome_ChildIOT prev_pid=1903 prev_prio=120 prev_state=S ==> next_comm=swapper/4 next_pid=0 next_prio=120
          <idle>-0     [004] d...    87.232330: cpu_idle: state=4 cpu_id=4
          <idle>-0     [004] d...    87.232798: cpu_idle: state=4294967295 cpu_id=4
          <idle>-0     [004] d...    87.232828: cpu_idle: state=4 cpu_id=4
          <idle>-0     [004] d...    87.233803: cpu_idle: state=4294967295 cpu_id=4
          <idle>-0     [004] d...    87.233864: cpu_idle: state=4 cpu_id=4
          <idle>-0     [004] d...    87.234817: cpu_idle: state=4294967295 cpu_id=4
          <idle>-0     [004] d...    87.234852: cpu_idle: state=4 cpu_id=4
          <idle>-0     [004] dN..    87.235774: cpu_idle: state=4294967295 cpu_id=4
          <idle>-0     [004] d...    87.235793: sched_switch: prev_comm=swapper/4 prev_pid=0 prev_prio=120 prev_state=R ==> next_comm=Compositor next_pid=3069 next_prio=120
      Compositor-3069  [004] d...    87.235806: sched_stat_runtime: comm=Compositor pid=3069 runtime=54480 [ns] vruntime=53848414206 [ns]
      Compositor-3069  [004] d...    87.235807: sched_switch: prev_comm=Compositor prev_pid=3069 prev_prio=120 prev_state=S ==> next_comm=swapper/4 next_pid=0 next_prio=120
          <idle>-0     [004] d...    87.235810: cpu_idle: state=6 cpu_id=4
          <idle>-0     [004] dN..    87.235816: cpu_idle: state=4294967295 cpu_id=4
          <idle>-0     [004] d...    87.235818: sched_switch: prev_comm=swapper/4 prev_pid=0 prev_prio=120 prev_state=R ==> next_comm=Chrome_CacheThr next_pid=1859 next_prio=120
           <...>-1859  [004] d...    87.235883: sched_waking: comm=Chrome_IOThread pid=1860 prio=120 target_cpu=002
           <...>-1859  [004] d...    87.235885: sched_wake_idle_without_ipi: cpu=2
           <...>-1859  [004] d...    87.235885: sched_wakeup: comm=Chrome_IOThread pid=1860 prio=120 target_cpu=002
           <...>-1859  [004] d...    87.235889: sched_stat_runtime: comm=Chrome_CacheThr pid=1859 runtime=77837 [ns] vruntime=53847960176 [ns]
           <...>-1859  [004] d...    87.235890: sched_switch: prev_comm=Chrome_CacheThr prev_pid=1859 prev_prio=120 prev_state=S ==> next_comm=swapper/4 next_pid=0 next_prio=120
          <idle>-0     [004] d...    87.235891: cpu_idle: state=4 cpu_id=4
          <idle>-0     [004] dN..    87.236185: cpu_idle: state=4294967295 cpu_id=4
          <idle>-0     [004] d...    87.236186: sched_switch: prev_comm=swapper/4 prev_pid=0 prev_prio=120 prev_state=R ==> next_comm=Chrome_CacheThr next_pid=1859 next_prio=120
           <...>-1859  [004] d...    87.236288: sched_stat_runtime: comm=Chrome_CacheThr pid=1859 runtime=104006 [ns] vruntime=53848064182 [ns]
           <...>-1859  [004] d...    87.236289: sched_switch: prev_comm=Chrome_CacheThr prev_pid=1859 prev_prio=120 prev_state=S ==> next_comm=swapper/4 next_pid=0 next_prio=120
          <idle>-0     [004] d...    87.236290: cpu_idle: state=4 cpu_id=4
          <idle>-0     [004] dN..    87.236646: cpu_idle: state=4294967295 cpu_id=4
          <idle>-0     [004] d...    87.236648: sched_switch: prev_comm=swapper/4 prev_pid=0 prev_prio=120 prev_state=R ==> next_comm=Compositor next_pid=3069 next_prio=120
      Compositor-3069  [004] d...    87.236712: sched_waking: comm=chrome pid=3067 prio=120 target_cpu=001
      Compositor-3069  [004] d...    87.236713: sched_wake_idle_without_ipi: cpu=1
      Compositor-3069  [004] d...    87.236713: sched_wakeup: comm=chrome pid=3067 prio=120 target_cpu=001
      Compositor-3069  [004] d...    87.236831: sched_waking: comm=CompositorTileW pid=3074 prio=120 target_cpu=007
      Compositor-3069  [004] d...    87.236832: sched_wake_idle_without_ipi: cpu=7
      Compositor-3069  [004] d...    87.236832: sched_wakeup: comm=CompositorTileW pid=3074 prio=120 target_cpu=007
      Compositor-3069  [004] d...    87.236855: sched_stat_runtime: comm=Compositor pid=3069 runtime=228875 [ns] vruntime=53848643081 [ns]
      Compositor-3069  [004] d...    87.236855: sched_switch: prev_comm=Compositor prev_pid=3069 prev_prio=120 prev_state=S ==> next_comm=swapper/4 next_pid=0 next_prio=120
          <idle>-0     [004] d...    87.236857: cpu_idle: state=4 cpu_id=4
          <idle>-0     [004] dN..    87.236917: cpu_idle: state=4294967295 cpu_id=4
          <idle>-0     [004] d...    87.236918: sched_switch: prev_comm=swapper/4 prev_pid=0 prev_prio=120 prev_state=R ==> next_comm=Compositor next_pid=3069 next_prio=120
      Compositor-3069  [004] d...    87.236929: sched_stat_runtime: comm=Compositor pid=3069 runtime=61118 [ns] vruntime=53848704199 [ns]
      Compositor-3069  [004] d...    87.236930: sched_switch: prev_comm=Compositor prev_pid=3069 prev_prio=120 prev_state=S ==> next_comm=swapper/4 next_pid=0 next_prio=120
          <idle>-0     [004] d...    87.236931: cpu_idle: state=4 cpu_id=4
          <idle>-0     [004] dN..    87.236952: cpu_idle: state=4294967295 cpu_id=4
          <idle>-0     [004] d...    87.236953: sched_switch: prev_comm=swapper/4 prev_pid=0 prev_prio=120 prev_state=R ==> next_comm=CompositorTileW next_pid=3072 next_prio=120
           <...>-3072  [004] d...    87.236956: sched_waking: comm=CompositorTileW pid=3074 prio=120 target_cpu=007
           <...>-3072  [004] d...    87.236956: sched_wake_idle_without_ipi: cpu=7
           <...>-3072  [004] d...    87.236956: sched_wakeup: comm=CompositorTileW pid=3074 prio=120 target_cpu=007
           <...>-3072  [004] d...    87.236964: sched_stat_runtime: comm=CompositorTileW pid=3072 runtime=13744 [ns] vruntime=53847949360 [ns]
           <...>-3072  [004] d...    87.236965: sched_switch: prev_comm=CompositorTileW prev_pid=3072 prev_prio=120 prev_state=S ==> next_comm=swapper/4 next_pid=0 next_prio=120
          <idle>-0     [004] d...    87.236965: cpu_idle: state=4 cpu_id=4
          <idle>-0     [004] dN..    87.237002: cpu_idle: state=4294967295 cpu_id=4
          <idle>-0     [004] d...    87.237003: sched_switch: prev_comm=swapper/4 prev_pid=0 prev_prio=120 prev_state=R ==> next_comm=CompositorTileW next_pid=3072 next_prio=120
           <...>-3072  [004] d...    87.237004: sched_waking: comm=Chrome_ChildIOT pid=3068 prio=120 target_cpu=003
           <...>-3072  [004] d...    87.237005: sched_wake_idle_without_ipi: cpu=3
           <...>-3072  [004] d...    87.237005: sched_wakeup: comm=Chrome_ChildIOT pid=3068 prio=120 target_cpu=003
           <...>-3072  [004] d...    87.237007: sched_stat_runtime: comm=CompositorTileW pid=3072 runtime=35767 [ns] vruntime=53847985127 [ns]
           <...>-3072  [004] d...    87.237007: sched_switch: prev_comm=CompositorTileW prev_pid=3072 prev_prio=120 prev_state=S ==> next_comm=swapper/4 next_pid=0 next_prio=120
          <idle>-0     [004] d...    87.237008: cpu_idle: state=3 cpu_id=4
          <idle>-0     [004] dN..    87.237093: cpu_idle: state=4294967295 cpu_id=4
          <idle>-0     [004] d...    87.237094: sched_switch: prev_comm=swapper/4 prev_pid=0 prev_prio=120 prev_state=R ==> next_comm=CompositorTileW next_pid=3073 next_prio=120
           <...>-3073  [004] d...    87.237147: sched_waking: comm=CompositorTileW pid=3072 prio=120 target_cpu=005
           <...>-3073  [004] d...    87.237149: sched_wake_idle_without_ipi: cpu=5
