           <...>-3073  [004] d...    87.237149: sched_wakeup: comm=CompositorTileW pid=3072 prio=120 target_cpu=005
           <...>-3073  [004] d...    87.237150: sched_stat_runtime: comm=CompositorTileW pid=3073 runtime=78288 [ns] vruntime=53847973820 [ns]
           <...>-3073  [004] d...    87.237151: sched_switch: prev_comm=CompositorTileW prev_pid=3073 prev_prio=120 prev_state=D ==> next_comm=swapper/4 next_pid=0 next_prio=120
          <idle>-0     [004] d...    87.237152: cpu_idle: state=3 cpu_id=4
          <idle>-0     [004] dN..    87.237158: cpu_idle: state=4294967295 cpu_id=4
          <idle>-0     [004] d...    87.237159: sched_switch: prev_comm=swapper/4 prev_pid=0 prev_prio=120 prev_state=R ==> next_comm=CompositorTileW next_pid=3073 next_prio=120
           <...>-3073  [004] d...    87.237175: sched_stat_runtime: comm=CompositorTileW pid=3073 runtime=19402 [ns] vruntime=53847993222 [ns]
           <...>-3073  [004] d...    87.237176: sched_switch: prev_comm=CompositorTileW prev_pid=3073 prev_prio=120 prev_state=D ==> next_comm=swapper/4 next_pid=0 next_prio=120
          <idle>-0     [004] d...    87.237177: cpu_idle: state=1 cpu_id=4
          <idle>-0     [004] dN..    87.237183: cpu_idle: state=4294967295 cpu_id=4
          <idle>-0     [004] d...    87.237184: sched_switch: prev_comm=swapper/4 prev_pid=0 prev_prio=120 prev_state=R ==> next_comm=CompositorTileW next_pid=3073 next_prio=120
           <...>-3073  [004] d...    87.237283: sched_waking: comm=Chrome_ChildIOT pid=3068 prio=120 target_cpu=003
           <...>-3073  [004] d...    87.237284: sched_migrate_task: comm=Chrome_ChildIOT pid=3068 prio=120 orig_cpu=3 dest_cpu=6
           <...>-3073  [004] d...    87.237285: sutil_marker: Schedutil: attach_entity_load_avg: 0: 0
           <...>-3073  [004] d...    87.237285: sched_wake_idle_without_ipi: cpu=6
           <...>-3073  [004] d...    87.237285: sched_wakeup: comm=Chrome_ChildIOT pid=3068 prio=120 target_cpu=006
           <...>-3073  [004] d...    87.237294: sched_waking: comm=CompositorTileW pid=3071 prio=120 target_cpu=000
           <...>-3073  [004] d...    87.237295: sched_wake_idle_without_ipi: cpu=0
           <...>-3073  [004] d...    87.237295: sched_wakeup: comm=CompositorTileW pid=3071 prio=120 target_cpu=000
           <...>-3073  [004] d...    87.237300: sched_stat_runtime: comm=CompositorTileW pid=3073 runtime=117384 [ns] vruntime=53848110606 [ns]
           <...>-3073  [004] d...    87.237301: sched_switch: prev_comm=CompositorTileW prev_pid=3073 prev_prio=120 prev_state=S ==> next_comm=swapper/4 next_pid=0 next_prio=120
          <idle>-0     [004] d...    87.237302: cpu_idle: state=1 cpu_id=4
          <idle>-0     [004] dN..    87.237302: cpu_idle: state=4294967295 cpu_id=4
          <idle>-0     [004] d...    87.237303: sched_switch: prev_comm=swapper/4 prev_pid=0 prev_prio=120 prev_state=R ==> next_comm=Chrome_ChildIOT next_pid=1903 next_prio=120
 Chrome_ChildIOT-1903  [004] d...    87.237338: sched_waking: comm=chrome pid=1896 prio=120 target_cpu=005
 Chrome_ChildIOT-1903  [004] d...    87.237339: sched_migrate_task: comm=chrome pid=1896 prio=120 orig_cpu=5 dest_cpu=2
 Chrome_ChildIOT-1903  [004] d...    87.237340: sutil_marker: Schedutil: attach_entity_load_avg: 0: 0
 Chrome_ChildIOT-1903  [004] d...    87.237340: sched_wake_idle_without_ipi: cpu=2
 Chrome_ChildIOT-1903  [004] d...    87.237341: sched_wakeup: comm=chrome pid=1896 prio=120 target_cpu=002
 Chrome_ChildIOT-1903  [004] d...    87.237375: sched_stat_runtime: comm=Chrome_ChildIOT pid=1903 runtime=74269 [ns] vruntime=53848210196 [ns]
 Chrome_ChildIOT-1903  [004] d...    87.237377: sched_switch: prev_comm=Chrome_ChildIOT prev_pid=1903 prev_prio=120 prev_state=S ==> next_comm=swapper/4 next_pid=0 next_prio=120
          <idle>-0     [004] d...    87.237378: cpu_idle: state=1 cpu_id=4
          <idle>-0     [004] dN..    87.237399: cpu_idle: state=4294967295 cpu_id=4
          <idle>-0     [004] d...    87.237400: sched_switch: prev_comm=swapper/4 prev_pid=0 prev_prio=120 prev_state=R ==> next_comm=Chrome_ChildIOT next_pid=1903 next_prio=120
 Chrome_ChildIOT-1903  [004] d...    87.237410: sched_stat_runtime: comm=Chrome_ChildIOT pid=1903 runtime=11740 [ns] vruntime=53848221936 [ns]
 Chrome_ChildIOT-1903  [004] d...    87.237410: sched_switch: prev_comm=Chrome_ChildIOT prev_pid=1903 prev_prio=120 prev_state=S ==> next_comm=swapper/4 next_pid=0 next_prio=120
          <idle>-0     [004] d...    87.237412: cpu_idle: state=1 cpu_id=4
          <idle>-0     [004] dN..    87.237418: cpu_idle: state=4294967295 cpu_id=4
          <idle>-0     [004] d...    87.237418: sched_switch: prev_comm=swapper/4 prev_pid=0 prev_prio=120 prev_state=R ==> next_comm=CompositorTileW next_pid=3073 next_prio=120
           <...>-3073  [004] d...    87.237467: sched_stat_runtime: comm=CompositorTileW pid=3073 runtime=50932 [ns] vruntime=53848188729 [ns]
           <...>-3073  [004] d...    87.237468: sched_switch: prev_comm=CompositorTileW prev_pid=3073 prev_prio=120 prev_state=D ==> next_comm=swapper/4 next_pid=0 next_prio=120
          <idle>-0     [004] d...    87.237469: cpu_idle: state=1 cpu_id=4
          <idle>-0     [004] dN..    87.237472: cpu_idle: state=4294967295 cpu_id=4
          <idle>-0     [004] d...    87.237472: sched_switch: prev_comm=swapper/4 prev_pid=0 prev_prio=120 prev_state=R ==> next_comm=CompositorTileW next_pid=3073 next_prio=120
           <...>-3073  [004] d...    87.237608: sched_waking: comm=CompositorTileW pid=3071 prio=120 target_cpu=005
           <...>-3073  [004] d...    87.237610: sched_migrate_task: comm=CompositorTileW pid=3071 prio=120 orig_cpu=5 dest_cpu=0
           <...>-3073  [004] d...    87.237611: sutil_marker: Schedutil: attach_entity_load_avg: 0: 0
           <...>-3073  [004] d...    87.237612: sched_wake_idle_without_ipi: cpu=0
           <...>-3073  [004] d...    87.237612: sched_wakeup: comm=CompositorTileW pid=3071 prio=120 target_cpu=000
           <...>-3073  [004] d...    87.237621: sched_stat_runtime: comm=CompositorTileW pid=3073 runtime=150225 [ns] vruntime=53848338954 [ns]
           <...>-3073  [004] d...    87.237622: sched_switch: prev_comm=CompositorTileW prev_pid=3073 prev_prio=120 prev_state=D ==> next_comm=swapper/4 next_pid=0 next_prio=120
          <idle>-0     [004] d...    87.237623: cpu_idle: state=1 cpu_id=4
          <idle>-0     [004] dN..    87.237625: cpu_idle: state=4294967295 cpu_id=4
          <idle>-0     [004] d...    87.237626: sched_switch: prev_comm=swapper/4 prev_pid=0 prev_prio=120 prev_state=R ==> next_comm=CompositorTileW next_pid=3073 next_prio=120
           <...>-3073  [004] d...    87.237642: sched_waking: comm=CompositorTileW pid=3071 prio=120 target_cpu=000
           <...>-3073  [004] d...    87.237642: sched_migrate_task: comm=CompositorTileW pid=3071 prio=120 orig_cpu=0 dest_cpu=4
           <...>-3073  [004] d...    87.237643: sched_stat_runtime: comm=CompositorTileW pid=3073 runtime=17745 [ns] vruntime=53848356699 [ns]
           <...>-3073  [004] d...    87.237643: sutil_marker: Schedutil: attach_entity_load_avg: 0: 0
           <...>-3073  [004] d...    87.237644: sched_wakeup: comm=CompositorTileW pid=3071 prio=120 target_cpu=004
           <...>-3073  [004] d...    87.237889: sched_waking: comm=Chrome_ChildIOT pid=3068 prio=120 target_cpu=007
           <...>-3073  [004] d...    87.237891: sched_wake_idle_without_ipi: cpu=7
           <...>-3073  [004] d...    87.237891: sched_wakeup: comm=Chrome_ChildIOT pid=3068 prio=120 target_cpu=007
           <...>-3073  [004] d...    87.237900: sched_stat_runtime: comm=CompositorTileW pid=3073 runtime=256823 [ns] vruntime=53848613522 [ns]
           <...>-3073  [004] d...    87.237901: sched_switch: prev_comm=CompositorTileW prev_pid=3073 prev_prio=120 prev_state=S ==> next_comm=CompositorTileW next_pid=3071 next_prio=120
           <...>-3071  [004] d...    87.238025: sched_waking: comm=Chrome_ChildIOT pid=3068 prio=120 target_cpu=007
           <...>-3071  [004] d...    87.238026: sched_wake_idle_without_ipi: cpu=7
           <...>-3071  [004] d...    87.238027: sched_wakeup: comm=Chrome_ChildIOT pid=3068 prio=120 target_cpu=007
           <...>-3071  [004] d...    87.238037: sched_waking: comm=Compositor pid=3069 prio=120 target_cpu=004
           <...>-3071  [004] d...    87.238038: sched_migrate_task: comm=Compositor pid=3069 prio=120 orig_cpu=4 dest_cpu=6
           <...>-3071  [004] d...    87.238038: sutil_marker: Schedutil: attach_entity_load_avg: 0: 0
           <...>-3071  [004] d...    87.238039: sched_wake_idle_without_ipi: cpu=6
           <...>-3071  [004] d...    87.238039: sched_wakeup: comm=Compositor pid=3069 prio=120 target_cpu=006
           <...>-3071  [004] d...    87.238041: sched_stat_runtime: comm=CompositorTileW pid=3071 runtime=141899 [ns] vruntime=53850131558 [ns]
           <...>-3071  [004] d...    87.238042: sched_switch: prev_comm=CompositorTileW prev_pid=3071 prev_prio=120 prev_state=S ==> next_comm=swapper/4 next_pid=0 next_prio=120
          <idle>-0     [004] d...    87.238043: cpu_idle: state=1 cpu_id=4
          <idle>-0     [004] d...    87.238089: cpu_idle: state=4294967295 cpu_id=4
          <idle>-0     [004] d...    87.238090: cpu_idle: state=1 cpu_id=4
          <idle>-0     [004] dN..    87.238129: cpu_idle: state=4294967295 cpu_id=4
          <idle>-0     [004] d...    87.238130: sched_switch: prev_comm=swapper/4 prev_pid=0 prev_prio=120 prev_state=R ==> next_comm=threaded-ml next_pid=1603 next_prio=120
     threaded-ml-1603  [004] d...    87.238135: sched_waking: comm=pulseaudio pid=1481 prio=109 target_cpu=007
     threaded-ml-1603  [004] d...    87.238135: sched_wake_idle_without_ipi: cpu=7
     threaded-ml-1603  [004] d...    87.238136: sched_wakeup: comm=pulseaudio pid=1481 prio=109 target_cpu=007
     threaded-ml-1603  [004] d...    87.238139: sched_stat_runtime: comm=threaded-ml pid=1603 runtime=11456 [ns] vruntime=53847911790 [ns]
     threaded-ml-1603  [004] d...    87.238140: sched_switch: prev_comm=threaded-ml prev_pid=1603 prev_prio=120 prev_state=S ==> next_comm=swapper/4 next_pid=0 next_prio=120
          <idle>-0     [004] d...    87.238140: cpu_idle: state=1 cpu_id=4
          <idle>-0     [004] d...    87.238776: cpu_idle: state=4294967295 cpu_id=4
          <idle>-0     [004] d...    87.238791: cpu_idle: state=1 cpu_id=4
          <idle>-0     [004] d...    87.239477: cpu_idle: state=4294967295 cpu_id=4
          <idle>-0     [004] d.s.    87.239483: sutil_marker: Schedutil: get_next_freq: 800000: 1024
          <idle>-0     [004] d.s.    87.239483: sutil_marker: Schedutil: update-single-util: 87: 59
          <idle>-0     [004] d.s.    87.239484: sutil_marker: Schedutil: update-single-boost: 87: 59
          <idle>-0     [004] d.s.    87.239484: sutil_marker: Schedutil: update-single-freq: 800000: 800000
          <idle>-0     [004] d...    87.239487: cpu_idle: state=1 cpu_id=4
          <idle>-0     [004] d...    87.239776: cpu_idle: state=4294967295 cpu_id=4
          <idle>-0     [004] d...    87.239782: cpu_idle: state=4 cpu_id=4
          <idle>-0     [004] d...    87.240777: cpu_idle: state=4294967295 cpu_id=4
          <idle>-0     [004] d...    87.240783: cpu_idle: state=4 cpu_id=4
          <idle>-0     [004] d...    87.241798: cpu_idle: state=4294967295 cpu_id=4
          <idle>-0     [004] d...    87.241813: cpu_idle: state=4 cpu_id=4
          <idle>-0     [004] d...    87.242779: cpu_idle: state=4294967295 cpu_id=4
          <idle>-0     [004] d...    87.242784: cpu_idle: state=4 cpu_id=4
          <idle>-0     [004] d...    87.243478: cpu_idle: state=4294967295 cpu_id=4
          <idle>-0     [004] d...    87.243482: cpu_idle: state=4 cpu_id=4
          <idle>-0     [004] d...    87.243802: cpu_idle: state=4294967295 cpu_id=4
          <idle>-0     [004] d...    87.243822: cpu_idle: state=4 cpu_id=4
          <idle>-0     [004] dN..    87.244678: cpu_idle: state=4294967295 cpu_id=4
          <idle>-0     [004] d...    87.244682: sched_switch: prev_comm=swapper/4 prev_pid=0 prev_prio=120 prev_state=R ==> next_comm=chrome next_pid=1524 next_prio=120
          chrome-1524  [004] d...    87.244886: sched_waking: comm=Xorg pid=1080 prio=120 target_cpu=006
          chrome-1524  [004] d...    87.244890: sched_wake_idle_without_ipi: cpu=6
          chrome-1524  [004] d...    87.244891: sched_wakeup: comm=Xorg pid=1080 prio=120 target_cpu=006
          chrome-1524  [004] d...    87.244895: sched_stat_runtime: comm=chrome pid=1524 runtime=244806 [ns] vruntime=53860127145 [ns]
          chrome-1524  [004] d...    87.244897: sched_switch: prev_comm=chrome prev_pid=1524 prev_prio=120 prev_state=S ==> next_comm=swapper/4 next_pid=0 next_prio=120
          <idle>-0     [004] d...    87.244901: cpu_idle: state=4 cpu_id=4
          <idle>-0     [004] dN..    87.244983: cpu_idle: state=4294967295 cpu_id=4
          <idle>-0     [004] d...    87.244987: sched_switch: prev_comm=swapper/4 prev_pid=0 prev_prio=120 prev_state=R ==> next_comm=chrome next_pid=1524 next_prio=120
          chrome-1524  [004] d...    87.245018: sched_waking: comm=Xorg pid=1080 prio=120 target_cpu=006
          chrome-1524  [004] d...    87.245021: sched_wake_idle_without_ipi: cpu=6
          chrome-1524  [004] d...    87.245021: sched_wakeup: comm=Xorg pid=1080 prio=120 target_cpu=006
          chrome-1524  [004] d...    87.245025: sched_stat_runtime: comm=chrome pid=1524 runtime=70688 [ns] vruntime=53860197833 [ns]
          chrome-1524  [004] d...    87.245026: sched_switch: prev_comm=chrome prev_pid=1524 prev_prio=120 prev_state=S ==> next_comm=swapper/4 next_pid=0 next_prio=120
          <idle>-0     [004] d...    87.245029: cpu_idle: state=4 cpu_id=4
          <idle>-0     [004] dN..    87.245091: cpu_idle: state=4294967295 cpu_id=4
          <idle>-0     [004] d...    87.245095: sched_switch: prev_comm=swapper/4 prev_pid=0 prev_prio=120 prev_state=R ==> next_comm=chrome next_pid=1524 next_prio=120
          chrome-1524  [004] d...    87.245119: sched_waking: comm=Xorg pid=1080 prio=120 target_cpu=006
          chrome-1524  [004] d...    87.245122: sched_wake_idle_without_ipi: cpu=6
          chrome-1524  [004] d...    87.245123: sched_wakeup: comm=Xorg pid=1080 prio=120 target_cpu=006
          chrome-1524  [004] d...    87.245126: sched_stat_runtime: comm=chrome pid=1524 runtime=62099 [ns] vruntime=53860259932 [ns]
          chrome-1524  [004] d...    87.245128: sched_switch: prev_comm=chrome prev_pid=1524 prev_prio=120 prev_state=S ==> next_comm=swapper/4 next_pid=0 next_prio=120
          <idle>-0     [004] d...    87.245131: cpu_idle: state=4 cpu_id=4
          <idle>-0     [004] dN..    87.245189: cpu_idle: state=4294967295 cpu_id=4
          <idle>-0     [004] d...    87.245193: sched_switch: prev_comm=swapper/4 prev_pid=0 prev_prio=120 prev_state=R ==> next_comm=chrome next_pid=1524 next_prio=120
          chrome-1524  [004] d...    87.245218: sched_waking: comm=Xorg pid=1080 prio=120 target_cpu=006
          chrome-1524  [004] d...    87.245221: sched_wake_idle_without_ipi: cpu=6
          chrome-1524  [004] d...    87.245221: sched_wakeup: comm=Xorg pid=1080 prio=120 target_cpu=006
          chrome-1524  [004] d...    87.245225: sched_stat_runtime: comm=chrome pid=1524 runtime=62144 [ns] vruntime=53860322076 [ns]
          chrome-1524  [004] d...    87.245226: sched_switch: prev_comm=chrome prev_pid=1524 prev_prio=120 prev_state=S ==> next_comm=swapper/4 next_pid=0 next_prio=120
          <idle>-0     [004] d...    87.245229: cpu_idle: state=4 cpu_id=4
          <idle>-0     [004] dN..    87.245300: cpu_idle: state=4294967295 cpu_id=4
          <idle>-0     [004] d...    87.245304: sched_switch: prev_comm=swapper/4 prev_pid=0 prev_prio=120 prev_state=R ==> next_comm=chrome next_pid=1524 next_prio=120
          chrome-1524  [004] d...    87.245329: sched_waking: comm=Xorg pid=1080 prio=120 target_cpu=006
          chrome-1524  [004] d...    87.245332: sched_wake_idle_without_ipi: cpu=6
          chrome-1524  [004] d...    87.245333: sched_wakeup: comm=Xorg pid=1080 prio=120 target_cpu=006
          chrome-1524  [004] d...    87.245336: sched_stat_runtime: comm=chrome pid=1524 runtime=62834 [ns] vruntime=53860384910 [ns]
          chrome-1524  [004] d...    87.245338: sched_switch: prev_comm=chrome prev_pid=1524 prev_prio=120 prev_state=S ==> next_comm=swapper/4 next_pid=0 next_prio=120
          <idle>-0     [004] d...    87.245340: cpu_idle: state=4 cpu_id=4
          <idle>-0     [004] dN..    87.245393: cpu_idle: state=4294967295 cpu_id=4
          <idle>-0     [004] d...    87.245397: sched_switch: prev_comm=swapper/4 prev_pid=0 prev_prio=120 prev_state=R ==> next_comm=chrome next_pid=1524 next_prio=120
          chrome-1524  [004] d...    87.245423: sched_stat_runtime: comm=chrome pid=1524 runtime=57052 [ns] vruntime=53860441962 [ns]
          chrome-1524  [004] d...    87.245425: sched_switch: prev_comm=chrome prev_pid=1524 prev_prio=120 prev_state=S ==> next_comm=swapper/4 next_pid=0 next_prio=120
          <idle>-0     [004] d...    87.245428: cpu_idle: state=3 cpu_id=4
          <idle>-0     [004] dN..    87.245500: cpu_idle: state=4294967295 cpu_id=4
          <idle>-0     [004] d...    87.245502: sched_switch: prev_comm=swapper/4 prev_pid=0 prev_prio=120 prev_state=R ==> next_comm=chrome next_pid=1524 next_prio=120
          chrome-1524  [004] d...    87.245516: sched_waking: comm=Xorg pid=1080 prio=120 target_cpu=006
          chrome-1524  [004] d...    87.245519: sched_wake_idle_without_ipi: cpu=6
          chrome-1524  [004] d...    87.245520: sched_wakeup: comm=Xorg pid=1080 prio=120 target_cpu=006
          chrome-1524  [004] d...    87.245521: sched_stat_runtime: comm=chrome pid=1524 runtime=42775 [ns] vruntime=53860484737 [ns]
          chrome-1524  [004] d...    87.245522: sched_switch: prev_comm=chrome prev_pid=1524 prev_prio=120 prev_state=S ==> next_comm=swapper/4 next_pid=0 next_prio=120
          <idle>-0     [004] d...    87.245524: cpu_idle: state=2 cpu_id=4
          <idle>-0     [004] dN..    87.245538: cpu_idle: state=4294967295 cpu_id=4
          <idle>-0     [004] d...    87.245539: sched_switch: prev_comm=swapper/4 prev_pid=0 prev_prio=120 prev_state=R ==> next_comm=chrome next_pid=1524 next_prio=120
          chrome-1524  [004] d...    87.245546: sched_stat_runtime: comm=chrome pid=1524 runtime=10074 [ns] vruntime=53860494811 [ns]
          chrome-1524  [004] d...    87.245547: sched_switch: prev_comm=chrome prev_pid=1524 prev_prio=120 prev_state=S ==> next_comm=swapper/4 next_pid=0 next_prio=120
          <idle>-0     [004] d...    87.245548: cpu_idle: state=2 cpu_id=4
          <idle>-0     [004] dN..    87.245559: cpu_idle: state=4294967295 cpu_id=4
          <idle>-0     [004] d...    87.245560: sched_switch: prev_comm=swapper/4 prev_pid=0 prev_prio=120 prev_state=R ==> next_comm=chrome next_pid=1524 next_prio=120
          chrome-1524  [004] d...    87.245568: sched_stat_runtime: comm=chrome pid=1524 runtime=10270 [ns] vruntime=53860505081 [ns]
          chrome-1524  [004] d...    87.245568: sched_switch: prev_comm=chrome prev_pid=1524 prev_prio=120 prev_state=S ==> next_comm=swapper/4 next_pid=0 next_prio=120
          <idle>-0     [004] d...    87.245569: cpu_idle: state=2 cpu_id=4
          <idle>-0     [004] dN..    87.245578: cpu_idle: state=4294967295 cpu_id=4
          <idle>-0     [004] d...    87.245579: sched_switch: prev_comm=swapper/4 prev_pid=0 prev_prio=120 prev_state=R ==> next_comm=chrome next_pid=1524 next_prio=120
          chrome-1524  [004] d...    87.245588: sched_stat_runtime: comm=chrome pid=1524 runtime=10680 [ns] vruntime=53860515761 [ns]
          chrome-1524  [004] d...    87.245588: sched_switch: prev_comm=chrome prev_pid=1524 prev_prio=120 prev_state=S ==> next_comm=swapper/4 next_pid=0 next_prio=120
          <idle>-0     [004] d...    87.245589: cpu_idle: state=2 cpu_id=4
          <idle>-0     [004] dN..    87.245600: cpu_idle: state=4294967295 cpu_id=4
          <idle>-0     [004] d...    87.245601: sched_switch: prev_comm=swapper/4 prev_pid=0 prev_prio=120 prev_state=R ==> next_comm=chrome next_pid=1524 next_prio=120
          chrome-1524  [004] d...    87.245612: sched_stat_runtime: comm=chrome pid=1524 runtime=14081 [ns] vruntime=53860529842 [ns]
          chrome-1524  [004] d...    87.245613: sched_switch: prev_comm=chrome prev_pid=1524 prev_prio=120 prev_state=S ==> next_comm=swapper/4 next_pid=0 next_prio=120
          <idle>-0     [004] d...    87.245614: cpu_idle: state=1 cpu_id=4
          <idle>-0     [004] dN..    87.245629: cpu_idle: state=4294967295 cpu_id=4
          <idle>-0     [004] d...    87.245630: sched_switch: prev_comm=swapper/4 prev_pid=0 prev_prio=120 prev_state=R ==> next_comm=chrome next_pid=1524 next_prio=120
          chrome-1524  [004] d...    87.245640: sched_stat_runtime: comm=chrome pid=1524 runtime=12409 [ns] vruntime=53860542251 [ns]
          chrome-1524  [004] d...    87.245640: sched_switch: prev_comm=chrome prev_pid=1524 prev_prio=120 prev_state=S ==> next_comm=swapper/4 next_pid=0 next_prio=120
          <idle>-0     [004] d...    87.245641: cpu_idle: state=1 cpu_id=4
          <idle>-0     [004] dN..    87.245658: cpu_idle: state=4294967295 cpu_id=4
          <idle>-0     [004] d...    87.245660: sched_switch: prev_comm=swapper/4 prev_pid=0 prev_prio=120 prev_state=R ==> next_comm=chrome next_pid=1524 next_prio=120
          chrome-1524  [004] d...    87.245668: sched_stat_runtime: comm=chrome pid=1524 runtime=11418 [ns] vruntime=53860553669 [ns]
          chrome-1524  [004] d...    87.245669: sched_switch: prev_comm=chrome prev_pid=1524 prev_prio=120 prev_state=S ==> next_comm=swapper/4 next_pid=0 next_prio=120
          <idle>-0     [004] d...    87.245670: cpu_idle: state=1 cpu_id=4
          <idle>-0     [004] dN..    87.245685: cpu_idle: state=4294967295 cpu_id=4
          <idle>-0     [004] d...    87.245686: sched_switch: prev_comm=swapper/4 prev_pid=0 prev_prio=120 prev_state=R ==> next_comm=chrome next_pid=1524 next_prio=120
          chrome-1524  [004] d...    87.245694: sched_stat_runtime: comm=chrome pid=1524 runtime=10411 [ns] vruntime=53860564080 [ns]
          chrome-1524  [004] d...    87.245694: sched_switch: prev_comm=chrome prev_pid=1524 prev_prio=120 prev_state=S ==> next_comm=swapper/4 next_pid=0 next_prio=120
          <idle>-0     [004] d...    87.245695: cpu_idle: state=1 cpu_id=4
          <idle>-0     [004] dN..    87.245705: cpu_idle: state=4294967295 cpu_id=4
          <idle>-0     [004] d...    87.245706: sched_switch: prev_comm=swapper/4 prev_pid=0 prev_prio=120 prev_state=R ==> next_comm=chrome next_pid=1524 next_prio=120
          chrome-1524  [004] d...    87.245713: sched_stat_runtime: comm=chrome pid=1524 runtime=9310 [ns] vruntime=53860573390 [ns]
          chrome-1524  [004] d...    87.245714: sched_switch: prev_comm=chrome prev_pid=1524 prev_prio=120 prev_state=S ==> next_comm=swapper/4 next_pid=0 next_prio=120
          <idle>-0     [004] d...    87.245715: cpu_idle: state=1 cpu_id=4
          <idle>-0     [004] dN..    87.245725: cpu_idle: state=4294967295 cpu_id=4
          <idle>-0     [004] d...    87.245726: sched_switch: prev_comm=swapper/4 prev_pid=0 prev_prio=120 prev_state=R ==> next_comm=chrome next_pid=1524 next_prio=120
          chrome-1524  [004] d...    87.245734: sched_stat_runtime: comm=chrome pid=1524 runtime=9974 [ns] vruntime=53860583364 [ns]
          chrome-1524  [004] d...    87.245735: sched_switch: prev_comm=chrome prev_pid=1524 prev_prio=120 prev_state=S ==> next_comm=swapper/4 next_pid=0 next_prio=120
          <idle>-0     [004] d...    87.245735: cpu_idle: state=1 cpu_id=4
          <idle>-0     [004] dN..    87.245745: cpu_idle: state=4294967295 cpu_id=4
          <idle>-0     [004] d...    87.245746: sched_switch: prev_comm=swapper/4 prev_pid=0 prev_prio=120 prev_state=R ==> next_comm=chrome next_pid=1524 next_prio=120
          chrome-1524  [004] d...    87.245754: sched_stat_runtime: comm=chrome pid=1524 runtime=9791 [ns] vruntime=53860593155 [ns]
          chrome-1524  [004] d...    87.245754: sched_switch: prev_comm=chrome prev_pid=1524 prev_prio=120 prev_state=S ==> next_comm=swapper/4 next_pid=0 next_prio=120
          <idle>-0     [004] d...    87.245755: cpu_idle: state=1 cpu_id=4
          <idle>-0     [004] dN..    87.245767: cpu_idle: state=4294967295 cpu_id=4
          <idle>-0     [004] d...    87.245768: sched_switch: prev_comm=swapper/4 prev_pid=0 prev_prio=120 prev_state=R ==> next_comm=chrome next_pid=1524 next_prio=120
          chrome-1524  [004] d...    87.245785: sched_stat_runtime: comm=chrome pid=1524 runtime=18994 [ns] vruntime=53860612149 [ns]
          chrome-1524  [004] d...    87.245785: sched_switch: prev_comm=chrome prev_pid=1524 prev_prio=120 prev_state=S ==> next_comm=swapper/4 next_pid=0 next_prio=120
          <idle>-0     [004] d...    87.245786: cpu_idle: state=1 cpu_id=4
          <idle>-0     [004] dN..    87.245800: cpu_idle: state=4294967295 cpu_id=4
          <idle>-0     [004] d...    87.245802: sched_switch: prev_comm=swapper/4 prev_pid=0 prev_prio=120 prev_state=R ==> next_comm=chrome next_pid=1524 next_prio=120
          chrome-1524  [004] d...    87.245810: sched_stat_runtime: comm=chrome pid=1524 runtime=10965 [ns] vruntime=53860623114 [ns]
          chrome-1524  [004] d...    87.245811: sched_switch: prev_comm=chrome prev_pid=1524 prev_prio=120 prev_state=S ==> next_comm=swapper/4 next_pid=0 next_prio=120
          <idle>-0     [004] d...    87.245811: cpu_idle: state=1 cpu_id=4
          <idle>-0     [004] dN..    87.245823: cpu_idle: state=4294967295 cpu_id=4
          <idle>-0     [004] d...    87.245824: sched_switch: prev_comm=swapper/4 prev_pid=0 prev_prio=120 prev_state=R ==> next_comm=chrome next_pid=1524 next_prio=120
          chrome-1524  [004] d...    87.245832: sched_stat_runtime: comm=chrome pid=1524 runtime=10521 [ns] vruntime=53860633635 [ns]
          chrome-1524  [004] d...    87.245833: sched_switch: prev_comm=chrome prev_pid=1524 prev_prio=120 prev_state=S ==> next_comm=swapper/4 next_pid=0 next_prio=120
          <idle>-0     [004] d...    87.245834: cpu_idle: state=1 cpu_id=4
          <idle>-0     [004] dN..    87.245849: cpu_idle: state=4294967295 cpu_id=4
          <idle>-0     [004] d...    87.245850: sched_switch: prev_comm=swapper/4 prev_pid=0 prev_prio=120 prev_state=R ==> next_comm=chrome next_pid=1524 next_prio=120
          chrome-1524  [004] d...    87.245935: sched_waking: comm=Xorg pid=1080 prio=120 target_cpu=006
          chrome-1524  [004] d...    87.245938: sched_migrate_task: comm=Xorg pid=1080 prio=120 orig_cpu=6 dest_cpu=7
          chrome-1524  [004] d...    87.245939: sutil_marker: Schedutil: attach_entity_load_avg: 0: 0
          chrome-1524  [004] d...    87.245940: sched_wake_idle_without_ipi: cpu=7
          chrome-1524  [004] d...    87.245941: sched_wakeup: comm=Xorg pid=1080 prio=120 target_cpu=007
          chrome-1524  [004] d...    87.245943: sched_stat_runtime: comm=chrome pid=1524 runtime=95431 [ns] vruntime=53860729066 [ns]
          chrome-1524  [004] d...    87.245944: sched_switch: prev_comm=chrome prev_pid=1524 prev_prio=120 prev_state=S ==> next_comm=swapper/4 next_pid=0 next_prio=120
          <idle>-0     [004] d...    87.245945: cpu_idle: state=1 cpu_id=4
          <idle>-0     [004] dN..    87.246007: cpu_idle: state=4294967295 cpu_id=4
          <idle>-0     [004] d...    87.246008: sched_switch: prev_comm=swapper/4 prev_pid=0 prev_prio=120 prev_state=R ==> next_comm=chrome next_pid=1524 next_prio=120
          chrome-1524  [004] d...    87.246531: sched_waking: comm=Chrome_IOThread pid=1860 prio=120 target_cpu=002
          chrome-1524  [004] d...    87.246534: sched_wake_idle_without_ipi: cpu=2
          chrome-1524  [004] d...    87.246535: sched_wakeup: comm=Chrome_IOThread pid=1860 prio=120 target_cpu=002
          chrome-1524  [004] d.h.    87.247481: sched_stat_runtime: comm=chrome pid=1524 runtime=1475152 [ns] vruntime=53862204218 [ns]
          chrome-1524  [004] d.h.    87.247484: sutil_marker: Schedutil: get_next_freq: 800000: 1024
          chrome-1524  [004] d.h.    87.247485: sutil_marker: Schedutil: update-single-util: 59: 219
          chrome-1524  [004] d.h.    87.247485: sutil_marker: Schedutil: update-single-boost: 59: 219
          chrome-1524  [004] d.h.    87.247486: sutil_marker: Schedutil: update-single-freq: 800000: 800000
          chrome-1524  [004] d...    87.247654: sched_waking: comm=CompositorTileW pid=1862 prio=120 target_cpu=006
          chrome-1524  [004] d...    87.247658: sched_wake_idle_without_ipi: cpu=6
          chrome-1524  [004] d...    87.247658: sched_wakeup: comm=CompositorTileW pid=1862 prio=120 target_cpu=006
          chrome-1524  [004] d...    87.247997: sched_stat_runtime: comm=chrome pid=1524 runtime=515752 [ns] vruntime=53862719970 [ns]
          chrome-1524  [004] d...    87.247999: sutil_marker: Schedutil: get_next_freq: 800000: 1024
          chrome-1524  [004] d...    87.248000: sutil_marker: Schedutil: update-single-util: 219: 228
          chrome-1524  [004] d...    87.248000: sutil_marker: Schedutil: update-single-boost: 219: 228
          chrome-1524  [004] d...    87.248000: sutil_marker: Schedutil: update-single-freq: 800000: 800000
          chrome-1524  [004] d...    87.248002: sched_switch: prev_comm=chrome prev_pid=1524 prev_prio=120 prev_state=S ==> next_comm=swapper/4 next_pid=0 next_prio=120
          <idle>-0     [004] d...    87.248005: cpu_idle: state=1 cpu_id=4
          <idle>-0     [004] dN..    87.248037: cpu_idle: state=4294967295 cpu_id=4
          <idle>-0     [004] d...    87.248038: sched_switch: prev_comm=swapper/4 prev_pid=0 prev_prio=120 prev_state=R ==> next_comm=chrome next_pid=1524 next_prio=120
          chrome-1524  [004] d...    87.248350: sched_waking: comm=Chrome_IOThread pid=1860 prio=120 target_cpu=002
          chrome-1524  [004] d...    87.248353: sched_wake_idle_without_ipi: cpu=2
          chrome-1524  [004] d...    87.248354: sched_wakeup: comm=Chrome_IOThread pid=1860 prio=120 target_cpu=002
          chrome-1524  [004] d...    87.248382: sched_stat_runtime: comm=chrome pid=1524 runtime=347247 [ns] vruntime=53863067217 [ns]
          chrome-1524  [004] d...    87.248384: sched_switch: prev_comm=chrome prev_pid=1524 prev_prio=120 prev_state=S ==> next_comm=swapper/4 next_pid=0 next_prio=120
          <idle>-0     [004] d...    87.248387: cpu_idle: state=1 cpu_id=4
          <idle>-0     [004] dN..    87.248546: cpu_idle: state=4294967295 cpu_id=4
          <idle>-0     [004] d...    87.248547: sched_switch: prev_comm=swapper/4 prev_pid=0 prev_prio=120 prev_state=R ==> next_comm=chrome next_pid=1524 next_prio=120
          chrome-1524  [004] d...    87.248699: sched_stat_runtime: comm=chrome pid=1524 runtime=155400 [ns] vruntime=53863222617 [ns]
          chrome-1524  [004] d...    87.248701: sutil_marker: Schedutil: get_next_freq: 800000: 1024
          chrome-1524  [004] d...    87.248701: sutil_marker: Schedutil: update-single-util: 228: 235
          chrome-1524  [004] d...    87.248702: sutil_marker: Schedutil: update-single-boost: 228: 235
          chrome-1524  [004] d...    87.248702: sutil_marker: Schedutil: update-single-freq: 800000: 800000
          chrome-1524  [004] d...    87.248703: sched_switch: prev_comm=chrome prev_pid=1524 prev_prio=120 prev_state=S ==> next_comm=swapper/4 next_pid=0 next_prio=120
          <idle>-0     [004] d...    87.248705: cpu_idle: state=1 cpu_id=4
          <idle>-0     [004] d...    87.248777: cpu_idle: state=4294967295 cpu_id=4
          <idle>-0     [004] d...    87.248783: cpu_idle: state=2 cpu_id=4
          <idle>-0     [004] dN..    87.248857: cpu_idle: state=4294967295 cpu_id=4
          <idle>-0     [004] d...    87.248859: sched_switch: prev_comm=swapper/4 prev_pid=0 prev_prio=120 prev_state=R ==> next_comm=chrome next_pid=1524 next_prio=120
          chrome-1524  [004] d...    87.248989: sched_stat_runtime: comm=chrome pid=1524 runtime=133884 [ns] vruntime=53863356501 [ns]
          chrome-1524  [004] d...    87.248991: sched_switch: prev_comm=chrome prev_pid=1524 prev_prio=120 prev_state=S ==> next_comm=swapper/4 next_pid=0 next_prio=120
          <idle>-0     [004] d...    87.248993: cpu_idle: state=2 cpu_id=4
          <idle>-0     [004] dN..    87.249006: cpu_idle: state=4294967295 cpu_id=4
          <idle>-0     [004] d...    87.249008: sched_switch: prev_comm=swapper/4 prev_pid=0 prev_prio=120 prev_state=R ==> next_comm=Chrome_IOThread next_pid=1860 next_prio=120
 Chrome_IOThread-1860  [004] d...    87.249043: sched_waking: comm=chrome pid=1524 prio=120 target_cpu=004
 Chrome_IOThread-1860  [004] d...    87.249045: sched_migrate_task: comm=chrome pid=1524 prio=120 orig_cpu=4 dest_cpu=7
 Chrome_IOThread-1860  [004] d...    87.249046: sutil_marker: Schedutil: attach_entity_load_avg: 0: 0
 Chrome_IOThread-1860  [004] d...    87.249048: sched_wake_idle_without_ipi: cpu=7
 Chrome_IOThread-1860  [004] d...    87.249048: sched_wakeup: comm=chrome pid=1524 prio=120 target_cpu=007
 Chrome_IOThread-1860  [004] d...    87.249087: sched_stat_runtime: comm=Chrome_IOThread pid=1860 runtime=82801 [ns] vruntime=53863439302 [ns]
 Chrome_IOThread-1860  [004] d...    87.249088: sched_switch: prev_comm=Chrome_IOThread prev_pid=1860 prev_prio=120 prev_state=S ==> next_comm=swapper/4 next_pid=0 next_prio=120
          <idle>-0     [004] d...    87.249090: cpu_idle: state=2 cpu_id=4
          <idle>-0     [004] dN..    87.249275: cpu_idle: state=4294967295 cpu_id=4
          <idle>-0     [004] d...    87.249277: sched_switch: prev_comm=swapper/4 prev_pid=0 prev_prio=120 prev_state=R ==> next_comm=Chrome_IOThread next_pid=1860 next_prio=120
 Chrome_IOThread-1860  [004] d...    87.249332: sched_stat_runtime: comm=Chrome_IOThread pid=1860 runtime=59156 [ns] vruntime=53863498458 [ns]
 Chrome_IOThread-1860  [004] d...    87.249333: sched_switch: prev_comm=Chrome_IOThread prev_pid=1860 prev_prio=120 prev_state=S ==> next_comm=swapper/4 next_pid=0 next_prio=120
          <idle>-0     [004] d...    87.249335: cpu_idle: state=2 cpu_id=4
          <idle>-0     [004] dN..    87.249510: cpu_idle: state=4294967295 cpu_id=4
          <idle>-0     [004] d...    87.249512: sched_switch: prev_comm=swapper/4 prev_pid=0 prev_prio=120 prev_state=R ==> next_comm=Chrome_IOThread next_pid=1860 next_prio=120
 Chrome_IOThread-1860  [004] d...    87.249535: sched_waking: comm=chrome pid=1524 prio=120 target_cpu=007
 Chrome_IOThread-1860  [004] d...    87.249537: sched_wake_idle_without_ipi: cpu=7
 Chrome_IOThread-1860  [004] d...    87.249538: sched_wakeup: comm=chrome pid=1524 prio=120 target_cpu=007
 Chrome_IOThread-1860  [004] d...    87.249571: sched_stat_runtime: comm=Chrome_IOThread pid=1860 runtime=61908 [ns] vruntime=53863560366 [ns]
 Chrome_IOThread-1860  [004] d...    87.249572: sched_switch: prev_comm=Chrome_IOThread prev_pid=1860 prev_prio=120 prev_state=S ==> next_comm=swapper/4 next_pid=0 next_prio=120
          <idle>-0     [004] d...    87.249573: cpu_idle: state=2 cpu_id=4
          <idle>-0     [004] dN..    87.249764: cpu_idle: state=4294967295 cpu_id=4
          <idle>-0     [004] d...    87.249765: sched_switch: prev_comm=swapper/4 prev_pid=0 prev_prio=120 prev_state=R ==> next_comm=Chrome_IOThread next_pid=1860 next_prio=120
 Chrome_IOThread-1860  [004] d...    87.249792: sched_waking: comm=chrome pid=1524 prio=120 target_cpu=007
 Chrome_IOThread-1860  [004] d...    87.249794: sched_wake_idle_without_ipi: cpu=7
 Chrome_IOThread-1860  [004] d...    87.249795: sched_wakeup: comm=chrome pid=1524 prio=120 target_cpu=007
 Chrome_IOThread-1860  [004] d...    87.249826: sched_stat_runtime: comm=Chrome_IOThread pid=1860 runtime=64357 [ns] vruntime=53863624723 [ns]
 Chrome_IOThread-1860  [004] d...    87.249827: sched_switch: prev_comm=Chrome_IOThread prev_pid=1860 prev_prio=120 prev_state=S ==> next_comm=swapper/4 next_pid=0 next_prio=120
          <idle>-0     [004] d...    87.249829: cpu_idle: state=2 cpu_id=4
          <idle>-0     [004] dN..    87.250080: cpu_idle: state=4294967295 cpu_id=4
          <idle>-0     [004] d...    87.250081: sched_switch: prev_comm=swapper/4 prev_pid=0 prev_prio=120 prev_state=R ==> next_comm=Chrome_IOThread next_pid=1860 next_prio=120
 Chrome_IOThread-1860  [004] d...    87.250108: sched_waking: comm=chrome pid=1524 prio=120 target_cpu=007
 Chrome_IOThread-1860  [004] d...    87.250110: sched_wake_idle_without_ipi: cpu=7
 Chrome_IOThread-1860  [004] d...    87.250110: sched_wakeup: comm=chrome pid=1524 prio=120 target_cpu=007
 Chrome_IOThread-1860  [004] d...    87.250117: sched_stat_runtime: comm=Chrome_IOThread pid=1860 runtime=40042 [ns] vruntime=53863664765 [ns]
 Chrome_IOThread-1860  [004] d...    87.250118: sched_switch: prev_comm=Chrome_IOThread prev_pid=1860 prev_prio=120 prev_state=S ==> next_comm=swapper/4 next_pid=0 next_prio=120
          <idle>-0     [004] d...    87.250120: cpu_idle: state=2 cpu_id=4
          <idle>-0     [004] dN..    87.250266: cpu_idle: state=4294967295 cpu_id=4
          <idle>-0     [004] d...    87.250268: sched_switch: prev_comm=swapper/4 prev_pid=0 prev_prio=120 prev_state=R ==> next_comm=Chrome_IOThread next_pid=1860 next_prio=120
 Chrome_IOThread-1860  [004] d...    87.250293: sched_waking: comm=chrome pid=1524 prio=120 target_cpu=007
 Chrome_IOThread-1860  [004] d...    87.250295: sched_wake_idle_without_ipi: cpu=7
 Chrome_IOThread-1860  [004] d...    87.250296: sched_wakeup: comm=chrome pid=1524 prio=120 target_cpu=007
 Chrome_IOThread-1860  [004] d...    87.250306: sched_stat_runtime: comm=Chrome_IOThread pid=1860 runtime=42653 [ns] vruntime=53863707418 [ns]
 Chrome_IOThread-1860  [004] d...    87.250308: sched_switch: prev_comm=Chrome_IOThread prev_pid=1860 prev_prio=120 prev_state=S ==> next_comm=swapper/4 next_pid=0 next_prio=120
          <idle>-0     [004] d...    87.250310: cpu_idle: state=2 cpu_id=4
          <idle>-0     [004] dN..    87.250449: cpu_idle: state=4294967295 cpu_id=4
          <idle>-0     [004] d...    87.250450: sched_switch: prev_comm=swapper/4 prev_pid=0 prev_prio=120 prev_state=R ==> next_comm=Chrome_IOThread next_pid=1860 next_prio=120
 Chrome_IOThread-1860  [004] d...    87.250576: sched_waking: comm=chrome pid=1524 prio=120 target_cpu=007
 Chrome_IOThread-1860  [004] d...    87.250578: sched_wake_idle_without_ipi: cpu=7
 Chrome_IOThread-1860  [004] d...    87.250579: sched_wakeup: comm=chrome pid=1524 prio=120 target_cpu=007
 Chrome_IOThread-1860  [004] d...    87.250671: sched_waking: comm=chrome pid=1524 prio=120 target_cpu=007
 Chrome_IOThread-1860  [004] d...    87.250672: sched_wake_idle_without_ipi: cpu=7
 Chrome_IOThread-1860  [004] d...    87.250673: sched_wakeup: comm=chrome pid=1524 prio=120 target_cpu=007
 Chrome_IOThread-1860  [004] d...    87.250826: sched_waking: comm=chrome pid=1524 prio=120 target_cpu=007
 Chrome_IOThread-1860  [004] d...    87.250828: sched_wake_idle_without_ipi: cpu=7
 Chrome_IOThread-1860  [004] d...    87.250828: sched_wakeup: comm=chrome pid=1524 prio=120 target_cpu=007
 Chrome_IOThread-1860  [004] d...    87.250860: sched_waking: comm=Chrome_ChildIOT pid=3068 prio=120 target_cpu=002
 Chrome_IOThread-1860  [004] d...    87.250862: sched_wake_idle_without_ipi: cpu=2
 Chrome_IOThread-1860  [004] d...    87.250862: sched_wakeup: comm=Chrome_ChildIOT pid=3068 prio=120 target_cpu=002
 Chrome_IOThread-1860  [004] d...    87.251053: sched_waking: comm=chrome pid=1524 prio=120 target_cpu=007
 Chrome_IOThread-1860  [004] d...    87.251056: sched_wake_idle_without_ipi: cpu=7
 Chrome_IOThread-1860  [004] d...    87.251056: sched_wakeup: comm=chrome pid=1524 prio=120 target_cpu=007
 Chrome_IOThread-1860  [004] d...    87.251139: sched_waking: comm=chrome pid=1524 prio=120 target_cpu=007
 Chrome_IOThread-1860  [004] d...    87.251141: sched_wake_idle_without_ipi: cpu=7
 Chrome_IOThread-1860  [004] d...    87.251141: sched_wakeup: comm=chrome pid=1524 prio=120 target_cpu=007
 Chrome_IOThread-1860  [004] d...    87.251241: sched_waking: comm=chrome pid=1524 prio=120 target_cpu=007
 Chrome_IOThread-1860  [004] d...    87.251244: sched_wake_idle_without_ipi: cpu=7
 Chrome_IOThread-1860  [004] d...    87.251244: sched_wakeup: comm=chrome pid=1524 prio=120 target_cpu=007
 Chrome_IOThread-1860  [004] d...    87.251313: sched_waking: comm=chrome pid=1524 prio=120 target_cpu=007
 Chrome_IOThread-1860  [004] d...    87.251315: sched_wake_idle_without_ipi: cpu=7
 Chrome_IOThread-1860  [004] d...    87.251315: sched_wakeup: comm=chrome pid=1524 prio=120 target_cpu=007
 Chrome_IOThread-1860  [004] d...    87.251380: sched_waking: comm=chrome pid=1524 prio=120 target_cpu=007
 Chrome_IOThread-1860  [004] d...    87.251382: sched_wake_idle_without_ipi: cpu=7
 Chrome_IOThread-1860  [004] d...    87.251382: sched_wakeup: comm=chrome pid=1524 prio=120 target_cpu=007
 Chrome_IOThread-1860  [004] d...    87.251422: sched_waking: comm=chrome pid=1524 prio=120 target_cpu=007
 Chrome_IOThread-1860  [004] d...    87.251424: sched_wakeup: comm=chrome pid=1524 prio=120 target_cpu=007
 Chrome_IOThread-1860  [004] d.h.    87.251485: sched_stat_runtime: comm=Chrome_IOThread pid=1860 runtime=1036651 [ns] vruntime=53864744069 [ns]
 Chrome_IOThread-1860  [004] d.h.    87.251489: sutil_marker: Schedutil: get_next_freq: 800000: 1024
 Chrome_IOThread-1860  [004] d.h.    87.251490: sutil_marker: Schedutil: update-single-util: 235: 264
 Chrome_IOThread-1860  [004] d.h.    87.251490: sutil_marker: Schedutil: update-single-boost: 235: 264
 Chrome_IOThread-1860  [004] d.h.    87.251491: sutil_marker: Schedutil: update-single-freq: 800000: 800000
 Chrome_IOThread-1860  [004] d...    87.251510: sched_waking: comm=chrome pid=1524 prio=120 target_cpu=007
 Chrome_IOThread-1860  [004] d...    87.251514: sched_wake_idle_without_ipi: cpu=7
 Chrome_IOThread-1860  [004] d...    87.251514: sched_wakeup: comm=chrome pid=1524 prio=120 target_cpu=007
 Chrome_IOThread-1860  [004] d...    87.251564: sched_waking: comm=chrome pid=1524 prio=120 target_cpu=007
 Chrome_IOThread-1860  [004] d...    87.251565: sched_wake_idle_without_ipi: cpu=7
 Chrome_IOThread-1860  [004] d...    87.251565: sched_wakeup: comm=chrome pid=1524 prio=120 target_cpu=007
 Chrome_IOThread-1860  [004] d...    87.251630: sched_waking: comm=chrome pid=1524 prio=120 target_cpu=007
 Chrome_IOThread-1860  [004] d...    87.251632: sched_wake_idle_without_ipi: cpu=7
 Chrome_IOThread-1860  [004] d...    87.251632: sched_wakeup: comm=chrome pid=1524 prio=120 target_cpu=007
 Chrome_IOThread-1860  [004] d...    87.251675: sched_waking: comm=chrome pid=1524 prio=120 target_cpu=007
 Chrome_IOThread-1860  [004] d...    87.251677: sched_wake_idle_without_ipi: cpu=7
 Chrome_IOThread-1860  [004] d...    87.251677: sched_wakeup: comm=chrome pid=1524 prio=120 target_cpu=007
 Chrome_IOThread-1860  [004] d...    87.251736: sched_waking: comm=chrome pid=1524 prio=120 target_cpu=007
 Chrome_IOThread-1860  [004] d...    87.251738: sched_wake_idle_without_ipi: cpu=7
 Chrome_IOThread-1860  [004] d...    87.251738: sched_wakeup: comm=chrome pid=1524 prio=120 target_cpu=007
 Chrome_IOThread-1860  [004] d...    87.251793: sched_waking: comm=chrome pid=1524 prio=120 target_cpu=007
 Chrome_IOThread-1860  [004] d...    87.251795: sched_wake_idle_without_ipi: cpu=7
 Chrome_IOThread-1860  [004] d...    87.251795: sched_wakeup: comm=chrome pid=1524 prio=120 target_cpu=007
 Chrome_IOThread-1860  [004] d...    87.252005: sched_waking: comm=chrome pid=1524 prio=120 target_cpu=007
 Chrome_IOThread-1860  [004] d...    87.252008: sched_wake_idle_without_ipi: cpu=7
 Chrome_IOThread-1860  [004] d...    87.252008: sched_wakeup: comm=chrome pid=1524 prio=120 target_cpu=007
 Chrome_IOThread-1860  [004] d...    87.252084: sched_waking: comm=chrome pid=1524 prio=120 target_cpu=007
 Chrome_IOThread-1860  [004] d...    87.252086: sched_wake_idle_without_ipi: cpu=7
 Chrome_IOThread-1860  [004] d...    87.252086: sched_wakeup: comm=chrome pid=1524 prio=120 target_cpu=007
 Chrome_IOThread-1860  [004] d...    87.252146: sched_waking: comm=chrome pid=1524 prio=120 target_cpu=007
 Chrome_IOThread-1860  [004] d...    87.252148: sched_wake_idle_without_ipi: cpu=7
 Chrome_IOThread-1860  [004] d...    87.252148: sched_wakeup: comm=chrome pid=1524 prio=120 target_cpu=007
 Chrome_IOThread-1860  [004] d...    87.252190: sched_waking: comm=chrome pid=1524 prio=120 target_cpu=007
 Chrome_IOThread-1860  [004] d...    87.252192: sched_wake_idle_without_ipi: cpu=7
 Chrome_IOThread-1860  [004] d...    87.252192: sched_wakeup: comm=chrome pid=1524 prio=120 target_cpu=007
 Chrome_IOThread-1860  [004] d...    87.252253: sched_waking: comm=chrome pid=1524 prio=120 target_cpu=007
 Chrome_IOThread-1860  [004] d...    87.252255: sched_wake_idle_without_ipi: cpu=7
 Chrome_IOThread-1860  [004] d...    87.252255: sched_wakeup: comm=chrome pid=1524 prio=120 target_cpu=007
 Chrome_IOThread-1860  [004] d...    87.252305: sched_waking: comm=chrome pid=1524 prio=120 target_cpu=007
 Chrome_IOThread-1860  [004] d...    87.252307: sched_wake_idle_without_ipi: cpu=7
 Chrome_IOThread-1860  [004] d...    87.252308: sched_wakeup: comm=chrome pid=1524 prio=120 target_cpu=007
 Chrome_IOThread-1860  [004] d...    87.252378: sched_waking: comm=chrome pid=1524 prio=120 target_cpu=007
 Chrome_IOThread-1860  [004] d...    87.252380: sched_wake_idle_without_ipi: cpu=7
 Chrome_IOThread-1860  [004] d...    87.252381: sched_wakeup: comm=chrome pid=1524 prio=120 target_cpu=007
 Chrome_IOThread-1860  [004] d...    87.252425: sched_waking: comm=chrome pid=1524 prio=120 target_cpu=007
 Chrome_IOThread-1860  [004] d...    87.252427: sched_wake_idle_without_ipi: cpu=7
 Chrome_IOThread-1860  [004] d...    87.252427: sched_wakeup: comm=chrome pid=1524 prio=120 target_cpu=007
 Chrome_IOThread-1860  [004] d...    87.252494: sched_waking: comm=chrome pid=1524 prio=120 target_cpu=007
 Chrome_IOThread-1860  [004] d...    87.252496: sched_wake_idle_without_ipi: cpu=7
 Chrome_IOThread-1860  [004] d...    87.252497: sched_wakeup: comm=chrome pid=1524 prio=120 target_cpu=007
 Chrome_IOThread-1860  [004] d...    87.252538: sched_waking: comm=chrome pid=1524 prio=120 target_cpu=007
 Chrome_IOThread-1860  [004] d...    87.252540: sched_wake_idle_without_ipi: cpu=7
 Chrome_IOThread-1860  [004] d...    87.252540: sched_wakeup: comm=chrome pid=1524 prio=120 target_cpu=007
 Chrome_IOThread-1860  [004] d...    87.252600: sched_waking: comm=chrome pid=1524 prio=120 target_cpu=007
 Chrome_IOThread-1860  [004] d...    87.252602: sched_wake_idle_without_ipi: cpu=7
 Chrome_IOThread-1860  [004] d...    87.252602: sched_wakeup: comm=chrome pid=1524 prio=120 target_cpu=007
 Chrome_IOThread-1860  [004] d...    87.252652: sched_waking: comm=chrome pid=1524 prio=120 target_cpu=007
 Chrome_IOThread-1860  [004] d...    87.252654: sched_wake_idle_without_ipi: cpu=7
 Chrome_IOThread-1860  [004] d...    87.252655: sched_wakeup: comm=chrome pid=1524 prio=120 target_cpu=007
 Chrome_IOThread-1860  [004] d...    87.252716: sched_waking: comm=chrome pid=1524 prio=120 target_cpu=007
 Chrome_IOThread-1860  [004] d...    87.252718: sched_wake_idle_without_ipi: cpu=7
 Chrome_IOThread-1860  [004] d...    87.252718: sched_wakeup: comm=chrome pid=1524 prio=120 target_cpu=007
 Chrome_IOThread-1860  [004] d...    87.252757: sched_waking: comm=chrome pid=1524 prio=120 target_cpu=007
 Chrome_IOThread-1860  [004] d...    87.252759: sched_wake_idle_without_ipi: cpu=7
 Chrome_IOThread-1860  [004] d...    87.252759: sched_wakeup: comm=chrome pid=1524 prio=120 target_cpu=007
 Chrome_IOThread-1860  [004] d...    87.252827: sched_waking: comm=chrome pid=1524 prio=120 target_cpu=007
 Chrome_IOThread-1860  [004] d...    87.252830: sched_wake_idle_without_ipi: cpu=7
 Chrome_IOThread-1860  [004] d...    87.252830: sched_wakeup: comm=chrome pid=1524 prio=120 target_cpu=007
 Chrome_IOThread-1860  [004] d...    87.252883: sched_waking: comm=chrome pid=1524 prio=120 target_cpu=007
 Chrome_IOThread-1860  [004] d...    87.252885: sched_wake_idle_without_ipi: cpu=7
 Chrome_IOThread-1860  [004] d...    87.252885: sched_wakeup: comm=chrome pid=1524 prio=120 target_cpu=007
 Chrome_IOThread-1860  [004] d...    87.252948: sched_waking: comm=chrome pid=1524 prio=120 target_cpu=007
 Chrome_IOThread-1860  [004] d...    87.252950: sched_wake_idle_without_ipi: cpu=7
 Chrome_IOThread-1860  [004] d...    87.252950: sched_wakeup: comm=chrome pid=1524 prio=120 target_cpu=007
 Chrome_IOThread-1860  [004] d...    87.252997: sched_waking: comm=chrome pid=1524 prio=120 target_cpu=007
 Chrome_IOThread-1860  [004] d...    87.252999: sched_wake_idle_without_ipi: cpu=7
 Chrome_IOThread-1860  [004] d...    87.252999: sched_wakeup: comm=chrome pid=1524 prio=120 target_cpu=007
 Chrome_IOThread-1860  [004] d...    87.253051: sched_waking: comm=WorkerPool/1819 pid=1819 prio=120 target_cpu=000
 Chrome_IOThread-1860  [004] d...    87.253054: sched_wake_idle_without_ipi: cpu=0
 Chrome_IOThread-1860  [004] d...    87.253054: sched_wakeup: comm=WorkerPool/1819 pid=1819 prio=120 target_cpu=000
 Chrome_IOThread-1860  [004] d...    87.253090: sched_waking: comm=chrome pid=1524 prio=120 target_cpu=007
 Chrome_IOThread-1860  [004] d...    87.253092: sched_wake_idle_without_ipi: cpu=7
 Chrome_IOThread-1860  [004] d...    87.253092: sched_wakeup: comm=chrome pid=1524 prio=120 target_cpu=007
 Chrome_IOThread-1860  [004] d...    87.253235: sched_waking: comm=Chrome_ChildIOT pid=3068 prio=120 target_cpu=002
 Chrome_IOThread-1860  [004] d...    87.253239: sched_wake_idle_without_ipi: cpu=2
 Chrome_IOThread-1860  [004] d...    87.253239: sched_wakeup: comm=Chrome_ChildIOT pid=3068 prio=120 target_cpu=002
