   kworker/u16:5-196   [004] d...    87.412242: sched_stat_runtime: comm=kworker/u16:5 pid=196 runtime=4452 [ns] vruntime=321488724763 [ns]
   kworker/u16:5-196   [004] d...    87.412243: sched_switch: prev_comm=kworker/u16:5 prev_pid=196 prev_prio=120 prev_state=S ==> next_comm=kworker/4:1 next_pid=71 next_prio=120
           <...>-71    [004] d...    87.412244: sched_stat_runtime: comm=kworker/4:1 pid=71 runtime=1436 [ns] vruntime=321488682128 [ns]
           <...>-71    [004] d...    87.412246: sched_switch: prev_comm=kworker/4:1 prev_pid=71 prev_prio=120 prev_state=D ==> next_comm=swapper/4 next_pid=0 next_prio=120
          <idle>-0     [004] d...    87.412248: cpu_idle: state=4 cpu_id=4
          <idle>-0     [004] d...    87.412798: cpu_idle: state=4294967295 cpu_id=4
          <idle>-0     [004] d...    87.412819: cpu_idle: state=4 cpu_id=4
          <idle>-0     [004] d...    87.413822: cpu_idle: state=4294967295 cpu_id=4
          <idle>-0     [004] d...    87.413837: cpu_idle: state=4 cpu_id=4
          <idle>-0     [004] d...    87.414798: cpu_idle: state=4294967295 cpu_id=4
          <idle>-0     [004] d...    87.414814: cpu_idle: state=4 cpu_id=4
          <idle>-0     [004] d...    87.415799: cpu_idle: state=4294967295 cpu_id=4
          <idle>-0     [004] d...    87.415814: cpu_idle: state=4 cpu_id=4
          <idle>-0     [004] d...    87.416798: cpu_idle: state=4294967295 cpu_id=4
          <idle>-0     [004] d...    87.416814: cpu_idle: state=4 cpu_id=4
          <idle>-0     [004] dN..    87.417414: cpu_idle: state=4294967295 cpu_id=4
          <idle>-0     [004] d...    87.417417: sched_switch: prev_comm=swapper/4 prev_pid=0 prev_prio=120 prev_state=R ==> next_comm=ServiceWorker T next_pid=3076 next_prio=120
           <...>-3076  [004] d...    87.417648: sched_waking: comm=Chrome_ChildIOT pid=3068 prio=120 target_cpu=001
           <...>-3076  [004] d...    87.417649: sched_wake_idle_without_ipi: cpu=1
           <...>-3076  [004] d...    87.417650: sched_wakeup: comm=Chrome_ChildIOT pid=3068 prio=120 target_cpu=001
           <...>-3076  [004] d...    87.417684: sched_stat_runtime: comm=ServiceWorker T pid=3076 runtime=268891 [ns] vruntime=53871442008 [ns]
           <...>-3076  [004] d...    87.417685: sutil_marker: Schedutil: get_next_freq: 800000: 1024
           <...>-3076  [004] d...    87.417685: sutil_marker: Schedutil: update-single-util: 144: 84
           <...>-3076  [004] d...    87.417685: sutil_marker: Schedutil: update-single-boost: 144: 84
           <...>-3076  [004] d...    87.417686: sutil_marker: Schedutil: update-single-freq: 800000: 800000
           <...>-3076  [004] d...    87.417686: sched_switch: prev_comm=ServiceWorker T prev_pid=3076 prev_prio=120 prev_state=S ==> next_comm=swapper/4 next_pid=0 next_prio=120
          <idle>-0     [004] d...    87.417689: cpu_idle: state=4 cpu_id=4
          <idle>-0     [004] d...    87.417777: cpu_idle: state=4294967295 cpu_id=4
          <idle>-0     [004] d...    87.417782: cpu_idle: state=4 cpu_id=4
          <idle>-0     [004] dN..    87.417870: cpu_idle: state=4294967295 cpu_id=4
          <idle>-0     [004] d...    87.417872: sched_switch: prev_comm=swapper/4 prev_pid=0 prev_prio=120 prev_state=R ==> next_comm=SimpleCacheWork next_pid=2466 next_prio=120
           <...>-2466  [004] d...    87.417876: sched_waking: comm=SimpleCacheWork pid=2424 prio=120 target_cpu=006
           <...>-2466  [004] d...    87.417877: sched_wake_idle_without_ipi: cpu=6
           <...>-2466  [004] d...    87.417877: sched_wakeup: comm=SimpleCacheWork pid=2424 prio=120 target_cpu=006
           <...>-2466  [004] d...    87.417953: sched_waking: comm=Chrome_IOThread pid=1860 prio=120 target_cpu=002
           <...>-2466  [004] d...    87.417954: sched_wake_idle_without_ipi: cpu=2
           <...>-2466  [004] d...    87.417954: sched_wakeup: comm=Chrome_IOThread pid=1860 prio=120 target_cpu=002
           <...>-2466  [004] d...    87.417956: sched_stat_runtime: comm=SimpleCacheWork pid=2466 runtime=113751 [ns] vruntime=53871387998 [ns]
           <...>-2466  [004] d...    87.417957: sched_switch: prev_comm=SimpleCacheWork prev_pid=2466 prev_prio=120 prev_state=S ==> next_comm=swapper/4 next_pid=0 next_prio=120
          <idle>-0     [004] d...    87.417958: cpu_idle: state=4 cpu_id=4
          <idle>-0     [004] dN..    87.418048: cpu_idle: state=4294967295 cpu_id=4
          <idle>-0     [004] d...    87.418050: sched_switch: prev_comm=swapper/4 prev_pid=0 prev_prio=120 prev_state=R ==> next_comm=SimpleCacheWork next_pid=2425 next_prio=120
 SimpleCacheWork-2425  [004] d...    87.418054: sched_waking: comm=SimpleCacheWork pid=1906 prio=120 target_cpu=001
 SimpleCacheWork-2425  [004] d...    87.418055: sched_wake_idle_without_ipi: cpu=1
 SimpleCacheWork-2425  [004] d...    87.418055: sched_wakeup: comm=SimpleCacheWork pid=1906 prio=120 target_cpu=001
 SimpleCacheWork-2425  [004] d...    87.418169: sched_stat_runtime: comm=SimpleCacheWork pid=2425 runtime=143658 [ns] vruntime=53870981068 [ns]
 SimpleCacheWork-2425  [004] d...    87.418170: sched_switch: prev_comm=SimpleCacheWork prev_pid=2425 prev_prio=120 prev_state=D|K ==> next_comm=swapper/4 next_pid=0 next_prio=120
          <idle>-0     [004] d...    87.418171: cpu_idle: state=2 cpu_id=4
          <idle>-0     [004] dN..    87.418556: cpu_idle: state=4294967295 cpu_id=4
          <idle>-0     [004] d...    87.418556: sched_switch: prev_comm=swapper/4 prev_pid=0 prev_prio=120 prev_state=R ==> next_comm=ServiceWorker T next_pid=3076 next_prio=120
           <...>-3076  [004] d...    87.418595: sched_waking: comm=Chrome_ChildIOT pid=3068 prio=120 target_cpu=001
           <...>-3076  [004] d...    87.418612: sched_wake_idle_without_ipi: cpu=1
           <...>-3076  [004] d...    87.418612: sched_wakeup: comm=Chrome_ChildIOT pid=3068 prio=120 target_cpu=001
           <...>-3076  [004] d...    87.418720: sched_waking: comm=Chrome_ChildIOT pid=3068 prio=120 target_cpu=001
           <...>-3076  [004] d...    87.418722: sched_wake_idle_without_ipi: cpu=1
           <...>-3076  [004] d...    87.418722: sched_wakeup: comm=Chrome_ChildIOT pid=3068 prio=120 target_cpu=001
           <...>-3076  [004] d...    87.418733: sched_stat_runtime: comm=ServiceWorker T pid=3076 runtime=178487 [ns] vruntime=53871620495 [ns]
           <...>-3076  [004] d...    87.418734: sched_switch: prev_comm=ServiceWorker T prev_pid=3076 prev_prio=120 prev_state=S ==> next_comm=swapper/4 next_pid=0 next_prio=120
          <idle>-0     [004] d...    87.418735: cpu_idle: state=4 cpu_id=4
          <idle>-0     [004] d...    87.418803: cpu_idle: state=4294967295 cpu_id=4
          <idle>-0     [004] d...    87.418825: sched_switch: prev_comm=swapper/4 prev_pid=0 prev_prio=120 prev_state=R ==> next_comm=chrome next_pid=1524 next_prio=120
          chrome-1524  [004] d...    87.418846: sched_stat_runtime: comm=chrome pid=1524 runtime=35983 [ns] vruntime=53882873393 [ns]
          chrome-1524  [004] d...    87.418847: sched_switch: prev_comm=chrome prev_pid=1524 prev_prio=120 prev_state=S ==> next_comm=swapper/4 next_pid=0 next_prio=120
          <idle>-0     [004] d...    87.418848: cpu_idle: state=4 cpu_id=4
          <idle>-0     [004] dN..    87.419050: cpu_idle: state=4294967295 cpu_id=4
          <idle>-0     [004] d...    87.419052: sched_switch: prev_comm=swapper/4 prev_pid=0 prev_prio=120 prev_state=R ==> next_comm=chrome next_pid=1524 next_prio=120
          chrome-1524  [004] d...    87.419120: sched_stat_runtime: comm=chrome pid=1524 runtime=92647 [ns] vruntime=53882966040 [ns]
          chrome-1524  [004] d...    87.419121: sched_switch: prev_comm=chrome prev_pid=1524 prev_prio=120 prev_state=S ==> next_comm=swapper/4 next_pid=0 next_prio=120
          <idle>-0     [004] d...    87.419123: cpu_idle: state=3 cpu_id=4
          <idle>-0     [004] dN..    87.419123: cpu_idle: state=4294967295 cpu_id=4
          <idle>-0     [004] d...    87.419125: sched_switch: prev_comm=swapper/4 prev_pid=0 prev_prio=120 prev_state=R ==> next_comm=SimpleCacheWork next_pid=2466 next_prio=120
           <...>-2466  [004] d...    87.419127: sched_waking: comm=SimpleCacheWork pid=1906 prio=120 target_cpu=001
           <...>-2466  [004] d...    87.419145: sched_wake_idle_without_ipi: cpu=1
           <...>-2466  [004] d...    87.419145: sched_wakeup: comm=SimpleCacheWork pid=1906 prio=120 target_cpu=001
           <...>-2466  [004] d...    87.419171: sched_stat_runtime: comm=SimpleCacheWork pid=2466 runtime=48727 [ns] vruntime=53871436725 [ns]
           <...>-2466  [004] d...    87.419172: sched_switch: prev_comm=SimpleCacheWork prev_pid=2466 prev_prio=120 prev_state=D|K ==> next_comm=swapper/4 next_pid=0 next_prio=120
          <idle>-0     [004] d...    87.419173: cpu_idle: state=1 cpu_id=4
          <idle>-0     [004] dN..    87.419267: cpu_idle: state=4294967295 cpu_id=4
          <idle>-0     [004] d...    87.419268: sched_switch: prev_comm=swapper/4 prev_pid=0 prev_prio=120 prev_state=R ==> next_comm=ServiceWorker T next_pid=3076 next_prio=120
           <...>-3076  [004] d...    87.419302: sched_waking: comm=Chrome_ChildIOT pid=3068 prio=120 target_cpu=001
           <...>-3076  [004] d...    87.419303: sched_wake_idle_without_ipi: cpu=1
           <...>-3076  [004] d...    87.419303: sched_wakeup: comm=Chrome_ChildIOT pid=3068 prio=120 target_cpu=001
           <...>-3076  [004] d...    87.419380: sched_waking: comm=Chrome_ChildIOT pid=3068 prio=120 target_cpu=001
           <...>-3076  [004] d...    87.419381: sched_wake_idle_without_ipi: cpu=1
           <...>-3076  [004] d...    87.419381: sched_wakeup: comm=Chrome_ChildIOT pid=3068 prio=120 target_cpu=001
           <...>-3076  [004] d...    87.419392: sched_stat_runtime: comm=ServiceWorker T pid=3076 runtime=125709 [ns] vruntime=53871746204 [ns]
           <...>-3076  [004] d...    87.419393: sched_switch: prev_comm=ServiceWorker T prev_pid=3076 prev_prio=120 prev_state=S ==> next_comm=swapper/4 next_pid=0 next_prio=120
          <idle>-0     [004] d...    87.419394: cpu_idle: state=2 cpu_id=4
          <idle>-0     [004] dN..    87.419425: cpu_idle: state=4294967295 cpu_id=4
          <idle>-0     [004] d...    87.419425: sched_switch: prev_comm=swapper/4 prev_pid=0 prev_prio=120 prev_state=R ==> next_comm=chrome next_pid=1524 next_prio=120
          chrome-1524  [004] d...    87.419440: sched_stat_runtime: comm=chrome pid=1524 runtime=16754 [ns] vruntime=53882982794 [ns]
          chrome-1524  [004] d...    87.419441: sched_switch: prev_comm=chrome prev_pid=1524 prev_prio=120 prev_state=S ==> next_comm=swapper/4 next_pid=0 next_prio=120
          <idle>-0     [004] d...    87.419441: cpu_idle: state=2 cpu_id=4
          <idle>-0     [004] d...    87.419491: cpu_idle: state=4294967295 cpu_id=4
          <idle>-0     [004] d...    87.419500: cpu_idle: state=6 cpu_id=4
          <idle>-0     [004] dN..    87.419614: cpu_idle: state=4294967295 cpu_id=4
          <idle>-0     [004] d...    87.419616: sched_switch: prev_comm=swapper/4 prev_pid=0 prev_prio=120 prev_state=R ==> next_comm=chrome next_pid=1524 next_prio=120
          chrome-1524  [004] d...    87.419715: sched_stat_runtime: comm=chrome pid=1524 runtime=123689 [ns] vruntime=53883106483 [ns]
          chrome-1524  [004] d...    87.419716: sched_switch: prev_comm=chrome prev_pid=1524 prev_prio=120 prev_state=S ==> next_comm=swapper/4 next_pid=0 next_prio=120
          <idle>-0     [004] d...    87.419717: cpu_idle: state=4 cpu_id=4
          <idle>-0     [004] d...    87.419824: cpu_idle: state=4294967295 cpu_id=4
          <idle>-0     [004] d...    87.419839: cpu_idle: state=2 cpu_id=4
          <idle>-0     [004] dN..    87.419873: cpu_idle: state=4294967295 cpu_id=4
          <idle>-0     [004] d...    87.419874: sched_switch: prev_comm=swapper/4 prev_pid=0 prev_prio=120 prev_state=R ==> next_comm=Chrome_ChildIOT next_pid=3068 next_prio=120
 Chrome_ChildIOT-3068  [004] d...    87.419912: sched_stat_runtime: comm=Chrome_ChildIOT pid=3068 runtime=39630 [ns] vruntime=53883146113 [ns]
 Chrome_ChildIOT-3068  [004] d...    87.419913: sched_switch: prev_comm=Chrome_ChildIOT prev_pid=3068 prev_prio=120 prev_state=S ==> next_comm=swapper/4 next_pid=0 next_prio=120
          <idle>-0     [004] d...    87.419914: cpu_idle: state=2 cpu_id=4
          <idle>-0     [004] dN..    87.419916: cpu_idle: state=4294967295 cpu_id=4
          <idle>-0     [004] d...    87.419917: sched_switch: prev_comm=swapper/4 prev_pid=0 prev_prio=120 prev_state=R ==> next_comm=chrome next_pid=1524 next_prio=120
          chrome-1524  [004] d...    87.419941: sched_stat_runtime: comm=chrome pid=1524 runtime=25220 [ns] vruntime=53883131703 [ns]
          chrome-1524  [004] d...    87.419942: sched_switch: prev_comm=chrome prev_pid=1524 prev_prio=120 prev_state=S ==> next_comm=swapper/4 next_pid=0 next_prio=120
          <idle>-0     [004] d...    87.419942: cpu_idle: state=2 cpu_id=4
          <idle>-0     [004] dN..    87.420037: cpu_idle: state=4294967295 cpu_id=4
          <idle>-0     [004] d...    87.420037: sched_switch: prev_comm=swapper/4 prev_pid=0 prev_prio=120 prev_state=R ==> next_comm=chrome next_pid=1524 next_prio=120
          chrome-1524  [004] d...    87.420053: sched_stat_runtime: comm=chrome pid=1524 runtime=17357 [ns] vruntime=53883149060 [ns]
          chrome-1524  [004] d...    87.420054: sched_switch: prev_comm=chrome prev_pid=1524 prev_prio=120 prev_state=S ==> next_comm=swapper/4 next_pid=0 next_prio=120
          <idle>-0     [004] d...    87.420054: cpu_idle: state=2 cpu_id=4
          <idle>-0     [004] d...    87.420094: cpu_idle: state=4294967295 cpu_id=4
          <idle>-0     [004] d...    87.420095: cpu_idle: state=2 cpu_id=4
          <idle>-0     [004] dN..    87.420168: cpu_idle: state=4294967295 cpu_id=4
          <idle>-0     [004] d...    87.420169: sched_switch: prev_comm=swapper/4 prev_pid=0 prev_prio=120 prev_state=R ==> next_comm=vlc next_pid=2959 next_prio=120
             vlc-2959  [004] d...    87.420177: sched_stat_runtime: comm=vlc pid=2959 runtime=9706 [ns] vruntime=53875402091 [ns]
             vlc-2959  [004] d...    87.420178: sched_switch: prev_comm=vlc prev_pid=2959 prev_prio=120 prev_state=S ==> next_comm=swapper/4 next_pid=0 next_prio=120
          <idle>-0     [004] d...    87.420179: cpu_idle: state=1 cpu_id=4
          <idle>-0     [004] d...    87.420188: cpu_idle: state=4294967295 cpu_id=4
          <idle>-0     [004] d.h.    87.420189: sched_waking: comm=vlc pid=2959 prio=120 target_cpu=004
          <idle>-0     [004] dNh.    87.420189: sched_wakeup: comm=vlc pid=2959 prio=120 target_cpu=004
          <idle>-0     [004] d...    87.420190: sched_switch: prev_comm=swapper/4 prev_pid=0 prev_prio=120 prev_state=R ==> next_comm=vlc next_pid=2959 next_prio=120
             vlc-2959  [004] d...    87.420525: sched_waking: comm=threaded-ml pid=1603 prio=120 target_cpu=000
             vlc-2959  [004] d...    87.420526: sched_wake_idle_without_ipi: cpu=0
             vlc-2959  [004] d...    87.420526: sched_wakeup: comm=threaded-ml pid=1603 prio=120 target_cpu=000
             vlc-2959  [004] d...    87.420532: sched_stat_runtime: comm=vlc pid=2959 runtime=342521 [ns] vruntime=53875744612 [ns]
             vlc-2959  [004] d...    87.420532: sched_switch: prev_comm=vlc prev_pid=2959 prev_prio=120 prev_state=S ==> next_comm=swapper/4 next_pid=0 next_prio=120
          <idle>-0     [004] d...    87.420533: cpu_idle: state=1 cpu_id=4
          <idle>-0     [004] d...    87.420542: cpu_idle: state=4294967295 cpu_id=4
          <idle>-0     [004] d.h.    87.420542: sched_waking: comm=vlc pid=2959 prio=120 target_cpu=004
          <idle>-0     [004] dNh.    87.420543: sched_wakeup: comm=vlc pid=2959 prio=120 target_cpu=004
          <idle>-0     [004] d...    87.420544: sched_switch: prev_comm=swapper/4 prev_pid=0 prev_prio=120 prev_state=R ==> next_comm=vlc next_pid=2959 next_prio=120
             vlc-2959  [004] d...    87.420910: sched_waking: comm=threaded-ml pid=1603 prio=120 target_cpu=000
             vlc-2959  [004] d...    87.420910: sched_wake_idle_without_ipi: cpu=0
             vlc-2959  [004] d...    87.420911: sched_wakeup: comm=threaded-ml pid=1603 prio=120 target_cpu=000
             vlc-2959  [004] d...    87.420913: sched_stat_runtime: comm=vlc pid=2959 runtime=370809 [ns] vruntime=53876115421 [ns]
             vlc-2959  [004] d...    87.420914: sutil_marker: Schedutil: get_next_freq: 800000: 1024
             vlc-2959  [004] d...    87.420914: sutil_marker: Schedutil: update-single-util: 84: 450
             vlc-2959  [004] d...    87.420915: sutil_marker: Schedutil: update-single-boost: 84: 450
             vlc-2959  [004] d...    87.420915: sutil_marker: Schedutil: update-single-freq: 800000: 800000
             vlc-2959  [004] d...    87.420915: sched_switch: prev_comm=vlc prev_pid=2959 prev_prio=120 prev_state=S ==> next_comm=swapper/4 next_pid=0 next_prio=120
          <idle>-0     [004] d...    87.420916: cpu_idle: state=1 cpu_id=4
          <idle>-0     [004] d...    87.420924: cpu_idle: state=4294967295 cpu_id=4
          <idle>-0     [004] d.h.    87.420924: sched_waking: comm=vlc pid=2959 prio=120 target_cpu=004
          <idle>-0     [004] dNh.    87.420924: sched_wakeup: comm=vlc pid=2959 prio=120 target_cpu=004
          <idle>-0     [004] d...    87.420925: sched_switch: prev_comm=swapper/4 prev_pid=0 prev_prio=120 prev_state=R ==> next_comm=vlc next_pid=2959 next_prio=120
             vlc-2959  [004] d...    87.421280: sched_waking: comm=threaded-ml pid=1603 prio=120 target_cpu=000
             vlc-2959  [004] d...    87.421280: sched_wake_idle_without_ipi: cpu=0
             vlc-2959  [004] d...    87.421280: sched_wakeup: comm=threaded-ml pid=1603 prio=120 target_cpu=000
             vlc-2959  [004] d...    87.421282: sched_stat_runtime: comm=vlc pid=2959 runtime=357397 [ns] vruntime=53876472818 [ns]
             vlc-2959  [004] d...    87.421282: sched_switch: prev_comm=vlc prev_pid=2959 prev_prio=120 prev_state=S ==> next_comm=swapper/4 next_pid=0 next_prio=120
          <idle>-0     [004] d...    87.421283: cpu_idle: state=1 cpu_id=4
          <idle>-0     [004] d...    87.421776: cpu_idle: state=4294967295 cpu_id=4
          <idle>-0     [004] d...    87.421779: cpu_idle: state=3 cpu_id=4
          <idle>-0     [004] dN..    87.422028: cpu_idle: state=4294967295 cpu_id=4
          <idle>-0     [004] d...    87.422028: sched_switch: prev_comm=swapper/4 prev_pid=0 prev_prio=120 prev_state=R ==> next_comm=Chrome_ChildIOT next_pid=3068 next_prio=120
 Chrome_ChildIOT-3068  [004] d...    87.422039: sched_waking: comm=Chrome_IOThread pid=1860 prio=120 target_cpu=002
 Chrome_ChildIOT-3068  [004] d...    87.422040: sched_wake_idle_without_ipi: cpu=2
 Chrome_ChildIOT-3068  [004] d...    87.422040: sched_wakeup: comm=Chrome_IOThread pid=1860 prio=120 target_cpu=002
 Chrome_ChildIOT-3068  [004] d...    87.422064: sched_stat_runtime: comm=Chrome_ChildIOT pid=3068 runtime=57695 [ns] vruntime=53883206755 [ns]
 Chrome_ChildIOT-3068  [004] d...    87.422064: sched_switch: prev_comm=Chrome_ChildIOT prev_pid=3068 prev_prio=120 prev_state=S ==> next_comm=swapper/4 next_pid=0 next_prio=120
          <idle>-0     [004] d...    87.422065: cpu_idle: state=3 cpu_id=4
          <idle>-0     [004] d...    87.422796: cpu_idle: state=4294967295 cpu_id=4
          <idle>-0     [004] d...    87.422810: cpu_idle: state=4 cpu_id=4
          <idle>-0     [004] d...    87.423516: cpu_idle: state=4294967295 cpu_id=4
          <idle>-0     [004] d.s.    87.423529: sutil_marker: Schedutil: get_next_freq: 800000: 1024
          <idle>-0     [004] d.s.    87.423530: sutil_marker: Schedutil: update-single-util: 450: 488
          <idle>-0     [004] d.s.    87.423530: sutil_marker: Schedutil: update-single-boost: 450: 488
          <idle>-0     [004] d.s.    87.423530: sutil_marker: Schedutil: update-single-freq: 800000: 800000
          <idle>-0     [004] d...    87.423535: cpu_idle: state=4 cpu_id=4
          <idle>-0     [004] d...    87.423799: cpu_idle: state=4294967295 cpu_id=4
          <idle>-0     [004] d...    87.423823: cpu_idle: state=4 cpu_id=4
          <idle>-0     [004] d...    87.424806: cpu_idle: state=4294967295 cpu_id=4
          <idle>-0     [004] d...    87.424842: cpu_idle: state=4 cpu_id=4
          <idle>-0     [004] d...    87.425799: cpu_idle: state=4294967295 cpu_id=4
          <idle>-0     [004] d...    87.425823: cpu_idle: state=4 cpu_id=4
          <idle>-0     [004] d...    87.426806: cpu_idle: state=4294967295 cpu_id=4
          <idle>-0     [004] d...    87.426830: cpu_idle: state=4 cpu_id=4
          <idle>-0     [004] d...    87.427529: cpu_idle: state=4294967295 cpu_id=4
          <idle>-0     [004] d.s.    87.427542: sutil_marker: Schedutil: get_next_freq: 800000: 1024
          <idle>-0     [004] d.s.    87.427544: sutil_marker: Schedutil: update-single-util: 488: 449
          <idle>-0     [004] d.s.    87.427545: sutil_marker: Schedutil: update-single-boost: 488: 449
          <idle>-0     [004] d.s.    87.427545: sutil_marker: Schedutil: update-single-freq: 800000: 800000
          <idle>-0     [004] d...    87.427555: cpu_idle: state=4 cpu_id=4
          <idle>-0     [004] d...    87.427806: cpu_idle: state=4294967295 cpu_id=4
          <idle>-0     [004] d...    87.427829: cpu_idle: state=4 cpu_id=4
          <idle>-0     [004] d...    87.428806: cpu_idle: state=4294967295 cpu_id=4
          <idle>-0     [004] d...    87.428829: cpu_idle: state=4 cpu_id=4
          <idle>-0     [004] dN..    87.428947: cpu_idle: state=4294967295 cpu_id=4
          <idle>-0     [004] d...    87.428954: sched_switch: prev_comm=swapper/4 prev_pid=0 prev_prio=120 prev_state=R ==> next_comm=kworker/4:1 next_pid=71 next_prio=120
           <...>-71    [004] d...    87.428961: sched_stat_runtime: comm=kworker/4:1 pid=71 runtime=49427 [ns] vruntime=321494547657 [ns]
           <...>-71    [004] d...    87.428963: sutil_marker: Schedutil: get_next_freq: 800000: 1024
           <...>-71    [004] d...    87.428964: sutil_marker: Schedutil: update-single-util: 449: 437
           <...>-71    [004] d...    87.428964: sutil_marker: Schedutil: update-single-boost: 449: 437
           <...>-71    [004] d...    87.428965: sutil_marker: Schedutil: update-single-freq: 800000: 800000
           <...>-71    [004] d...    87.428967: sched_switch: prev_comm=kworker/4:1 prev_pid=71 prev_prio=120 prev_state=S ==> next_comm=swapper/4 next_pid=0 next_prio=120
          <idle>-0     [004] d...    87.428971: cpu_idle: state=4 cpu_id=4
          <idle>-0     [004] dN..    87.429240: cpu_idle: state=4294967295 cpu_id=4
          <idle>-0     [004] d...    87.429246: sched_switch: prev_comm=swapper/4 prev_pid=0 prev_prio=120 prev_state=R ==> next_comm=Chrome_ChildIOT next_pid=3068 next_prio=120
 Chrome_ChildIOT-3068  [004] d...    87.429293: sched_waking: comm=Chrome_IOThread pid=1860 prio=120 target_cpu=002
 Chrome_ChildIOT-3068  [004] d...    87.429298: sched_wake_idle_without_ipi: cpu=2
 Chrome_ChildIOT-3068  [004] d...    87.429299: sched_wakeup: comm=Chrome_IOThread pid=1860 prio=120 target_cpu=002
 Chrome_ChildIOT-3068  [004] d...    87.429315: sched_stat_runtime: comm=Chrome_ChildIOT pid=3068 runtime=107581 [ns] vruntime=53883314336 [ns]
 Chrome_ChildIOT-3068  [004] d...    87.429318: sched_switch: prev_comm=Chrome_ChildIOT prev_pid=3068 prev_prio=120 prev_state=S ==> next_comm=swapper/4 next_pid=0 next_prio=120
          <idle>-0     [004] d...    87.429322: cpu_idle: state=4 cpu_id=4
          <idle>-0     [004] dN..    87.429456: cpu_idle: state=4294967295 cpu_id=4
          <idle>-0     [004] d...    87.429463: sched_switch: prev_comm=swapper/4 prev_pid=0 prev_prio=120 prev_state=R ==> next_comm=Compositor next_pid=3069 next_prio=120
      Compositor-3069  [004] d...    87.429498: sched_stat_runtime: comm=Compositor pid=3069 runtime=73696 [ns] vruntime=53871388032 [ns]
      Compositor-3069  [004] d...    87.429501: sched_switch: prev_comm=Compositor prev_pid=3069 prev_prio=120 prev_state=S ==> next_comm=swapper/4 next_pid=0 next_prio=120
          <idle>-0     [004] d...    87.429506: cpu_idle: state=4 cpu_id=4
          <idle>-0     [004] d...    87.429806: cpu_idle: state=4294967295 cpu_id=4
          <idle>-0     [004] d...    87.429832: sched_switch: prev_comm=swapper/4 prev_pid=0 prev_prio=120 prev_state=R ==> next_comm=chrome next_pid=1524 next_prio=120
          chrome-1524  [004] d...    87.429967: sched_stat_runtime: comm=chrome pid=1524 runtime=144385 [ns] vruntime=53883293445 [ns]
          chrome-1524  [004] d...    87.429972: sched_switch: prev_comm=chrome prev_pid=1524 prev_prio=120 prev_state=S ==> next_comm=swapper/4 next_pid=0 next_prio=120
          <idle>-0     [004] d...    87.429976: cpu_idle: state=4 cpu_id=4
          <idle>-0     [004] dN..    87.430206: cpu_idle: state=4294967295 cpu_id=4
          <idle>-0     [004] d...    87.430214: sched_switch: prev_comm=swapper/4 prev_pid=0 prev_prio=120 prev_state=R ==> next_comm=chrome next_pid=1524 next_prio=120
          chrome-1524  [004] d...    87.430394: sched_stat_runtime: comm=chrome pid=1524 runtime=217961 [ns] vruntime=53883511406 [ns]
          chrome-1524  [004] d...    87.430398: sched_switch: prev_comm=chrome prev_pid=1524 prev_prio=120 prev_state=S ==> next_comm=swapper/4 next_pid=0 next_prio=120
          <idle>-0     [004] d...    87.430404: cpu_idle: state=3 cpu_id=4
          <idle>-0     [004] dN..    87.430661: cpu_idle: state=4294967295 cpu_id=4
          <idle>-0     [004] d...    87.430665: sched_switch: prev_comm=swapper/4 prev_pid=0 prev_prio=120 prev_state=R ==> next_comm=Compositor next_pid=3069 next_prio=120
      Compositor-3069  [004] d...    87.430748: sched_stat_runtime: comm=Compositor pid=3069 runtime=93965 [ns] vruntime=53871605371 [ns]
      Compositor-3069  [004] d...    87.430751: sched_switch: prev_comm=Compositor prev_pid=3069 prev_prio=120 prev_state=S ==> next_comm=swapper/4 next_pid=0 next_prio=120
          <idle>-0     [004] d...    87.430757: cpu_idle: state=4 cpu_id=4
          <idle>-0     [004] d...    87.430779: cpu_idle: state=4294967295 cpu_id=4
          <idle>-0     [004] d...    87.430815: cpu_idle: state=4 cpu_id=4
          <idle>-0     [004] d...    87.431519: cpu_idle: state=4294967295 cpu_id=4
          <idle>-0     [004] d.s.    87.431535: sutil_marker: Schedutil: get_next_freq: 800000: 1024
          <idle>-0     [004] d.s.    87.431537: sutil_marker: Schedutil: update-single-util: 437: 388
          <idle>-0     [004] d.s.    87.431538: sutil_marker: Schedutil: update-single-boost: 437: 388
          <idle>-0     [004] d.s.    87.431538: sutil_marker: Schedutil: update-single-freq: 800000: 800000
          <idle>-0     [004] d...    87.431551: cpu_idle: state=4 cpu_id=4
          <idle>-0     [004] d...    87.431803: cpu_idle: state=4294967295 cpu_id=4
          <idle>-0     [004] d...    87.431829: cpu_idle: state=4 cpu_id=4
          <idle>-0     [004] dN..    87.431913: cpu_idle: state=4294967295 cpu_id=4
          <idle>-0     [004] d...    87.431921: sched_switch: prev_comm=swapper/4 prev_pid=0 prev_prio=120 prev_state=R ==> next_comm=chrome next_pid=1524 next_prio=120
          chrome-1524  [004] d...    87.432006: sched_stat_runtime: comm=chrome pid=1524 runtime=121719 [ns] vruntime=53883633125 [ns]
          chrome-1524  [004] d...    87.432011: sched_switch: prev_comm=chrome prev_pid=1524 prev_prio=120 prev_state=S ==> next_comm=swapper/4 next_pid=0 next_prio=120
          <idle>-0     [004] d...    87.432016: cpu_idle: state=4 cpu_id=4
          <idle>-0     [004] dN..    87.432188: cpu_idle: state=4294967295 cpu_id=4
          <idle>-0     [004] d...    87.432196: sched_switch: prev_comm=swapper/4 prev_pid=0 prev_prio=120 prev_state=R ==> next_comm=chrome next_pid=1524 next_prio=120
          chrome-1524  [004] d...    87.432283: sched_stat_runtime: comm=chrome pid=1524 runtime=123560 [ns] vruntime=53883756685 [ns]
          chrome-1524  [004] d...    87.432287: sched_switch: prev_comm=chrome prev_pid=1524 prev_prio=120 prev_state=S ==> next_comm=swapper/4 next_pid=0 next_prio=120
          <idle>-0     [004] d...    87.432293: cpu_idle: state=4 cpu_id=4
          <idle>-0     [004] dN..    87.432468: cpu_idle: state=4294967295 cpu_id=4
          <idle>-0     [004] d...    87.432475: sched_switch: prev_comm=swapper/4 prev_pid=0 prev_prio=120 prev_state=R ==> next_comm=ServiceWorker T next_pid=3076 next_prio=120
           <...>-3076  [004] d...    87.432760: sched_waking: comm=Chrome_ChildIOT pid=3068 prio=120 target_cpu=005
           <...>-3076  [004] d...    87.432767: sched_wake_idle_without_ipi: cpu=5
           <...>-3076  [004] d...    87.432768: sched_wakeup: comm=Chrome_ChildIOT pid=3068 prio=120 target_cpu=005
           <...>-3076  [004] d...    87.432895: sched_stat_runtime: comm=ServiceWorker T pid=3076 runtime=456173 [ns] vruntime=53872212858 [ns]
           <...>-3076  [004] d...    87.432900: sched_switch: prev_comm=ServiceWorker T prev_pid=3076 prev_prio=120 prev_state=S ==> next_comm=swapper/4 next_pid=0 next_prio=120
          <idle>-0     [004] d...    87.432906: cpu_idle: state=4 cpu_id=4
          <idle>-0     [004] d...    87.433780: cpu_idle: state=4294967295 cpu_id=4
          <idle>-0     [004] d...    87.433808: cpu_idle: state=4 cpu_id=4
          <idle>-0     [004] dN..    87.434032: cpu_idle: state=4294967295 cpu_id=4
          <idle>-0     [004] d...    87.434040: sched_switch: prev_comm=swapper/4 prev_pid=0 prev_prio=120 prev_state=R ==> next_comm=chrome next_pid=1524 next_prio=120
          chrome-1524  [004] d...    87.434200: sched_stat_runtime: comm=chrome pid=1524 runtime=201569 [ns] vruntime=53883958254 [ns]
          chrome-1524  [004] d...    87.434204: sutil_marker: Schedutil: get_next_freq: 800000: 1024
          chrome-1524  [004] d...    87.434205: sutil_marker: Schedutil: update-single-util: 388: 385
          chrome-1524  [004] d...    87.434206: sutil_marker: Schedutil: update-single-boost: 388: 385
          chrome-1524  [004] d...    87.434207: sutil_marker: Schedutil: update-single-freq: 800000: 800000
          chrome-1524  [004] d...    87.434210: sched_switch: prev_comm=chrome prev_pid=1524 prev_prio=120 prev_state=S ==> next_comm=swapper/4 next_pid=0 next_prio=120
          <idle>-0     [004] d...    87.434217: cpu_idle: state=3 cpu_id=4
          <idle>-0     [004] dN..    87.434274: cpu_idle: state=4294967295 cpu_id=4
          <idle>-0     [004] d...    87.434278: sched_switch: prev_comm=swapper/4 prev_pid=0 prev_prio=120 prev_state=R ==> next_comm=SimpleCacheWork next_pid=2424 next_prio=120
 SimpleCacheWork-2424  [004] d...    87.434289: sched_stat_runtime: comm=SimpleCacheWork pid=2424 runtime=20260 [ns] vruntime=53872052133 [ns]
 SimpleCacheWork-2424  [004] d...    87.434292: sched_switch: prev_comm=SimpleCacheWork prev_pid=2424 prev_prio=120 prev_state=S ==> next_comm=swapper/4 next_pid=0 next_prio=120
          <idle>-0     [004] d...    87.434296: cpu_idle: state=3 cpu_id=4
          <idle>-0     [004] dN..    87.434472: cpu_idle: state=4294967295 cpu_id=4
          <idle>-0     [004] d...    87.434476: sched_switch: prev_comm=swapper/4 prev_pid=0 prev_prio=120 prev_state=R ==> next_comm=Compositor next_pid=3069 next_prio=120
      Compositor-3069  [004] d...    87.434511: sched_stat_runtime: comm=Compositor pid=3069 runtime=57482 [ns] vruntime=53872015736 [ns]
      Compositor-3069  [004] d...    87.434513: sched_switch: prev_comm=Compositor prev_pid=3069 prev_prio=120 prev_state=S ==> next_comm=swapper/4 next_pid=0 next_prio=120
          <idle>-0     [004] d...    87.434516: cpu_idle: state=4 cpu_id=4
          <idle>-0     [004] dN..    87.434629: cpu_idle: state=4294967295 cpu_id=4
          <idle>-0     [004] d...    87.434633: sched_switch: prev_comm=swapper/4 prev_pid=0 prev_prio=120 prev_state=R ==> next_comm=ServiceWorker T next_pid=3076 next_prio=120
           <...>-3076  [004] d...    87.435059: sched_stat_runtime: comm=ServiceWorker T pid=3076 runtime=435658 [ns] vruntime=53872648516 [ns]
           <...>-3076  [004] d...    87.435062: sched_switch: prev_comm=ServiceWorker T prev_pid=3076 prev_prio=120 prev_state=S ==> next_comm=swapper/4 next_pid=0 next_prio=120
          <idle>-0     [004] d...    87.435067: cpu_idle: state=3 cpu_id=4
          <idle>-0     [004] dN..    87.435348: cpu_idle: state=4294967295 cpu_id=4
          <idle>-0     [004] d...    87.435354: sched_switch: prev_comm=swapper/4 prev_pid=0 prev_prio=120 prev_state=R ==> next_comm=Compositor next_pid=3069 next_prio=120
      Compositor-3069  [004] d.h.    87.435499: sched_stat_runtime: comm=Compositor pid=3069 runtime=175558 [ns] vruntime=53872191294 [ns]
      Compositor-3069  [004] d...    87.435519: sched_waking: comm=chrome pid=3067 prio=120 target_cpu=003
      Compositor-3069  [004] d...    87.435526: sched_wakeup: comm=chrome pid=3067 prio=120 target_cpu=003
      Compositor-3069  [004] d...    87.435713: sched_waking: comm=CompositorTileW pid=3073 prio=120 target_cpu=007
      Compositor-3069  [004] d...    87.435718: sched_wake_idle_without_ipi: cpu=7
      Compositor-3069  [004] d...    87.435719: sched_wakeup: comm=CompositorTileW pid=3073 prio=120 target_cpu=007
      Compositor-3069  [004] d...    87.435756: sched_stat_runtime: comm=Compositor pid=3069 runtime=256957 [ns] vruntime=53872448251 [ns]
      Compositor-3069  [004] d...    87.435759: sched_switch: prev_comm=Compositor prev_pid=3069 prev_prio=120 prev_state=S ==> next_comm=swapper/4 next_pid=0 next_prio=120
          <idle>-0     [004] d...    87.435764: cpu_idle: state=4 cpu_id=4
          <idle>-0     [004] dN..    87.435783: cpu_idle: state=4294967295 cpu_id=4
          <idle>-0     [004] d...    87.435808: sched_switch: prev_comm=swapper/4 prev_pid=0 prev_prio=120 prev_state=R ==> next_comm=Compositor next_pid=3069 next_prio=120
      Compositor-3069  [004] d...    87.435843: sched_stat_runtime: comm=Compositor pid=3069 runtime=67158 [ns] vruntime=53872515409 [ns]
      Compositor-3069  [004] d...    87.435845: sched_switch: prev_comm=Compositor prev_pid=3069 prev_prio=120 prev_state=S ==> next_comm=swapper/4 next_pid=0 next_prio=120
          <idle>-0     [004] d...    87.435848: cpu_idle: state=4 cpu_id=4
          <idle>-0     [004] d...    87.436802: cpu_idle: state=4294967295 cpu_id=4
          <idle>-0     [004] d...    87.436849: cpu_idle: state=4 cpu_id=4
          <idle>-0     [004] dN..    87.436933: cpu_idle: state=4294967295 cpu_id=4
          <idle>-0     [004] d...    87.436941: sched_switch: prev_comm=swapper/4 prev_pid=0 prev_prio=120 prev_state=R ==> next_comm=Compositor next_pid=3069 next_prio=120
      Compositor-3069  [004] d...    87.437232: sched_stat_runtime: comm=Compositor pid=3069 runtime=326505 [ns] vruntime=53872841914 [ns]
      Compositor-3069  [004] d...    87.437237: sched_switch: prev_comm=Compositor prev_pid=3069 prev_prio=120 prev_state=S ==> next_comm=swapper/4 next_pid=0 next_prio=120
          <idle>-0     [004] d...    87.437243: cpu_idle: state=4 cpu_id=4
          <idle>-0     [004] dN..    87.437460: cpu_idle: state=4294967295 cpu_id=4
          <idle>-0     [004] d...    87.437468: sched_switch: prev_comm=swapper/4 prev_pid=0 prev_prio=120 prev_state=R ==> next_comm=ServiceWorker T next_pid=3076 next_prio=120
           <...>-3076  [004] d...    87.438005: sched_waking: comm=Chrome_ChildIOT pid=3068 prio=120 target_cpu=006
           <...>-3076  [004] d...    87.438012: sched_wake_idle_without_ipi: cpu=6
           <...>-3076  [004] d...    87.438013: sched_wakeup: comm=Chrome_ChildIOT pid=3068 prio=120 target_cpu=006
           <...>-3076  [004] d...    87.438141: sched_stat_runtime: comm=ServiceWorker T pid=3076 runtime=720474 [ns] vruntime=53873368990 [ns]
           <...>-3076  [004] d...    87.438145: sched_switch: prev_comm=ServiceWorker T prev_pid=3076 prev_prio=120 prev_state=S ==> next_comm=swapper/4 next_pid=0 next_prio=120
          <idle>-0     [004] d...    87.438153: cpu_idle: state=3 cpu_id=4
          <idle>-0     [004] dN..    87.438357: cpu_idle: state=4294967295 cpu_id=4
          <idle>-0     [004] d...    87.438363: sched_switch: prev_comm=swapper/4 prev_pid=0 prev_prio=120 prev_state=R ==> next_comm=ServiceWorker T next_pid=3076 next_prio=120
           <...>-3076  [004] d...    87.438405: sched_stat_runtime: comm=ServiceWorker T pid=3076 runtime=66177 [ns] vruntime=53873435167 [ns]
           <...>-3076  [004] d...    87.438408: sutil_marker: Schedutil: get_next_freq: 800000: 1024
           <...>-3076  [004] d...    87.438409: sutil_marker: Schedutil: update-single-util: 385: 124
           <...>-3076  [004] d...    87.438409: sutil_marker: Schedutil: update-single-boost: 385: 124
           <...>-3076  [004] d...    87.438410: sutil_marker: Schedutil: update-single-freq: 800000: 800000
           <...>-3076  [004] d...    87.438411: sched_switch: prev_comm=ServiceWorker T prev_pid=3076 prev_prio=120 prev_state=S ==> next_comm=swapper/4 next_pid=0 next_prio=120
          <idle>-0     [004] d...    87.438414: cpu_idle: state=3 cpu_id=4
          <idle>-0     [004] d...    87.438636: cpu_idle: state=4294967295 cpu_id=4
          <idle>-0     [004] d.h.    87.438681: sched_waking: comm=kworker/4:1 pid=71 prio=120 target_cpu=004
          <idle>-0     [004] dNh.    87.438686: sched_wakeup: comm=kworker/4:1 pid=71 prio=120 target_cpu=004
          <idle>-0     [004] dNh.    87.438691: sched_waking: comm=acpid pid=865 prio=120 target_cpu=006
          <idle>-0     [004] dNh.    87.438696: sched_wake_idle_without_ipi: cpu=6
          <idle>-0     [004] dNh.    87.438696: sched_wakeup: comm=acpid pid=865 prio=120 target_cpu=006
          <idle>-0     [004] dNh.    87.438701: sched_waking: comm=Xorg pid=1080 prio=120 target_cpu=007
          <idle>-0     [004] dNh.    87.438704: sched_wake_idle_without_ipi: cpu=7
          <idle>-0     [004] dNh.    87.438704: sched_wakeup: comm=Xorg pid=1080 prio=120 target_cpu=007
          <idle>-0     [004] d...    87.438728: sched_switch: prev_comm=swapper/4 prev_pid=0 prev_prio=120 prev_state=R ==> next_comm=kworker/4:1 next_pid=71 next_prio=120
           <...>-71    [004] d...    87.438734: sched_stat_runtime: comm=kworker/4:1 pid=71 runtime=51309 [ns] vruntime=321503770804 [ns]
           <...>-71    [004] d...    87.438736: sched_switch: prev_comm=kworker/4:1 prev_pid=71 prev_prio=120 prev_state=S ==> next_comm=swapper/4 next_pid=0 next_prio=120
          <idle>-0     [004] d...    87.438739: cpu_idle: state=4 cpu_id=4
          <idle>-0     [004] d...    87.438803: cpu_idle: state=4294967295 cpu_id=4
          <idle>-0     [004] d...    87.438830: cpu_idle: state=4 cpu_id=4
          <idle>-0     [004] dN..    87.439006: cpu_idle: state=4294967295 cpu_id=4
          <idle>-0     [004] d...    87.439013: sched_switch: prev_comm=swapper/4 prev_pid=0 prev_prio=120 prev_state=R ==> next_comm=Compositor next_pid=3069 next_prio=120
      Compositor-3069  [004] d...    87.439049: sched_stat_runtime: comm=Compositor pid=3069 runtime=72191 [ns] vruntime=53872914105 [ns]
      Compositor-3069  [004] d...    87.439052: sched_switch: prev_comm=Compositor prev_pid=3069 prev_prio=120 prev_state=S ==> next_comm=swapper/4 next_pid=0 next_prio=120
          <idle>-0     [004] d...    87.439057: cpu_idle: state=3 cpu_id=4
          <idle>-0     [004] d...    87.439521: cpu_idle: state=4294967295 cpu_id=4
          <idle>-0     [004] d.s.    87.439536: sutil_marker: Schedutil: get_next_freq: 800000: 1024
          <idle>-0     [004] d.s.    87.439537: sutil_marker: Schedutil: update-single-util: 124: 124
          <idle>-0     [004] d.s.    87.439538: sutil_marker: Schedutil: update-single-boost: 124: 124
          <idle>-0     [004] d.s.    87.439539: sutil_marker: Schedutil: update-single-freq: 800000: 800000
          <idle>-0     [004] d...    87.439562: sched_switch: prev_comm=swapper/4 prev_pid=0 prev_prio=120 prev_state=R ==> next_comm=wnck-applet next_pid=1478 next_prio=120
     wnck-applet-1478  [004] d...    87.439639: sched_stat_runtime: comm=wnck-applet pid=1478 runtime=89452 [ns] vruntime=362680680 [ns]
     wnck-applet-1478  [004] d...    87.439642: sched_switch: prev_comm=wnck-applet prev_pid=1478 prev_prio=120 prev_state=S ==> next_comm=swapper/4 next_pid=0 next_prio=120
          <idle>-0     [004] d...    87.439650: cpu_idle: state=4 cpu_id=4
          <idle>-0     [004] dN..    87.439759: cpu_idle: state=4294967295 cpu_id=4
          <idle>-0     [004] d...    87.439767: sched_switch: prev_comm=swapper/4 prev_pid=0 prev_prio=120 prev_state=R ==> next_comm=SimpleCacheWork next_pid=1906 next_prio=120
           <...>-1906  [004] d...    87.439776: sched_stat_runtime: comm=SimpleCacheWork pid=1906 runtime=14048 [ns] vruntime=53872063195 [ns]
           <...>-1906  [004] d...    87.439781: sched_switch: prev_comm=SimpleCacheWork prev_pid=1906 prev_prio=120 prev_state=S ==> next_comm=swapper/4 next_pid=0 next_prio=120
          <idle>-0     [004] d...    87.439812: cpu_idle: state=4 cpu_id=4
          <idle>-0     [004] dN..    87.439844: cpu_idle: state=4294967295 cpu_id=4
          <idle>-0     [004] d...    87.439850: sched_switch: prev_comm=swapper/4 prev_pid=0 prev_prio=120 prev_state=R ==> next_comm=Compositor next_pid=3069 next_prio=120
      Compositor-3069  [004] d...    87.439947: sched_waking: comm=chrome pid=3067 prio=120 target_cpu=003
      Compositor-3069  [004] d...    87.439953: sched_wake_idle_without_ipi: cpu=3
      Compositor-3069  [004] d...    87.439954: sched_wakeup: comm=chrome pid=3067 prio=120 target_cpu=003
      Compositor-3069  [004] d...    87.440111: sched_waking: comm=Chrome_ChildIOT pid=3068 prio=120 target_cpu=006
      Compositor-3069  [004] d...    87.440115: sched_migrate_task: comm=Chrome_ChildIOT pid=3068 prio=120 orig_cpu=6 dest_cpu=5
      Compositor-3069  [004] d...    87.440117: sutil_marker: Schedutil: attach_entity_load_avg: 0: 0
      Compositor-3069  [004] d...    87.440119: sched_wake_idle_without_ipi: cpu=5
      Compositor-3069  [004] d...    87.440120: sched_wakeup: comm=Chrome_ChildIOT pid=3068 prio=120 target_cpu=005
      Compositor-3069  [004] d...    87.440139: sched_waking: comm=CompositorTileW pid=3072 prio=120 target_cpu=000
      Compositor-3069  [004] d...    87.440141: sched_wake_idle_without_ipi: cpu=0
      Compositor-3069  [004] d...    87.440142: sched_wakeup: comm=CompositorTileW pid=3072 prio=120 target_cpu=000
      Compositor-3069  [004] d...    87.440170: sched_stat_runtime: comm=Compositor pid=3069 runtime=330331 [ns] vruntime=53873244436 [ns]
      Compositor-3069  [004] d...    87.440174: sched_switch: prev_comm=Compositor prev_pid=3069 prev_prio=120 prev_state=S ==> next_comm=swapper/4 next_pid=0 next_prio=120
          <idle>-0     [004] d...    87.440183: cpu_idle: state=4 cpu_id=4
          <idle>-0     [004] dN..    87.440192: cpu_idle: state=4294967295 cpu_id=4
          <idle>-0     [004] d...    87.440198: sched_switch: prev_comm=swapper/4 prev_pid=0 prev_prio=120 prev_state=R ==> next_comm=Compositor next_pid=3069 next_prio=120
      Compositor-3069  [004] d...    87.440226: sched_stat_runtime: comm=Compositor pid=3069 runtime=38853 [ns] vruntime=53873283289 [ns]
      Compositor-3069  [004] d...    87.440228: sched_switch: prev_comm=Compositor prev_pid=3069 prev_prio=120 prev_state=S ==> next_comm=swapper/4 next_pid=0 next_prio=120
          <idle>-0     [004] d...    87.440233: cpu_idle: state=4 cpu_id=4
          <idle>-0     [004] dN..    87.440235: cpu_idle: state=4294967295 cpu_id=4
          <idle>-0     [004] d...    87.440239: sched_switch: prev_comm=swapper/4 prev_pid=0 prev_prio=120 prev_state=R ==> next_comm=Compositor next_pid=3069 next_prio=120
      Compositor-3069  [004] d...    87.440261: sched_stat_runtime: comm=Compositor pid=3069 runtime=27730 [ns] vruntime=53873311019 [ns]
      Compositor-3069  [004] d...    87.440264: sched_switch: prev_comm=Compositor prev_pid=3069 prev_prio=120 prev_state=S ==> next_comm=swapper/4 next_pid=0 next_prio=120
          <idle>-0     [004] d...    87.440268: cpu_idle: state=4 cpu_id=4
          <idle>-0     [004] dN..    87.440720: cpu_idle: state=4294967295 cpu_id=4
          <idle>-0     [004] d...    87.440729: sched_switch: prev_comm=swapper/4 prev_pid=0 prev_prio=120 prev_state=R ==> next_comm=ServiceWorker T next_pid=3076 next_prio=120
           <...>-3076  [004] d...    87.440772: sched_waking: comm=chrome pid=3067 prio=120 target_cpu=003
           <...>-3076  [004] d...    87.440776: sched_wake_idle_without_ipi: cpu=3
           <...>-3076  [004] d...    87.440777: sched_wakeup: comm=chrome pid=3067 prio=120 target_cpu=003
           <...>-3076  [004] d...    87.440793: sched_stat_runtime: comm=ServiceWorker T pid=3076 runtime=79704 [ns] vruntime=53873514871 [ns]
           <...>-3076  [004] d...    87.440795: sched_switch: prev_comm=ServiceWorker T prev_pid=3076 prev_prio=120 prev_state=S ==> next_comm=swapper/4 next_pid=0 next_prio=120
          <idle>-0     [004] d...    87.440803: cpu_idle: state=4 cpu_id=4
          <idle>-0     [004] dN..    87.440805: cpu_idle: state=4294967295 cpu_id=4
          <idle>-0     [004] d...    87.440809: sched_switch: prev_comm=swapper/4 prev_pid=0 prev_prio=120 prev_state=R ==> next_comm=IndexedDB next_pid=1861 next_prio=120
       IndexedDB-1861  [004] d...    87.441297: sched_stat_runtime: comm=IndexedDB pid=1861 runtime=496027 [ns] vruntime=53880029428 [ns]
       IndexedDB-1861  [004] d...    87.441300: sched_switch: prev_comm=IndexedDB prev_pid=1861 prev_prio=120 prev_state=S ==> next_comm=swapper/4 next_pid=0 next_prio=120
          <idle>-0     [004] d...    87.441304: cpu_idle: state=3 cpu_id=4
          <idle>-0     [004] d...    87.441793: cpu_idle: state=4294967295 cpu_id=4
          <idle>-0     [004] d...    87.441816: cpu_idle: state=3 cpu_id=4
          <idle>-0     [004] dN..    87.442345: cpu_idle: state=4294967295 cpu_id=4
          <idle>-0     [004] d...    87.442349: sched_switch: prev_comm=swapper/4 prev_pid=0 prev_prio=120 prev_state=R ==> next_comm=ServiceWorker T next_pid=3076 next_prio=120
           <...>-3076  [004] d...    87.442429: sched_stat_runtime: comm=ServiceWorker T pid=3076 runtime=105784 [ns] vruntime=53873620655 [ns]
           <...>-3076  [004] d...    87.442431: sched_switch: prev_comm=ServiceWorker T prev_pid=3076 prev_prio=120 prev_state=S ==> next_comm=swapper/4 next_pid=0 next_prio=120
          <idle>-0     [004] d...    87.442434: cpu_idle: state=3 cpu_id=4
          <idle>-0     [004] d...    87.442801: cpu_idle: state=4294967295 cpu_id=4
          <idle>-0     [004] d...    87.442842: cpu_idle: state=4 cpu_id=4
          <idle>-0     [004] d...    87.443526: cpu_idle: state=4294967295 cpu_id=4
          <idle>-0     [004] d.s.    87.443543: sutil_marker: Schedutil: get_next_freq: 800000: 1024
          <idle>-0     [004] d.s.    87.443544: sutil_marker: Schedutil: update-single-util: 124: 160
          <idle>-0     [004] d.s.    87.443545: sutil_marker: Schedutil: update-single-boost: 124: 160
          <idle>-0     [004] d.s.    87.443546: sutil_marker: Schedutil: update-single-freq: 800000: 800000
          <idle>-0     [004] d...    87.443558: cpu_idle: state=4 cpu_id=4
          <idle>-0     [004] d...    87.443803: cpu_idle: state=4294967295 cpu_id=4
          <idle>-0     [004] d...    87.443830: cpu_idle: state=4 cpu_id=4
          <idle>-0     [004] dN..    87.444308: cpu_idle: state=4294967295 cpu_id=4
          <idle>-0     [004] d...    87.444316: sched_switch: prev_comm=swapper/4 prev_pid=0 prev_prio=120 prev_state=R ==> next_comm=IndexedDB next_pid=1861 next_prio=120
       IndexedDB-1861  [004] d...    87.444583: sched_waking: comm=Chrome_IOThread pid=1860 prio=120 target_cpu=002
       IndexedDB-1861  [004] d...    87.444590: sched_wake_idle_without_ipi: cpu=2
       IndexedDB-1861  [004] d...    87.444590: sched_wakeup: comm=Chrome_IOThread pid=1860 prio=120 target_cpu=002
       IndexedDB-1861  [004] d...    87.444742: sched_waking: comm=Chrome_IOThread pid=1860 prio=120 target_cpu=002
       IndexedDB-1861  [004] d...    87.444748: sched_wake_idle_without_ipi: cpu=2
       IndexedDB-1861  [004] d...    87.444749: sched_wakeup: comm=Chrome_IOThread pid=1860 prio=120 target_cpu=002
       IndexedDB-1861  [004] d...    87.444774: sched_stat_runtime: comm=IndexedDB pid=1861 runtime=496075 [ns] vruntime=53880525503 [ns]
       IndexedDB-1861  [004] d...    87.444777: sutil_marker: Schedutil: get_next_freq: 800000: 1024
       IndexedDB-1861  [004] d...    87.444778: sutil_marker: Schedutil: update-single-util: 160: 167
       IndexedDB-1861  [004] d...    87.444778: sutil_marker: Schedutil: update-single-boost: 160: 167
       IndexedDB-1861  [004] d...    87.444779: sutil_marker: Schedutil: update-single-freq: 800000: 800000
       IndexedDB-1861  [004] d...    87.444780: sched_switch: prev_comm=IndexedDB prev_pid=1861 prev_prio=120 prev_state=S ==> next_comm=swapper/4 next_pid=0 next_prio=120
          <idle>-0     [004] d...    87.444797: cpu_idle: state=4 cpu_id=4
          <idle>-0     [004] d...    87.445713: cpu_idle: state=4294967295 cpu_id=4
          <idle>-0     [004] d.h.    87.445720: sched_waking: comm=skype pid=1528 prio=120 target_cpu=004
          <idle>-0     [004] dNh.    87.445726: sched_wakeup: comm=skype pid=1528 prio=120 target_cpu=004
          <idle>-0     [004] d...    87.445732: sched_switch: prev_comm=swapper/4 prev_pid=0 prev_prio=120 prev_state=R ==> next_comm=skype next_pid=1528 next_prio=120
           skype-1528  [004] d.h.    87.446100: sched_waking: comm=Compositor pid=3069 prio=120 target_cpu=004
