          <idle>-0     [004] d...    87.262038: sched_switch: prev_comm=swapper/4 prev_pid=0 prev_prio=120 prev_state=R ==> next_comm=Chrome_IOThread next_pid=1860 next_prio=120
 Chrome_IOThread-1860  [004] d...    87.262064: sched_stat_runtime: comm=Chrome_IOThread pid=1860 runtime=29333 [ns] vruntime=53873776123 [ns]
 Chrome_IOThread-1860  [004] d...    87.262065: sched_switch: prev_comm=Chrome_IOThread prev_pid=1860 prev_prio=120 prev_state=S ==> next_comm=swapper/4 next_pid=0 next_prio=120
          <idle>-0     [004] d...    87.262067: cpu_idle: state=2 cpu_id=4
          <idle>-0     [004] dN..    87.262235: cpu_idle: state=4294967295 cpu_id=4
          <idle>-0     [004] d...    87.262237: sched_switch: prev_comm=swapper/4 prev_pid=0 prev_prio=120 prev_state=R ==> next_comm=Chrome_IOThread next_pid=1860 next_prio=120
 Chrome_IOThread-1860  [004] d...    87.262261: sched_stat_runtime: comm=Chrome_IOThread pid=1860 runtime=28681 [ns] vruntime=53873804804 [ns]
 Chrome_IOThread-1860  [004] d...    87.262262: sched_switch: prev_comm=Chrome_IOThread prev_pid=1860 prev_prio=120 prev_state=S ==> next_comm=swapper/4 next_pid=0 next_prio=120
          <idle>-0     [004] d...    87.262264: cpu_idle: state=2 cpu_id=4
          <idle>-0     [004] d...    87.262694: cpu_idle: state=4294967295 cpu_id=4
          <idle>-0     [004] d...    87.262699: cpu_idle: state=3 cpu_id=4
          <idle>-0     [004] d...    87.262778: cpu_idle: state=4294967295 cpu_id=4
          <idle>-0     [004] d...    87.262804: cpu_idle: state=4 cpu_id=4
          <idle>-0     [004] dN..    87.262812: cpu_idle: state=4294967295 cpu_id=4
          <idle>-0     [004] d...    87.262814: sched_switch: prev_comm=swapper/4 prev_pid=0 prev_prio=120 prev_state=R ==> next_comm=Chrome_IOThread next_pid=1860 next_prio=120
 Chrome_IOThread-1860  [004] d...    87.262833: sched_waking: comm=WorkerPool/1900 pid=1900 prio=120 target_cpu=006
 Chrome_IOThread-1860  [004] d...    87.262835: sched_wake_idle_without_ipi: cpu=6
 Chrome_IOThread-1860  [004] d...    87.262836: sched_wakeup: comm=WorkerPool/1900 pid=1900 prio=120 target_cpu=006
 Chrome_IOThread-1860  [004] d...    87.262845: sched_stat_runtime: comm=Chrome_IOThread pid=1860 runtime=37359 [ns] vruntime=53873842163 [ns]
 Chrome_IOThread-1860  [004] d...    87.262847: sched_switch: prev_comm=Chrome_IOThread prev_pid=1860 prev_prio=120 prev_state=S ==> next_comm=swapper/4 next_pid=0 next_prio=120
          <idle>-0     [004] d...    87.262849: cpu_idle: state=4 cpu_id=4
          <idle>-0     [004] dN..    87.262867: cpu_idle: state=4294967295 cpu_id=4
          <idle>-0     [004] d...    87.262869: sched_switch: prev_comm=swapper/4 prev_pid=0 prev_prio=120 prev_state=R ==> next_comm=Chrome_IOThread next_pid=1860 next_prio=120
 Chrome_IOThread-1860  [004] d...    87.262891: sched_waking: comm=Chrome_ChildIOT pid=3068 prio=120 target_cpu=003
 Chrome_IOThread-1860  [004] d...    87.262894: sched_wake_idle_without_ipi: cpu=3
 Chrome_IOThread-1860  [004] d...    87.262895: sched_wakeup: comm=Chrome_ChildIOT pid=3068 prio=120 target_cpu=003
 Chrome_IOThread-1860  [004] d...    87.262993: sched_waking: comm=chrome pid=1524 prio=120 target_cpu=000
 Chrome_IOThread-1860  [004] d...    87.262996: sched_wake_idle_without_ipi: cpu=0
 Chrome_IOThread-1860  [004] d...    87.262997: sched_wakeup: comm=chrome pid=1524 prio=120 target_cpu=000
 Chrome_IOThread-1860  [004] d...    87.263086: sched_stat_runtime: comm=Chrome_IOThread pid=1860 runtime=222244 [ns] vruntime=53874064407 [ns]
 Chrome_IOThread-1860  [004] d...    87.263088: sched_switch: prev_comm=Chrome_IOThread prev_pid=1860 prev_prio=120 prev_state=S ==> next_comm=swapper/4 next_pid=0 next_prio=120
          <idle>-0     [004] d...    87.263091: cpu_idle: state=3 cpu_id=4
          <idle>-0     [004] d...    87.263503: cpu_idle: state=4294967295 cpu_id=4
          <idle>-0     [004] d.s.    87.263514: sutil_marker: Schedutil: get_next_freq: 800000: 1024
          <idle>-0     [004] d.s.    87.263515: sutil_marker: Schedutil: update-single-util: 350: 341
          <idle>-0     [004] d.s.    87.263516: sutil_marker: Schedutil: update-single-boost: 350: 341
          <idle>-0     [004] d.s.    87.263517: sutil_marker: Schedutil: update-single-freq: 800000: 800000
          <idle>-0     [004] d...    87.263524: cpu_idle: state=4 cpu_id=4
          <idle>-0     [004] d...    87.263779: cpu_idle: state=4294967295 cpu_id=4
          <idle>-0     [004] d...    87.263797: cpu_idle: state=4 cpu_id=4
          <idle>-0     [004] dN..    87.263813: cpu_idle: state=4294967295 cpu_id=4
          <idle>-0     [004] d...    87.263817: sched_switch: prev_comm=swapper/4 prev_pid=0 prev_prio=120 prev_state=R ==> next_comm=Chrome_IOThread next_pid=1860 next_prio=120
 Chrome_IOThread-1860  [004] d...    87.263843: sched_waking: comm=WorkerPool/3083 pid=3083 prio=120 target_cpu=002
 Chrome_IOThread-1860  [004] d...    87.263847: sched_wake_idle_without_ipi: cpu=2
 Chrome_IOThread-1860  [004] d...    87.263848: sched_wakeup: comm=WorkerPool/3083 pid=3083 prio=120 target_cpu=002
 Chrome_IOThread-1860  [004] d...    87.263862: sched_stat_runtime: comm=Chrome_IOThread pid=1860 runtime=52254 [ns] vruntime=53874116661 [ns]
 Chrome_IOThread-1860  [004] d...    87.263866: sched_switch: prev_comm=Chrome_IOThread prev_pid=1860 prev_prio=120 prev_state=S ==> next_comm=swapper/4 next_pid=0 next_prio=120
          <idle>-0     [004] d...    87.263870: cpu_idle: state=4 cpu_id=4
          <idle>-0     [004] dN..    87.263987: cpu_idle: state=4294967295 cpu_id=4
          <idle>-0     [004] d...    87.263993: sched_switch: prev_comm=swapper/4 prev_pid=0 prev_prio=120 prev_state=R ==> next_comm=Chrome_IOThread next_pid=1860 next_prio=120
 Chrome_IOThread-1860  [004] d...    87.264060: sched_waking: comm=Chrome_ChildIOT pid=3068 prio=120 target_cpu=003
 Chrome_IOThread-1860  [004] d...    87.264064: sched_wake_idle_without_ipi: cpu=3
 Chrome_IOThread-1860  [004] d...    87.264065: sched_wakeup: comm=Chrome_ChildIOT pid=3068 prio=120 target_cpu=003
 Chrome_IOThread-1860  [004] d...    87.264139: sched_waking: comm=chrome pid=1524 prio=120 target_cpu=000
 Chrome_IOThread-1860  [004] d...    87.264142: sched_wake_idle_without_ipi: cpu=0
 Chrome_IOThread-1860  [004] d...    87.264143: sched_wakeup: comm=chrome pid=1524 prio=120 target_cpu=000
 Chrome_IOThread-1860  [004] d...    87.264257: sched_stat_runtime: comm=Chrome_IOThread pid=1860 runtime=324794 [ns] vruntime=53874441455 [ns]
 Chrome_IOThread-1860  [004] d...    87.264262: sched_switch: prev_comm=Chrome_IOThread prev_pid=1860 prev_prio=120 prev_state=S ==> next_comm=swapper/4 next_pid=0 next_prio=120
          <idle>-0     [004] d...    87.264268: cpu_idle: state=4 cpu_id=4
          <idle>-0     [004] dN..    87.264494: cpu_idle: state=4294967295 cpu_id=4
          <idle>-0     [004] d...    87.264500: sched_switch: prev_comm=swapper/4 prev_pid=0 prev_prio=120 prev_state=R ==> next_comm=Chrome_IOThread next_pid=1860 next_prio=120
 Chrome_IOThread-1860  [004] d...    87.264576: sched_stat_runtime: comm=Chrome_IOThread pid=1860 runtime=108208 [ns] vruntime=53874549663 [ns]
 Chrome_IOThread-1860  [004] d...    87.264579: sched_switch: prev_comm=Chrome_IOThread prev_pid=1860 prev_prio=120 prev_state=S ==> next_comm=swapper/4 next_pid=0 next_prio=120
          <idle>-0     [004] d...    87.264584: cpu_idle: state=4 cpu_id=4
          <idle>-0     [004] dN..    87.264776: cpu_idle: state=4294967295 cpu_id=4
          <idle>-0     [004] d...    87.264800: sched_switch: prev_comm=swapper/4 prev_pid=0 prev_prio=120 prev_state=R ==> next_comm=Chrome_IOThread next_pid=1860 next_prio=120
 Chrome_IOThread-1860  [004] d...    87.264957: sched_stat_runtime: comm=Chrome_IOThread pid=1860 runtime=206556 [ns] vruntime=53874756219 [ns]
 Chrome_IOThread-1860  [004] d...    87.264961: sched_switch: prev_comm=Chrome_IOThread prev_pid=1860 prev_prio=120 prev_state=S ==> next_comm=swapper/4 next_pid=0 next_prio=120
          <idle>-0     [004] d...    87.264965: cpu_idle: state=3 cpu_id=4
          <idle>-0     [004] dN..    87.265083: cpu_idle: state=4294967295 cpu_id=4
          <idle>-0     [004] d...    87.265087: sched_switch: prev_comm=swapper/4 prev_pid=0 prev_prio=120 prev_state=R ==> next_comm=Chrome_IOThread next_pid=1860 next_prio=120
 Chrome_IOThread-1860  [004] d...    87.266968: sched_waking: comm=WorkerPool/3082 pid=3082 prio=120 target_cpu=000
 Chrome_IOThread-1860  [004] d...    87.266970: sched_wake_idle_without_ipi: cpu=0
 Chrome_IOThread-1860  [004] d...    87.266970: sched_wakeup: comm=WorkerPool/3082 pid=3082 prio=120 target_cpu=000
 Chrome_IOThread-1860  [004] d.h.    87.267481: sched_stat_runtime: comm=Chrome_IOThread pid=1860 runtime=2424162 [ns] vruntime=53877180381 [ns]
 Chrome_IOThread-1860  [004] d.h.    87.267482: sutil_marker: Schedutil: get_next_freq: 800000: 1024
 Chrome_IOThread-1860  [004] d.h.    87.267483: sutil_marker: Schedutil: update-single-util: 341: 378
 Chrome_IOThread-1860  [004] d.h.    87.267483: sutil_marker: Schedutil: update-single-boost: 341: 378
 Chrome_IOThread-1860  [004] d.h.    87.267483: sutil_marker: Schedutil: update-single-freq: 800000: 800000
 Chrome_IOThread-1860  [004] d...    87.267558: sched_waking: comm=WorkerPool/1900 pid=1900 prio=120 target_cpu=006
 Chrome_IOThread-1860  [004] d...    87.267560: sched_wake_idle_without_ipi: cpu=6
 Chrome_IOThread-1860  [004] d...    87.267560: sched_wakeup: comm=WorkerPool/1900 pid=1900 prio=120 target_cpu=006
 Chrome_IOThread-1860  [004] d...    87.268461: sched_waking: comm=WorkerPool/3083 pid=3083 prio=120 target_cpu=002
 Chrome_IOThread-1860  [004] d...    87.268463: sched_wake_idle_without_ipi: cpu=2
 Chrome_IOThread-1860  [004] d...    87.268463: sched_wakeup: comm=WorkerPool/3083 pid=3083 prio=120 target_cpu=002
 Chrome_IOThread-1860  [004] d...    87.268486: sched_waking: comm=chrome pid=1524 prio=120 target_cpu=000
 Chrome_IOThread-1860  [004] d...    87.268487: sched_wake_idle_without_ipi: cpu=0
 Chrome_IOThread-1860  [004] d...    87.268487: sched_wakeup: comm=chrome pid=1524 prio=120 target_cpu=000
 Chrome_IOThread-1860  [004] d...    87.269448: sched_waking: comm=Chrome_ChildIOT pid=3068 prio=120 target_cpu=003
 Chrome_IOThread-1860  [004] d...    87.269450: sched_wake_idle_without_ipi: cpu=3
 Chrome_IOThread-1860  [004] d...    87.269450: sched_wakeup: comm=Chrome_ChildIOT pid=3068 prio=120 target_cpu=003
 Chrome_IOThread-1860  [004] d...    87.269831: sched_waking: comm=Chrome_DBThread pid=1854 prio=120 target_cpu=006
 Chrome_IOThread-1860  [004] d...    87.269832: sched_wake_idle_without_ipi: cpu=6
 Chrome_IOThread-1860  [004] d...    87.269833: sched_wakeup: comm=Chrome_DBThread pid=1854 prio=120 target_cpu=006
 Chrome_IOThread-1860  [004] d...    87.270335: sched_waking: comm=Chrome_CacheThr pid=1859 prio=120 target_cpu=004
 Chrome_IOThread-1860  [004] d...    87.270336: sched_migrate_task: comm=Chrome_CacheThr pid=1859 prio=120 orig_cpu=4 dest_cpu=5
 Chrome_IOThread-1860  [004] d...    87.270336: sutil_marker: Schedutil: attach_entity_load_avg: 0: 0
 Chrome_IOThread-1860  [004] d...    87.270337: sched_wake_idle_without_ipi: cpu=5
 Chrome_IOThread-1860  [004] d...    87.270337: sched_wakeup: comm=Chrome_CacheThr pid=1859 prio=120 target_cpu=005
 Chrome_IOThread-1860  [004] d...    87.270414: sched_waking: comm=SimpleCacheWork pid=2370 prio=120 target_cpu=000
 Chrome_IOThread-1860  [004] d...    87.270415: sched_wake_idle_without_ipi: cpu=0
 Chrome_IOThread-1860  [004] d...    87.270415: sched_wakeup: comm=SimpleCacheWork pid=2370 prio=120 target_cpu=000
 Chrome_IOThread-1860  [004] d...    87.270421: sched_stat_runtime: comm=Chrome_IOThread pid=1860 runtime=2940000 [ns] vruntime=53880120381 [ns]
 Chrome_IOThread-1860  [004] d...    87.270422: sutil_marker: Schedutil: get_next_freq: 800000: 1024
 Chrome_IOThread-1860  [004] d...    87.270422: sutil_marker: Schedutil: update-single-util: 378: 426
 Chrome_IOThread-1860  [004] d...    87.270423: sutil_marker: Schedutil: update-single-boost: 378: 426
 Chrome_IOThread-1860  [004] d...    87.270423: sutil_marker: Schedutil: update-single-freq: 800000: 800000
 Chrome_IOThread-1860  [004] d...    87.270423: sched_switch: prev_comm=Chrome_IOThread prev_pid=1860 prev_prio=120 prev_state=S ==> next_comm=swapper/4 next_pid=0 next_prio=120
          <idle>-0     [004] d...    87.270425: cpu_idle: state=2 cpu_id=4
          <idle>-0     [004] d...    87.270464: cpu_idle: state=4294967295 cpu_id=4
          <idle>-0     [004] d...    87.270466: cpu_idle: state=2 cpu_id=4
          <idle>-0     [004] dN..    87.270476: cpu_idle: state=4294967295 cpu_id=4
          <idle>-0     [004] d...    87.270477: sched_switch: prev_comm=swapper/4 prev_pid=0 prev_prio=120 prev_state=R ==> next_comm=Chrome_IOThread next_pid=1860 next_prio=120
 Chrome_IOThread-1860  [004] d...    87.270508: sched_waking: comm=Chrome_ChildIOT pid=3068 prio=120 target_cpu=003
 Chrome_IOThread-1860  [004] d...    87.270509: sched_wake_idle_without_ipi: cpu=3
 Chrome_IOThread-1860  [004] d...    87.270509: sched_wakeup: comm=Chrome_ChildIOT pid=3068 prio=120 target_cpu=003
 Chrome_IOThread-1860  [004] d...    87.270541: sched_waking: comm=Chrome_CacheThr pid=1859 prio=120 target_cpu=005
 Chrome_IOThread-1860  [004] d...    87.270541: sched_wake_idle_without_ipi: cpu=5
 Chrome_IOThread-1860  [004] d...    87.270541: sched_wakeup: comm=Chrome_CacheThr pid=1859 prio=120 target_cpu=005
 Chrome_IOThread-1860  [004] d...    87.270549: sched_stat_runtime: comm=Chrome_IOThread pid=1860 runtime=73146 [ns] vruntime=53880193527 [ns]
 Chrome_IOThread-1860  [004] d...    87.270549: sched_switch: prev_comm=Chrome_IOThread prev_pid=1860 prev_prio=120 prev_state=S ==> next_comm=swapper/4 next_pid=0 next_prio=120
          <idle>-0     [004] d...    87.270550: cpu_idle: state=4 cpu_id=4
          <idle>-0     [004] d...    87.270805: cpu_idle: state=4294967295 cpu_id=4
          <idle>-0     [004] d...    87.270851: sched_switch: prev_comm=swapper/4 prev_pid=0 prev_prio=120 prev_state=R ==> next_comm=Chrome_IOThread next_pid=1860 next_prio=120
 Chrome_IOThread-1860  [004] d...    87.270908: sched_waking: comm=chrome pid=1524 prio=120 target_cpu=000
 Chrome_IOThread-1860  [004] d...    87.270910: sched_wake_idle_without_ipi: cpu=0
 Chrome_IOThread-1860  [004] d...    87.270910: sched_wakeup: comm=chrome pid=1524 prio=120 target_cpu=000
 Chrome_IOThread-1860  [004] d...    87.270984: sched_waking: comm=chrome pid=1524 prio=120 target_cpu=000
 Chrome_IOThread-1860  [004] d...    87.270985: sched_wake_idle_without_ipi: cpu=0
 Chrome_IOThread-1860  [004] d...    87.270985: sched_wakeup: comm=chrome pid=1524 prio=120 target_cpu=000
 Chrome_IOThread-1860  [004] d...    87.271046: sched_waking: comm=chrome pid=1524 prio=120 target_cpu=000
 Chrome_IOThread-1860  [004] d...    87.271047: sched_wake_idle_without_ipi: cpu=0
 Chrome_IOThread-1860  [004] d...    87.271047: sched_wakeup: comm=chrome pid=1524 prio=120 target_cpu=000
 Chrome_IOThread-1860  [004] d...    87.271100: sched_waking: comm=SimpleCacheWork pid=2466 prio=120 target_cpu=002
 Chrome_IOThread-1860  [004] d...    87.271101: sched_wake_idle_without_ipi: cpu=2
 Chrome_IOThread-1860  [004] d...    87.271101: sched_wakeup: comm=SimpleCacheWork pid=2466 prio=120 target_cpu=002
 Chrome_IOThread-1860  [004] d...    87.271219: sched_stat_runtime: comm=Chrome_IOThread pid=1860 runtime=408731 [ns] vruntime=53880602258 [ns]
 Chrome_IOThread-1860  [004] d...    87.271220: sched_switch: prev_comm=Chrome_IOThread prev_pid=1860 prev_prio=120 prev_state=S ==> next_comm=swapper/4 next_pid=0 next_prio=120
          <idle>-0     [004] d...    87.271221: cpu_idle: state=3 cpu_id=4
          <idle>-0     [004] d...    87.271480: cpu_idle: state=4294967295 cpu_id=4
          <idle>-0     [004] d...    87.271502: cpu_idle: state=3 cpu_id=4
          <idle>-0     [004] d...    87.271878: cpu_idle: state=4294967295 cpu_id=4
          <idle>-0     [004] d...    87.271895: cpu_idle: state=3 cpu_id=4
          <idle>-0     [004] d...    87.272878: cpu_idle: state=4294967295 cpu_id=4
          <idle>-0     [004] d...    87.272921: cpu_idle: state=3 cpu_id=4
          <idle>-0     [004] d...    87.273880: cpu_idle: state=4294967295 cpu_id=4
          <idle>-0     [004] d...    87.273912: cpu_idle: state=3 cpu_id=4
          <idle>-0     [004] d...    87.274879: cpu_idle: state=4294967295 cpu_id=4
          <idle>-0     [004] d...    87.274928: cpu_idle: state=4 cpu_id=4
          <idle>-0     [004] d...    87.275510: cpu_idle: state=4294967295 cpu_id=4
          <idle>-0     [004] d.s.    87.275513: sutil_marker: Schedutil: get_next_freq: 800000: 1024
          <idle>-0     [004] d.s.    87.275514: sutil_marker: Schedutil: update-single-util: 426: 389
          <idle>-0     [004] d.s.    87.275514: sutil_marker: Schedutil: update-single-boost: 426: 389
          <idle>-0     [004] d.s.    87.275514: sutil_marker: Schedutil: update-single-freq: 800000: 800000
          <idle>-0     [004] d...    87.275517: cpu_idle: state=4 cpu_id=4
          <idle>-0     [004] d...    87.275852: cpu_idle: state=4294967295 cpu_id=4
          <idle>-0     [004] d...    87.275886: cpu_idle: state=4 cpu_id=4
          <idle>-0     [004] d...    87.276883: cpu_idle: state=4294967295 cpu_id=4
          <idle>-0     [004] d...    87.276928: cpu_idle: state=3 cpu_id=4
          <idle>-0     [004] dN..    87.277226: cpu_idle: state=4294967295 cpu_id=4
          <idle>-0     [004] d...    87.277227: sched_switch: prev_comm=swapper/4 prev_pid=0 prev_prio=120 prev_state=R ==> next_comm=Chrome_IOThread next_pid=1860 next_prio=120
 Chrome_IOThread-1860  [004] d...    87.277334: sched_stat_runtime: comm=Chrome_IOThread pid=1860 runtime=135168 [ns] vruntime=53880737426 [ns]
 Chrome_IOThread-1860  [004] d...    87.277336: sched_switch: prev_comm=Chrome_IOThread prev_pid=1860 prev_prio=120 prev_state=S ==> next_comm=swapper/4 next_pid=0 next_prio=120
          <idle>-0     [004] d...    87.277337: cpu_idle: state=4 cpu_id=4
          <idle>-0     [004] dN..    87.277614: cpu_idle: state=4294967295 cpu_id=4
          <idle>-0     [004] d...    87.277615: sched_switch: prev_comm=swapper/4 prev_pid=0 prev_prio=120 prev_state=R ==> next_comm=Chrome_IOThread next_pid=1860 next_prio=120
 Chrome_IOThread-1860  [004] d...    87.277680: sched_stat_runtime: comm=Chrome_IOThread pid=1860 runtime=96323 [ns] vruntime=53880833749 [ns]
 Chrome_IOThread-1860  [004] d...    87.277681: sched_switch: prev_comm=Chrome_IOThread prev_pid=1860 prev_prio=120 prev_state=S ==> next_comm=swapper/4 next_pid=0 next_prio=120
          <idle>-0     [004] d...    87.277682: cpu_idle: state=4 cpu_id=4
          <idle>-0     [004] d...    87.277870: cpu_idle: state=4294967295 cpu_id=4
          <idle>-0     [004] d...    87.277946: cpu_idle: state=4 cpu_id=4
          <idle>-0     [004] dN..    87.278017: cpu_idle: state=4294967295 cpu_id=4
          <idle>-0     [004] d...    87.278021: sched_switch: prev_comm=swapper/4 prev_pid=0 prev_prio=120 prev_state=R ==> next_comm=Chrome_IOThread next_pid=1860 next_prio=120
 Chrome_IOThread-1860  [004] d...    87.278081: sched_stat_runtime: comm=Chrome_IOThread pid=1860 runtime=131220 [ns] vruntime=53880964969 [ns]
 Chrome_IOThread-1860  [004] d...    87.278081: sutil_marker: Schedutil: get_next_freq: 800000: 1024
 Chrome_IOThread-1860  [004] d...    87.278082: sutil_marker: Schedutil: update-single-util: 389: 377
 Chrome_IOThread-1860  [004] d...    87.278082: sutil_marker: Schedutil: update-single-boost: 389: 377
 Chrome_IOThread-1860  [004] d...    87.278082: sutil_marker: Schedutil: update-single-freq: 800000: 800000
 Chrome_IOThread-1860  [004] d...    87.278082: sched_switch: prev_comm=Chrome_IOThread prev_pid=1860 prev_prio=120 prev_state=S ==> next_comm=swapper/4 next_pid=0 next_prio=120
          <idle>-0     [004] d...    87.278084: cpu_idle: state=4 cpu_id=4
          <idle>-0     [004] dN..    87.278404: cpu_idle: state=4294967295 cpu_id=4
          <idle>-0     [004] d...    87.278405: sched_switch: prev_comm=swapper/4 prev_pid=0 prev_prio=120 prev_state=R ==> next_comm=Chrome_IOThread next_pid=1860 next_prio=120
 Chrome_IOThread-1860  [004] d...    87.278472: sched_stat_runtime: comm=Chrome_IOThread pid=1860 runtime=102198 [ns] vruntime=53881067167 [ns]
 Chrome_IOThread-1860  [004] d...    87.278473: sched_switch: prev_comm=Chrome_IOThread prev_pid=1860 prev_prio=120 prev_state=S ==> next_comm=swapper/4 next_pid=0 next_prio=120
          <idle>-0     [004] d...    87.278474: cpu_idle: state=3 cpu_id=4
          <idle>-0     [004] d...    87.278821: cpu_idle: state=4294967295 cpu_id=4
          <idle>-0     [004] d...    87.278888: cpu_idle: state=4 cpu_id=4
          <idle>-0     [004] dN..    87.279527: cpu_idle: state=4294967295 cpu_id=4
          <idle>-0     [004] d...    87.279548: sched_switch: prev_comm=swapper/4 prev_pid=0 prev_prio=120 prev_state=R ==> next_comm=Chrome_IOThread next_pid=1860 next_prio=120
 Chrome_IOThread-1860  [004] d...    87.279602: sched_stat_runtime: comm=Chrome_IOThread pid=1860 runtime=64871 [ns] vruntime=53881132038 [ns]
 Chrome_IOThread-1860  [004] d...    87.279605: sched_switch: prev_comm=Chrome_IOThread prev_pid=1860 prev_prio=120 prev_state=S ==> next_comm=swapper/4 next_pid=0 next_prio=120
          <idle>-0     [004] d...    87.279609: cpu_idle: state=4 cpu_id=4
          <idle>-0     [004] d...    87.279802: cpu_idle: state=4294967295 cpu_id=4
          <idle>-0     [004] d...    87.279845: cpu_idle: state=4 cpu_id=4
          <idle>-0     [004] dN..    87.279961: cpu_idle: state=4294967295 cpu_id=4
          <idle>-0     [004] d...    87.279965: sched_switch: prev_comm=swapper/4 prev_pid=0 prev_prio=120 prev_state=R ==> next_comm=Chrome_IOThread next_pid=1860 next_prio=120
 Chrome_IOThread-1860  [004] d...    87.279995: sched_stat_runtime: comm=Chrome_IOThread pid=1860 runtime=60156 [ns] vruntime=53881192194 [ns]
 Chrome_IOThread-1860  [004] d...    87.279996: sched_switch: prev_comm=Chrome_IOThread prev_pid=1860 prev_prio=120 prev_state=S ==> next_comm=swapper/4 next_pid=0 next_prio=120
          <idle>-0     [004] d...    87.279998: cpu_idle: state=4 cpu_id=4
          <idle>-0     [004] d...    87.280055: cpu_idle: state=4294967295 cpu_id=4
          <idle>-0     [004] d...    87.280056: cpu_idle: state=4 cpu_id=4
          <idle>-0     [004] dN..    87.280327: cpu_idle: state=4294967295 cpu_id=4
          <idle>-0     [004] d...    87.280330: sched_switch: prev_comm=swapper/4 prev_pid=0 prev_prio=120 prev_state=R ==> next_comm=Chrome_IOThread next_pid=1860 next_prio=120
 Chrome_IOThread-1860  [004] d...    87.280361: sched_waking: comm=Chrome_ChildIOT pid=3068 prio=120 target_cpu=003
 Chrome_IOThread-1860  [004] d...    87.280365: sched_wake_idle_without_ipi: cpu=3
 Chrome_IOThread-1860  [004] d...    87.280366: sched_wakeup: comm=Chrome_ChildIOT pid=3068 prio=120 target_cpu=003
 Chrome_IOThread-1860  [004] d...    87.280384: sched_stat_runtime: comm=Chrome_IOThread pid=1860 runtime=61402 [ns] vruntime=53881253596 [ns]
 Chrome_IOThread-1860  [004] d...    87.280387: sched_switch: prev_comm=Chrome_IOThread prev_pid=1860 prev_prio=120 prev_state=S ==> next_comm=swapper/4 next_pid=0 next_prio=120
          <idle>-0     [004] d...    87.280390: cpu_idle: state=4 cpu_id=4
          <idle>-0     [004] d...    87.280807: cpu_idle: state=4294967295 cpu_id=4
          <idle>-0     [004] d...    87.280843: cpu_idle: state=4 cpu_id=4
          <idle>-0     [004] dN..    87.281323: cpu_idle: state=4294967295 cpu_id=4
          <idle>-0     [004] d...    87.281330: sched_switch: prev_comm=swapper/4 prev_pid=0 prev_prio=120 prev_state=R ==> next_comm=Chrome_IOThread next_pid=1860 next_prio=120
 Chrome_IOThread-1860  [004] d...    87.281391: sched_stat_runtime: comm=Chrome_IOThread pid=1860 runtime=101152 [ns] vruntime=53881354748 [ns]
 Chrome_IOThread-1860  [004] d...    87.281394: sched_switch: prev_comm=Chrome_IOThread prev_pid=1860 prev_prio=120 prev_state=S ==> next_comm=swapper/4 next_pid=0 next_prio=120
          <idle>-0     [004] d...    87.281399: cpu_idle: state=4 cpu_id=4
          <idle>-0     [004] d...    87.281809: cpu_idle: state=4294967295 cpu_id=4
          <idle>-0     [004] d...    87.281832: cpu_idle: state=4 cpu_id=4
          <idle>-0     [004] dN..    87.282028: cpu_idle: state=4294967295 cpu_id=4
          <idle>-0     [004] d...    87.282034: sched_switch: prev_comm=swapper/4 prev_pid=0 prev_prio=120 prev_state=R ==> next_comm=Chrome_IOThread next_pid=1860 next_prio=120
 Chrome_IOThread-1860  [004] d...    87.282174: sched_waking: comm=chrome pid=1524 prio=120 target_cpu=000
 Chrome_IOThread-1860  [004] d...    87.282180: sched_wake_idle_without_ipi: cpu=0
 Chrome_IOThread-1860  [004] d...    87.282181: sched_wakeup: comm=chrome pid=1524 prio=120 target_cpu=000
 Chrome_IOThread-1860  [004] d...    87.282304: sched_waking: comm=chrome pid=1524 prio=120 target_cpu=000
 Chrome_IOThread-1860  [004] d...    87.282308: sched_wake_idle_without_ipi: cpu=0
 Chrome_IOThread-1860  [004] d...    87.282308: sched_wakeup: comm=chrome pid=1524 prio=120 target_cpu=000
 Chrome_IOThread-1860  [004] d...    87.282417: sched_waking: comm=chrome pid=1524 prio=120 target_cpu=000
 Chrome_IOThread-1860  [004] d...    87.282420: sched_wake_idle_without_ipi: cpu=0
 Chrome_IOThread-1860  [004] d...    87.282420: sched_wakeup: comm=chrome pid=1524 prio=120 target_cpu=000
 Chrome_IOThread-1860  [004] d...    87.282435: sched_stat_runtime: comm=Chrome_IOThread pid=1860 runtime=431925 [ns] vruntime=53881786673 [ns]
 Chrome_IOThread-1860  [004] d...    87.282438: sutil_marker: Schedutil: get_next_freq: 800000: 1024
 Chrome_IOThread-1860  [004] d...    87.282439: sutil_marker: Schedutil: update-single-util: 377: 361
 Chrome_IOThread-1860  [004] d...    87.282440: sutil_marker: Schedutil: update-single-boost: 377: 361
 Chrome_IOThread-1860  [004] d...    87.282440: sutil_marker: Schedutil: update-single-freq: 800000: 800000
 Chrome_IOThread-1860  [004] d...    87.282442: sched_switch: prev_comm=Chrome_IOThread prev_pid=1860 prev_prio=120 prev_state=S ==> next_comm=swapper/4 next_pid=0 next_prio=120
          <idle>-0     [004] d...    87.282446: cpu_idle: state=3 cpu_id=4
          <idle>-0     [004] dN..    87.282462: cpu_idle: state=4294967295 cpu_id=4
          <idle>-0     [004] d...    87.282465: sched_switch: prev_comm=swapper/4 prev_pid=0 prev_prio=120 prev_state=R ==> next_comm=Chrome_IOThread next_pid=1860 next_prio=120
 Chrome_IOThread-1860  [004] d...    87.282577: sched_waking: comm=chrome pid=1524 prio=120 target_cpu=000
 Chrome_IOThread-1860  [004] d...    87.282580: sched_wake_idle_without_ipi: cpu=0
 Chrome_IOThread-1860  [004] d...    87.282581: sched_wakeup: comm=chrome pid=1524 prio=120 target_cpu=000
 Chrome_IOThread-1860  [004] d...    87.282635: sched_waking: comm=Chrome_ChildIOT pid=3068 prio=120 target_cpu=003
 Chrome_IOThread-1860  [004] d...    87.282639: sched_wake_idle_without_ipi: cpu=3
 Chrome_IOThread-1860  [004] d...    87.282640: sched_wakeup: comm=Chrome_ChildIOT pid=3068 prio=120 target_cpu=003
 Chrome_IOThread-1860  [004] d...    87.282737: sched_waking: comm=WorkerPool/3082 pid=3082 prio=120 target_cpu=000
 Chrome_IOThread-1860  [004] d...    87.282740: sched_wake_idle_without_ipi: cpu=0
 Chrome_IOThread-1860  [004] d...    87.282741: sched_wakeup: comm=WorkerPool/3082 pid=3082 prio=120 target_cpu=000
 Chrome_IOThread-1860  [004] d...    87.282753: sched_stat_runtime: comm=Chrome_IOThread pid=1860 runtime=293943 [ns] vruntime=53882080616 [ns]
 Chrome_IOThread-1860  [004] d...    87.282755: sched_switch: prev_comm=Chrome_IOThread prev_pid=1860 prev_prio=120 prev_state=S ==> next_comm=swapper/4 next_pid=0 next_prio=120
          <idle>-0     [004] d...    87.282759: cpu_idle: state=4 cpu_id=4
          <idle>-0     [004] d...    87.282778: cpu_idle: state=4294967295 cpu_id=4
          <idle>-0     [004] d...    87.282795: sched_switch: prev_comm=swapper/4 prev_pid=0 prev_prio=120 prev_state=R ==> next_comm=Chrome_IOThread next_pid=1860 next_prio=120
 Chrome_IOThread-1860  [004] d...    87.282850: sched_waking: comm=Chrome_ChildIOT pid=3068 prio=120 target_cpu=003
 Chrome_IOThread-1860  [004] d...    87.282852: sched_wake_idle_without_ipi: cpu=3
 Chrome_IOThread-1860  [004] d...    87.282853: sched_wakeup: comm=Chrome_ChildIOT pid=3068 prio=120 target_cpu=003
 Chrome_IOThread-1860  [004] d...    87.282908: sched_waking: comm=chrome pid=1524 prio=120 target_cpu=000
 Chrome_IOThread-1860  [004] d...    87.282910: sched_wake_idle_without_ipi: cpu=0
 Chrome_IOThread-1860  [004] d...    87.282911: sched_wakeup: comm=chrome pid=1524 prio=120 target_cpu=000
 Chrome_IOThread-1860  [004] d...    87.283019: sched_stat_runtime: comm=Chrome_IOThread pid=1860 runtime=230460 [ns] vruntime=53882311076 [ns]
 Chrome_IOThread-1860  [004] d...    87.283022: sched_switch: prev_comm=Chrome_IOThread prev_pid=1860 prev_prio=120 prev_state=S ==> next_comm=swapper/4 next_pid=0 next_prio=120
          <idle>-0     [004] d...    87.283027: cpu_idle: state=4 cpu_id=4
          <idle>-0     [004] d...    87.283482: cpu_idle: state=4294967295 cpu_id=4
          <idle>-0     [004] d.s.    87.283492: sutil_marker: Schedutil: get_next_freq: 800000: 1024
          <idle>-0     [004] d.s.    87.283494: sutil_marker: Schedutil: update-single-util: 361: 364
          <idle>-0     [004] d.s.    87.283494: sutil_marker: Schedutil: update-single-boost: 361: 364
          <idle>-0     [004] d.s.    87.283495: sutil_marker: Schedutil: update-single-freq: 800000: 800000
          <idle>-0     [004] d.s.    87.283501: sched_waking: comm=rcu_sched pid=8 prio=120 target_cpu=007
          <idle>-0     [004] d.s.    87.283504: sched_migrate_task: comm=rcu_sched pid=8 prio=120 orig_cpu=7 dest_cpu=0
          <idle>-0     [004] d.s.    87.283506: sutil_marker: Schedutil: attach_entity_load_avg: 0: 0
          <idle>-0     [004] d.s.    87.283507: sched_wake_idle_without_ipi: cpu=0
          <idle>-0     [004] d.s.    87.283508: sched_wakeup: comm=rcu_sched pid=8 prio=120 target_cpu=000
          <idle>-0     [004] d...    87.283512: cpu_idle: state=4 cpu_id=4
          <idle>-0     [004] d...    87.283778: cpu_idle: state=4294967295 cpu_id=4
          <idle>-0     [004] d...    87.283790: cpu_idle: state=4 cpu_id=4
          <idle>-0     [004] d...    87.284778: cpu_idle: state=4294967295 cpu_id=4
          <idle>-0     [004] d...    87.284783: cpu_idle: state=4 cpu_id=4
          <idle>-0     [004] d...    87.285778: cpu_idle: state=4294967295 cpu_id=4
          <idle>-0     [004] d...    87.285784: cpu_idle: state=4 cpu_id=4
          <idle>-0     [004] d...    87.286778: cpu_idle: state=4294967295 cpu_id=4
          <idle>-0     [004] d...    87.286795: cpu_idle: state=4 cpu_id=4
          <idle>-0     [004] d...    87.287483: cpu_idle: state=4294967295 cpu_id=4
          <idle>-0     [004] d...    87.287491: cpu_idle: state=4 cpu_id=4
          <idle>-0     [004] d...    87.287778: cpu_idle: state=4294967295 cpu_id=4
          <idle>-0     [004] d...    87.287784: cpu_idle: state=4 cpu_id=4
          <idle>-0     [004] d...    87.288778: cpu_idle: state=4294967295 cpu_id=4
          <idle>-0     [004] d...    87.288784: cpu_idle: state=4 cpu_id=4
          <idle>-0     [004] dN..    87.289619: cpu_idle: state=4294967295 cpu_id=4
          <idle>-0     [004] d...    87.289625: sched_switch: prev_comm=swapper/4 prev_pid=0 prev_prio=120 prev_state=R ==> next_comm=vlc next_pid=2959 next_prio=120
             vlc-2959  [004] d...    87.289646: sched_stat_runtime: comm=vlc pid=2959 runtime=58613 [ns] vruntime=53870912627 [ns]
             vlc-2959  [004] d...    87.289649: sched_switch: prev_comm=vlc prev_pid=2959 prev_prio=120 prev_state=S ==> next_comm=swapper/4 next_pid=0 next_prio=120
          <idle>-0     [004] d...    87.289653: cpu_idle: state=1 cpu_id=4
          <idle>-0     [004] d...    87.289656: cpu_idle: state=4294967295 cpu_id=4
          <idle>-0     [004] d.h.    87.289659: sched_waking: comm=vlc pid=2959 prio=120 target_cpu=004
          <idle>-0     [004] dNh.    87.289663: sched_wakeup: comm=vlc pid=2959 prio=120 target_cpu=004
          <idle>-0     [004] d...    87.289666: sched_switch: prev_comm=swapper/4 prev_pid=0 prev_prio=120 prev_state=R ==> next_comm=vlc next_pid=2959 next_prio=120
             vlc-2959  [004] d...    87.290930: sched_waking: comm=threaded-ml pid=1603 prio=120 target_cpu=000
             vlc-2959  [004] d...    87.290935: sched_wake_idle_without_ipi: cpu=0
             vlc-2959  [004] d...    87.290935: sched_wakeup: comm=threaded-ml pid=1603 prio=120 target_cpu=000
             vlc-2959  [004] d...    87.290950: sched_stat_runtime: comm=vlc pid=2959 runtime=1289541 [ns] vruntime=53872202168 [ns]
             vlc-2959  [004] d...    87.290953: sutil_marker: Schedutil: get_next_freq: 800000: 1024
             vlc-2959  [004] d...    87.290954: sutil_marker: Schedutil: update-single-util: 364: 351
             vlc-2959  [004] d...    87.290955: sutil_marker: Schedutil: update-single-boost: 364: 351
             vlc-2959  [004] d...    87.290955: sutil_marker: Schedutil: update-single-freq: 800000: 800000
             vlc-2959  [004] d...    87.290957: sched_switch: prev_comm=vlc prev_pid=2959 prev_prio=120 prev_state=S ==> next_comm=swapper/4 next_pid=0 next_prio=120
          <idle>-0     [004] d...    87.290960: cpu_idle: state=0 cpu_id=4
          <idle>-0     [004] d.h.    87.290962: sched_waking: comm=vlc pid=2959 prio=120 target_cpu=004
          <idle>-0     [004] dNh.    87.290964: sched_wakeup: comm=vlc pid=2959 prio=120 target_cpu=004
          <idle>-0     [004] .N..    87.290965: cpu_idle: state=4294967295 cpu_id=4
          <idle>-0     [004] d...    87.290967: sched_switch: prev_comm=swapper/4 prev_pid=0 prev_prio=120 prev_state=R ==> next_comm=vlc next_pid=2959 next_prio=120
             vlc-2959  [004] d.h.    87.291487: sched_stat_runtime: comm=vlc pid=2959 runtime=524004 [ns] vruntime=53872726172 [ns]
             vlc-2959  [004] d...    87.291801: sched_waking: comm=threaded-ml pid=1603 prio=120 target_cpu=000
             vlc-2959  [004] d...    87.291801: sched_wake_idle_without_ipi: cpu=0
             vlc-2959  [004] d...    87.291801: sched_wakeup: comm=threaded-ml pid=1603 prio=120 target_cpu=000
             vlc-2959  [004] d...    87.291804: sched_stat_runtime: comm=vlc pid=2959 runtime=317979 [ns] vruntime=53873044151 [ns]
             vlc-2959  [004] d...    87.291805: sutil_marker: Schedutil: get_next_freq: 800000: 1024
             vlc-2959  [004] d...    87.291805: sutil_marker: Schedutil: update-single-util: 351: 362
             vlc-2959  [004] d...    87.291805: sutil_marker: Schedutil: update-single-boost: 351: 362
             vlc-2959  [004] d...    87.291805: sutil_marker: Schedutil: update-single-freq: 800000: 800000
             vlc-2959  [004] d...    87.291806: sched_switch: prev_comm=vlc prev_pid=2959 prev_prio=120 prev_state=S ==> next_comm=swapper/4 next_pid=0 next_prio=120
          <idle>-0     [004] d...    87.291807: cpu_idle: state=1 cpu_id=4
          <idle>-0     [004] d...    87.291828: cpu_idle: state=4294967295 cpu_id=4
          <idle>-0     [004] d.h.    87.291828: sched_waking: comm=vlc pid=2959 prio=120 target_cpu=004
          <idle>-0     [004] dNh.    87.291828: sched_wakeup: comm=vlc pid=2959 prio=120 target_cpu=004
          <idle>-0     [004] d...    87.291829: sched_switch: prev_comm=swapper/4 prev_pid=0 prev_prio=120 prev_state=R ==> next_comm=vlc next_pid=2959 next_prio=120
             vlc-2959  [004] d...    87.292215: sched_waking: comm=threaded-ml pid=1603 prio=120 target_cpu=000
             vlc-2959  [004] d...    87.292216: sched_wake_idle_without_ipi: cpu=0
             vlc-2959  [004] d...    87.292216: sched_wakeup: comm=threaded-ml pid=1603 prio=120 target_cpu=000
             vlc-2959  [004] d...    87.292217: sched_stat_runtime: comm=vlc pid=2959 runtime=389077 [ns] vruntime=53873433228 [ns]
             vlc-2959  [004] d...    87.292218: sched_switch: prev_comm=vlc prev_pid=2959 prev_prio=120 prev_state=S ==> next_comm=swapper/4 next_pid=0 next_prio=120
          <idle>-0     [004] d...    87.292218: cpu_idle: state=4 cpu_id=4
          <idle>-0     [004] d...    87.292802: cpu_idle: state=4294967295 cpu_id=4
          <idle>-0     [004] d...    87.292822: cpu_idle: state=4 cpu_id=4
          <idle>-0     [004] dN..    87.293767: cpu_idle: state=4294967295 cpu_id=4
          <idle>-0     [004] d...    87.293769: sched_switch: prev_comm=swapper/4 prev_pid=0 prev_prio=120 prev_state=R ==> next_comm=Chrome_IOThread next_pid=1860 next_prio=120
 Chrome_IOThread-1860  [004] d...    87.293800: sched_stat_runtime: comm=Chrome_IOThread pid=1860 runtime=55776 [ns] vruntime=53882366852 [ns]
 Chrome_IOThread-1860  [004] d...    87.293801: sched_switch: prev_comm=Chrome_IOThread prev_pid=1860 prev_prio=120 prev_state=S ==> next_comm=swapper/4 next_pid=0 next_prio=120
          <idle>-0     [004] d...    87.293803: cpu_idle: state=4 cpu_id=4
          <idle>-0     [004] d...    87.294777: cpu_idle: state=4294967295 cpu_id=4
          <idle>-0     [004] d...    87.294800: cpu_idle: state=4 cpu_id=4
          <idle>-0     [004] dN..    87.294814: cpu_idle: state=4294967295 cpu_id=4
          <idle>-0     [004] d...    87.294815: sched_switch: prev_comm=swapper/4 prev_pid=0 prev_prio=120 prev_state=R ==> next_comm=CompositorTileW next_pid=3073 next_prio=120
           <...>-3073  [004] d...    87.294818: sched_stat_runtime: comm=CompositorTileW pid=3073 runtime=5457 [ns] vruntime=53870372309 [ns]
           <...>-3073  [004] d...    87.294818: sched_switch: prev_comm=CompositorTileW prev_pid=3073 prev_prio=120 prev_state=S ==> next_comm=swapper/4 next_pid=0 next_prio=120
          <idle>-0     [004] d...    87.294819: cpu_idle: state=4 cpu_id=4
          <idle>-0     [004] dN..    87.294821: cpu_idle: state=4294967295 cpu_id=4
          <idle>-0     [004] d...    87.294822: sched_switch: prev_comm=swapper/4 prev_pid=0 prev_prio=120 prev_state=R ==> next_comm=CompositorTileW next_pid=3074 next_prio=120
           <...>-3074  [004] d...    87.294825: sched_waking: comm=CompositorTileW pid=3073 prio=120 target_cpu=006
           <...>-3074  [004] d...    87.294826: sched_wake_idle_without_ipi: cpu=6
           <...>-3074  [004] d...    87.294826: sched_wakeup: comm=CompositorTileW pid=3073 prio=120 target_cpu=006
           <...>-3074  [004] d...    87.294837: sched_waking: comm=CompositorTileW pid=3073 prio=120 target_cpu=006
           <...>-3074  [004] d...    87.294838: sched_wake_idle_without_ipi: cpu=6
           <...>-3074  [004] d...    87.294838: sched_wakeup: comm=CompositorTileW pid=3073 prio=120 target_cpu=006
           <...>-3074  [004] d.h.    87.295485: sched_stat_runtime: comm=CompositorTileW pid=3074 runtime=665003 [ns] vruntime=53871031855 [ns]
           <...>-3074  [004] d...    87.297497: sched_stat_runtime: comm=CompositorTileW pid=3074 runtime=2011598 [ns] vruntime=53873043453 [ns]
           <...>-3074  [004] d...    87.297500: sutil_marker: Schedutil: get_next_freq: 800000: 1024
           <...>-3074  [004] d...    87.297500: sutil_marker: Schedutil: update-single-util: 362: 99
           <...>-3074  [004] d...    87.297500: sutil_marker: Schedutil: update-single-boost: 362: 99
           <...>-3074  [004] d...    87.297501: sutil_marker: Schedutil: update-single-freq: 800000: 800000
           <...>-3074  [004] d...    87.297502: sched_switch: prev_comm=CompositorTileW prev_pid=3074 prev_prio=120 prev_state=S ==> next_comm=swapper/4 next_pid=0 next_prio=120
          <idle>-0     [004] d...    87.297506: sched_switch: prev_comm=swapper/4 prev_pid=0 prev_prio=120 prev_state=R ==> next_comm=CompositorTileW next_pid=3074 next_prio=120
           <...>-3074  [004] d...    87.297553: sched_stat_runtime: comm=CompositorTileW pid=3074 runtime=49319 [ns] vruntime=53873092772 [ns]
           <...>-3074  [004] d...    87.297554: sched_switch: prev_comm=CompositorTileW prev_pid=3074 prev_prio=120 prev_state=S ==> next_comm=swapper/4 next_pid=0 next_prio=120
          <idle>-0     [004] d...    87.297556: cpu_idle: state=4 cpu_id=4
          <idle>-0     [004] dN..    87.297560: cpu_idle: state=4294967295 cpu_id=4
          <idle>-0     [004] d...    87.297561: sched_switch: prev_comm=swapper/4 prev_pid=0 prev_prio=120 prev_state=R ==> next_comm=CompositorTileW next_pid=3074 next_prio=120
           <...>-3074  [004] d...    87.297562: sched_stat_runtime: comm=CompositorTileW pid=3074 runtime=3626 [ns] vruntime=53873096398 [ns]
           <...>-3074  [004] d...    87.297563: sched_switch: prev_comm=CompositorTileW prev_pid=3074 prev_prio=120 prev_state=S ==> next_comm=swapper/4 next_pid=0 next_prio=120
          <idle>-0     [004] d...    87.297563: cpu_idle: state=4 cpu_id=4
          <idle>-0     [004] dN..    87.297565: cpu_idle: state=4294967295 cpu_id=4
          <idle>-0     [004] d...    87.297566: sched_switch: prev_comm=swapper/4 prev_pid=0 prev_prio=120 prev_state=R ==> next_comm=CompositorTileW next_pid=3074 next_prio=120
           <...>-3074  [004] d...    87.297567: sched_stat_runtime: comm=CompositorTileW pid=3074 runtime=3065 [ns] vruntime=53873099463 [ns]
           <...>-3074  [004] d...    87.297567: sched_switch: prev_comm=CompositorTileW prev_pid=3074 prev_prio=120 prev_state=S ==> next_comm=swapper/4 next_pid=0 next_prio=120
          <idle>-0     [004] d...    87.297568: cpu_idle: state=4 cpu_id=4
          <idle>-0     [004] dN..    87.297569: cpu_idle: state=4294967295 cpu_id=4
          <idle>-0     [004] d...    87.297570: sched_switch: prev_comm=swapper/4 prev_pid=0 prev_prio=120 prev_state=R ==> next_comm=CompositorTileW next_pid=3074 next_prio=120
           <...>-3074  [004] d...    87.297571: sched_stat_runtime: comm=CompositorTileW pid=3074 runtime=2869 [ns] vruntime=53873102332 [ns]
           <...>-3074  [004] d...    87.297571: sched_switch: prev_comm=CompositorTileW prev_pid=3074 prev_prio=120 prev_state=S ==> next_comm=swapper/4 next_pid=0 next_prio=120
          <idle>-0     [004] d...    87.297572: cpu_idle: state=4 cpu_id=4
          <idle>-0     [004] dN..    87.297577: cpu_idle: state=4294967295 cpu_id=4
          <idle>-0     [004] d...    87.297578: sched_switch: prev_comm=swapper/4 prev_pid=0 prev_prio=120 prev_state=R ==> next_comm=CompositorTileW next_pid=3074 next_prio=120
           <...>-3074  [004] d...    87.297579: sched_stat_runtime: comm=CompositorTileW pid=3074 runtime=2282 [ns] vruntime=53873104614 [ns]
           <...>-3074  [004] d...    87.297579: sched_switch: prev_comm=CompositorTileW prev_pid=3074 prev_prio=120 prev_state=S ==> next_comm=swapper/4 next_pid=0 next_prio=120
          <idle>-0     [004] d...    87.297580: sched_switch: prev_comm=swapper/4 prev_pid=0 prev_prio=120 prev_state=R ==> next_comm=CompositorTileW next_pid=3074 next_prio=120
           <...>-3074  [004] d...    87.297581: sched_stat_runtime: comm=CompositorTileW pid=3074 runtime=1347 [ns] vruntime=53873105961 [ns]
           <...>-3074  [004] d...    87.297581: sched_switch: prev_comm=CompositorTileW prev_pid=3074 prev_prio=120 prev_state=S ==> next_comm=swapper/4 next_pid=0 next_prio=120
          <idle>-0     [004] d...    87.297582: cpu_idle: state=1 cpu_id=4
          <idle>-0     [004] dN..    87.297584: cpu_idle: state=4294967295 cpu_id=4
          <idle>-0     [004] d...    87.297584: sched_switch: prev_comm=swapper/4 prev_pid=0 prev_prio=120 prev_state=R ==> next_comm=CompositorTileW next_pid=3074 next_prio=120
           <...>-3074  [004] d...    87.297585: sched_stat_runtime: comm=CompositorTileW pid=3074 runtime=1751 [ns] vruntime=53873107712 [ns]
           <...>-3074  [004] d...    87.297585: sched_switch: prev_comm=CompositorTileW prev_pid=3074 prev_prio=120 prev_state=S ==> next_comm=swapper/4 next_pid=0 next_prio=120
          <idle>-0     [004] d...    87.297586: cpu_idle: state=1 cpu_id=4
          <idle>-0     [004] dN..    87.297588: cpu_idle: state=4294967295 cpu_id=4
          <idle>-0     [004] d...    87.297588: sched_switch: prev_comm=swapper/4 prev_pid=0 prev_prio=120 prev_state=R ==> next_comm=CompositorTileW next_pid=3074 next_prio=120
           <...>-3074  [004] d...    87.297589: sched_stat_runtime: comm=CompositorTileW pid=3074 runtime=1673 [ns] vruntime=53873109385 [ns]
           <...>-3074  [004] d...    87.297590: sched_switch: prev_comm=CompositorTileW prev_pid=3074 prev_prio=120 prev_state=S ==> next_comm=swapper/4 next_pid=0 next_prio=120
          <idle>-0     [004] d...    87.297590: cpu_idle: state=1 cpu_id=4
          <idle>-0     [004] dN..    87.297594: cpu_idle: state=4294967295 cpu_id=4
          <idle>-0     [004] d...    87.297595: sched_switch: prev_comm=swapper/4 prev_pid=0 prev_prio=120 prev_state=R ==> next_comm=CompositorTileW next_pid=3074 next_prio=120
           <...>-3074  [004] d...    87.297595: sched_stat_runtime: comm=CompositorTileW pid=3074 runtime=1575 [ns] vruntime=53873110960 [ns]
           <...>-3074  [004] d...    87.297596: sched_switch: prev_comm=CompositorTileW prev_pid=3074 prev_prio=120 prev_state=S ==> next_comm=swapper/4 next_pid=0 next_prio=120
          <idle>-0     [004] d...    87.297596: cpu_idle: state=1 cpu_id=4
          <idle>-0     [004] dN..    87.297603: cpu_idle: state=4294967295 cpu_id=4
          <idle>-0     [004] d...    87.297604: sched_switch: prev_comm=swapper/4 prev_pid=0 prev_prio=120 prev_state=R ==> next_comm=CompositorTileW next_pid=3074 next_prio=120
           <...>-3074  [004] d...    87.297608: sched_stat_runtime: comm=CompositorTileW pid=3074 runtime=4927 [ns] vruntime=53873115887 [ns]
           <...>-3074  [004] d...    87.297608: sched_switch: prev_comm=CompositorTileW prev_pid=3074 prev_prio=120 prev_state=S ==> next_comm=swapper/4 next_pid=0 next_prio=120
          <idle>-0     [004] dn..    87.297609: cpu_idle: state=1 cpu_id=4
          <idle>-0     [004] dN..    87.297609: cpu_idle: state=4294967295 cpu_id=4
          <idle>-0     [004] d...    87.297609: sched_switch: prev_comm=swapper/4 prev_pid=0 prev_prio=120 prev_state=R ==> next_comm=CompositorTileW next_pid=3074 next_prio=120
           <...>-3074  [004] d...    87.297611: sched_stat_runtime: comm=CompositorTileW pid=3074 runtime=2073 [ns] vruntime=53873117960 [ns]
           <...>-3074  [004] d...    87.297611: sched_switch: prev_comm=CompositorTileW prev_pid=3074 prev_prio=120 prev_state=S ==> next_comm=swapper/4 next_pid=0 next_prio=120
          <idle>-0     [004] d...    87.297611: cpu_idle: state=1 cpu_id=4
          <idle>-0     [004] dN..    87.297613: cpu_idle: state=4294967295 cpu_id=4
          <idle>-0     [004] d...    87.297614: sched_switch: prev_comm=swapper/4 prev_pid=0 prev_prio=120 prev_state=R ==> next_comm=CompositorTileW next_pid=3074 next_prio=120
           <...>-3074  [004] d...    87.297615: sched_stat_runtime: comm=CompositorTileW pid=3074 runtime=1627 [ns] vruntime=53873119587 [ns]
           <...>-3074  [004] d...    87.297615: sched_switch: prev_comm=CompositorTileW prev_pid=3074 prev_prio=120 prev_state=S ==> next_comm=swapper/4 next_pid=0 next_prio=120
          <idle>-0     [004] d...    87.297615: cpu_idle: state=1 cpu_id=4
          <idle>-0     [004] dN..    87.297619: cpu_idle: state=4294967295 cpu_id=4
          <idle>-0     [004] d...    87.297620: sched_switch: prev_comm=swapper/4 prev_pid=0 prev_prio=120 prev_state=R ==> next_comm=CompositorTileW next_pid=3074 next_prio=120
           <...>-3074  [004] d...    87.297621: sched_stat_runtime: comm=CompositorTileW pid=3074 runtime=1752 [ns] vruntime=53873121339 [ns]
           <...>-3074  [004] d...    87.297621: sched_switch: prev_comm=CompositorTileW prev_pid=3074 prev_prio=120 prev_state=S ==> next_comm=swapper/4 next_pid=0 next_prio=120
          <idle>-0     [004] d...    87.297621: cpu_idle: state=1 cpu_id=4
          <idle>-0     [004] dN..    87.297626: cpu_idle: state=4294967295 cpu_id=4
          <idle>-0     [004] d...    87.297627: sched_switch: prev_comm=swapper/4 prev_pid=0 prev_prio=120 prev_state=R ==> next_comm=CompositorTileW next_pid=3074 next_prio=120
           <...>-3074  [004] d...    87.297628: sched_stat_runtime: comm=CompositorTileW pid=3074 runtime=2024 [ns] vruntime=53873123363 [ns]
           <...>-3074  [004] d...    87.297628: sched_switch: prev_comm=CompositorTileW prev_pid=3074 prev_prio=120 prev_state=S ==> next_comm=swapper/4 next_pid=0 next_prio=120
          <idle>-0     [004] d...    87.297629: cpu_idle: state=1 cpu_id=4
          <idle>-0     [004] dN..    87.297636: cpu_idle: state=4294967295 cpu_id=4
          <idle>-0     [004] d...    87.297636: sched_switch: prev_comm=swapper/4 prev_pid=0 prev_prio=120 prev_state=R ==> next_comm=CompositorTileW next_pid=3074 next_prio=120
           <...>-3074  [004] d...    87.297637: sched_stat_runtime: comm=CompositorTileW pid=3074 runtime=1778 [ns] vruntime=53873125141 [ns]
           <...>-3074  [004] d...    87.297638: sched_switch: prev_comm=CompositorTileW prev_pid=3074 prev_prio=120 prev_state=S ==> next_comm=swapper/4 next_pid=0 next_prio=120
          <idle>-0     [004] d...    87.297638: cpu_idle: state=1 cpu_id=4
          <idle>-0     [004] dN..    87.297643: cpu_idle: state=4294967295 cpu_id=4
          <idle>-0     [004] d...    87.297644: sched_switch: prev_comm=swapper/4 prev_pid=0 prev_prio=120 prev_state=R ==> next_comm=CompositorTileW next_pid=3074 next_prio=120
           <...>-3074  [004] d...    87.297645: sched_stat_runtime: comm=CompositorTileW pid=3074 runtime=1793 [ns] vruntime=53873126934 [ns]
