 Chrome_ChildIOT-1903  [005] d...    87.887371: sched_wakeup: comm=Chrome_IOThread pid=1860 prio=120 target_cpu=003
 Chrome_ChildIOT-1903  [005] d...    87.887380: sched_waking: comm=Chrome_ChildIOT pid=3091 prio=120 target_cpu=007
 Chrome_ChildIOT-1903  [005] d...    87.887381: sched_wake_idle_without_ipi: cpu=7
 Chrome_ChildIOT-1903  [005] d...    87.887381: sched_wakeup: comm=Chrome_ChildIOT pid=3091 prio=120 target_cpu=007
 Chrome_ChildIOT-1903  [005] d...    87.887385: sched_stat_runtime: comm=Chrome_ChildIOT pid=1903 runtime=65276 [ns] vruntime=7654773057 [ns]
 Chrome_ChildIOT-1903  [005] d...    87.887386: sched_switch: prev_comm=Chrome_ChildIOT prev_pid=1903 prev_prio=120 prev_state=S ==> next_comm=swapper/5 next_pid=0 next_prio=120
          <idle>-0     [005] d...    87.887388: cpu_idle: state=2 cpu_id=5
          <idle>-0     [005] d...    87.887525: cpu_idle: state=4294967295 cpu_id=5
          <idle>-0     [005] d...    87.887533: cpu_idle: state=6 cpu_id=5
          <idle>-0     [005] dN..    87.887696: cpu_idle: state=4294967295 cpu_id=5
          <idle>-0     [005] d...    87.887699: sched_switch: prev_comm=swapper/5 prev_pid=0 prev_prio=120 prev_state=R ==> next_comm=Chrome_ChildIOT next_pid=1903 next_prio=120
 Chrome_ChildIOT-1903  [005] d...    87.887725: sched_waking: comm=chrome pid=1896 prio=120 target_cpu=000
 Chrome_ChildIOT-1903  [005] d...    87.887727: sched_wake_idle_without_ipi: cpu=0
 Chrome_ChildIOT-1903  [005] d...    87.887727: sched_wakeup: comm=chrome pid=1896 prio=120 target_cpu=000
 Chrome_ChildIOT-1903  [005] d...    87.887741: sched_stat_runtime: comm=Chrome_ChildIOT pid=1903 runtime=72288 [ns] vruntime=7654845345 [ns]
 Chrome_ChildIOT-1903  [005] d...    87.887742: sched_switch: prev_comm=Chrome_ChildIOT prev_pid=1903 prev_prio=120 prev_state=S ==> next_comm=swapper/5 next_pid=0 next_prio=120
          <idle>-0     [005] d...    87.887744: cpu_idle: state=6 cpu_id=5
          <idle>-0     [005] dN..    87.887788: cpu_idle: state=4294967295 cpu_id=5
          <idle>-0     [005] d...    87.887790: sched_switch: prev_comm=swapper/5 prev_pid=0 prev_prio=120 prev_state=R ==> next_comm=Chrome_ChildIOT next_pid=1903 next_prio=120
 Chrome_ChildIOT-1903  [005] d...    87.887806: sched_waking: comm=Chrome_ChildIOT pid=3091 prio=120 target_cpu=007
 Chrome_ChildIOT-1903  [005] d...    87.887808: sched_wake_idle_without_ipi: cpu=7
 Chrome_ChildIOT-1903  [005] d...    87.887808: sched_wakeup: comm=Chrome_ChildIOT pid=3091 prio=120 target_cpu=007
 Chrome_ChildIOT-1903  [005] d...    87.887814: sched_stat_runtime: comm=Chrome_ChildIOT pid=1903 runtime=65659 [ns] vruntime=7654911004 [ns]
 Chrome_ChildIOT-1903  [005] d...    87.887816: sched_switch: prev_comm=Chrome_ChildIOT prev_pid=1903 prev_prio=120 prev_state=S ==> next_comm=swapper/5 next_pid=0 next_prio=120
          <idle>-0     [005] d...    87.887817: cpu_idle: state=6 cpu_id=5
          <idle>-0     [005] dN..    87.888165: cpu_idle: state=4294967295 cpu_id=5
          <idle>-0     [005] d...    87.888167: sched_switch: prev_comm=swapper/5 prev_pid=0 prev_prio=120 prev_state=R ==> next_comm=Chrome_ChildIOT next_pid=1903 next_prio=120
 Chrome_ChildIOT-1903  [005] d...    87.888193: sched_waking: comm=chrome pid=1896 prio=120 target_cpu=000
 Chrome_ChildIOT-1903  [005] d...    87.888195: sched_wake_idle_without_ipi: cpu=0
 Chrome_ChildIOT-1903  [005] d...    87.888195: sched_wakeup: comm=chrome pid=1896 prio=120 target_cpu=000
 Chrome_ChildIOT-1903  [005] d...    87.888201: sched_stat_runtime: comm=Chrome_ChildIOT pid=1903 runtime=64704 [ns] vruntime=7654975708 [ns]
 Chrome_ChildIOT-1903  [005] d...    87.888203: sched_switch: prev_comm=Chrome_ChildIOT prev_pid=1903 prev_prio=120 prev_state=S ==> next_comm=swapper/5 next_pid=0 next_prio=120
          <idle>-0     [005] d...    87.888205: cpu_idle: state=6 cpu_id=5
          <idle>-0     [005] dN..    87.888530: cpu_idle: state=4294967295 cpu_id=5
          <idle>-0     [005] d...    87.888535: sched_switch: prev_comm=swapper/5 prev_pid=0 prev_prio=120 prev_state=R ==> next_comm=Chrome_ChildIOT next_pid=1903 next_prio=120
 Chrome_ChildIOT-1903  [005] d...    87.888583: sched_waking: comm=chrome pid=1896 prio=120 target_cpu=000
 Chrome_ChildIOT-1903  [005] d...    87.888587: sched_wake_idle_without_ipi: cpu=0
 Chrome_ChildIOT-1903  [005] d...    87.888588: sched_wakeup: comm=chrome pid=1896 prio=120 target_cpu=000
 Chrome_ChildIOT-1903  [005] d...    87.888600: sched_stat_runtime: comm=Chrome_ChildIOT pid=1903 runtime=92253 [ns] vruntime=7655067961 [ns]
 Chrome_ChildIOT-1903  [005] d...    87.888602: sched_switch: prev_comm=Chrome_ChildIOT prev_pid=1903 prev_prio=120 prev_state=S ==> next_comm=swapper/5 next_pid=0 next_prio=120
          <idle>-0     [005] d...    87.888606: cpu_idle: state=6 cpu_id=5
          <idle>-0     [005] dN..    87.889965: cpu_idle: state=4294967295 cpu_id=5
          <idle>-0     [005] d...    87.889970: sched_switch: prev_comm=swapper/5 prev_pid=0 prev_prio=120 prev_state=R ==> next_comm=SimpleCacheWork next_pid=2424 next_prio=120
 SimpleCacheWork-2424  [005] d...    87.889980: sched_waking: comm=SimpleCacheWork pid=2466 prio=120 target_cpu=003
 SimpleCacheWork-2424  [005] d...    87.889983: sched_wake_idle_without_ipi: cpu=3
 SimpleCacheWork-2424  [005] d...    87.889984: sched_wakeup: comm=SimpleCacheWork pid=2466 prio=120 target_cpu=003
 SimpleCacheWork-2424  [005] d...    87.890116: sched_stat_runtime: comm=SimpleCacheWork pid=2424 runtime=180267 [ns] vruntime=7654570896 [ns]
 SimpleCacheWork-2424  [005] d...    87.890119: sched_switch: prev_comm=SimpleCacheWork prev_pid=2424 prev_prio=120 prev_state=D|K ==> next_comm=swapper/5 next_pid=0 next_prio=120
          <idle>-0     [005] d...    87.890123: cpu_idle: state=2 cpu_id=5
          <idle>-0     [005] d...    87.890236: cpu_idle: state=4294967295 cpu_id=5
          <idle>-0     [005] d.s.    87.890246: sched_waking: comm=SimpleCacheWork pid=2424 prio=120 target_cpu=005
          <idle>-0     [005] d.s.    87.890248: sutil_marker: Schedutil: update-single-return: 540: 455
          <idle>-0     [005] dNs.    87.890250: sched_wakeup: comm=SimpleCacheWork pid=2424 prio=120 target_cpu=005
          <idle>-0     [005] d...    87.890256: sched_switch: prev_comm=swapper/5 prev_pid=0 prev_prio=120 prev_state=R ==> next_comm=SimpleCacheWork next_pid=2424 next_prio=120
 SimpleCacheWork-2424  [005] d...    87.890277: sched_stat_runtime: comm=SimpleCacheWork pid=2424 runtime=29217 [ns] vruntime=7654600113 [ns]
 SimpleCacheWork-2424  [005] d...    87.890278: sched_switch: prev_comm=SimpleCacheWork prev_pid=2424 prev_prio=120 prev_state=D|K ==> next_comm=swapper/5 next_pid=0 next_prio=120
          <idle>-0     [005] d...    87.890279: cpu_idle: state=2 cpu_id=5
          <idle>-0     [005] d...    87.890367: cpu_idle: state=4294967295 cpu_id=5
          <idle>-0     [005] d.s.    87.890372: sched_waking: comm=SimpleCacheWork pid=2424 prio=120 target_cpu=005
          <idle>-0     [005] d.s.    87.890373: sutil_marker: Schedutil: update-single-return: 455: 455
          <idle>-0     [005] d.s.    87.890374: sutil_marker: Schedutil: update-single-return: 455: 458
          <idle>-0     [005] dNs.    87.890375: sched_wakeup: comm=SimpleCacheWork pid=2424 prio=120 target_cpu=005
          <idle>-0     [005] d...    87.890377: sched_switch: prev_comm=swapper/5 prev_pid=0 prev_prio=120 prev_state=R ==> next_comm=SimpleCacheWork next_pid=2424 next_prio=120
 SimpleCacheWork-2424  [005] d...    87.890444: sched_waking: comm=Chrome_IOThread pid=1860 prio=120 target_cpu=003
 SimpleCacheWork-2424  [005] d...    87.890446: sched_wake_idle_without_ipi: cpu=3
 SimpleCacheWork-2424  [005] d...    87.890446: sched_wakeup: comm=Chrome_IOThread pid=1860 prio=120 target_cpu=003
 SimpleCacheWork-2424  [005] d...    87.890452: sched_stat_runtime: comm=SimpleCacheWork pid=2424 runtime=79558 [ns] vruntime=7654679671 [ns]
 SimpleCacheWork-2424  [005] d...    87.890454: sched_switch: prev_comm=SimpleCacheWork prev_pid=2424 prev_prio=120 prev_state=S ==> next_comm=swapper/5 next_pid=0 next_prio=120
          <idle>-0     [005] d...    87.890456: cpu_idle: state=4 cpu_id=5
          <idle>-0     [005] dN..    87.891560: cpu_idle: state=4294967295 cpu_id=5
          <idle>-0     [005] d...    87.891579: sched_switch: prev_comm=swapper/5 prev_pid=0 prev_prio=120 prev_state=R ==> next_comm=rcu_sched next_pid=8 next_prio=120
       rcu_sched-8     [005] d...    87.891584: sched_stat_runtime: comm=rcu_sched pid=8 runtime=13659 [ns] vruntime=43782387702 [ns]
       rcu_sched-8     [005] d...    87.891585: sched_switch: prev_comm=rcu_sched prev_pid=8 prev_prio=120 prev_state=S ==> next_comm=swapper/5 next_pid=0 next_prio=120
          <idle>-0     [005] d...    87.891588: cpu_idle: state=6 cpu_id=5
          <idle>-0     [005] dN..    87.892069: cpu_idle: state=4294967295 cpu_id=5
          <idle>-0     [005] d...    87.892074: sched_switch: prev_comm=swapper/5 prev_pid=0 prev_prio=120 prev_state=R ==> next_comm=SimpleCacheWork next_pid=2425 next_prio=120
 SimpleCacheWork-2425  [005] d...    87.892081: sched_stat_runtime: comm=SimpleCacheWork pid=2425 runtime=40953 [ns] vruntime=7654431582 [ns]
 SimpleCacheWork-2425  [005] d...    87.892083: sched_switch: prev_comm=SimpleCacheWork prev_pid=2425 prev_prio=120 prev_state=S ==> next_comm=swapper/5 next_pid=0 next_prio=120
          <idle>-0     [005] d...    87.892087: cpu_idle: state=6 cpu_id=5
          <idle>-0     [005] d...    87.892202: cpu_idle: state=4294967295 cpu_id=5
          <idle>-0     [005] d.s.    87.892224: sched_waking: comm=SimpleCacheWork pid=2370 prio=120 target_cpu=004
          <idle>-0     [005] d.s.    87.892226: sched_migrate_task: comm=SimpleCacheWork pid=2370 prio=120 orig_cpu=4 dest_cpu=5
          <idle>-0     [005] d.s.    87.892227: sutil_marker: Schedutil: update-single-return: 458: 449
          <idle>-0     [005] d.s.    87.892228: sutil_marker: Schedutil: attach_entity_load_avg: 0: 0
          <idle>-0     [005] dNs.    87.892230: sched_wakeup: comm=SimpleCacheWork pid=2370 prio=120 target_cpu=005
          <idle>-0     [005] d...    87.892238: sched_switch: prev_comm=swapper/5 prev_pid=0 prev_prio=120 prev_state=R ==> next_comm=SimpleCacheWork next_pid=2370 next_prio=120
           <...>-2370  [005] d...    87.892259: sched_waking: comm=Chrome_IOThread pid=1860 prio=120 target_cpu=003
           <...>-2370  [005] d...    87.892260: sched_wake_idle_without_ipi: cpu=3
           <...>-2370  [005] d...    87.892261: sched_wakeup: comm=Chrome_IOThread pid=1860 prio=120 target_cpu=003
           <...>-2370  [005] d...    87.892268: sched_stat_runtime: comm=SimpleCacheWork pid=2370 runtime=40858 [ns] vruntime=7654486153 [ns]
           <...>-2370  [005] d...    87.892270: sched_switch: prev_comm=SimpleCacheWork prev_pid=2370 prev_prio=120 prev_state=S ==> next_comm=swapper/5 next_pid=0 next_prio=120
          <idle>-0     [005] d...    87.892274: cpu_idle: state=6 cpu_id=5
          <idle>-0     [005] dN..    87.892698: cpu_idle: state=4294967295 cpu_id=5
          <idle>-0     [005] d...    87.892702: sched_switch: prev_comm=swapper/5 prev_pid=0 prev_prio=120 prev_state=R ==> next_comm=SimpleCacheWork next_pid=2424 next_prio=120
 SimpleCacheWork-2424  [005] d...    87.892711: sched_waking: comm=SimpleCacheWork pid=2425 prio=120 target_cpu=005
 SimpleCacheWork-2424  [005] d...    87.892714: sched_migrate_task: comm=SimpleCacheWork pid=2425 prio=120 orig_cpu=5 dest_cpu=6
 SimpleCacheWork-2424  [005] d...    87.892716: sutil_marker: Schedutil: attach_entity_load_avg: 0: 0
 SimpleCacheWork-2424  [005] d...    87.892718: sched_wake_idle_without_ipi: cpu=6
 SimpleCacheWork-2424  [005] d...    87.892718: sched_wakeup: comm=SimpleCacheWork pid=2425 prio=120 target_cpu=006
 SimpleCacheWork-2424  [005] d...    87.892751: sched_waking: comm=Chrome_IOThread pid=1860 prio=120 target_cpu=003
 SimpleCacheWork-2424  [005] d...    87.892752: sched_wake_idle_without_ipi: cpu=3
 SimpleCacheWork-2424  [005] d...    87.892753: sched_wakeup: comm=Chrome_IOThread pid=1860 prio=120 target_cpu=003
 SimpleCacheWork-2424  [005] d...    87.892759: sched_stat_runtime: comm=SimpleCacheWork pid=2424 runtime=96499 [ns] vruntime=7654776170 [ns]
 SimpleCacheWork-2424  [005] d...    87.892761: sched_switch: prev_comm=SimpleCacheWork prev_pid=2424 prev_prio=120 prev_state=S ==> next_comm=swapper/5 next_pid=0 next_prio=120
          <idle>-0     [005] d...    87.892765: cpu_idle: state=4 cpu_id=5
          <idle>-0     [005] dN..    87.892923: cpu_idle: state=4294967295 cpu_id=5
          <idle>-0     [005] d...    87.892927: sched_switch: prev_comm=swapper/5 prev_pid=0 prev_prio=120 prev_state=R ==> next_comm=SimpleCacheWork next_pid=2370 next_prio=120
           <...>-2370  [005] d...    87.892936: sched_waking: comm=SimpleCacheWork pid=2466 prio=120 target_cpu=003
           <...>-2370  [005] d...    87.892939: sched_wake_idle_without_ipi: cpu=3
           <...>-2370  [005] d...    87.892940: sched_wakeup: comm=SimpleCacheWork pid=2466 prio=120 target_cpu=003
           <...>-2370  [005] d...    87.892956: sched_waking: comm=Chrome_IOThread pid=1860 prio=120 target_cpu=003
           <...>-2370  [005] d...    87.892958: sched_migrate_task: comm=Chrome_IOThread pid=1860 prio=120 orig_cpu=3 dest_cpu=4
           <...>-2370  [005] d...    87.892960: sutil_marker: Schedutil: attach_entity_load_avg: 0: 0
           <...>-2370  [005] d...    87.892961: sched_wake_idle_without_ipi: cpu=4
           <...>-2370  [005] d...    87.892961: sched_wakeup: comm=Chrome_IOThread pid=1860 prio=120 target_cpu=004
           <...>-2370  [005] d...    87.892966: sched_stat_runtime: comm=SimpleCacheWork pid=2370 runtime=74289 [ns] vruntime=7654560442 [ns]
           <...>-2370  [005] d...    87.892969: sched_switch: prev_comm=SimpleCacheWork prev_pid=2370 prev_prio=120 prev_state=S ==> next_comm=swapper/5 next_pid=0 next_prio=120
          <idle>-0     [005] d...    87.892972: cpu_idle: state=4 cpu_id=5
          <idle>-0     [005] dN..    87.893171: cpu_idle: state=4294967295 cpu_id=5
          <idle>-0     [005] d...    87.893176: sched_switch: prev_comm=swapper/5 prev_pid=0 prev_prio=120 prev_state=R ==> next_comm=chrome next_pid=1524 next_prio=120
          chrome-1524  [005] d...    87.893238: sched_stat_runtime: comm=chrome pid=1524 runtime=98303 [ns] vruntime=7655826187 [ns]
          chrome-1524  [005] d...    87.893241: sched_switch: prev_comm=chrome prev_pid=1524 prev_prio=120 prev_state=S ==> next_comm=swapper/5 next_pid=0 next_prio=120
          <idle>-0     [005] d...    87.893244: cpu_idle: state=4 cpu_id=5
          <idle>-0     [005] dN..    87.894058: cpu_idle: state=4294967295 cpu_id=5
          <idle>-0     [005] d...    87.894062: sched_switch: prev_comm=swapper/5 prev_pid=0 prev_prio=120 prev_state=R ==> next_comm=Chrome_ChildIOT next_pid=1903 next_prio=120
 Chrome_ChildIOT-1903  [005] d...    87.894105: sched_waking: comm=Chrome_ChildIOT pid=3091 prio=120 target_cpu=007
 Chrome_ChildIOT-1903  [005] d...    87.894110: sched_wake_idle_without_ipi: cpu=7
 Chrome_ChildIOT-1903  [005] d...    87.894111: sched_wakeup: comm=Chrome_ChildIOT pid=3091 prio=120 target_cpu=007
 Chrome_ChildIOT-1903  [005] d...    87.894127: sched_stat_runtime: comm=Chrome_ChildIOT pid=1903 runtime=74581 [ns] vruntime=7655142542 [ns]
 Chrome_ChildIOT-1903  [005] d...    87.894130: sched_switch: prev_comm=Chrome_ChildIOT prev_pid=1903 prev_prio=120 prev_state=S ==> next_comm=swapper/5 next_pid=0 next_prio=120
          <idle>-0     [005] d...    87.894135: cpu_idle: state=4 cpu_id=5
          <idle>-0     [005] dN..    87.894601: cpu_idle: state=4294967295 cpu_id=5
          <idle>-0     [005] d...    87.894604: sched_switch: prev_comm=swapper/5 prev_pid=0 prev_prio=120 prev_state=R ==> next_comm=Chrome_ChildIOT next_pid=1903 next_prio=120
 Chrome_ChildIOT-1903  [005] d...    87.894660: sched_waking: comm=chrome pid=1896 prio=120 target_cpu=000
 Chrome_ChildIOT-1903  [005] d...    87.894665: sched_wake_idle_without_ipi: cpu=0
 Chrome_ChildIOT-1903  [005] d...    87.894665: sched_wakeup: comm=chrome pid=1896 prio=120 target_cpu=000
 Chrome_ChildIOT-1903  [005] d...    87.894700: sched_stat_runtime: comm=Chrome_ChildIOT pid=1903 runtime=101591 [ns] vruntime=7655244133 [ns]
 Chrome_ChildIOT-1903  [005] d...    87.894702: sched_switch: prev_comm=Chrome_ChildIOT prev_pid=1903 prev_prio=120 prev_state=S ==> next_comm=swapper/5 next_pid=0 next_prio=120
          <idle>-0     [005] d...    87.894705: cpu_idle: state=4 cpu_id=5
          <idle>-0     [005] dN..    87.894718: cpu_idle: state=4294967295 cpu_id=5
          <idle>-0     [005] d...    87.894720: sched_switch: prev_comm=swapper/5 prev_pid=0 prev_prio=120 prev_state=R ==> next_comm=Chrome_ChildIOT next_pid=1903 next_prio=120
 Chrome_ChildIOT-1903  [005] d...    87.894742: sched_waking: comm=Chrome_ChildIOT pid=3091 prio=120 target_cpu=007
 Chrome_ChildIOT-1903  [005] d...    87.894745: sched_wake_idle_without_ipi: cpu=7
 Chrome_ChildIOT-1903  [005] d...    87.894745: sched_wakeup: comm=Chrome_ChildIOT pid=3091 prio=120 target_cpu=007
 Chrome_ChildIOT-1903  [005] d...    87.894755: sched_stat_runtime: comm=Chrome_ChildIOT pid=1903 runtime=39982 [ns] vruntime=7655284115 [ns]
 Chrome_ChildIOT-1903  [005] d...    87.894757: sched_switch: prev_comm=Chrome_ChildIOT prev_pid=1903 prev_prio=120 prev_state=S ==> next_comm=swapper/5 next_pid=0 next_prio=120
          <idle>-0     [005] d...    87.894760: cpu_idle: state=4 cpu_id=5
          <idle>-0     [005] dN..    87.895192: cpu_idle: state=4294967295 cpu_id=5
          <idle>-0     [005] d...    87.895194: sched_switch: prev_comm=swapper/5 prev_pid=0 prev_prio=120 prev_state=R ==> next_comm=Chrome_ChildIOT next_pid=1903 next_prio=120
 Chrome_ChildIOT-1903  [005] d...    87.895233: sched_waking: comm=chrome pid=1896 prio=120 target_cpu=000
 Chrome_ChildIOT-1903  [005] d...    87.895236: sched_wake_idle_without_ipi: cpu=0
 Chrome_ChildIOT-1903  [005] d...    87.895236: sched_wakeup: comm=chrome pid=1896 prio=120 target_cpu=000
 Chrome_ChildIOT-1903  [005] d...    87.895247: sched_stat_runtime: comm=Chrome_ChildIOT pid=1903 runtime=57599 [ns] vruntime=7655341714 [ns]
 Chrome_ChildIOT-1903  [005] d...    87.895248: sched_switch: prev_comm=Chrome_ChildIOT prev_pid=1903 prev_prio=120 prev_state=S ==> next_comm=swapper/5 next_pid=0 next_prio=120
          <idle>-0     [005] d...    87.895251: cpu_idle: state=3 cpu_id=5
          <idle>-0     [005] d...    87.895527: cpu_idle: state=4294967295 cpu_id=5
          <idle>-0     [005] d...    87.895544: cpu_idle: state=4 cpu_id=5
          <idle>-0     [005] dN..    87.896907: cpu_idle: state=4294967295 cpu_id=5
          <idle>-0     [005] d...    87.896912: sched_switch: prev_comm=swapper/5 prev_pid=0 prev_prio=120 prev_state=R ==> next_comm=chrome next_pid=1524 next_prio=120
          chrome-1524  [005] d...    87.896972: sched_waking: comm=Chrome_IOThread pid=1860 prio=120 target_cpu=004
          chrome-1524  [005] d...    87.896975: sched_wake_idle_without_ipi: cpu=4
          chrome-1524  [005] d...    87.896976: sched_wakeup: comm=Chrome_IOThread pid=1860 prio=120 target_cpu=004
          chrome-1524  [005] d...    87.897041: sched_stat_runtime: comm=chrome pid=1524 runtime=137904 [ns] vruntime=7655964091 [ns]
          chrome-1524  [005] d...    87.897044: sched_switch: prev_comm=chrome prev_pid=1524 prev_prio=120 prev_state=S ==> next_comm=swapper/5 next_pid=0 next_prio=120
          <idle>-0     [005] d...    87.897048: cpu_idle: state=4 cpu_id=5
          <idle>-0     [005] dN..    87.897050: cpu_idle: state=4294967295 cpu_id=5
          <idle>-0     [005] d...    87.897053: sched_switch: prev_comm=swapper/5 prev_pid=0 prev_prio=120 prev_state=R ==> next_comm=chrome next_pid=1524 next_prio=120
          chrome-1524  [005] d...    87.897082: sched_waking: comm=Chrome_IOThread pid=1860 prio=120 target_cpu=004
          chrome-1524  [005] d...    87.897085: sched_wake_idle_without_ipi: cpu=4
          chrome-1524  [005] d...    87.897085: sched_wakeup: comm=Chrome_IOThread pid=1860 prio=120 target_cpu=004
          chrome-1524  [005] d...    87.897240: sched_waking: comm=CompositorTileW pid=1862 prio=120 target_cpu=001
          chrome-1524  [005] d...    87.897244: sched_migrate_task: comm=CompositorTileW pid=1862 prio=120 orig_cpu=1 dest_cpu=7
          chrome-1524  [005] d...    87.897246: sutil_marker: Schedutil: attach_entity_load_avg: 0: 0
          chrome-1524  [005] d...    87.897248: sched_wake_idle_without_ipi: cpu=7
          chrome-1524  [005] d...    87.897248: sched_wakeup: comm=CompositorTileW pid=1862 prio=120 target_cpu=007
          chrome-1524  [005] d...    87.897866: sched_waking: comm=CompositorTileW pid=1862 prio=120 target_cpu=007
          chrome-1524  [005] d...    87.897871: sched_wake_idle_without_ipi: cpu=7
          chrome-1524  [005] d...    87.897872: sched_wakeup: comm=CompositorTileW pid=1862 prio=120 target_cpu=007
          chrome-1524  [005] d...    87.897976: sched_stat_runtime: comm=chrome pid=1524 runtime=928441 [ns] vruntime=7656892532 [ns]
          chrome-1524  [005] d...    87.897979: sutil_marker: Schedutil: get_next_freq: 1000000: 1024
          chrome-1524  [005] d...    87.897980: sutil_marker: Schedutil: update-single-util: 449: 542
          chrome-1524  [005] d...    87.897980: sutil_marker: Schedutil: update-single-boost: 449: 542
          chrome-1524  [005] d...    87.897981: sutil_marker: Schedutil: update-single-freq: 988769: 800000
          chrome-1524  [005] d...    87.897983: cpu_frequency: state=800000 cpu_id=5
          chrome-1524  [005] d...    87.897985: sched_switch: prev_comm=chrome prev_pid=1524 prev_prio=120 prev_state=S ==> next_comm=swapper/5 next_pid=0 next_prio=120
          <idle>-0     [005] d...    87.897990: cpu_idle: state=4 cpu_id=5
          <idle>-0     [005] dN..    87.898023: cpu_idle: state=4294967295 cpu_id=5
          <idle>-0     [005] d...    87.898027: sched_switch: prev_comm=swapper/5 prev_pid=0 prev_prio=120 prev_state=R ==> next_comm=chrome next_pid=1524 next_prio=120
          chrome-1524  [005] d...    87.898517: sched_waking: comm=Chrome_IOThread pid=1860 prio=120 target_cpu=004
          chrome-1524  [005] d...    87.898522: sched_wake_idle_without_ipi: cpu=4
          chrome-1524  [005] d...    87.898522: sched_wakeup: comm=Chrome_IOThread pid=1860 prio=120 target_cpu=004
          chrome-1524  [005] d...    87.898567: sched_stat_runtime: comm=chrome pid=1524 runtime=545701 [ns] vruntime=7657438233 [ns]
          chrome-1524  [005] d...    87.898570: sched_switch: prev_comm=chrome prev_pid=1524 prev_prio=120 prev_state=S ==> next_comm=swapper/5 next_pid=0 next_prio=120
          <idle>-0     [005] d...    87.898574: cpu_idle: state=4 cpu_id=5
          <idle>-0     [005] d...    87.899529: cpu_idle: state=4294967295 cpu_id=5
          <idle>-0     [005] d.s.    87.899540: sched_waking: comm=kworker/u16:5 pid=196 prio=120 target_cpu=007
          <idle>-0     [005] d.s.    87.899544: sched_wake_idle_without_ipi: cpu=7
          <idle>-0     [005] d.s.    87.899545: sched_wakeup: comm=kworker/u16:5 pid=196 prio=120 target_cpu=007
          <idle>-0     [005] d.s.    87.899547: sched_waking: comm=kworker/5:1 pid=72 prio=120 target_cpu=005
          <idle>-0     [005] d.s.    87.899549: sutil_marker: Schedutil: update-single-return: 542: 501
          <idle>-0     [005] dNs.    87.899550: sched_wakeup: comm=kworker/5:1 pid=72 prio=120 target_cpu=005
          <idle>-0     [005] dNs.    87.899551: sched_waking: comm=rcu_sched pid=8 prio=120 target_cpu=005
          <idle>-0     [005] dNs.    87.899554: sched_migrate_task: comm=rcu_sched pid=8 prio=120 orig_cpu=5 dest_cpu=2
          <idle>-0     [005] dNs.    87.899556: sutil_marker: Schedutil: attach_entity_load_avg: 0: 0
          <idle>-0     [005] dNs.    87.899556: sched_wake_idle_without_ipi: cpu=2
          <idle>-0     [005] dNs.    87.899557: sched_wakeup: comm=rcu_sched pid=8 prio=120 target_cpu=002
          <idle>-0     [005] d...    87.899566: sched_switch: prev_comm=swapper/5 prev_pid=0 prev_prio=120 prev_state=R ==> next_comm=kworker/5:1 next_pid=72 next_prio=120
     kworker/5:1-72    [005] d...    87.899701: sched_stat_runtime: comm=kworker/5:1 pid=72 runtime=142441 [ns] vruntime=43799330428 [ns]
     kworker/5:1-72    [005] d...    87.899705: sched_switch: prev_comm=kworker/5:1 prev_pid=72 prev_prio=120 prev_state=S ==> next_comm=swapper/5 next_pid=0 next_prio=120
          <idle>-0     [005] d...    87.899706: cpu_idle: state=4 cpu_id=5
          <idle>-0     [005] dN..    87.899813: cpu_idle: state=4294967295 cpu_id=5
          <idle>-0     [005] d...    87.899815: sched_switch: prev_comm=swapper/5 prev_pid=0 prev_prio=120 prev_state=R ==> next_comm=threaded-ml next_pid=1603 next_prio=120
     threaded-ml-1603  [005] d...    87.899845: sched_stat_runtime: comm=threaded-ml pid=1603 runtime=33474 [ns] vruntime=7654424103 [ns]
     threaded-ml-1603  [005] d...    87.899846: sched_switch: prev_comm=threaded-ml prev_pid=1603 prev_prio=120 prev_state=S ==> next_comm=swapper/5 next_pid=0 next_prio=120
          <idle>-0     [005] d...    87.899847: cpu_idle: state=4 cpu_id=5
          <idle>-0     [005] dN..    87.900098: cpu_idle: state=4294967295 cpu_id=5
          <idle>-0     [005] d...    87.900099: sched_switch: prev_comm=swapper/5 prev_pid=0 prev_prio=120 prev_state=R ==> next_comm=chrome next_pid=1524 next_prio=120
          chrome-1524  [005] d...    87.900159: sched_stat_runtime: comm=chrome pid=1524 runtime=63080 [ns] vruntime=7657501313 [ns]
          chrome-1524  [005] d...    87.900160: sched_switch: prev_comm=chrome prev_pid=1524 prev_prio=120 prev_state=S ==> next_comm=swapper/5 next_pid=0 next_prio=120
          <idle>-0     [005] d...    87.900162: cpu_idle: state=4 cpu_id=5
          <idle>-0     [005] dN..    87.900248: cpu_idle: state=4294967295 cpu_id=5
          <idle>-0     [005] d...    87.900249: sched_switch: prev_comm=swapper/5 prev_pid=0 prev_prio=120 prev_state=R ==> next_comm=chrome next_pid=1524 next_prio=120
          chrome-1524  [005] d...    87.900302: sched_stat_runtime: comm=chrome pid=1524 runtime=55328 [ns] vruntime=7657556641 [ns]
          chrome-1524  [005] d...    87.900303: sched_switch: prev_comm=chrome prev_pid=1524 prev_prio=120 prev_state=S ==> next_comm=swapper/5 next_pid=0 next_prio=120
          <idle>-0     [005] d...    87.900304: cpu_idle: state=4 cpu_id=5
          <idle>-0     [005] dN..    87.900530: cpu_idle: state=4294967295 cpu_id=5
          <idle>-0     [005] d...    87.900532: sched_switch: prev_comm=swapper/5 prev_pid=0 prev_prio=120 prev_state=R ==> next_comm=SimpleCacheWork next_pid=2424 next_prio=120
 SimpleCacheWork-2424  [005] d...    87.900539: sched_waking: comm=SimpleCacheWork pid=2370 prio=120 target_cpu=005
 SimpleCacheWork-2424  [005] d...    87.900540: sched_migrate_task: comm=SimpleCacheWork pid=2370 prio=120 orig_cpu=5 dest_cpu=6
 SimpleCacheWork-2424  [005] d...    87.900541: sutil_marker: Schedutil: attach_entity_load_avg: 0: 0
 SimpleCacheWork-2424  [005] d...    87.900542: sched_wake_idle_without_ipi: cpu=6
 SimpleCacheWork-2424  [005] d...    87.900542: sched_wakeup: comm=SimpleCacheWork pid=2370 prio=120 target_cpu=006
 SimpleCacheWork-2424  [005] d...    87.900640: sched_waking: comm=Chrome_IOThread pid=1860 prio=120 target_cpu=004
 SimpleCacheWork-2424  [005] d...    87.900641: sched_wake_idle_without_ipi: cpu=4
 SimpleCacheWork-2424  [005] d...    87.900642: sched_wakeup: comm=Chrome_IOThread pid=1860 prio=120 target_cpu=004
 SimpleCacheWork-2424  [005] d...    87.900645: sched_stat_runtime: comm=SimpleCacheWork pid=2424 runtime=115740 [ns] vruntime=7654891910 [ns]
 SimpleCacheWork-2424  [005] d...    87.900646: sched_switch: prev_comm=SimpleCacheWork prev_pid=2424 prev_prio=120 prev_state=S ==> next_comm=swapper/5 next_pid=0 next_prio=120
          <idle>-0     [005] d...    87.900648: cpu_idle: state=4 cpu_id=5
          <idle>-0     [005] dN..    87.900953: cpu_idle: state=4294967295 cpu_id=5
          <idle>-0     [005] d...    87.900955: sched_switch: prev_comm=swapper/5 prev_pid=0 prev_prio=120 prev_state=R ==> next_comm=chrome next_pid=1524 next_prio=120
          chrome-1524  [005] d...    87.900991: sched_stat_runtime: comm=chrome pid=1524 runtime=61265 [ns] vruntime=7657617906 [ns]
          chrome-1524  [005] d...    87.900992: sched_switch: prev_comm=chrome prev_pid=1524 prev_prio=120 prev_state=S ==> next_comm=swapper/5 next_pid=0 next_prio=120
          <idle>-0     [005] d...    87.900994: cpu_idle: state=4 cpu_id=5
          <idle>-0     [005] dN..    87.901093: cpu_idle: state=4294967295 cpu_id=5
          <idle>-0     [005] d...    87.901095: sched_switch: prev_comm=swapper/5 prev_pid=0 prev_prio=120 prev_state=R ==> next_comm=chrome next_pid=1524 next_prio=120
          chrome-1524  [005] d...    87.901115: sched_stat_runtime: comm=chrome pid=1524 runtime=45217 [ns] vruntime=7657663123 [ns]
          chrome-1524  [005] d...    87.901116: sched_switch: prev_comm=chrome prev_pid=1524 prev_prio=120 prev_state=S ==> next_comm=swapper/5 next_pid=0 next_prio=120
          <idle>-0     [005] d...    87.901117: cpu_idle: state=3 cpu_id=5
          <idle>-0     [005] dN..    87.901228: cpu_idle: state=4294967295 cpu_id=5
          <idle>-0     [005] d...    87.901229: sched_switch: prev_comm=swapper/5 prev_pid=0 prev_prio=120 prev_state=R ==> next_comm=SimpleCacheWork next_pid=2424 next_prio=120
 SimpleCacheWork-2424  [005] d...    87.901233: sched_waking: comm=SimpleCacheWork pid=2425 prio=120 target_cpu=004
 SimpleCacheWork-2424  [005] d...    87.901234: sched_wake_idle_without_ipi: cpu=4
 SimpleCacheWork-2424  [005] d...    87.901234: sched_wakeup: comm=SimpleCacheWork pid=2425 prio=120 target_cpu=004
 SimpleCacheWork-2424  [005] d...    87.901309: sched_stat_runtime: comm=SimpleCacheWork pid=2424 runtime=127591 [ns] vruntime=7655019501 [ns]
 SimpleCacheWork-2424  [005] d...    87.901310: sched_switch: prev_comm=SimpleCacheWork prev_pid=2424 prev_prio=120 prev_state=D|K ==> next_comm=swapper/5 next_pid=0 next_prio=120
          <idle>-0     [005] d...    87.901311: cpu_idle: state=1 cpu_id=5
          <idle>-0     [005] d...    87.901430: cpu_idle: state=4294967295 cpu_id=5
          <idle>-0     [005] d.s.    87.901436: sched_waking: comm=SimpleCacheWork pid=2424 prio=120 target_cpu=005
          <idle>-0     [005] d.s.    87.901437: sutil_marker: Schedutil: update-single-return: 501: 497
          <idle>-0     [005] dNs.    87.901438: sched_wakeup: comm=SimpleCacheWork pid=2424 prio=120 target_cpu=005
          <idle>-0     [005] d...    87.901440: sched_switch: prev_comm=swapper/5 prev_pid=0 prev_prio=120 prev_state=R ==> next_comm=SimpleCacheWork next_pid=2424 next_prio=120
 SimpleCacheWork-2424  [005] d...    87.901458: sched_stat_runtime: comm=SimpleCacheWork pid=2424 runtime=20556 [ns] vruntime=7655040057 [ns]
 SimpleCacheWork-2424  [005] d...    87.901458: sched_switch: prev_comm=SimpleCacheWork prev_pid=2424 prev_prio=120 prev_state=D|K ==> next_comm=swapper/5 next_pid=0 next_prio=120
          <idle>-0     [005] d...    87.901459: cpu_idle: state=1 cpu_id=5
          <idle>-0     [005] d...    87.901570: cpu_idle: state=4294967295 cpu_id=5
          <idle>-0     [005] d...    87.901573: cpu_idle: state=2 cpu_id=5
          <idle>-0     [005] d...    87.901576: cpu_idle: state=4294967295 cpu_id=5
          <idle>-0     [005] d.s.    87.901579: sched_waking: comm=SimpleCacheWork pid=2424 prio=120 target_cpu=005
          <idle>-0     [005] d.s.    87.901580: sutil_marker: Schedutil: update-single-return: 497: 497
          <idle>-0     [005] dNs.    87.901580: sched_wakeup: comm=SimpleCacheWork pid=2424 prio=120 target_cpu=005
          <idle>-0     [005] d...    87.901582: sched_switch: prev_comm=swapper/5 prev_pid=0 prev_prio=120 prev_state=R ==> next_comm=SimpleCacheWork next_pid=2424 next_prio=120
 SimpleCacheWork-2424  [005] d...    87.901615: sched_waking: comm=Chrome_IOThread pid=1860 prio=120 target_cpu=004
 SimpleCacheWork-2424  [005] d...    87.901616: sched_wake_idle_without_ipi: cpu=4
 SimpleCacheWork-2424  [005] d...    87.901616: sched_wakeup: comm=Chrome_IOThread pid=1860 prio=120 target_cpu=004
 SimpleCacheWork-2424  [005] d...    87.901620: sched_stat_runtime: comm=SimpleCacheWork pid=2424 runtime=40151 [ns] vruntime=7655080208 [ns]
 SimpleCacheWork-2424  [005] d...    87.901620: sched_switch: prev_comm=SimpleCacheWork prev_pid=2424 prev_prio=120 prev_state=S ==> next_comm=swapper/5 next_pid=0 next_prio=120
          <idle>-0     [005] d...    87.901621: cpu_idle: state=4 cpu_id=5
          <idle>-0     [005] d...    87.901919: cpu_idle: state=4294967295 cpu_id=5
          <idle>-0     [005] d.s.    87.901938: sched_waking: comm=SimpleCacheWork pid=2466 prio=120 target_cpu=003
          <idle>-0     [005] d.s.    87.901940: sched_wake_idle_without_ipi: cpu=3
          <idle>-0     [005] d.s.    87.901940: sched_wakeup: comm=SimpleCacheWork pid=2466 prio=120 target_cpu=003
          <idle>-0     [005] d...    87.901961: cpu_idle: state=4 cpu_id=5
          <idle>-0     [005] dN..    87.902126: cpu_idle: state=4294967295 cpu_id=5
          <idle>-0     [005] d...    87.902128: sched_switch: prev_comm=swapper/5 prev_pid=0 prev_prio=120 prev_state=R ==> next_comm=chrome next_pid=1524 next_prio=120
          chrome-1524  [005] d...    87.902193: sched_stat_runtime: comm=chrome pid=1524 runtime=89857 [ns] vruntime=7657752980 [ns]
          chrome-1524  [005] d...    87.902194: sched_switch: prev_comm=chrome prev_pid=1524 prev_prio=120 prev_state=S ==> next_comm=swapper/5 next_pid=0 next_prio=120
          <idle>-0     [005] d...    87.902196: cpu_idle: state=3 cpu_id=5
          <idle>-0     [005] dN..    87.902287: cpu_idle: state=4294967295 cpu_id=5
          <idle>-0     [005] d...    87.902289: sched_switch: prev_comm=swapper/5 prev_pid=0 prev_prio=120 prev_state=R ==> next_comm=SimpleCacheWork next_pid=2424 next_prio=120
 SimpleCacheWork-2424  [005] d...    87.902295: sched_waking: comm=SimpleCacheWork pid=2370 prio=120 target_cpu=000
 SimpleCacheWork-2424  [005] d...    87.902297: sched_wake_idle_without_ipi: cpu=0
 SimpleCacheWork-2424  [005] d...    87.902297: sched_wakeup: comm=SimpleCacheWork pid=2370 prio=120 target_cpu=000
 SimpleCacheWork-2424  [005] d...    87.902322: sched_stat_runtime: comm=SimpleCacheWork pid=2424 runtime=56106 [ns] vruntime=7655136314 [ns]
 SimpleCacheWork-2424  [005] d...    87.902323: sched_switch: prev_comm=SimpleCacheWork prev_pid=2424 prev_prio=120 prev_state=D|K ==> next_comm=swapper/5 next_pid=0 next_prio=120
          <idle>-0     [005] d...    87.902324: cpu_idle: state=1 cpu_id=5
          <idle>-0     [005] d...    87.902464: cpu_idle: state=4294967295 cpu_id=5
          <idle>-0     [005] d.s.    87.902472: sched_waking: comm=SimpleCacheWork pid=2424 prio=120 target_cpu=005
          <idle>-0     [005] d.s.    87.902473: sutil_marker: Schedutil: update-single-return: 497: 491
          <idle>-0     [005] dNs.    87.902474: sched_wakeup: comm=SimpleCacheWork pid=2424 prio=120 target_cpu=005
          <idle>-0     [005] d...    87.902477: sched_switch: prev_comm=swapper/5 prev_pid=0 prev_prio=120 prev_state=R ==> next_comm=SimpleCacheWork next_pid=2424 next_prio=120
 SimpleCacheWork-2424  [005] d...    87.902504: sched_stat_runtime: comm=SimpleCacheWork pid=2424 runtime=31595 [ns] vruntime=7655167909 [ns]
 SimpleCacheWork-2424  [005] d...    87.902504: sched_switch: prev_comm=SimpleCacheWork prev_pid=2424 prev_prio=120 prev_state=D|K ==> next_comm=swapper/5 next_pid=0 next_prio=120
          <idle>-0     [005] d...    87.902505: cpu_idle: state=1 cpu_id=5
          <idle>-0     [005] d...    87.902682: cpu_idle: state=4294967295 cpu_id=5
          <idle>-0     [005] d.s.    87.902686: sched_waking: comm=SimpleCacheWork pid=2424 prio=120 target_cpu=005
          <idle>-0     [005] d.s.    87.902686: sutil_marker: Schedutil: update-single-return: 491: 491
          <idle>-0     [005] dNs.    87.902686: sched_wakeup: comm=SimpleCacheWork pid=2424 prio=120 target_cpu=005
          <idle>-0     [005] d...    87.902688: sched_switch: prev_comm=swapper/5 prev_pid=0 prev_prio=120 prev_state=R ==> next_comm=SimpleCacheWork next_pid=2424 next_prio=120
 SimpleCacheWork-2424  [005] d...    87.902726: sched_waking: comm=Chrome_IOThread pid=1860 prio=120 target_cpu=004
 SimpleCacheWork-2424  [005] d...    87.902727: sched_wake_idle_without_ipi: cpu=4
 SimpleCacheWork-2424  [005] d...    87.902727: sched_wakeup: comm=Chrome_IOThread pid=1860 prio=120 target_cpu=004
 SimpleCacheWork-2424  [005] d...    87.902730: sched_stat_runtime: comm=SimpleCacheWork pid=2424 runtime=44295 [ns] vruntime=7655212204 [ns]
 SimpleCacheWork-2424  [005] d...    87.902731: sched_switch: prev_comm=SimpleCacheWork prev_pid=2424 prev_prio=120 prev_state=S ==> next_comm=swapper/5 next_pid=0 next_prio=120
          <idle>-0     [005] d...    87.902732: cpu_idle: state=4 cpu_id=5
          <idle>-0     [005] d...    87.902825: cpu_idle: state=4294967295 cpu_id=5
          <idle>-0     [005] d...    87.902879: cpu_idle: state=4 cpu_id=5
          <idle>-0     [005] d...    87.903138: cpu_idle: state=4294967295 cpu_id=5
          <idle>-0     [005] d...    87.903182: cpu_idle: state=3 cpu_id=5
          <idle>-0     [005] dN..    87.903452: cpu_idle: state=4294967295 cpu_id=5
          <idle>-0     [005] d...    87.903453: sched_switch: prev_comm=swapper/5 prev_pid=0 prev_prio=120 prev_state=R ==> next_comm=SimpleCacheWork next_pid=2424 next_prio=120
 SimpleCacheWork-2424  [005] d...    87.903457: sched_waking: comm=SimpleCacheWork pid=2425 prio=120 target_cpu=004
 SimpleCacheWork-2424  [005] d...    87.903459: sched_wake_idle_without_ipi: cpu=4
 SimpleCacheWork-2424  [005] d...    87.903459: sched_wakeup: comm=SimpleCacheWork pid=2425 prio=120 target_cpu=004
 SimpleCacheWork-2424  [005] d...    87.903506: sched_waking: comm=Chrome_IOThread pid=1860 prio=120 target_cpu=004
 SimpleCacheWork-2424  [005] d...    87.903506: sched_wake_idle_without_ipi: cpu=4
 SimpleCacheWork-2424  [005] d...    87.903506: sched_wakeup: comm=Chrome_IOThread pid=1860 prio=120 target_cpu=004
 SimpleCacheWork-2424  [005] d...    87.903509: sched_stat_runtime: comm=SimpleCacheWork pid=2424 runtime=79220 [ns] vruntime=7655291424 [ns]
 SimpleCacheWork-2424  [005] d...    87.903510: sched_switch: prev_comm=SimpleCacheWork prev_pid=2424 prev_prio=120 prev_state=S ==> next_comm=swapper/5 next_pid=0 next_prio=120
          <idle>-0     [005] d...    87.903511: cpu_idle: state=1 cpu_id=5
          <idle>-0     [005] d...    87.903526: cpu_idle: state=4294967295 cpu_id=5
          <idle>-0     [005] d...    87.903537: cpu_idle: state=4 cpu_id=5
          <idle>-0     [005] dN..    87.903706: cpu_idle: state=4294967295 cpu_id=5
          <idle>-0     [005] d...    87.903708: sched_switch: prev_comm=swapper/5 prev_pid=0 prev_prio=120 prev_state=R ==> next_comm=chrome next_pid=1524 next_prio=120
          chrome-1524  [005] d...    87.903762: sched_stat_runtime: comm=chrome pid=1524 runtime=79918 [ns] vruntime=7657832898 [ns]
          chrome-1524  [005] d...    87.903763: sched_switch: prev_comm=chrome prev_pid=1524 prev_prio=120 prev_state=S ==> next_comm=swapper/5 next_pid=0 next_prio=120
          <idle>-0     [005] d...    87.903765: cpu_idle: state=4 cpu_id=5
          <idle>-0     [005] d...    87.907527: cpu_idle: state=4294967295 cpu_id=5
          <idle>-0     [005] d...    87.907554: cpu_idle: state=6 cpu_id=5
          <idle>-0     [005] d...    87.911527: cpu_idle: state=4294967295 cpu_id=5
          <idle>-0     [005] d.s.    87.911547: sutil_marker: Schedutil: get_next_freq: 800000: 1024
          <idle>-0     [005] d.s.    87.911548: sutil_marker: Schedutil: update-single-util: 491: 411
          <idle>-0     [005] d.s.    87.911548: sutil_marker: Schedutil: update-single-boost: 491: 411
          <idle>-0     [005] d.s.    87.911548: sutil_marker: Schedutil: update-single-freq: 800000: 800000
          <idle>-0     [005] d...    87.911552: cpu_idle: state=4 cpu_id=5
          <idle>-0     [005] dN..    87.913495: cpu_idle: state=4294967295 cpu_id=5
          <idle>-0     [005] d...    87.913500: sched_switch: prev_comm=swapper/5 prev_pid=0 prev_prio=120 prev_state=R ==> next_comm=SimpleCacheWork next_pid=2424 next_prio=120
 SimpleCacheWork-2424  [005] d...    87.913514: sched_waking: comm=SimpleCacheWork pid=2370 prio=120 target_cpu=000
 SimpleCacheWork-2424  [005] d...    87.913519: sched_wake_idle_without_ipi: cpu=0
 SimpleCacheWork-2424  [005] d...    87.913519: sched_wakeup: comm=SimpleCacheWork pid=2370 prio=120 target_cpu=000
 SimpleCacheWork-2424  [005] d...    87.913717: sched_waking: comm=Chrome_IOThread pid=1860 prio=120 target_cpu=004
 SimpleCacheWork-2424  [005] d...    87.913720: sched_wake_idle_without_ipi: cpu=4
 SimpleCacheWork-2424  [005] d...    87.913721: sched_wakeup: comm=Chrome_IOThread pid=1860 prio=120 target_cpu=004
 SimpleCacheWork-2424  [005] d...    87.913729: sched_stat_runtime: comm=SimpleCacheWork pid=2424 runtime=238268 [ns] vruntime=7655529692 [ns]
 SimpleCacheWork-2424  [005] d...    87.913731: sched_switch: prev_comm=SimpleCacheWork prev_pid=2424 prev_prio=120 prev_state=S ==> next_comm=swapper/5 next_pid=0 next_prio=120
          <idle>-0     [005] d...    87.913736: cpu_idle: state=2 cpu_id=5
          <idle>-0     [005] d...    87.913812: cpu_idle: state=4294967295 cpu_id=5
          <idle>-0     [005] d.h.    87.913815: sched_waking: comm=chrome pid=1524 prio=120 target_cpu=005
          <idle>-0     [005] dNh.    87.913818: sched_wakeup: comm=chrome pid=1524 prio=120 target_cpu=005
          <idle>-0     [005] d...    87.913821: sched_switch: prev_comm=swapper/5 prev_pid=0 prev_prio=120 prev_state=R ==> next_comm=chrome next_pid=1524 next_prio=120
          chrome-1524  [005] d...    87.913978: sched_stat_runtime: comm=chrome pid=1524 runtime=161164 [ns] vruntime=7657994062 [ns]
          chrome-1524  [005] d...    87.913982: sched_switch: prev_comm=chrome prev_pid=1524 prev_prio=120 prev_state=S ==> next_comm=swapper/5 next_pid=0 next_prio=120
          <idle>-0     [005] d...    87.913985: cpu_idle: state=4 cpu_id=5
          <idle>-0     [005] d...    87.915529: cpu_idle: state=4294967295 cpu_id=5
          <idle>-0     [005] d...    87.915539: cpu_idle: state=6 cpu_id=5
          <idle>-0     [005] d...    87.917729: cpu_idle: state=4294967295 cpu_id=5
          <idle>-0     [005] d.h.    87.917734: sched_waking: comm=chrome pid=3067 prio=120 target_cpu=005
          <idle>-0     [005] d.h.    87.917738: sutil_marker: Schedutil: get_next_freq: 800000: 1024
          <idle>-0     [005] d.h.    87.917740: sutil_marker: Schedutil: update-single-util: 411: 369
          <idle>-0     [005] d.h.    87.917741: sutil_marker: Schedutil: update-single-boost: 411: 369
          <idle>-0     [005] d.h.    87.917741: sutil_marker: Schedutil: update-single-freq: 800000: 800000
          <idle>-0     [005] dNh.    87.917743: sched_wakeup: comm=chrome pid=3067 prio=120 target_cpu=005
          <idle>-0     [005] d...    87.917747: sched_switch: prev_comm=swapper/5 prev_pid=0 prev_prio=120 prev_state=R ==> next_comm=chrome next_pid=3067 next_prio=120
           <...>-3067  [005] d...    87.917816: sched_stat_runtime: comm=chrome pid=3067 runtime=79285 [ns] vruntime=7654469914 [ns]
           <...>-3067  [005] d...    87.917819: sched_switch: prev_comm=chrome prev_pid=3067 prev_prio=120 prev_state=S ==> next_comm=swapper/5 next_pid=0 next_prio=120
          <idle>-0     [005] d...    87.917824: cpu_idle: state=6 cpu_id=5
          <idle>-0     [005] d...    87.919529: cpu_idle: state=4294967295 cpu_id=5
          <idle>-0     [005] d.s.    87.919536: sutil_marker: Schedutil: get_next_freq: 800000: 1024
          <idle>-0     [005] d.s.    87.919537: sutil_marker: Schedutil: update-single-util: 369: 358
          <idle>-0     [005] d.s.    87.919538: sutil_marker: Schedutil: update-single-boost: 369: 358
          <idle>-0     [005] d.s.    87.919538: sutil_marker: Schedutil: update-single-freq: 800000: 800000
          <idle>-0     [005] d...    87.919545: cpu_idle: state=6 cpu_id=5
          <idle>-0     [005] dN..    87.921196: cpu_idle: state=4294967295 cpu_id=5
          <idle>-0     [005] d...    87.921201: sched_switch: prev_comm=swapper/5 prev_pid=0 prev_prio=120 prev_state=R ==> next_comm=chrome next_pid=1524 next_prio=120
          chrome-1524  [005] d...    87.921278: sched_stat_runtime: comm=chrome pid=1524 runtime=112448 [ns] vruntime=7658106510 [ns]
          chrome-1524  [005] d...    87.921282: sched_switch: prev_comm=chrome prev_pid=1524 prev_prio=120 prev_state=S ==> next_comm=swapper/5 next_pid=0 next_prio=120
          <idle>-0     [005] d...    87.921285: cpu_idle: state=6 cpu_id=5
          <idle>-0     [005] d...    87.923577: cpu_idle: state=4294967295 cpu_id=5
          <idle>-0     [005] d.s.    87.923606: sutil_marker: Schedutil: get_next_freq: 800000: 1024
          <idle>-0     [005] d.s.    87.923607: sutil_marker: Schedutil: update-single-util: 358: 310
          <idle>-0     [005] d.s.    87.923608: sutil_marker: Schedutil: update-single-boost: 358: 310
          <idle>-0     [005] d.s.    87.923608: sutil_marker: Schedutil: update-single-freq: 800000: 800000
          <idle>-0     [005] d...    87.923636: cpu_idle: state=6 cpu_id=5
          <idle>-0     [005] d...    87.927602: cpu_idle: state=4294967295 cpu_id=5
          <idle>-0     [005] d.s.    87.927613: sutil_marker: Schedutil: get_next_freq: 800000: 1024
          <idle>-0     [005] d.s.    87.927613: sutil_marker: Schedutil: update-single-util: 310: 285
          <idle>-0     [005] d.s.    87.927614: sutil_marker: Schedutil: update-single-boost: 310: 285
          <idle>-0     [005] d.s.    87.927614: sutil_marker: Schedutil: update-single-freq: 800000: 800000
          <idle>-0     [005] d...    87.927622: cpu_idle: state=4 cpu_id=5
          <idle>-0     [005] d...    87.928360: cpu_idle: state=4294967295 cpu_id=5
          <idle>-0     [005] d.h.    87.928365: sched_waking: comm=chrome pid=1524 prio=120 target_cpu=005
          <idle>-0     [005] d.h.    87.928368: sutil_marker: Schedutil: get_next_freq: 800000: 1024
          <idle>-0     [005] d.h.    87.928369: sutil_marker: Schedutil: update-single-util: 285: 281
          <idle>-0     [005] d.h.    87.928369: sutil_marker: Schedutil: update-single-boost: 285: 281
          <idle>-0     [005] d.h.    87.928370: sutil_marker: Schedutil: update-single-freq: 800000: 800000
          <idle>-0     [005] dNh.    87.928371: sched_wakeup: comm=chrome pid=1524 prio=120 target_cpu=005
          <idle>-0     [005] d...    87.928394: sched_switch: prev_comm=swapper/5 prev_pid=0 prev_prio=120 prev_state=R ==> next_comm=chrome next_pid=1524 next_prio=120
          chrome-1524  [005] d...    87.928856: sched_waking: comm=CompositorTileW pid=1862 prio=120 target_cpu=007
          chrome-1524  [005] d...    87.928860: sched_wake_idle_without_ipi: cpu=7
          chrome-1524  [005] d...    87.928861: sched_wakeup: comm=CompositorTileW pid=1862 prio=120 target_cpu=007
          chrome-1524  [005] d...    87.929832: sched_waking: comm=Chrome_IOThread pid=1860 prio=120 target_cpu=004
          chrome-1524  [005] d...    87.929836: sched_wake_idle_without_ipi: cpu=4
          chrome-1524  [005] d...    87.929837: sched_wakeup: comm=Chrome_IOThread pid=1860 prio=120 target_cpu=004
          chrome-1524  [005] d...    87.929932: sched_stat_runtime: comm=chrome pid=1524 runtime=1565176 [ns] vruntime=7659671686 [ns]
          chrome-1524  [005] d...    87.929934: sutil_marker: Schedutil: get_next_freq: 800000: 1024
          chrome-1524  [005] d...    87.929935: sutil_marker: Schedutil: update-single-util: 281: 304
          chrome-1524  [005] d...    87.929935: sutil_marker: Schedutil: update-single-boost: 281: 304
          chrome-1524  [005] d...    87.929936: sutil_marker: Schedutil: update-single-freq: 800000: 800000
          chrome-1524  [005] d...    87.929937: sched_switch: prev_comm=chrome prev_pid=1524 prev_prio=120 prev_state=S ==> next_comm=swapper/5 next_pid=0 next_prio=120
          <idle>-0     [005] d...    87.929942: cpu_idle: state=6 cpu_id=5
          <idle>-0     [005] d...    87.931557: cpu_idle: state=4294967295 cpu_id=5
          <idle>-0     [005] d.s.    87.931575: sutil_marker: Schedutil: get_next_freq: 800000: 1024
          <idle>-0     [005] d.s.    87.931576: sutil_marker: Schedutil: update-single-util: 304: 294
          <idle>-0     [005] d.s.    87.931577: sutil_marker: Schedutil: update-single-boost: 304: 294
          <idle>-0     [005] d.s.    87.931578: sutil_marker: Schedutil: update-single-freq: 800000: 800000
          <idle>-0     [005] d...    87.931595: cpu_idle: state=6 cpu_id=5
          <idle>-0     [005] dN..    87.931905: cpu_idle: state=4294967295 cpu_id=5
          <idle>-0     [005] d...    87.931913: sched_switch: prev_comm=swapper/5 prev_pid=0 prev_prio=120 prev_state=R ==> next_comm=chrome next_pid=1524 next_prio=120
          chrome-1524  [005] d...    87.932036: sched_stat_runtime: comm=chrome pid=1524 runtime=158990 [ns] vruntime=7659830676 [ns]
          chrome-1524  [005] d...    87.932042: sched_switch: prev_comm=chrome prev_pid=1524 prev_prio=120 prev_state=S ==> next_comm=swapper/5 next_pid=0 next_prio=120
          <idle>-0     [005] d...    87.932048: cpu_idle: state=4 cpu_id=5
          <idle>-0     [005] dN..    87.932397: cpu_idle: state=4294967295 cpu_id=5
          <idle>-0     [005] d...    87.932405: sched_switch: prev_comm=swapper/5 prev_pid=0 prev_prio=120 prev_state=R ==> next_comm=chrome next_pid=1524 next_prio=120
