       IndexedDB-1861  [005] d.h.    87.195490: sched_stat_runtime: comm=IndexedDB pid=1861 runtime=4005331 [ns] vruntime=7530731066 [ns]
       IndexedDB-1861  [005] d.h.    87.195491: sutil_marker: Schedutil: update-single-return: 592: 626
       IndexedDB-1861  [005] d.h.    87.199486: sched_stat_runtime: comm=IndexedDB pid=1861 runtime=3995556 [ns] vruntime=7534726622 [ns]
       IndexedDB-1861  [005] d.h.    87.199487: sutil_marker: Schedutil: get_next_freq: 800000: 1024
       IndexedDB-1861  [005] d.h.    87.199487: sutil_marker: Schedutil: update-single-util: 626: 658
       IndexedDB-1861  [005] d.h.    87.199487: sutil_marker: Schedutil: update-single-boost: 626: 658
       IndexedDB-1861  [005] d.h.    87.199487: sutil_marker: Schedutil: update-single-freq: 800000: 800000
       IndexedDB-1861  [005] d.h.    87.203485: sched_stat_runtime: comm=IndexedDB pid=1861 runtime=3999517 [ns] vruntime=7538726139 [ns]
       IndexedDB-1861  [005] d.h.    87.203486: sutil_marker: Schedutil: get_next_freq: 800000: 1024
       IndexedDB-1861  [005] d.h.    87.203486: sutil_marker: Schedutil: update-single-util: 658: 687
       IndexedDB-1861  [005] d.h.    87.203486: sutil_marker: Schedutil: update-single-boost: 658: 687
       IndexedDB-1861  [005] d.h.    87.203486: sutil_marker: Schedutil: update-single-freq: 800000: 800000
       IndexedDB-1861  [005] d.h.    87.207486: sched_stat_runtime: comm=IndexedDB pid=1861 runtime=4000718 [ns] vruntime=7542726857 [ns]
       IndexedDB-1861  [005] d.h.    87.207486: sutil_marker: Schedutil: get_next_freq: 800000: 1024
       IndexedDB-1861  [005] d.h.    87.207486: sutil_marker: Schedutil: update-single-util: 687: 714
       IndexedDB-1861  [005] d.h.    87.207486: sutil_marker: Schedutil: update-single-boost: 687: 714
       IndexedDB-1861  [005] d.h.    87.207486: sutil_marker: Schedutil: update-single-freq: 800000: 800000
       IndexedDB-1861  [005] d.h.    87.211487: sched_stat_runtime: comm=IndexedDB pid=1861 runtime=4000950 [ns] vruntime=7546727807 [ns]
       IndexedDB-1861  [005] d.h.    87.211488: sutil_marker: Schedutil: get_next_freq: 800000: 1024
       IndexedDB-1861  [005] d.h.    87.211488: sutil_marker: Schedutil: update-single-util: 714: 738
       IndexedDB-1861  [005] d.h.    87.211488: sutil_marker: Schedutil: update-single-boost: 714: 738
       IndexedDB-1861  [005] d.h.    87.211489: sutil_marker: Schedutil: update-single-freq: 800000: 800000
       IndexedDB-1861  [005] d.h.    87.215479: sched_stat_runtime: comm=IndexedDB pid=1861 runtime=3991992 [ns] vruntime=7550719799 [ns]
       IndexedDB-1861  [005] d.h.    87.215481: sutil_marker: Schedutil: get_next_freq: 800000: 1024
       IndexedDB-1861  [005] d.h.    87.215481: sutil_marker: Schedutil: update-single-util: 738: 761
       IndexedDB-1861  [005] d.h.    87.215482: sutil_marker: Schedutil: update-single-boost: 738: 761
       IndexedDB-1861  [005] d.h.    87.215482: sutil_marker: Schedutil: update-single-freq: 800000: 800000
       IndexedDB-1861  [005] d...    87.215667: sched_waking: comm=Chrome_IOThread pid=1860 prio=120 target_cpu=007
       IndexedDB-1861  [005] d...    87.215670: sched_wake_idle_without_ipi: cpu=7
       IndexedDB-1861  [005] d...    87.215670: sched_wakeup: comm=Chrome_IOThread pid=1860 prio=120 target_cpu=007
       IndexedDB-1861  [005] d...    87.215696: sched_stat_runtime: comm=IndexedDB pid=1861 runtime=217098 [ns] vruntime=7550936897 [ns]
       IndexedDB-1861  [005] d...    87.215698: sched_switch: prev_comm=IndexedDB prev_pid=1861 prev_prio=120 prev_state=S ==> next_comm=swapper/5 next_pid=0 next_prio=120
          <idle>-0     [005] d...    87.215701: cpu_idle: state=4 cpu_id=5
          <idle>-0     [005] dN..    87.218576: cpu_idle: state=4294967295 cpu_id=5
          <idle>-0     [005] d...    87.218580: sched_switch: prev_comm=swapper/5 prev_pid=0 prev_prio=120 prev_state=R ==> next_comm=IndexedDB next_pid=1861 next_prio=120
       IndexedDB-1861  [005] d...    87.218608: sched_stat_runtime: comm=IndexedDB pid=1861 runtime=62835 [ns] vruntime=7550999732 [ns]
       IndexedDB-1861  [005] d...    87.218610: sched_switch: prev_comm=IndexedDB prev_pid=1861 prev_prio=120 prev_state=S ==> next_comm=swapper/5 next_pid=0 next_prio=120
          <idle>-0     [005] d...    87.218613: cpu_idle: state=4 cpu_id=5
          <idle>-0     [005] dN..    87.219380: cpu_idle: state=4294967295 cpu_id=5
          <idle>-0     [005] d...    87.219386: sched_switch: prev_comm=swapper/5 prev_pid=0 prev_prio=120 prev_state=R ==> next_comm=IndexedDB next_pid=1861 next_prio=120
       IndexedDB-1861  [005] d...    87.219449: sched_waking: comm=Chrome_IOThread pid=1860 prio=120 target_cpu=007
       IndexedDB-1861  [005] d...    87.219453: sched_wake_idle_without_ipi: cpu=7
       IndexedDB-1861  [005] d...    87.219454: sched_wakeup: comm=Chrome_IOThread pid=1860 prio=120 target_cpu=007
       IndexedDB-1861  [005] d...    87.219466: sched_stat_runtime: comm=IndexedDB pid=1861 runtime=118337 [ns] vruntime=7551118069 [ns]
       IndexedDB-1861  [005] d...    87.219468: sched_switch: prev_comm=IndexedDB prev_pid=1861 prev_prio=120 prev_state=S ==> next_comm=swapper/5 next_pid=0 next_prio=120
          <idle>-0     [005] d...    87.219472: cpu_idle: state=1 cpu_id=5
          <idle>-0     [005] d...    87.219476: cpu_idle: state=4294967295 cpu_id=5
          <idle>-0     [005] d...    87.219496: cpu_idle: state=6 cpu_id=5
          <idle>-0     [005] dN..    87.219598: cpu_idle: state=4294967295 cpu_id=5
          <idle>-0     [005] d...    87.219604: sched_switch: prev_comm=swapper/5 prev_pid=0 prev_prio=120 prev_state=R ==> next_comm=IndexedDB next_pid=1861 next_prio=120
       IndexedDB-1861  [005] d...    87.219669: sched_stat_runtime: comm=IndexedDB pid=1861 runtime=101558 [ns] vruntime=7551219627 [ns]
       IndexedDB-1861  [005] d...    87.219673: sched_switch: prev_comm=IndexedDB prev_pid=1861 prev_prio=120 prev_state=S ==> next_comm=swapper/5 next_pid=0 next_prio=120
          <idle>-0     [005] d...    87.219678: cpu_idle: state=6 cpu_id=5
          <idle>-0     [005] dN..    87.219883: cpu_idle: state=4294967295 cpu_id=5
          <idle>-0     [005] d...    87.219887: sched_switch: prev_comm=swapper/5 prev_pid=0 prev_prio=120 prev_state=R ==> next_comm=IndexedDB next_pid=1861 next_prio=120
       IndexedDB-1861  [005] d...    87.219964: sched_waking: comm=Chrome_IOThread pid=1860 prio=120 target_cpu=001
       IndexedDB-1861  [005] d...    87.219968: sched_wake_idle_without_ipi: cpu=1
       IndexedDB-1861  [005] d...    87.219969: sched_wakeup: comm=Chrome_IOThread pid=1860 prio=120 target_cpu=001
       IndexedDB-1861  [005] d...    87.219983: sched_stat_runtime: comm=IndexedDB pid=1861 runtime=104252 [ns] vruntime=7551323879 [ns]
       IndexedDB-1861  [005] d...    87.219985: sched_switch: prev_comm=IndexedDB prev_pid=1861 prev_prio=120 prev_state=S ==> next_comm=swapper/5 next_pid=0 next_prio=120
          <idle>-0     [005] d...    87.219988: cpu_idle: state=4 cpu_id=5
          <idle>-0     [005] dN..    87.220236: cpu_idle: state=4294967295 cpu_id=5
          <idle>-0     [005] d...    87.220240: sched_switch: prev_comm=swapper/5 prev_pid=0 prev_prio=120 prev_state=R ==> next_comm=IndexedDB next_pid=1861 next_prio=120
       IndexedDB-1861  [005] d...    87.220288: sched_stat_runtime: comm=IndexedDB pid=1861 runtime=57605 [ns] vruntime=7551381484 [ns]
       IndexedDB-1861  [005] d...    87.220290: sutil_marker: Schedutil: get_next_freq: 800000: 1024
       IndexedDB-1861  [005] d...    87.220291: sutil_marker: Schedutil: update-single-util: 761: 702
       IndexedDB-1861  [005] d...    87.220291: sutil_marker: Schedutil: update-single-boost: 761: 702
       IndexedDB-1861  [005] d...    87.220292: sutil_marker: Schedutil: update-single-freq: 800000: 800000
       IndexedDB-1861  [005] d...    87.220293: sched_switch: prev_comm=IndexedDB prev_pid=1861 prev_prio=120 prev_state=S ==> next_comm=swapper/5 next_pid=0 next_prio=120
          <idle>-0     [005] d...    87.220297: cpu_idle: state=4 cpu_id=5
          <idle>-0     [005] dN..    87.220349: cpu_idle: state=4294967295 cpu_id=5
          <idle>-0     [005] d...    87.220352: sched_switch: prev_comm=swapper/5 prev_pid=0 prev_prio=120 prev_state=R ==> next_comm=IndexedDB next_pid=1861 next_prio=120
       IndexedDB-1861  [005] d...    87.220415: sched_waking: comm=Chrome_IOThread pid=1860 prio=120 target_cpu=001
       IndexedDB-1861  [005] d...    87.220419: sched_wake_idle_without_ipi: cpu=1
       IndexedDB-1861  [005] d...    87.220420: sched_wakeup: comm=Chrome_IOThread pid=1860 prio=120 target_cpu=001
       IndexedDB-1861  [005] d...    87.220461: sched_stat_runtime: comm=IndexedDB pid=1861 runtime=115062 [ns] vruntime=7551496546 [ns]
       IndexedDB-1861  [005] d...    87.220464: sched_switch: prev_comm=IndexedDB prev_pid=1861 prev_prio=120 prev_state=S ==> next_comm=swapper/5 next_pid=0 next_prio=120
          <idle>-0     [005] d...    87.220467: cpu_idle: state=4 cpu_id=5
          <idle>-0     [005] dN..    87.220519: cpu_idle: state=4294967295 cpu_id=5
          <idle>-0     [005] d...    87.220522: sched_switch: prev_comm=swapper/5 prev_pid=0 prev_prio=120 prev_state=R ==> next_comm=IndexedDB next_pid=1861 next_prio=120
       IndexedDB-1861  [005] d...    87.220585: sched_waking: comm=Chrome_IOThread pid=1860 prio=120 target_cpu=001
       IndexedDB-1861  [005] d...    87.220587: sched_wake_idle_without_ipi: cpu=1
       IndexedDB-1861  [005] d...    87.220588: sched_wakeup: comm=Chrome_IOThread pid=1860 prio=120 target_cpu=001
       IndexedDB-1861  [005] d...    87.220600: sched_stat_runtime: comm=IndexedDB pid=1861 runtime=84632 [ns] vruntime=7551581178 [ns]
       IndexedDB-1861  [005] d...    87.220602: sched_switch: prev_comm=IndexedDB prev_pid=1861 prev_prio=120 prev_state=S ==> next_comm=swapper/5 next_pid=0 next_prio=120
          <idle>-0     [005] d...    87.220605: cpu_idle: state=4 cpu_id=5
          <idle>-0     [005] dN..    87.221176: cpu_idle: state=4294967295 cpu_id=5
          <idle>-0     [005] d...    87.221179: sched_switch: prev_comm=swapper/5 prev_pid=0 prev_prio=120 prev_state=R ==> next_comm=IndexedDB next_pid=1861 next_prio=120
       IndexedDB-1861  [005] d...    87.221220: sched_stat_runtime: comm=IndexedDB pid=1861 runtime=47653 [ns] vruntime=7551628831 [ns]
       IndexedDB-1861  [005] d...    87.221223: sched_switch: prev_comm=IndexedDB prev_pid=1861 prev_prio=120 prev_state=S ==> next_comm=swapper/5 next_pid=0 next_prio=120
          <idle>-0     [005] d...    87.221226: cpu_idle: state=4 cpu_id=5
          <idle>-0     [005] dN..    87.221327: cpu_idle: state=4294967295 cpu_id=5
          <idle>-0     [005] d...    87.221331: sched_switch: prev_comm=swapper/5 prev_pid=0 prev_prio=120 prev_state=R ==> next_comm=IndexedDB next_pid=1861 next_prio=120
       IndexedDB-1861  [005] d...    87.221390: sched_waking: comm=Chrome_IOThread pid=1860 prio=120 target_cpu=001
       IndexedDB-1861  [005] d...    87.221393: sched_wake_idle_without_ipi: cpu=1
       IndexedDB-1861  [005] d...    87.221394: sched_wakeup: comm=Chrome_IOThread pid=1860 prio=120 target_cpu=001
       IndexedDB-1861  [005] d...    87.221406: sched_stat_runtime: comm=IndexedDB pid=1861 runtime=82345 [ns] vruntime=7551711176 [ns]
       IndexedDB-1861  [005] d...    87.221408: sutil_marker: Schedutil: get_next_freq: 800000: 1024
       IndexedDB-1861  [005] d...    87.221409: sutil_marker: Schedutil: update-single-util: 702: 693
       IndexedDB-1861  [005] d...    87.221410: sutil_marker: Schedutil: update-single-boost: 702: 693
       IndexedDB-1861  [005] d...    87.221410: sutil_marker: Schedutil: update-single-freq: 800000: 800000
       IndexedDB-1861  [005] d...    87.221412: sched_switch: prev_comm=IndexedDB prev_pid=1861 prev_prio=120 prev_state=S ==> next_comm=swapper/5 next_pid=0 next_prio=120
          <idle>-0     [005] d...    87.221415: cpu_idle: state=4 cpu_id=5
          <idle>-0     [005] dN..    87.223181: cpu_idle: state=4294967295 cpu_id=5
          <idle>-0     [005] d...    87.223186: sched_switch: prev_comm=swapper/5 prev_pid=0 prev_prio=120 prev_state=R ==> next_comm=IndexedDB next_pid=1861 next_prio=120
       IndexedDB-1861  [005] d...    87.223447: sched_waking: comm=Chrome_IOThread pid=1860 prio=120 target_cpu=001
       IndexedDB-1861  [005] d...    87.223451: sched_wake_idle_without_ipi: cpu=1
       IndexedDB-1861  [005] d...    87.223452: sched_wakeup: comm=Chrome_IOThread pid=1860 prio=120 target_cpu=001
       IndexedDB-1861  [005] d.h.    87.223482: sched_stat_runtime: comm=IndexedDB pid=1861 runtime=307223 [ns] vruntime=7552018399 [ns]
       IndexedDB-1861  [005] d.h.    87.223485: sutil_marker: Schedutil: get_next_freq: 800000: 1024
       IndexedDB-1861  [005] d.h.    87.223486: sutil_marker: Schedutil: update-single-util: 693: 670
       IndexedDB-1861  [005] d.h.    87.223487: sutil_marker: Schedutil: update-single-boost: 693: 670
       IndexedDB-1861  [005] d.h.    87.223488: sutil_marker: Schedutil: update-single-freq: 800000: 800000
       IndexedDB-1861  [005] d...    87.223647: sched_waking: comm=Chrome_IOThread pid=1860 prio=120 target_cpu=001
       IndexedDB-1861  [005] d...    87.223651: sched_wake_idle_without_ipi: cpu=1
       IndexedDB-1861  [005] d...    87.223651: sched_wakeup: comm=Chrome_IOThread pid=1860 prio=120 target_cpu=001
       IndexedDB-1861  [005] d...    87.223805: sched_waking: comm=Chrome_IOThread pid=1860 prio=120 target_cpu=001
       IndexedDB-1861  [005] d...    87.223808: sched_wake_idle_without_ipi: cpu=1
       IndexedDB-1861  [005] d...    87.223809: sched_wakeup: comm=Chrome_IOThread pid=1860 prio=120 target_cpu=001
       IndexedDB-1861  [005] d...    87.223826: sched_stat_runtime: comm=IndexedDB pid=1861 runtime=343533 [ns] vruntime=7552361932 [ns]
       IndexedDB-1861  [005] d...    87.223829: sched_switch: prev_comm=IndexedDB prev_pid=1861 prev_prio=120 prev_state=S ==> next_comm=swapper/5 next_pid=0 next_prio=120
          <idle>-0     [005] d...    87.223833: cpu_idle: state=4 cpu_id=5
          <idle>-0     [005] d...    87.227480: cpu_idle: state=4294967295 cpu_id=5
          <idle>-0     [005] d.s.    87.227496: sutil_marker: Schedutil: get_next_freq: 800000: 1024
          <idle>-0     [005] d.s.    87.227497: sutil_marker: Schedutil: update-single-util: 670: 624
          <idle>-0     [005] d.s.    87.227497: sutil_marker: Schedutil: update-single-boost: 670: 624
          <idle>-0     [005] d.s.    87.227498: sutil_marker: Schedutil: update-single-freq: 800000: 800000
          <idle>-0     [005] d...    87.227509: cpu_idle: state=6 cpu_id=5
          <idle>-0     [005] dN..    87.229822: cpu_idle: state=4294967295 cpu_id=5
          <idle>-0     [005] d...    87.229824: sched_switch: prev_comm=swapper/5 prev_pid=0 prev_prio=120 prev_state=R ==> next_comm=IndexedDB next_pid=1861 next_prio=120
       IndexedDB-1861  [005] d...    87.229920: sched_stat_runtime: comm=IndexedDB pid=1861 runtime=99568 [ns] vruntime=7552461500 [ns]
       IndexedDB-1861  [005] d...    87.229938: sched_switch: prev_comm=IndexedDB prev_pid=1861 prev_prio=120 prev_state=S ==> next_comm=swapper/5 next_pid=0 next_prio=120
          <idle>-0     [005] d...    87.229940: cpu_idle: state=4 cpu_id=5
          <idle>-0     [005] dN..    87.230776: cpu_idle: state=4294967295 cpu_id=5
          <idle>-0     [005] d...    87.230778: sched_switch: prev_comm=swapper/5 prev_pid=0 prev_prio=120 prev_state=R ==> next_comm=chrome next_pid=1896 next_prio=120
          chrome-1896  [005] d...    87.230887: sched_stat_runtime: comm=chrome pid=1896 runtime=112415 [ns] vruntime=7552573915 [ns]
          chrome-1896  [005] d...    87.230888: sched_switch: prev_comm=chrome prev_pid=1896 prev_prio=120 prev_state=S ==> next_comm=swapper/5 next_pid=0 next_prio=120
          <idle>-0     [005] d...    87.230890: cpu_idle: state=4 cpu_id=5
          <idle>-0     [005] dN..    87.231059: cpu_idle: state=4294967295 cpu_id=5
          <idle>-0     [005] d...    87.231060: sched_switch: prev_comm=swapper/5 prev_pid=0 prev_prio=120 prev_state=R ==> next_comm=chrome next_pid=1896 next_prio=120
          chrome-1896  [005] d...    87.231474: sched_waking: comm=Xorg pid=1080 prio=120 target_cpu=004
          chrome-1896  [005] d...    87.231477: sched_wake_idle_without_ipi: cpu=4
          chrome-1896  [005] d...    87.231477: sched_wakeup: comm=Xorg pid=1080 prio=120 target_cpu=004
          chrome-1896  [005] d.h.    87.231479: sched_stat_runtime: comm=chrome pid=1896 runtime=422499 [ns] vruntime=7552996414 [ns]
          chrome-1896  [005] d...    87.231521: sched_stat_runtime: comm=chrome pid=1896 runtime=41259 [ns] vruntime=7553037673 [ns]
          chrome-1896  [005] d...    87.231522: sched_switch: prev_comm=chrome prev_pid=1896 prev_prio=120 prev_state=S ==> next_comm=swapper/5 next_pid=0 next_prio=120
          <idle>-0     [005] d...    87.231523: cpu_idle: state=4 cpu_id=5
          <idle>-0     [005] dN..    87.231571: cpu_idle: state=4294967295 cpu_id=5
          <idle>-0     [005] d...    87.231573: sched_switch: prev_comm=swapper/5 prev_pid=0 prev_prio=120 prev_state=R ==> next_comm=chrome next_pid=1896 next_prio=120
          chrome-1896  [005] d...    87.231929: sched_waking: comm=Xorg pid=1080 prio=120 target_cpu=004
          chrome-1896  [005] d...    87.231931: sched_wake_idle_without_ipi: cpu=4
          chrome-1896  [005] d...    87.231931: sched_wakeup: comm=Xorg pid=1080 prio=120 target_cpu=004
          chrome-1896  [005] d...    87.231933: sched_stat_runtime: comm=chrome pid=1896 runtime=362757 [ns] vruntime=7553400430 [ns]
          chrome-1896  [005] d...    87.231933: sutil_marker: Schedutil: get_next_freq: 800000: 1024
          chrome-1896  [005] d...    87.231934: sutil_marker: Schedutil: update-single-util: 624: 650
          chrome-1896  [005] d...    87.231934: sutil_marker: Schedutil: update-single-boost: 624: 650
          chrome-1896  [005] d...    87.231934: sutil_marker: Schedutil: update-single-freq: 800000: 800000
          chrome-1896  [005] d...    87.231935: sched_switch: prev_comm=chrome prev_pid=1896 prev_prio=120 prev_state=S ==> next_comm=swapper/5 next_pid=0 next_prio=120
          <idle>-0     [005] d...    87.231953: cpu_idle: state=4 cpu_id=5
          <idle>-0     [005] dN..    87.231977: cpu_idle: state=4294967295 cpu_id=5
          <idle>-0     [005] d...    87.231978: sched_switch: prev_comm=swapper/5 prev_pid=0 prev_prio=120 prev_state=R ==> next_comm=chrome next_pid=1896 next_prio=120
          chrome-1896  [005] d...    87.231990: sched_waking: comm=Xorg pid=1080 prio=120 target_cpu=004
          chrome-1896  [005] d...    87.231991: sched_wake_idle_without_ipi: cpu=4
          chrome-1896  [005] d...    87.231991: sched_wakeup: comm=Xorg pid=1080 prio=120 target_cpu=004
          chrome-1896  [005] d...    87.231993: sched_stat_runtime: comm=chrome pid=1896 runtime=17701 [ns] vruntime=7553418131 [ns]
          chrome-1896  [005] d...    87.231994: sched_switch: prev_comm=chrome prev_pid=1896 prev_prio=120 prev_state=S ==> next_comm=swapper/5 next_pid=0 next_prio=120
          <idle>-0     [005] d...    87.231995: cpu_idle: state=4 cpu_id=5
          <idle>-0     [005] dN..    87.232072: cpu_idle: state=4294967295 cpu_id=5
          <idle>-0     [005] d...    87.232074: sched_switch: prev_comm=swapper/5 prev_pid=0 prev_prio=120 prev_state=R ==> next_comm=chrome next_pid=1896 next_prio=120
          chrome-1896  [005] d...    87.232081: sched_waking: comm=Xorg pid=1080 prio=120 target_cpu=004
          chrome-1896  [005] d...    87.232082: sched_wake_idle_without_ipi: cpu=4
          chrome-1896  [005] d...    87.232082: sched_wakeup: comm=Xorg pid=1080 prio=120 target_cpu=004
          chrome-1896  [005] d...    87.232084: sched_stat_runtime: comm=chrome pid=1896 runtime=12972 [ns] vruntime=7553431103 [ns]
          chrome-1896  [005] d...    87.232085: sched_switch: prev_comm=chrome prev_pid=1896 prev_prio=120 prev_state=S ==> next_comm=swapper/5 next_pid=0 next_prio=120
          <idle>-0     [005] d...    87.232086: cpu_idle: state=4 cpu_id=5
          <idle>-0     [005] dN..    87.232090: cpu_idle: state=4294967295 cpu_id=5
          <idle>-0     [005] d...    87.232091: sched_switch: prev_comm=swapper/5 prev_pid=0 prev_prio=120 prev_state=R ==> next_comm=chrome next_pid=1896 next_prio=120
          chrome-1896  [005] d...    87.232096: sched_waking: comm=Xorg pid=1080 prio=120 target_cpu=004
          chrome-1896  [005] d...    87.232097: sched_wake_idle_without_ipi: cpu=4
          chrome-1896  [005] d...    87.232098: sched_wakeup: comm=Xorg pid=1080 prio=120 target_cpu=004
          chrome-1896  [005] d...    87.232099: sched_stat_runtime: comm=chrome pid=1896 runtime=9442 [ns] vruntime=7553440545 [ns]
          chrome-1896  [005] d...    87.232099: sched_switch: prev_comm=chrome prev_pid=1896 prev_prio=120 prev_state=S ==> next_comm=swapper/5 next_pid=0 next_prio=120
          <idle>-0     [005] d...    87.232100: cpu_idle: state=4 cpu_id=5
          <idle>-0     [005] dN..    87.232113: cpu_idle: state=4294967295 cpu_id=5
          <idle>-0     [005] d...    87.232114: sched_switch: prev_comm=swapper/5 prev_pid=0 prev_prio=120 prev_state=R ==> next_comm=chrome next_pid=1896 next_prio=120
          chrome-1896  [005] d...    87.232125: sched_waking: comm=Chrome_ChildIOT pid=1903 prio=120 target_cpu=004
          chrome-1896  [005] d...    87.232127: sched_wake_idle_without_ipi: cpu=4
          chrome-1896  [005] d...    87.232127: sched_wakeup: comm=Chrome_ChildIOT pid=1903 prio=120 target_cpu=004
          chrome-1896  [005] d...    87.232190: sched_waking: comm=Xorg pid=1080 prio=120 target_cpu=004
          chrome-1896  [005] d...    87.232191: sched_migrate_task: comm=Xorg pid=1080 prio=120 orig_cpu=4 dest_cpu=6
          chrome-1896  [005] d...    87.232192: sutil_marker: Schedutil: attach_entity_load_avg: 0: 0
          chrome-1896  [005] d...    87.232193: sched_wake_idle_without_ipi: cpu=6
          chrome-1896  [005] d...    87.232193: sched_wakeup: comm=Xorg pid=1080 prio=120 target_cpu=006
          chrome-1896  [005] d...    87.232199: sched_stat_runtime: comm=chrome pid=1896 runtime=85784 [ns] vruntime=7553526329 [ns]
          chrome-1896  [005] d...    87.232199: sched_switch: prev_comm=chrome prev_pid=1896 prev_prio=120 prev_state=S ==> next_comm=swapper/5 next_pid=0 next_prio=120
          <idle>-0     [005] d...    87.232201: cpu_idle: state=4 cpu_id=5
          <idle>-0     [005] dN..    87.232282: cpu_idle: state=4294967295 cpu_id=5
          <idle>-0     [005] d...    87.232286: sched_switch: prev_comm=swapper/5 prev_pid=0 prev_prio=120 prev_state=R ==> next_comm=chrome next_pid=1896 next_prio=120
          chrome-1896  [005] d...    87.232303: sched_waking: comm=Chrome_ChildIOT pid=1903 prio=120 target_cpu=004
          chrome-1896  [005] d...    87.232304: sched_wake_idle_without_ipi: cpu=4
          chrome-1896  [005] d...    87.232305: sched_wakeup: comm=Chrome_ChildIOT pid=1903 prio=120 target_cpu=004
          chrome-1896  [005] d...    87.232327: sched_stat_runtime: comm=chrome pid=1896 runtime=63702 [ns] vruntime=7553590031 [ns]
          chrome-1896  [005] d...    87.232328: sched_switch: prev_comm=chrome prev_pid=1896 prev_prio=120 prev_state=S ==> next_comm=swapper/5 next_pid=0 next_prio=120
          <idle>-0     [005] d...    87.232330: cpu_idle: state=1 cpu_id=5
          <idle>-0     [005] d...    87.233319: cpu_idle: state=4294967295 cpu_id=5
          <idle>-0     [005] d...    87.233334: cpu_idle: state=1 cpu_id=5
          <idle>-0     [005] d...    87.234378: cpu_idle: state=4294967295 cpu_id=5
          <idle>-0     [005] d.h.    87.234383: sched_waking: comm=chrome pid=1896 prio=120 target_cpu=005
          <idle>-0     [005] d.h.    87.234388: sutil_marker: Schedutil: get_next_freq: 800000: 1024
          <idle>-0     [005] d.h.    87.234389: sutil_marker: Schedutil: update-single-util: 650: 621
          <idle>-0     [005] d.h.    87.234389: sutil_marker: Schedutil: update-single-boost: 650: 621
          <idle>-0     [005] d.h.    87.234389: sutil_marker: Schedutil: update-single-freq: 800000: 800000
          <idle>-0     [005] dNh.    87.234390: sched_wakeup: comm=chrome pid=1896 prio=120 target_cpu=005
          <idle>-0     [005] d...    87.234392: sched_switch: prev_comm=swapper/5 prev_pid=0 prev_prio=120 prev_state=R ==> next_comm=chrome next_pid=1896 next_prio=120
          chrome-1896  [005] d...    87.234547: sched_stat_runtime: comm=chrome pid=1896 runtime=162635 [ns] vruntime=7553752666 [ns]
          chrome-1896  [005] d...    87.234549: sched_switch: prev_comm=chrome prev_pid=1896 prev_prio=120 prev_state=S ==> next_comm=swapper/5 next_pid=0 next_prio=120
          <idle>-0     [005] d...    87.234552: cpu_idle: state=1 cpu_id=5
          <idle>-0     [005] dN..    87.235108: cpu_idle: state=4294967295 cpu_id=5
          <idle>-0     [005] d...    87.235110: sched_switch: prev_comm=swapper/5 prev_pid=0 prev_prio=120 prev_state=R ==> next_comm=IndexedDB next_pid=1861 next_prio=120
       IndexedDB-1861  [005] d...    87.235411: sched_stat_runtime: comm=IndexedDB pid=1861 runtime=321646 [ns] vruntime=7552783146 [ns]
       IndexedDB-1861  [005] d...    87.235414: sched_switch: prev_comm=IndexedDB prev_pid=1861 prev_prio=120 prev_state=S ==> next_comm=swapper/5 next_pid=0 next_prio=120
          <idle>-0     [005] d...    87.235417: cpu_idle: state=2 cpu_id=5
          <idle>-0     [005] d...    87.235478: cpu_idle: state=4294967295 cpu_id=5
          <idle>-0     [005] d...    87.235514: cpu_idle: state=6 cpu_id=5
          <idle>-0     [005] d...    87.236342: cpu_idle: state=4294967295 cpu_id=5
          <idle>-0     [005] d...    87.236356: cpu_idle: state=6 cpu_id=5
          <idle>-0     [005] dN..    87.237124: cpu_idle: state=4294967295 cpu_id=5
          <idle>-0     [005] d...    87.237126: sched_switch: prev_comm=swapper/5 prev_pid=0 prev_prio=120 prev_state=R ==> next_comm=CompositorTileW next_pid=3072 next_prio=120
           <...>-3072  [005] d...    87.237147: sched_stat_runtime: comm=CompositorTileW pid=3072 runtime=24344 [ns] vruntime=7541879798 [ns]
           <...>-3072  [005] d...    87.237148: sched_switch: prev_comm=CompositorTileW prev_pid=3072 prev_prio=120 prev_state=D|K ==> next_comm=swapper/5 next_pid=0 next_prio=120
          <idle>-0     [005] d...    87.237150: sched_switch: prev_comm=swapper/5 prev_pid=0 prev_prio=120 prev_state=R ==> next_comm=CompositorTileW next_pid=3072 next_prio=120
           <...>-3072  [005] d...    87.237154: sched_waking: comm=CompositorTileW pid=3071 prio=120 target_cpu=000
           <...>-3072  [005] d...    87.237155: sched_wake_idle_without_ipi: cpu=0
           <...>-3072  [005] d...    87.237155: sched_wakeup: comm=CompositorTileW pid=3071 prio=120 target_cpu=000
           <...>-3072  [005] d...    87.237155: sched_waking: comm=CompositorTileW pid=3073 prio=120 target_cpu=004
           <...>-3072  [005] d...    87.237156: sched_wake_idle_without_ipi: cpu=4
           <...>-3072  [005] d...    87.237156: sched_wakeup: comm=CompositorTileW pid=3073 prio=120 target_cpu=004
           <...>-3072  [005] d...    87.237175: sched_stat_runtime: comm=CompositorTileW pid=3072 runtime=26224 [ns] vruntime=7541906022 [ns]
           <...>-3072  [005] d...    87.237176: sched_switch: prev_comm=CompositorTileW prev_pid=3072 prev_prio=120 prev_state=D ==> next_comm=swapper/5 next_pid=0 next_prio=120
          <idle>-0     [005] d...    87.237177: cpu_idle: state=4 cpu_id=5
          <idle>-0     [005] dN..    87.237183: cpu_idle: state=4294967295 cpu_id=5
          <idle>-0     [005] d...    87.237184: sched_switch: prev_comm=swapper/5 prev_pid=0 prev_prio=120 prev_state=R ==> next_comm=CompositorTileW next_pid=3072 next_prio=120
           <...>-3072  [005] d...    87.237416: sched_stat_runtime: comm=CompositorTileW pid=3072 runtime=234095 [ns] vruntime=7542140117 [ns]
           <...>-3072  [005] d...    87.237418: sched_switch: prev_comm=CompositorTileW prev_pid=3072 prev_prio=120 prev_state=S ==> next_comm=swapper/5 next_pid=0 next_prio=120
          <idle>-0     [005] d...    87.237419: cpu_idle: state=4 cpu_id=5
          <idle>-0     [005] dN..    87.237434: cpu_idle: state=4294967295 cpu_id=5
          <idle>-0     [005] d...    87.237435: sched_switch: prev_comm=swapper/5 prev_pid=0 prev_prio=120 prev_state=R ==> next_comm=CompositorTileW next_pid=3071 next_prio=120
           <...>-3071  [005] d...    87.237446: sched_waking: comm=Chrome_ChildIOT pid=3068 prio=120 target_cpu=006
           <...>-3071  [005] d...    87.237454: sched_wake_idle_without_ipi: cpu=6
           <...>-3071  [005] d...    87.237454: sched_wakeup: comm=Chrome_ChildIOT pid=3068 prio=120 target_cpu=006
           <...>-3071  [005] d...    87.237470: sched_waking: comm=CompositorTileW pid=3073 prio=120 target_cpu=004
           <...>-3071  [005] d...    87.237471: sched_wake_idle_without_ipi: cpu=4
           <...>-3071  [005] d...    87.237471: sched_wakeup: comm=CompositorTileW pid=3073 prio=120 target_cpu=004
           <...>-3071  [005] d...    87.237602: sched_stat_runtime: comm=CompositorTileW pid=3071 runtime=168909 [ns] vruntime=7543850643 [ns]
           <...>-3071  [005] d...    87.237606: sched_stat_runtime: comm=Chrome_IOThread pid=1860 runtime=18847 [ns] vruntime=43852064040 [ns]
           <...>-3071  [005] d...    87.237607: sched_migrate_task: comm=chrome pid=1524 prio=120 orig_cpu=0 dest_cpu=5
           <...>-3071  [005] d...    87.237607: sched_stat_runtime: comm=CompositorTileW pid=3071 runtime=5697 [ns] vruntime=7543856340 [ns]
           <...>-3071  [005] d...    87.237608: sutil_marker: Schedutil: attach_entity_load_avg: 0: 0
           <...>-3071  [005] d...    87.237609: sched_switch: prev_comm=CompositorTileW prev_pid=3071 prev_prio=120 prev_state=S ==> next_comm=chrome next_pid=1524 next_prio=120
          chrome-1524  [005] d...    87.237868: sched_stat_runtime: comm=chrome pid=1524 runtime=260456 [ns] vruntime=7553700654 [ns]
          chrome-1524  [005] d...    87.237873: sched_switch: prev_comm=chrome prev_pid=1524 prev_prio=120 prev_state=S ==> next_comm=swapper/5 next_pid=0 next_prio=120
          <idle>-0     [005] d...    87.237875: cpu_idle: state=4 cpu_id=5
          <idle>-0     [005] dN..    87.237901: cpu_idle: state=4294967295 cpu_id=5
          <idle>-0     [005] d...    87.237903: sched_switch: prev_comm=swapper/5 prev_pid=0 prev_prio=120 prev_state=R ==> next_comm=Chrome_ChildIOT next_pid=1903 next_prio=120
 Chrome_ChildIOT-1903  [005] d...    87.237932: sched_stat_runtime: comm=Chrome_ChildIOT pid=1903 runtime=31991 [ns] vruntime=7542084688 [ns]
 Chrome_ChildIOT-1903  [005] d...    87.237933: sched_switch: prev_comm=Chrome_ChildIOT prev_pid=1903 prev_prio=120 prev_state=S ==> next_comm=swapper/5 next_pid=0 next_prio=120
          <idle>-0     [005] d...    87.237934: cpu_idle: state=4 cpu_id=5
          <idle>-0     [005] dN..    87.238034: cpu_idle: state=4294967295 cpu_id=5
          <idle>-0     [005] d...    87.238035: sched_switch: prev_comm=swapper/5 prev_pid=0 prev_prio=120 prev_state=R ==> next_comm=Chrome_ChildIOT next_pid=1903 next_prio=120
 Chrome_ChildIOT-1903  [005] d...    87.238057: sched_stat_runtime: comm=Chrome_ChildIOT pid=1903 runtime=24685 [ns] vruntime=7542109373 [ns]
 Chrome_ChildIOT-1903  [005] d...    87.238058: sched_switch: prev_comm=Chrome_ChildIOT prev_pid=1903 prev_prio=120 prev_state=S ==> next_comm=swapper/5 next_pid=0 next_prio=120
          <idle>-0     [005] d...    87.238059: cpu_idle: state=4 cpu_id=5
          <idle>-0     [005] d...    87.239119: cpu_idle: state=4294967295 cpu_id=5
          <idle>-0     [005] d.s.    87.239128: sched_waking: comm=SimpleCacheWork pid=2466 prio=120 target_cpu=002
          <idle>-0     [005] d.s.    87.239130: sched_wake_idle_without_ipi: cpu=2
          <idle>-0     [005] d.s.    87.239130: sched_wakeup: comm=SimpleCacheWork pid=2466 prio=120 target_cpu=002
          <idle>-0     [005] d...    87.239135: cpu_idle: state=3 cpu_id=5
          <idle>-0     [005] d...    87.239251: cpu_idle: state=4294967295 cpu_id=5
          <idle>-0     [005] d.s.    87.239256: sched_waking: comm=SimpleCacheWork pid=2466 prio=120 target_cpu=002
          <idle>-0     [005] d.s.    87.239257: sched_wake_idle_without_ipi: cpu=2
          <idle>-0     [005] d.s.    87.239257: sched_wakeup: comm=SimpleCacheWork pid=2466 prio=120 target_cpu=002
          <idle>-0     [005] d...    87.239259: cpu_idle: state=3 cpu_id=5
          <idle>-0     [005] dN..    87.239357: cpu_idle: state=4294967295 cpu_id=5
          <idle>-0     [005] d...    87.239359: sched_switch: prev_comm=swapper/5 prev_pid=0 prev_prio=120 prev_state=R ==> next_comm=WorkerPool/1818 next_pid=1818 next_prio=120
           <...>-1818  [005] d...    87.239380: sched_stat_runtime: comm=WorkerPool/1818 pid=1818 runtime=24261 [ns] vruntime=7541776927 [ns]
           <...>-1818  [005] d...    87.239385: sched_switch: prev_comm=WorkerPool/1818 prev_pid=1818 prev_prio=120 prev_state=S ==> next_comm=swapper/5 next_pid=0 next_prio=120
          <idle>-0     [005] d...    87.239387: cpu_idle: state=2 cpu_id=5
          <idle>-0     [005] d...    87.239410: cpu_idle: state=4294967295 cpu_id=5
          <idle>-0     [005] d...    87.239412: cpu_idle: state=2 cpu_id=5
          <idle>-0     [005] d...    87.239477: cpu_idle: state=4294967295 cpu_id=5
          <idle>-0     [005] d...    87.239483: cpu_idle: state=2 cpu_id=5
          <idle>-0     [005] d...    87.243478: cpu_idle: state=4294967295 cpu_id=5
          <idle>-0     [005] d.s.    87.243484: sutil_marker: Schedutil: get_next_freq: 800000: 1024
          <idle>-0     [005] d.s.    87.243485: sutil_marker: Schedutil: update-single-util: 621: 469
          <idle>-0     [005] d.s.    87.243485: sutil_marker: Schedutil: update-single-boost: 621: 469
          <idle>-0     [005] d.s.    87.243485: sutil_marker: Schedutil: update-single-freq: 800000: 800000
          <idle>-0     [005] d...    87.243489: cpu_idle: state=2 cpu_id=5
          <idle>-0     [005] d...    87.247480: cpu_idle: state=4294967295 cpu_id=5
          <idle>-0     [005] d.s.    87.247491: sutil_marker: Schedutil: get_next_freq: 800000: 1024
          <idle>-0     [005] d.s.    87.247491: sutil_marker: Schedutil: update-single-util: 469: 432
          <idle>-0     [005] d.s.    87.247492: sutil_marker: Schedutil: update-single-boost: 469: 432
          <idle>-0     [005] d.s.    87.247492: sutil_marker: Schedutil: update-single-freq: 800000: 800000
          <idle>-0     [005] d...    87.247502: cpu_idle: state=6 cpu_id=5
          <idle>-0     [005] dN..    87.247779: cpu_idle: state=4294967295 cpu_id=5
          <idle>-0     [005] d...    87.247783: sched_switch: prev_comm=swapper/5 prev_pid=0 prev_prio=120 prev_state=R ==> next_comm=Chrome_ChildIOT next_pid=1903 next_prio=120
 Chrome_ChildIOT-1903  [005] d...    87.247842: sched_waking: comm=chrome pid=1896 prio=120 target_cpu=002
 Chrome_ChildIOT-1903  [005] d...    87.247845: sched_migrate_task: comm=chrome pid=1896 prio=120 orig_cpu=2 dest_cpu=3
 Chrome_ChildIOT-1903  [005] d...    87.247847: sutil_marker: Schedutil: attach_entity_load_avg: 0: 0
 Chrome_ChildIOT-1903  [005] d...    87.247849: sched_wake_idle_without_ipi: cpu=3
 Chrome_ChildIOT-1903  [005] d...    87.247849: sched_wakeup: comm=chrome pid=1896 prio=120 target_cpu=003
 Chrome_ChildIOT-1903  [005] d...    87.247865: sched_stat_runtime: comm=Chrome_ChildIOT pid=1903 runtime=89490 [ns] vruntime=7542198863 [ns]
 Chrome_ChildIOT-1903  [005] d...    87.247867: sched_switch: prev_comm=Chrome_ChildIOT prev_pid=1903 prev_prio=120 prev_state=S ==> next_comm=swapper/5 next_pid=0 next_prio=120
          <idle>-0     [005] d...    87.247871: cpu_idle: state=6 cpu_id=5
          <idle>-0     [005] dN..    87.248415: cpu_idle: state=4294967295 cpu_id=5
          <idle>-0     [005] d...    87.248419: sched_switch: prev_comm=swapper/5 prev_pid=0 prev_prio=120 prev_state=R ==> next_comm=Chrome_ChildIOT next_pid=1903 next_prio=120
 Chrome_ChildIOT-1903  [005] d...    87.248458: sched_waking: comm=chrome pid=1896 prio=120 target_cpu=003
 Chrome_ChildIOT-1903  [005] d...    87.248462: sched_wake_idle_without_ipi: cpu=3
 Chrome_ChildIOT-1903  [005] d...    87.248462: sched_wakeup: comm=chrome pid=1896 prio=120 target_cpu=003
 Chrome_ChildIOT-1903  [005] d...    87.248487: sched_stat_runtime: comm=Chrome_ChildIOT pid=1903 runtime=75385 [ns] vruntime=7542274248 [ns]
 Chrome_ChildIOT-1903  [005] d...    87.248489: sched_switch: prev_comm=Chrome_ChildIOT prev_pid=1903 prev_prio=120 prev_state=S ==> next_comm=swapper/5 next_pid=0 next_prio=120
          <idle>-0     [005] d...    87.248493: cpu_idle: state=6 cpu_id=5
          <idle>-0     [005] dN..    87.250036: cpu_idle: state=4294967295 cpu_id=5
          <idle>-0     [005] d...    87.250041: sched_switch: prev_comm=swapper/5 prev_pid=0 prev_prio=120 prev_state=R ==> next_comm=Chrome_ChildIOT next_pid=1903 next_prio=120
 Chrome_ChildIOT-1903  [005] d...    87.250076: sched_waking: comm=Chrome_IOThread pid=1860 prio=120 target_cpu=004
 Chrome_ChildIOT-1903  [005] d...    87.250079: sched_wake_idle_without_ipi: cpu=4
 Chrome_ChildIOT-1903  [005] d...    87.250080: sched_wakeup: comm=Chrome_IOThread pid=1860 prio=120 target_cpu=004
 Chrome_ChildIOT-1903  [005] d...    87.250094: sched_stat_runtime: comm=Chrome_ChildIOT pid=1903 runtime=61549 [ns] vruntime=7542335797 [ns]
 Chrome_ChildIOT-1903  [005] d...    87.250097: sched_switch: prev_comm=Chrome_ChildIOT prev_pid=1903 prev_prio=120 prev_state=S ==> next_comm=swapper/5 next_pid=0 next_prio=120
          <idle>-0     [005] d...    87.250104: cpu_idle: state=4 cpu_id=5
          <idle>-0     [005] dN..    87.250231: cpu_idle: state=4294967295 cpu_id=5
          <idle>-0     [005] d...    87.250235: sched_switch: prev_comm=swapper/5 prev_pid=0 prev_prio=120 prev_state=R ==> next_comm=Chrome_ChildIOT next_pid=1903 next_prio=120
 Chrome_ChildIOT-1903  [005] d...    87.250263: sched_waking: comm=Chrome_IOThread pid=1860 prio=120 target_cpu=004
 Chrome_ChildIOT-1903  [005] d...    87.250265: sched_wake_idle_without_ipi: cpu=4
 Chrome_ChildIOT-1903  [005] d...    87.250266: sched_wakeup: comm=Chrome_IOThread pid=1860 prio=120 target_cpu=004
 Chrome_ChildIOT-1903  [005] d...    87.250276: sched_stat_runtime: comm=Chrome_ChildIOT pid=1903 runtime=47982 [ns] vruntime=7542383779 [ns]
 Chrome_ChildIOT-1903  [005] d...    87.250278: sched_switch: prev_comm=Chrome_ChildIOT prev_pid=1903 prev_prio=120 prev_state=S ==> next_comm=swapper/5 next_pid=0 next_prio=120
          <idle>-0     [005] d...    87.250282: cpu_idle: state=4 cpu_id=5
          <idle>-0     [005] d...    87.251482: cpu_idle: state=4294967295 cpu_id=5
          <idle>-0     [005] d.s.    87.251497: sutil_marker: Schedutil: get_next_freq: 800000: 1024
          <idle>-0     [005] d.s.    87.251498: sutil_marker: Schedutil: update-single-util: 432: 403
          <idle>-0     [005] d.s.    87.251498: sutil_marker: Schedutil: update-single-boost: 432: 403
          <idle>-0     [005] d.s.    87.251498: sutil_marker: Schedutil: update-single-freq: 800000: 800000
          <idle>-0     [005] d...    87.251511: cpu_idle: state=6 cpu_id=5
          <idle>-0     [005] dN..    87.253191: cpu_idle: state=4294967295 cpu_id=5
          <idle>-0     [005] d...    87.253197: sched_switch: prev_comm=swapper/5 prev_pid=0 prev_prio=120 prev_state=R ==> next_comm=Chrome_HistoryT next_pid=1897 next_prio=120
           <...>-1897  [005] d...    87.254054: sched_waking: comm=Chrome_IOThread pid=1860 prio=120 target_cpu=004
           <...>-1897  [005] d...    87.254058: sched_wake_idle_without_ipi: cpu=4
           <...>-1897  [005] d...    87.254059: sched_wakeup: comm=Chrome_IOThread pid=1860 prio=120 target_cpu=004
           <...>-1897  [005] d...    87.254079: sched_waking: comm=chrome pid=1524 prio=120 target_cpu=007
           <...>-1897  [005] d...    87.254081: sched_wake_idle_without_ipi: cpu=7
           <...>-1897  [005] d...    87.254082: sched_wakeup: comm=chrome pid=1524 prio=120 target_cpu=007
           <...>-1897  [005] d...    87.254779: sched_stat_runtime: comm=Chrome_HistoryT pid=1897 runtime=1593569 [ns] vruntime=7543346235 [ns]
           <...>-1897  [005] d...    87.254782: sutil_marker: Schedutil: get_next_freq: 800000: 1024
           <...>-1897  [005] d...    87.254783: sutil_marker: Schedutil: update-single-util: 403: 410
           <...>-1897  [005] d...    87.254783: sutil_marker: Schedutil: update-single-boost: 403: 410
           <...>-1897  [005] d...    87.254783: sutil_marker: Schedutil: update-single-freq: 800000: 800000
           <...>-1897  [005] d...    87.254794: sched_switch: prev_comm=Chrome_HistoryT prev_pid=1897 prev_prio=120 prev_state=D ==> next_comm=swapper/5 next_pid=0 next_prio=120
          <idle>-0     [005] d...    87.254801: sched_switch: prev_comm=swapper/5 prev_pid=0 prev_prio=120 prev_state=R ==> next_comm=Chrome_HistoryT next_pid=1897 next_prio=120
           <...>-1897  [005] d...    87.254845: sched_waking: comm=chrome pid=1524 prio=120 target_cpu=007
           <...>-1897  [005] d...    87.254849: sched_wake_idle_without_ipi: cpu=7
           <...>-1897  [005] d...    87.254849: sched_wakeup: comm=chrome pid=1524 prio=120 target_cpu=007
           <...>-1897  [005] d.h.    87.255488: sched_stat_runtime: comm=Chrome_HistoryT pid=1897 runtime=690273 [ns] vruntime=7544036508 [ns]
           <...>-1897  [005] d.h.    87.255491: sutil_marker: Schedutil: get_next_freq: 800000: 1024
           <...>-1897  [005] d.h.    87.255492: sutil_marker: Schedutil: update-single-util: 410: 406
           <...>-1897  [005] d.h.    87.255492: sutil_marker: Schedutil: update-single-boost: 410: 406
           <...>-1897  [005] d.h.    87.255493: sutil_marker: Schedutil: update-single-freq: 800000: 800000
           <...>-1897  [005] d...    87.255843: sched_waking: comm=chrome pid=1524 prio=120 target_cpu=000
           <...>-1897  [005] d...    87.255850: sched_wake_idle_without_ipi: cpu=0
           <...>-1897  [005] d...    87.255851: sched_wakeup: comm=chrome pid=1524 prio=120 target_cpu=000
           <...>-1897  [005] d...    87.257029: sched_waking: comm=chrome pid=1524 prio=120 target_cpu=000
           <...>-1897  [005] d...    87.257036: sched_wake_idle_without_ipi: cpu=0
           <...>-1897  [005] d...    87.257037: sched_wakeup: comm=chrome pid=1524 prio=120 target_cpu=000
           <...>-1897  [005] d...    87.257222: sched_stat_runtime: comm=Chrome_HistoryT pid=1897 runtime=1733411 [ns] vruntime=7545769919 [ns]
           <...>-1897  [005] d...    87.257226: sutil_marker: Schedutil: get_next_freq: 800000: 1024
           <...>-1897  [005] d...    87.257227: sutil_marker: Schedutil: update-single-util: 406: 428
           <...>-1897  [005] d...    87.257227: sutil_marker: Schedutil: update-single-boost: 406: 428
           <...>-1897  [005] d...    87.257228: sutil_marker: Schedutil: update-single-freq: 800000: 800000
           <...>-1897  [005] d...    87.257232: sched_switch: prev_comm=Chrome_HistoryT prev_pid=1897 prev_prio=120 prev_state=D|K ==> next_comm=swapper/5 next_pid=0 next_prio=120
          <idle>-0     [005] d...    87.257239: cpu_idle: state=2 cpu_id=5
          <idle>-0     [005] d...    87.257424: cpu_idle: state=4294967295 cpu_id=5
          <idle>-0     [005] d.s.    87.257442: sched_waking: comm=Chrome_HistoryT pid=1897 prio=120 target_cpu=005
          <idle>-0     [005] d.s.    87.257444: sutil_marker: Schedutil: get_next_freq: 800000: 4000000
          <idle>-0     [005] d.s.    87.257445: sutil_marker: Schedutil: update-single-util: 428: 428
          <idle>-0     [005] d.s.    87.257446: sutil_marker: Schedutil: update-single-boost: 428: 4000000
          <idle>-0     [005] d.s.    87.257446: sutil_marker: Schedutil: update-single-freq: 800000: 1000000
          <idle>-0     [005] d.s.    87.257450: cpu_frequency: state=1000000 cpu_id=5
          <idle>-0     [005] dNs.    87.257452: sched_wakeup: comm=Chrome_HistoryT pid=1897 prio=120 target_cpu=005
          <idle>-0     [005] d...    87.257466: sched_switch: prev_comm=swapper/5 prev_pid=0 prev_prio=120 prev_state=R ==> next_comm=Chrome_HistoryT next_pid=1897 next_prio=120
           <...>-1897  [005] d...    87.258121: sched_stat_runtime: comm=Chrome_HistoryT pid=1897 runtime=675874 [ns] vruntime=7546445793 [ns]
           <...>-1897  [005] d...    87.258125: sutil_marker: Schedutil: update-single-return: 428: 434
           <...>-1897  [005] d...    87.258127: sched_switch: prev_comm=Chrome_HistoryT prev_pid=1897 prev_prio=120 prev_state=D ==> next_comm=swapper/5 next_pid=0 next_prio=120
          <idle>-0     [005] d...    87.258137: cpu_idle: state=4 cpu_id=5
          <idle>-0     [005] dN..    87.258144: cpu_idle: state=4294967295 cpu_id=5
          <idle>-0     [005] d...    87.258148: sched_switch: prev_comm=swapper/5 prev_pid=0 prev_prio=120 prev_state=R ==> next_comm=Chrome_HistoryT next_pid=1897 next_prio=120
           <...>-1897  [005] d...    87.259260: sched_stat_runtime: comm=Chrome_HistoryT pid=1897 runtime=1120843 [ns] vruntime=7547566636 [ns]
           <...>-1897  [005] d...    87.259263: sutil_marker: Schedutil: update-single-return: 434: 448
           <...>-1897  [005] d...    87.259266: sched_switch: prev_comm=Chrome_HistoryT prev_pid=1897 prev_prio=120 prev_state=D ==> next_comm=swapper/5 next_pid=0 next_prio=120
          <idle>-0     [005] d...    87.259274: sched_switch: prev_comm=swapper/5 prev_pid=0 prev_prio=120 prev_state=R ==> next_comm=Chrome_HistoryT next_pid=1897 next_prio=120
           <...>-1897  [005] d.h.    87.259485: sched_stat_runtime: comm=Chrome_HistoryT pid=1897 runtime=215133 [ns] vruntime=7547781769 [ns]
           <...>-1897  [005] d...    87.259623: sched_stat_runtime: comm=Chrome_HistoryT pid=1897 runtime=137943 [ns] vruntime=7547919712 [ns]
           <...>-1897  [005] d...    87.259627: sched_switch: prev_comm=Chrome_HistoryT prev_pid=1897 prev_prio=120 prev_state=D ==> next_comm=swapper/5 next_pid=0 next_prio=120
          <idle>-0     [005] d...    87.259641: cpu_idle: state=6 cpu_id=5
          <idle>-0     [005] dN..    87.259648: cpu_idle: state=4294967295 cpu_id=5
          <idle>-0     [005] d...    87.259653: sched_switch: prev_comm=swapper/5 prev_pid=0 prev_prio=120 prev_state=R ==> next_comm=Chrome_HistoryT next_pid=1897 next_prio=120
           <...>-1897  [005] d...    87.259722: sched_waking: comm=chrome pid=1524 prio=120 target_cpu=000
           <...>-1897  [005] d...    87.259728: sched_wake_idle_without_ipi: cpu=0
           <...>-1897  [005] d...    87.259729: sched_wakeup: comm=chrome pid=1524 prio=120 target_cpu=000
           <...>-1897  [005] d...    87.259819: sched_stat_runtime: comm=Chrome_HistoryT pid=1897 runtime=175368 [ns] vruntime=7548095080 [ns]
           <...>-1897  [005] d...    87.259823: sched_switch: prev_comm=Chrome_HistoryT prev_pid=1897 prev_prio=120 prev_state=D|K ==> next_comm=swapper/5 next_pid=0 next_prio=120
          <idle>-0     [005] d...    87.259832: cpu_idle: state=2 cpu_id=5
          <idle>-0     [005] d...    87.259942: cpu_idle: state=4294967295 cpu_id=5
          <idle>-0     [005] d...    87.259951: cpu_idle: state=2 cpu_id=5
          <idle>-0     [005] d...    87.260008: cpu_idle: state=4294967295 cpu_id=5
          <idle>-0     [005] d.s.    87.260025: sched_waking: comm=Chrome_HistoryT pid=1897 prio=120 target_cpu=005
          <idle>-0     [005] d.s.    87.260027: sutil_marker: Schedutil: update-single-return: 448: 448
          <idle>-0     [005] dNs.    87.260030: sched_wakeup: comm=Chrome_HistoryT pid=1897 prio=120 target_cpu=005
          <idle>-0     [005] d...    87.260042: sched_switch: prev_comm=swapper/5 prev_pid=0 prev_prio=120 prev_state=R ==> next_comm=Chrome_HistoryT next_pid=1897 next_prio=120
           <...>-1897  [005] d...    87.260125: sched_stat_runtime: comm=Chrome_HistoryT pid=1897 runtime=97872 [ns] vruntime=7548192952 [ns]
           <...>-1897  [005] d...    87.260128: sched_switch: prev_comm=Chrome_HistoryT prev_pid=1897 prev_prio=120 prev_state=D|K ==> next_comm=swapper/5 next_pid=0 next_prio=120
          <idle>-0     [005] d...    87.260136: cpu_idle: state=2 cpu_id=5
          <idle>-0     [005] d...    87.260174: cpu_idle: state=4294967295 cpu_id=5
          <idle>-0     [005] d...    87.260180: cpu_idle: state=2 cpu_id=5
          <idle>-0     [005] d...    87.260523: cpu_idle: state=4294967295 cpu_id=5
          <idle>-0     [005] d.s.    87.260536: sched_waking: comm=Chrome_HistoryT pid=1897 prio=120 target_cpu=005
          <idle>-0     [005] d.s.    87.260538: sutil_marker: Schedutil: update-single-return: 448: 448
          <idle>-0     [005] d.s.    87.260541: sutil_marker: Schedutil: update-single-return: 448: 449
          <idle>-0     [005] dNs.    87.260542: sched_wakeup: comm=Chrome_HistoryT pid=1897 prio=120 target_cpu=005
          <idle>-0     [005] d...    87.260564: sched_switch: prev_comm=swapper/5 prev_pid=0 prev_prio=120 prev_state=R ==> next_comm=Chrome_HistoryT next_pid=1897 next_prio=120
           <...>-1897  [005] d...    87.260646: sched_stat_runtime: comm=Chrome_HistoryT pid=1897 runtime=107931 [ns] vruntime=7548300883 [ns]
           <...>-1897  [005] d...    87.260649: sched_switch: prev_comm=Chrome_HistoryT prev_pid=1897 prev_prio=120 prev_state=D|K ==> next_comm=swapper/5 next_pid=0 next_prio=120
          <idle>-0     [005] d...    87.260656: cpu_idle: state=2 cpu_id=5
          <idle>-0     [005] d...    87.261080: cpu_idle: state=4294967295 cpu_id=5
