          <idle>-0     [005] d.s.    87.261096: sched_waking: comm=Chrome_HistoryT pid=1897 prio=120 target_cpu=005
          <idle>-0     [005] d.s.    87.261098: sutil_marker: Schedutil: update-single-return: 449: 449
          <idle>-0     [005] dNs.    87.261100: sched_wakeup: comm=Chrome_HistoryT pid=1897 prio=120 target_cpu=005
          <idle>-0     [005] d...    87.261111: sched_switch: prev_comm=swapper/5 prev_pid=0 prev_prio=120 prev_state=R ==> next_comm=Chrome_HistoryT next_pid=1897 next_prio=120
           <...>-1897  [005] d...    87.261221: sched_stat_runtime: comm=Chrome_HistoryT pid=1897 runtime=122907 [ns] vruntime=7548423790 [ns]
           <...>-1897  [005] d...    87.261224: sutil_marker: Schedutil: update-single-return: 449: 448
           <...>-1897  [005] d...    87.261227: sched_switch: prev_comm=Chrome_HistoryT prev_pid=1897 prev_prio=120 prev_state=D|K ==> next_comm=swapper/5 next_pid=0 next_prio=120
          <idle>-0     [005] d...    87.261234: cpu_idle: state=2 cpu_id=5
          <idle>-0     [005] d...    87.261329: cpu_idle: state=4294967295 cpu_id=5
          <idle>-0     [005] d.s.    87.261344: sched_waking: comm=Chrome_HistoryT pid=1897 prio=120 target_cpu=005
          <idle>-0     [005] d.s.    87.261346: sutil_marker: Schedutil: update-single-return: 448: 448
          <idle>-0     [005] dNs.    87.261348: sched_wakeup: comm=Chrome_HistoryT pid=1897 prio=120 target_cpu=005
          <idle>-0     [005] d...    87.261358: sched_switch: prev_comm=swapper/5 prev_pid=0 prev_prio=120 prev_state=R ==> next_comm=Chrome_HistoryT next_pid=1897 next_prio=120
           <...>-1897  [005] d...    87.261425: sched_stat_runtime: comm=Chrome_HistoryT pid=1897 runtime=78574 [ns] vruntime=7548502364 [ns]
           <...>-1897  [005] d...    87.261428: sched_switch: prev_comm=Chrome_HistoryT prev_pid=1897 prev_prio=120 prev_state=D|K ==> next_comm=swapper/5 next_pid=0 next_prio=120
          <idle>-0     [005] d...    87.261435: cpu_idle: state=2 cpu_id=5
          <idle>-0     [005] d...    87.261829: cpu_idle: state=4294967295 cpu_id=5
          <idle>-0     [005] d.s.    87.261845: sched_waking: comm=Chrome_HistoryT pid=1897 prio=120 target_cpu=005
          <idle>-0     [005] d.s.    87.261847: sutil_marker: Schedutil: update-single-return: 448: 448
          <idle>-0     [005] dNs.    87.261849: sched_wakeup: comm=Chrome_HistoryT pid=1897 prio=120 target_cpu=005
          <idle>-0     [005] d...    87.261859: sched_switch: prev_comm=swapper/5 prev_pid=0 prev_prio=120 prev_state=R ==> next_comm=Chrome_HistoryT next_pid=1897 next_prio=120
           <...>-1897  [005] d...    87.262734: sched_waking: comm=chrome pid=1524 prio=120 target_cpu=000
           <...>-1897  [005] d...    87.262741: sched_wake_idle_without_ipi: cpu=0
           <...>-1897  [005] d...    87.262741: sched_wakeup: comm=chrome pid=1524 prio=120 target_cpu=000
           <...>-1897  [005] d.h.    87.263485: sched_stat_runtime: comm=Chrome_HistoryT pid=1897 runtime=1637213 [ns] vruntime=7550139577 [ns]
           <...>-1897  [005] d.h.    87.263488: sutil_marker: Schedutil: update-single-return: 448: 463
           <...>-1897  [005] d.s.    87.263499: sched_waking: comm=rcu_sched pid=8 prio=120 target_cpu=006
           <...>-1897  [005] d.s.    87.263502: sched_migrate_task: comm=rcu_sched pid=8 prio=120 orig_cpu=6 dest_cpu=7
           <...>-1897  [005] d.s.    87.263505: sutil_marker: Schedutil: attach_entity_load_avg: 0: 0
           <...>-1897  [005] d.s.    87.263506: sched_wake_idle_without_ipi: cpu=7
           <...>-1897  [005] d.s.    87.263507: sched_wakeup: comm=rcu_sched pid=8 prio=120 target_cpu=007
           <...>-1897  [005] d...    87.263710: sched_waking: comm=chrome pid=1524 prio=120 target_cpu=000
           <...>-1897  [005] d...    87.263716: sched_wake_idle_without_ipi: cpu=0
           <...>-1897  [005] d...    87.263717: sched_wakeup: comm=chrome pid=1524 prio=120 target_cpu=000
           <...>-1897  [005] d...    87.263733: sched_stat_runtime: comm=Chrome_HistoryT pid=1897 runtime=248692 [ns] vruntime=7550388269 [ns]
           <...>-1897  [005] d...    87.263737: sched_switch: prev_comm=Chrome_HistoryT prev_pid=1897 prev_prio=120 prev_state=S ==> next_comm=swapper/5 next_pid=0 next_prio=120
          <idle>-0     [005] d...    87.263746: cpu_idle: state=6 cpu_id=5
          <idle>-0     [005] dN..    87.270361: cpu_idle: state=4294967295 cpu_id=5
          <idle>-0     [005] d...    87.270364: sched_switch: prev_comm=swapper/5 prev_pid=0 prev_prio=120 prev_state=R ==> next_comm=Chrome_CacheThr next_pid=1859 next_prio=120
           <...>-1859  [005] d...    87.270404: sched_stat_runtime: comm=Chrome_CacheThr pid=1859 runtime=67271 [ns] vruntime=7541819937 [ns]
           <...>-1859  [005] d...    87.270404: sched_switch: prev_comm=Chrome_CacheThr prev_pid=1859 prev_prio=120 prev_state=S ==> next_comm=swapper/5 next_pid=0 next_prio=120
          <idle>-0     [005] d...    87.270406: cpu_idle: state=4 cpu_id=5
          <idle>-0     [005] dN..    87.270548: cpu_idle: state=4294967295 cpu_id=5
          <idle>-0     [005] d...    87.270550: sched_switch: prev_comm=swapper/5 prev_pid=0 prev_prio=120 prev_state=R ==> next_comm=Chrome_CacheThr next_pid=1859 next_prio=120
           <...>-1859  [005] d...    87.270669: sched_stat_runtime: comm=Chrome_CacheThr pid=1859 runtime=128052 [ns] vruntime=7541947989 [ns]
           <...>-1859  [005] d...    87.270670: sutil_marker: Schedutil: get_next_freq: 1000000: 1024
           <...>-1859  [005] d...    87.270671: sutil_marker: Schedutil: update-single-util: 463: 408
           <...>-1859  [005] d...    87.270671: sutil_marker: Schedutil: update-single-boost: 463: 408
           <...>-1859  [005] d...    87.270671: sutil_marker: Schedutil: update-single-freq: 1000000: 800000
           <...>-1859  [005] d...    87.270672: cpu_frequency: state=800000 cpu_id=5
           <...>-1859  [005] d...    87.270672: sched_switch: prev_comm=Chrome_CacheThr prev_pid=1859 prev_prio=120 prev_state=S ==> next_comm=swapper/5 next_pid=0 next_prio=120
          <idle>-0     [005] d...    87.270674: cpu_idle: state=4 cpu_id=5
          <idle>-0     [005] d...    87.271481: cpu_idle: state=4294967295 cpu_id=5
          <idle>-0     [005] d...    87.271503: cpu_idle: state=6 cpu_id=5
          <idle>-0     [005] d...    87.275480: cpu_idle: state=4294967295 cpu_id=5
          <idle>-0     [005] d.s.    87.275483: sutil_marker: Schedutil: update-single-return: 408: 369
          <idle>-0     [005] d...    87.275485: cpu_idle: state=6 cpu_id=5
          <idle>-0     [005] d...    87.279485: cpu_idle: state=4294967295 cpu_id=5
          <idle>-0     [005] d.s.    87.279494: sutil_marker: Schedutil: update-single-return: 369: 340
          <idle>-0     [005] d...    87.279505: cpu_idle: state=6 cpu_id=5
          <idle>-0     [005] d...    87.283483: cpu_idle: state=4294967295 cpu_id=5
          <idle>-0     [005] d.s.    87.283494: sutil_marker: Schedutil: get_next_freq: 800000: 1024
          <idle>-0     [005] d.s.    87.283495: sutil_marker: Schedutil: update-single-util: 340: 313
          <idle>-0     [005] d.s.    87.283496: sutil_marker: Schedutil: update-single-boost: 340: 313
          <idle>-0     [005] d.s.    87.283497: sutil_marker: Schedutil: update-single-freq: 800000: 800000
          <idle>-0     [005] d...    87.283504: cpu_idle: state=6 cpu_id=5
          <idle>-0     [005] d...    87.287498: cpu_idle: state=4294967295 cpu_id=5
          <idle>-0     [005] d.s.    87.287510: sutil_marker: Schedutil: get_next_freq: 800000: 1024
          <idle>-0     [005] d.s.    87.287511: sutil_marker: Schedutil: update-single-util: 313: 288
          <idle>-0     [005] d.s.    87.287511: sutil_marker: Schedutil: update-single-boost: 313: 288
          <idle>-0     [005] d.s.    87.287512: sutil_marker: Schedutil: update-single-freq: 800000: 800000
          <idle>-0     [005] d...    87.287530: cpu_idle: state=6 cpu_id=5
          <idle>-0     [005] dN..    87.294819: cpu_idle: state=4294967295 cpu_id=5
          <idle>-0     [005] d...    87.294822: sched_switch: prev_comm=swapper/5 prev_pid=0 prev_prio=120 prev_state=R ==> next_comm=Chrome_IOThread next_pid=1860 next_prio=120
 Chrome_IOThread-1860  [005] d...    87.294867: sched_stat_runtime: comm=Chrome_IOThread pid=1860 runtime=46560 [ns] vruntime=7553799226 [ns]
 Chrome_IOThread-1860  [005] d...    87.294868: sched_switch: prev_comm=Chrome_IOThread prev_pid=1860 prev_prio=120 prev_state=S ==> next_comm=swapper/5 next_pid=0 next_prio=120
          <idle>-0     [005] d...    87.294871: cpu_idle: state=6 cpu_id=5
          <idle>-0     [005] dN..    87.294976: cpu_idle: state=4294967295 cpu_id=5
          <idle>-0     [005] d...    87.294978: sched_switch: prev_comm=swapper/5 prev_pid=0 prev_prio=120 prev_state=R ==> next_comm=Chrome_IOThread next_pid=1860 next_prio=120
 Chrome_IOThread-1860  [005] d...    87.294997: sched_waking: comm=chrome pid=1524 prio=120 target_cpu=000
 Chrome_IOThread-1860  [005] d...    87.294998: sched_migrate_task: comm=chrome pid=1524 prio=120 orig_cpu=0 dest_cpu=7
 Chrome_IOThread-1860  [005] d...    87.294999: sutil_marker: Schedutil: attach_entity_load_avg: 0: 0
 Chrome_IOThread-1860  [005] d...    87.294999: sched_wake_idle_without_ipi: cpu=7
 Chrome_IOThread-1860  [005] d...    87.295000: sched_wakeup: comm=chrome pid=1524 prio=120 target_cpu=007
 Chrome_IOThread-1860  [005] d...    87.295006: sched_stat_runtime: comm=Chrome_IOThread pid=1860 runtime=31162 [ns] vruntime=7553830388 [ns]
 Chrome_IOThread-1860  [005] d...    87.295007: sched_switch: prev_comm=Chrome_IOThread prev_pid=1860 prev_prio=120 prev_state=S ==> next_comm=swapper/5 next_pid=0 next_prio=120
          <idle>-0     [005] d...    87.295009: cpu_idle: state=6 cpu_id=5
          <idle>-0     [005] dN..    87.295047: cpu_idle: state=4294967295 cpu_id=5
          <idle>-0     [005] d...    87.295049: sched_switch: prev_comm=swapper/5 prev_pid=0 prev_prio=120 prev_state=R ==> next_comm=Chrome_ChildIOT next_pid=1903 next_prio=120
 Chrome_ChildIOT-1903  [005] d...    87.295083: sched_waking: comm=chrome pid=1896 prio=120 target_cpu=006
 Chrome_ChildIOT-1903  [005] d...    87.295084: sched_migrate_task: comm=chrome pid=1896 prio=120 orig_cpu=6 dest_cpu=3
 Chrome_ChildIOT-1903  [005] d...    87.295084: sutil_marker: Schedutil: attach_entity_load_avg: 0: 0
 Chrome_ChildIOT-1903  [005] d...    87.295085: sched_wake_idle_without_ipi: cpu=3
 Chrome_ChildIOT-1903  [005] d...    87.295085: sched_wakeup: comm=chrome pid=1896 prio=120 target_cpu=003
 Chrome_ChildIOT-1903  [005] d...    87.295092: sched_stat_runtime: comm=Chrome_ChildIOT pid=1903 runtime=46535 [ns] vruntime=7541876923 [ns]
 Chrome_ChildIOT-1903  [005] d...    87.295093: sched_switch: prev_comm=Chrome_ChildIOT prev_pid=1903 prev_prio=120 prev_state=S ==> next_comm=swapper/5 next_pid=0 next_prio=120
          <idle>-0     [005] d...    87.295094: cpu_idle: state=6 cpu_id=5
          <idle>-0     [005] dN..    87.295172: cpu_idle: state=4294967295 cpu_id=5
          <idle>-0     [005] d...    87.295173: sched_switch: prev_comm=swapper/5 prev_pid=0 prev_prio=120 prev_state=R ==> next_comm=Chrome_IOThread next_pid=1860 next_prio=120
 Chrome_IOThread-1860  [005] d...    87.295183: sched_waking: comm=Chrome_ChildIOT pid=3068 prio=120 target_cpu=003
 Chrome_IOThread-1860  [005] d...    87.295184: sched_stat_runtime: comm=chrome pid=1896 runtime=99950 [ns] vruntime=8044265285 [ns]
 Chrome_IOThread-1860  [005] d...    87.295185: sched_wakeup: comm=Chrome_ChildIOT pid=3068 prio=120 target_cpu=003
 Chrome_IOThread-1860  [005] d...    87.295192: sched_stat_runtime: comm=Chrome_IOThread pid=1860 runtime=22180 [ns] vruntime=7553852568 [ns]
 Chrome_IOThread-1860  [005] d...    87.295197: sched_switch: prev_comm=Chrome_IOThread prev_pid=1860 prev_prio=120 prev_state=S ==> next_comm=swapper/5 next_pid=0 next_prio=120
          <idle>-0     [005] d...    87.295199: cpu_idle: state=6 cpu_id=5
          <idle>-0     [005] dN..    87.295228: cpu_idle: state=4294967295 cpu_id=5
          <idle>-0     [005] d...    87.295229: sched_switch: prev_comm=swapper/5 prev_pid=0 prev_prio=120 prev_state=R ==> next_comm=Chrome_IOThread next_pid=1860 next_prio=120
 Chrome_IOThread-1860  [005] d...    87.295238: sched_waking: comm=Chrome_ChildIOT pid=1903 prio=120 target_cpu=005
 Chrome_IOThread-1860  [005] d...    87.295239: sched_stat_runtime: comm=Chrome_IOThread pid=1860 runtime=12589 [ns] vruntime=7553865157 [ns]
 Chrome_IOThread-1860  [005] dN..    87.295240: sched_wakeup: comm=Chrome_ChildIOT pid=1903 prio=120 target_cpu=005
 Chrome_IOThread-1860  [005] d...    87.295241: sched_switch: prev_comm=Chrome_IOThread prev_pid=1860 prev_prio=120 prev_state=R ==> next_comm=Chrome_ChildIOT next_pid=1903 next_prio=120
 Chrome_ChildIOT-1903  [005] d...    87.295257: sched_waking: comm=chrome pid=1896 prio=120 target_cpu=003
 Chrome_ChildIOT-1903  [005] d...    87.295258: sched_migrate_task: comm=chrome pid=1896 prio=120 orig_cpu=3 dest_cpu=7
 Chrome_ChildIOT-1903  [005] d...    87.295258: sutil_marker: Schedutil: attach_entity_load_avg: 0: 0
 Chrome_ChildIOT-1903  [005] d...    87.295259: sched_wake_idle_without_ipi: cpu=7
 Chrome_ChildIOT-1903  [005] d...    87.295259: sched_wakeup: comm=chrome pid=1896 prio=120 target_cpu=007
 Chrome_ChildIOT-1903  [005] d...    87.295263: sched_stat_runtime: comm=Chrome_ChildIOT pid=1903 runtime=24380 [ns] vruntime=7541901303 [ns]
 Chrome_ChildIOT-1903  [005] d...    87.295264: sched_switch: prev_comm=Chrome_ChildIOT prev_pid=1903 prev_prio=120 prev_state=S ==> next_comm=Chrome_IOThread next_pid=1860 next_prio=120
 Chrome_IOThread-1860  [005] d...    87.295270: sched_stat_runtime: comm=Chrome_IOThread pid=1860 runtime=7144 [ns] vruntime=7553872301 [ns]
 Chrome_IOThread-1860  [005] d...    87.295271: sched_switch: prev_comm=Chrome_IOThread prev_pid=1860 prev_prio=120 prev_state=S ==> next_comm=swapper/5 next_pid=0 next_prio=120
          <idle>-0     [005] d...    87.295273: cpu_idle: state=6 cpu_id=5
          <idle>-0     [005] dN..    87.295761: cpu_idle: state=4294967295 cpu_id=5
          <idle>-0     [005] d...    87.295763: sched_switch: prev_comm=swapper/5 prev_pid=0 prev_prio=120 prev_state=R ==> next_comm=Chrome_ChildIOT next_pid=1903 next_prio=120
 Chrome_ChildIOT-1903  [005] d...    87.295776: sched_waking: comm=Chrome_IOThread pid=1860 prio=120 target_cpu=005
 Chrome_ChildIOT-1903  [005] d...    87.295776: sched_migrate_task: comm=Chrome_IOThread pid=1860 prio=120 orig_cpu=5 dest_cpu=3
 Chrome_ChildIOT-1903  [005] d...    87.295777: sutil_marker: Schedutil: attach_entity_load_avg: 0: 0
 Chrome_ChildIOT-1903  [005] d...    87.295778: sched_wake_idle_without_ipi: cpu=3
 Chrome_ChildIOT-1903  [005] d...    87.295778: sched_wakeup: comm=Chrome_IOThread pid=1860 prio=120 target_cpu=003
 Chrome_ChildIOT-1903  [005] d...    87.295785: sched_stat_runtime: comm=Chrome_ChildIOT pid=1903 runtime=24646 [ns] vruntime=7541925949 [ns]
 Chrome_ChildIOT-1903  [005] d...    87.295786: sutil_marker: Schedutil: get_next_freq: 800000: 1024
 Chrome_ChildIOT-1903  [005] d...    87.295786: sutil_marker: Schedutil: update-single-util: 288: 538
 Chrome_ChildIOT-1903  [005] d...    87.295786: sutil_marker: Schedutil: update-single-boost: 288: 538
 Chrome_ChildIOT-1903  [005] d...    87.295786: sutil_marker: Schedutil: update-single-freq: 800000: 800000
 Chrome_ChildIOT-1903  [005] d...    87.295787: sched_switch: prev_comm=Chrome_ChildIOT prev_pid=1903 prev_prio=120 prev_state=S ==> next_comm=swapper/5 next_pid=0 next_prio=120
          <idle>-0     [005] d...    87.295790: cpu_idle: state=6 cpu_id=5
          <idle>-0     [005] dN..    87.295803: cpu_idle: state=4294967295 cpu_id=5
          <idle>-0     [005] d...    87.295804: sched_switch: prev_comm=swapper/5 prev_pid=0 prev_prio=120 prev_state=R ==> next_comm=Xorg next_pid=1080 next_prio=120
            Xorg-1080  [005] d...    87.295866: sched_waking: comm=marco pid=2113 prio=120 target_cpu=000
            Xorg-1080  [005] d...    87.295867: sched_migrate_task: comm=marco pid=2113 prio=120 orig_cpu=0 dest_cpu=7
            Xorg-1080  [005] d...    87.295868: sutil_marker: Schedutil: attach_entity_load_avg: 0: 0
            Xorg-1080  [005] d...    87.295869: sched_wake_idle_without_ipi: cpu=7
            Xorg-1080  [005] d...    87.295869: sched_wakeup: comm=marco pid=2113 prio=120 target_cpu=007
            Xorg-1080  [005] d...    87.295873: sched_waking: comm=chrome pid=1896 prio=120 target_cpu=007
            Xorg-1080  [005] d...    87.295874: sched_migrate_task: comm=chrome pid=1896 prio=120 orig_cpu=7 dest_cpu=3
            Xorg-1080  [005] d...    87.295875: sutil_marker: Schedutil: attach_entity_load_avg: 0: 0
            Xorg-1080  [005] d...    87.295875: sched_wake_idle_without_ipi: cpu=3
            Xorg-1080  [005] d...    87.295875: sched_wakeup: comm=chrome pid=1896 prio=120 target_cpu=003
            Xorg-1080  [005] d...    87.295890: sched_stat_runtime: comm=Xorg pid=1080 runtime=89114 [ns] vruntime=288437063 [ns]
            Xorg-1080  [005] d...    87.295891: sched_switch: prev_comm=Xorg prev_pid=1080 prev_prio=120 prev_state=S ==> next_comm=Chrome_ChildIOT next_pid=1903 next_prio=120
 Chrome_ChildIOT-1903  [005] d...    87.295902: sched_waking: comm=Chrome_IOThread pid=1860 prio=120 target_cpu=003
 Chrome_ChildIOT-1903  [005] d...    87.295902: sched_stat_runtime: comm=chrome pid=1896 runtime=27868 [ns] vruntime=8044323673 [ns]
 Chrome_ChildIOT-1903  [005] d...    87.295903: sched_wakeup: comm=Chrome_IOThread pid=1860 prio=120 target_cpu=003
 Chrome_ChildIOT-1903  [005] d...    87.295908: sched_stat_runtime: comm=Chrome_ChildIOT pid=1903 runtime=17974 [ns] vruntime=7541943923 [ns]
 Chrome_ChildIOT-1903  [005] d...    87.295911: sched_switch: prev_comm=Chrome_ChildIOT prev_pid=1903 prev_prio=120 prev_state=S ==> next_comm=swapper/5 next_pid=0 next_prio=120
          <idle>-0     [005] d...    87.295914: cpu_idle: state=6 cpu_id=5
          <idle>-0     [005] dN..    87.295924: cpu_idle: state=4294967295 cpu_id=5
          <idle>-0     [005] d...    87.295925: sched_switch: prev_comm=swapper/5 prev_pid=0 prev_prio=120 prev_state=R ==> next_comm=chrome next_pid=1524 next_prio=120
          chrome-1524  [005] d...    87.295950: sched_waking: comm=Chrome_IOThread pid=1860 prio=120 target_cpu=003
          chrome-1524  [005] d...    87.295951: sched_wake_idle_without_ipi: cpu=3
          chrome-1524  [005] d...    87.295951: sched_wakeup: comm=Chrome_IOThread pid=1860 prio=120 target_cpu=003
          chrome-1524  [005] d...    87.295969: sched_stat_runtime: comm=chrome pid=1524 runtime=47503 [ns] vruntime=7553423654 [ns]
          chrome-1524  [005] d...    87.295970: sched_switch: prev_comm=chrome prev_pid=1524 prev_prio=120 prev_state=S ==> next_comm=swapper/5 next_pid=0 next_prio=120
          <idle>-0     [005] dn..    87.295972: cpu_idle: state=2 cpu_id=5
          <idle>-0     [005] dN..    87.295972: cpu_idle: state=4294967295 cpu_id=5
          <idle>-0     [005] d...    87.295974: sched_switch: prev_comm=swapper/5 prev_pid=0 prev_prio=120 prev_state=R ==> next_comm=Compositor next_pid=3069 next_prio=120
      Compositor-3069  [005] d...    87.295981: sched_stat_runtime: comm=Compositor pid=3069 runtime=9862 [ns] vruntime=7542491247 [ns]
      Compositor-3069  [005] d...    87.295982: sched_switch: prev_comm=Compositor prev_pid=3069 prev_prio=120 prev_state=S ==> next_comm=swapper/5 next_pid=0 next_prio=120
          <idle>-0     [005] d...    87.295983: cpu_idle: state=1 cpu_id=5
          <idle>-0     [005] dN..    87.295993: cpu_idle: state=4294967295 cpu_id=5
          <idle>-0     [005] d...    87.295994: sched_switch: prev_comm=swapper/5 prev_pid=0 prev_prio=120 prev_state=R ==> next_comm=Compositor next_pid=3069 next_prio=120
      Compositor-3069  [005] d...    87.296015: sched_stat_runtime: comm=Compositor pid=3069 runtime=22836 [ns] vruntime=7542514083 [ns]
      Compositor-3069  [005] d...    87.296016: sched_switch: prev_comm=Compositor prev_pid=3069 prev_prio=120 prev_state=S ==> next_comm=swapper/5 next_pid=0 next_prio=120
          <idle>-0     [005] d...    87.296017: cpu_idle: state=1 cpu_id=5
          <idle>-0     [005] dN..    87.296815: cpu_idle: state=4294967295 cpu_id=5
          <idle>-0     [005] d...    87.296824: sched_switch: prev_comm=swapper/5 prev_pid=0 prev_prio=120 prev_state=R ==> next_comm=Compositor next_pid=3069 next_prio=120
      Compositor-3069  [005] d...    87.296838: sched_stat_runtime: comm=Compositor pid=3069 runtime=27364 [ns] vruntime=7542541447 [ns]
      Compositor-3069  [005] d...    87.296839: sutil_marker: Schedutil: get_next_freq: 800000: 1024
      Compositor-3069  [005] d...    87.296840: sutil_marker: Schedutil: update-single-util: 538: 424
      Compositor-3069  [005] d...    87.296840: sutil_marker: Schedutil: update-single-boost: 538: 424
      Compositor-3069  [005] d...    87.296840: sutil_marker: Schedutil: update-single-freq: 800000: 800000
      Compositor-3069  [005] d...    87.296841: sched_switch: prev_comm=Compositor prev_pid=3069 prev_prio=120 prev_state=S ==> next_comm=swapper/5 next_pid=0 next_prio=120
          <idle>-0     [005] d...    87.296845: cpu_idle: state=1 cpu_id=5
          <idle>-0     [005] d...    87.297077: cpu_idle: state=4294967295 cpu_id=5
          <idle>-0     [005] d...    87.297080: cpu_idle: state=4 cpu_id=5
          <idle>-0     [005] dN..    87.297746: cpu_idle: state=4294967295 cpu_id=5
          <idle>-0     [005] d...    87.297752: sched_switch: prev_comm=swapper/5 prev_pid=0 prev_prio=120 prev_state=R ==> next_comm=Chrome_IOThread next_pid=1860 next_prio=120
 Chrome_IOThread-1860  [005] d...    87.297832: sched_waking: comm=Chrome_FileUser pid=1856 prio=120 target_cpu=007
 Chrome_IOThread-1860  [005] d...    87.297835: sched_wake_idle_without_ipi: cpu=7
 Chrome_IOThread-1860  [005] d...    87.297835: sched_wakeup: comm=Chrome_FileUser pid=1856 prio=120 target_cpu=007
 Chrome_IOThread-1860  [005] d...    87.297865: sched_stat_runtime: comm=Chrome_IOThread pid=1860 runtime=144619 [ns] vruntime=7554023416 [ns]
 Chrome_IOThread-1860  [005] d...    87.297866: sched_switch: prev_comm=Chrome_IOThread prev_pid=1860 prev_prio=120 prev_state=S ==> next_comm=swapper/5 next_pid=0 next_prio=120
          <idle>-0     [005] d...    87.297869: cpu_idle: state=4 cpu_id=5
          <idle>-0     [005] dN..    87.297981: cpu_idle: state=4294967295 cpu_id=5
          <idle>-0     [005] d...    87.297983: sched_switch: prev_comm=swapper/5 prev_pid=0 prev_prio=120 prev_state=R ==> next_comm=Chrome_IOThread next_pid=1860 next_prio=120
 Chrome_IOThread-1860  [005] d...    87.298004: sched_waking: comm=Chrome_ChildIOT pid=3068 prio=120 target_cpu=003
 Chrome_IOThread-1860  [005] d...    87.298005: sched_wake_idle_without_ipi: cpu=3
 Chrome_IOThread-1860  [005] d...    87.298005: sched_wakeup: comm=Chrome_ChildIOT pid=3068 prio=120 target_cpu=003
 Chrome_IOThread-1860  [005] d...    87.298031: sched_stat_runtime: comm=Chrome_IOThread pid=1860 runtime=73142 [ns] vruntime=7554096558 [ns]
 Chrome_IOThread-1860  [005] d...    87.298031: sched_switch: prev_comm=Chrome_IOThread prev_pid=1860 prev_prio=120 prev_state=S ==> next_comm=swapper/5 next_pid=0 next_prio=120
          <idle>-0     [005] d...    87.298050: cpu_idle: state=4 cpu_id=5
          <idle>-0     [005] dN..    87.301168: cpu_idle: state=4294967295 cpu_id=5
          <idle>-0     [005] d...    87.301172: sched_switch: prev_comm=swapper/5 prev_pid=0 prev_prio=120 prev_state=R ==> next_comm=Chrome_IOThread next_pid=1860 next_prio=120
 Chrome_IOThread-1860  [005] d...    87.301256: sched_waking: comm=Chrome_ChildIOT pid=3068 prio=120 target_cpu=003
 Chrome_IOThread-1860  [005] d...    87.301258: sched_wake_idle_without_ipi: cpu=3
 Chrome_IOThread-1860  [005] d...    87.301258: sched_wakeup: comm=Chrome_ChildIOT pid=3068 prio=120 target_cpu=003
 Chrome_IOThread-1860  [005] d...    87.301321: sched_stat_runtime: comm=Chrome_IOThread pid=1860 runtime=151552 [ns] vruntime=7554248110 [ns]
 Chrome_IOThread-1860  [005] d...    87.301322: sched_switch: prev_comm=Chrome_IOThread prev_pid=1860 prev_prio=120 prev_state=S ==> next_comm=swapper/5 next_pid=0 next_prio=120
          <idle>-0     [005] d...    87.301324: cpu_idle: state=4 cpu_id=5
          <idle>-0     [005] dN..    87.302085: cpu_idle: state=4294967295 cpu_id=5
          <idle>-0     [005] d...    87.302087: sched_switch: prev_comm=swapper/5 prev_pid=0 prev_prio=120 prev_state=R ==> next_comm=Chrome_ChildIOT next_pid=1903 next_prio=120
 Chrome_ChildIOT-1903  [005] d...    87.302135: sched_waking: comm=chrome pid=1896 prio=120 target_cpu=003
 Chrome_ChildIOT-1903  [005] d...    87.302136: sched_wake_idle_without_ipi: cpu=3
 Chrome_ChildIOT-1903  [005] d...    87.302137: sched_wakeup: comm=chrome pid=1896 prio=120 target_cpu=003
 Chrome_ChildIOT-1903  [005] d...    87.302147: sched_stat_runtime: comm=Chrome_ChildIOT pid=1903 runtime=63471 [ns] vruntime=7542311581 [ns]
 Chrome_ChildIOT-1903  [005] d...    87.302148: sched_switch: prev_comm=Chrome_ChildIOT prev_pid=1903 prev_prio=120 prev_state=S ==> next_comm=swapper/5 next_pid=0 next_prio=120
          <idle>-0     [005] d...    87.302149: cpu_idle: state=4 cpu_id=5
          <idle>-0     [005] dN..    87.302154: cpu_idle: state=4294967295 cpu_id=5
          <idle>-0     [005] d...    87.302155: sched_switch: prev_comm=swapper/5 prev_pid=0 prev_prio=120 prev_state=R ==> next_comm=Chrome_ChildIOT next_pid=3068 next_prio=120
 Chrome_ChildIOT-3068  [005] d...    87.302163: sched_waking: comm=Chrome_ChildIOT pid=1903 prio=120 target_cpu=005
 Chrome_ChildIOT-3068  [005] d...    87.302164: sched_migrate_task: comm=Chrome_ChildIOT pid=1903 prio=120 orig_cpu=5 dest_cpu=6
 Chrome_ChildIOT-3068  [005] d...    87.302165: sutil_marker: Schedutil: attach_entity_load_avg: 0: 0
 Chrome_ChildIOT-3068  [005] d...    87.302165: sched_wake_idle_without_ipi: cpu=6
 Chrome_ChildIOT-3068  [005] d...    87.302165: sched_wakeup: comm=Chrome_ChildIOT pid=1903 prio=120 target_cpu=006
 Chrome_ChildIOT-3068  [005] d...    87.302182: sched_stat_runtime: comm=Chrome_ChildIOT pid=3068 runtime=29718 [ns] vruntime=7554277828 [ns]
 Chrome_ChildIOT-3068  [005] d...    87.302183: sched_switch: prev_comm=Chrome_ChildIOT prev_pid=3068 prev_prio=120 prev_state=S ==> next_comm=swapper/5 next_pid=0 next_prio=120
          <idle>-0     [005] d...    87.302184: cpu_idle: state=4 cpu_id=5
          <idle>-0     [005] dN..    87.302385: cpu_idle: state=4294967295 cpu_id=5
          <idle>-0     [005] d...    87.302387: sched_switch: prev_comm=swapper/5 prev_pid=0 prev_prio=120 prev_state=R ==> next_comm=Chrome_ChildIOT next_pid=3068 next_prio=120
 Chrome_ChildIOT-3068  [005] d...    87.302395: sched_waking: comm=Chrome_ChildIOT pid=1903 prio=120 target_cpu=006
 Chrome_ChildIOT-3068  [005] d...    87.302396: sched_wake_idle_without_ipi: cpu=6
 Chrome_ChildIOT-3068  [005] d...    87.302396: sched_wakeup: comm=Chrome_ChildIOT pid=1903 prio=120 target_cpu=006
 Chrome_ChildIOT-3068  [005] d...    87.302400: sched_stat_runtime: comm=Chrome_ChildIOT pid=3068 runtime=16277 [ns] vruntime=7554294105 [ns]
 Chrome_ChildIOT-3068  [005] d...    87.302401: sched_switch: prev_comm=Chrome_ChildIOT prev_pid=3068 prev_prio=120 prev_state=S ==> next_comm=swapper/5 next_pid=0 next_prio=120
          <idle>-0     [005] d...    87.302403: cpu_idle: state=4 cpu_id=5
          <idle>-0     [005] dN..    87.302419: cpu_idle: state=4294967295 cpu_id=5
          <idle>-0     [005] d...    87.302421: sched_switch: prev_comm=swapper/5 prev_pid=0 prev_prio=120 prev_state=R ==> next_comm=Chrome_ChildIOT next_pid=3068 next_prio=120
 Chrome_ChildIOT-3068  [005] d...    87.302428: sched_waking: comm=Chrome_IOThread pid=1860 prio=120 target_cpu=005
 Chrome_ChildIOT-3068  [005] d...    87.302429: sched_migrate_task: comm=Chrome_IOThread pid=1860 prio=120 orig_cpu=5 dest_cpu=6
 Chrome_ChildIOT-3068  [005] d...    87.302430: sutil_marker: Schedutil: attach_entity_load_avg: 0: 0
 Chrome_ChildIOT-3068  [005] d...    87.302430: sched_wake_idle_without_ipi: cpu=6
 Chrome_ChildIOT-3068  [005] d...    87.302431: sched_wakeup: comm=Chrome_IOThread pid=1860 prio=120 target_cpu=006
 Chrome_ChildIOT-3068  [005] d...    87.302445: sched_stat_runtime: comm=Chrome_ChildIOT pid=3068 runtime=26929 [ns] vruntime=7554321034 [ns]
 Chrome_ChildIOT-3068  [005] d...    87.302446: sched_switch: prev_comm=Chrome_ChildIOT prev_pid=3068 prev_prio=120 prev_state=S ==> next_comm=swapper/5 next_pid=0 next_prio=120
          <idle>-0     [005] d...    87.302447: cpu_idle: state=4 cpu_id=5
          <idle>-0     [005] dN..    87.302452: cpu_idle: state=4294967295 cpu_id=5
          <idle>-0     [005] d...    87.302453: sched_switch: prev_comm=swapper/5 prev_pid=0 prev_prio=120 prev_state=R ==> next_comm=Chrome_ChildIOT next_pid=3068 next_prio=120
 Chrome_ChildIOT-3068  [005] d...    87.302459: sched_waking: comm=Chrome_ChildIOT pid=1903 prio=120 target_cpu=006
 Chrome_ChildIOT-3068  [005] d...    87.302460: sched_migrate_task: comm=Chrome_ChildIOT pid=1903 prio=120 orig_cpu=6 dest_cpu=0
 Chrome_ChildIOT-3068  [005] d...    87.302460: sutil_marker: Schedutil: attach_entity_load_avg: 0: 0
 Chrome_ChildIOT-3068  [005] d...    87.302461: sched_wake_idle_without_ipi: cpu=0
 Chrome_ChildIOT-3068  [005] d...    87.302461: sched_wakeup: comm=Chrome_ChildIOT pid=1903 prio=120 target_cpu=000
 Chrome_ChildIOT-3068  [005] d...    87.302468: sched_stat_runtime: comm=Chrome_ChildIOT pid=3068 runtime=16299 [ns] vruntime=7554337333 [ns]
 Chrome_ChildIOT-3068  [005] d...    87.302468: sched_switch: prev_comm=Chrome_ChildIOT prev_pid=3068 prev_prio=120 prev_state=S ==> next_comm=swapper/5 next_pid=0 next_prio=120
          <idle>-0     [005] d...    87.302469: cpu_idle: state=4 cpu_id=5
          <idle>-0     [005] dN..    87.302510: cpu_idle: state=4294967295 cpu_id=5
          <idle>-0     [005] d...    87.302512: sched_switch: prev_comm=swapper/5 prev_pid=0 prev_prio=120 prev_state=R ==> next_comm=Chrome_ChildIOT next_pid=3068 next_prio=120
 Chrome_ChildIOT-3068  [005] d...    87.302531: sched_waking: comm=CompositorTileW pid=3074 prio=120 target_cpu=004
 Chrome_ChildIOT-3068  [005] d...    87.302532: sched_wake_idle_without_ipi: cpu=4
 Chrome_ChildIOT-3068  [005] d...    87.302532: sched_wakeup: comm=CompositorTileW pid=3074 prio=120 target_cpu=004
 Chrome_ChildIOT-3068  [005] d...    87.302541: sched_waking: comm=Compositor pid=3069 prio=120 target_cpu=001
 Chrome_ChildIOT-3068  [005] d...    87.302541: sched_wake_idle_without_ipi: cpu=1
 Chrome_ChildIOT-3068  [005] d...    87.302541: sched_wakeup: comm=Compositor pid=3069 prio=120 target_cpu=001
 Chrome_ChildIOT-3068  [005] d...    87.302555: sched_waking: comm=CompositorTileW pid=3071 prio=120 target_cpu=002
 Chrome_ChildIOT-3068  [005] d...    87.302556: sched_wake_idle_without_ipi: cpu=2
 Chrome_ChildIOT-3068  [005] d...    87.302556: sched_wakeup: comm=CompositorTileW pid=3071 prio=120 target_cpu=002
 Chrome_ChildIOT-3068  [005] d...    87.302570: sched_waking: comm=CompositorTileW pid=3072 prio=120 target_cpu=000
 Chrome_ChildIOT-3068  [005] d...    87.302571: sched_wake_idle_without_ipi: cpu=0
 Chrome_ChildIOT-3068  [005] d...    87.302571: sched_wakeup: comm=CompositorTileW pid=3072 prio=120 target_cpu=000
 Chrome_ChildIOT-3068  [005] d...    87.302583: sched_waking: comm=CompositorTileW pid=3073 prio=120 target_cpu=007
 Chrome_ChildIOT-3068  [005] d...    87.302584: sched_wake_idle_without_ipi: cpu=7
 Chrome_ChildIOT-3068  [005] d...    87.302584: sched_wakeup: comm=CompositorTileW pid=3073 prio=120 target_cpu=007
 Chrome_ChildIOT-3068  [005] d...    87.302594: sched_waking: comm=Chrome_IOThread pid=1860 prio=120 target_cpu=006
 Chrome_ChildIOT-3068  [005] d...    87.302595: sched_migrate_task: comm=Chrome_IOThread pid=1860 prio=120 orig_cpu=6 dest_cpu=5
 Chrome_ChildIOT-3068  [005] d...    87.302595: sched_stat_runtime: comm=Chrome_ChildIOT pid=3068 runtime=114755 [ns] vruntime=7554452088 [ns]
 Chrome_ChildIOT-3068  [005] d...    87.302596: sutil_marker: Schedutil: attach_entity_load_avg: 0: 0
 Chrome_ChildIOT-3068  [005] d...    87.302597: sched_wakeup: comm=Chrome_IOThread pid=1860 prio=120 target_cpu=005
 Chrome_ChildIOT-3068  [005] d...    87.302611: sched_waking: comm=CompositorTileW pid=3073 prio=120 target_cpu=007
 Chrome_ChildIOT-3068  [005] d...    87.302612: sched_wakeup: comm=CompositorTileW pid=3073 prio=120 target_cpu=007
 Chrome_ChildIOT-3068  [005] d...    87.302613: sched_stat_runtime: comm=Chrome_ChildIOT pid=3068 runtime=5212 [ns] vruntime=7554469533 [ns]
 Chrome_ChildIOT-3068  [005] d...    87.302614: sched_switch: prev_comm=Chrome_ChildIOT prev_pid=3068 prev_prio=120 prev_state=D ==> next_comm=swapper/5 next_pid=0 next_prio=120
          <idle>-0     [005] d...    87.302616: cpu_idle: state=4 cpu_id=5
          <idle>-0     [005] dN..    87.302621: cpu_idle: state=4294967295 cpu_id=5
          <idle>-0     [005] d...    87.302622: sched_switch: prev_comm=swapper/5 prev_pid=0 prev_prio=120 prev_state=R ==> next_comm=Chrome_ChildIOT next_pid=3068 next_prio=120
 Chrome_ChildIOT-3068  [005] d...    87.302632: sched_stat_runtime: comm=Chrome_ChildIOT pid=3068 runtime=12201 [ns] vruntime=7554481734 [ns]
 Chrome_ChildIOT-3068  [005] d...    87.302632: sched_switch: prev_comm=Chrome_ChildIOT prev_pid=3068 prev_prio=120 prev_state=S ==> next_comm=swapper/5 next_pid=0 next_prio=120
          <idle>-0     [005] d...    87.302634: cpu_idle: state=4 cpu_id=5
          <idle>-0     [005] dN..    87.302639: cpu_idle: state=4294967295 cpu_id=5
          <idle>-0     [005] d...    87.302640: sched_switch: prev_comm=swapper/5 prev_pid=0 prev_prio=120 prev_state=R ==> next_comm=chrome next_pid=1524 next_prio=120
          chrome-1524  [005] d...    87.302758: sched_waking: comm=Chrome_IOThread pid=1860 prio=120 target_cpu=001
          chrome-1524  [005] d...    87.302759: sched_wake_idle_without_ipi: cpu=1
          chrome-1524  [005] d...    87.302759: sched_wakeup: comm=Chrome_IOThread pid=1860 prio=120 target_cpu=001
          chrome-1524  [005] d...    87.302812: sched_waking: comm=Chrome_IOThread pid=1860 prio=120 target_cpu=001
          chrome-1524  [005] d...    87.302813: sched_stat_runtime: comm=Compositor pid=3069 runtime=19433 [ns] vruntime=8435317118 [ns]
          chrome-1524  [005] d...    87.302814: sched_wakeup: comm=Chrome_IOThread pid=1860 prio=120 target_cpu=001
          chrome-1524  [005] d...    87.302838: sched_stat_runtime: comm=chrome pid=1524 runtime=200516 [ns] vruntime=7553624170 [ns]
          chrome-1524  [005] d...    87.302839: sched_switch: prev_comm=chrome prev_pid=1524 prev_prio=120 prev_state=S ==> next_comm=swapper/5 next_pid=0 next_prio=120
          <idle>-0     [005] d...    87.302840: cpu_idle: state=1 cpu_id=5
          <idle>-0     [005] dN..    87.304110: cpu_idle: state=4294967295 cpu_id=5
          <idle>-0     [005] d...    87.304112: sched_switch: prev_comm=swapper/5 prev_pid=0 prev_prio=120 prev_state=R ==> next_comm=chrome next_pid=1524 next_prio=120
          chrome-1524  [005] d...    87.304138: sched_stat_runtime: comm=chrome pid=1524 runtime=26303 [ns] vruntime=7553650473 [ns]
          chrome-1524  [005] d...    87.304138: sched_switch: prev_comm=chrome prev_pid=1524 prev_prio=120 prev_state=S ==> next_comm=swapper/5 next_pid=0 next_prio=120
          <idle>-0     [005] d...    87.304140: cpu_idle: state=1 cpu_id=5
          <idle>-0     [005] dN..    87.304153: cpu_idle: state=4294967295 cpu_id=5
          <idle>-0     [005] d...    87.304154: sched_switch: prev_comm=swapper/5 prev_pid=0 prev_prio=120 prev_state=R ==> next_comm=chrome next_pid=1524 next_prio=120
          chrome-1524  [005] d...    87.304168: sched_stat_runtime: comm=chrome pid=1524 runtime=16081 [ns] vruntime=7553666554 [ns]
          chrome-1524  [005] d...    87.304169: sched_switch: prev_comm=chrome prev_pid=1524 prev_prio=120 prev_state=S ==> next_comm=swapper/5 next_pid=0 next_prio=120
          <idle>-0     [005] d...    87.304170: cpu_idle: state=1 cpu_id=5
          <idle>-0     [005] d...    87.313235: cpu_idle: state=4294967295 cpu_id=5
          <idle>-0     [005] d.h.    87.313240: sched_waking: comm=chrome pid=1524 prio=120 target_cpu=005
          <idle>-0     [005] d.h.    87.313244: sutil_marker: Schedutil: get_next_freq: 800000: 1024
          <idle>-0     [005] d.h.    87.313245: sutil_marker: Schedutil: update-single-util: 424: 274
          <idle>-0     [005] d.h.    87.313245: sutil_marker: Schedutil: update-single-boost: 424: 274
          <idle>-0     [005] d.h.    87.313245: sutil_marker: Schedutil: update-single-freq: 800000: 800000
          <idle>-0     [005] dNh.    87.313245: sched_wakeup: comm=chrome pid=1524 prio=120 target_cpu=005
          <idle>-0     [005] d...    87.313251: sched_switch: prev_comm=swapper/5 prev_pid=0 prev_prio=120 prev_state=R ==> next_comm=chrome next_pid=1524 next_prio=120
          chrome-1524  [005] d...    87.313314: sched_waking: comm=Chrome_IOThread pid=1860 prio=120 target_cpu=004
          chrome-1524  [005] d...    87.313318: sched_wake_idle_without_ipi: cpu=4
          chrome-1524  [005] d...    87.313318: sched_wakeup: comm=Chrome_IOThread pid=1860 prio=120 target_cpu=004
          chrome-1524  [005] d...    87.313385: sched_stat_runtime: comm=chrome pid=1524 runtime=136385 [ns] vruntime=7553802939 [ns]
          chrome-1524  [005] d...    87.313387: sched_switch: prev_comm=chrome prev_pid=1524 prev_prio=120 prev_state=S ==> next_comm=swapper/5 next_pid=0 next_prio=120
          <idle>-0     [005] d...    87.313391: cpu_idle: state=1 cpu_id=5
          <idle>-0     [005] dN..    87.313919: cpu_idle: state=4294967295 cpu_id=5
          <idle>-0     [005] d...    87.313923: sched_switch: prev_comm=swapper/5 prev_pid=0 prev_prio=120 prev_state=R ==> next_comm=CompositorTileW next_pid=3071 next_prio=120
           <...>-3071  [005] d...    87.313940: sched_waking: comm=Compositor pid=3069 prio=120 target_cpu=002
           <...>-3071  [005] d...    87.313942: sched_wakeup: comm=Compositor pid=3069 prio=120 target_cpu=002
           <...>-3071  [005] d...    87.313951: sched_stat_runtime: comm=CompositorTileW pid=3071 runtime=34161 [ns] vruntime=7549092660 [ns]
           <...>-3071  [005] d...    87.313953: sched_switch: prev_comm=CompositorTileW prev_pid=3071 prev_prio=120 prev_state=S ==> next_comm=swapper/5 next_pid=0 next_prio=120
          <idle>-0     [005] d...    87.313956: cpu_idle: state=4 cpu_id=5
          <idle>-0     [005] dN..    87.314604: cpu_idle: state=4294967295 cpu_id=5
          <idle>-0     [005] d...    87.314609: sched_switch: prev_comm=swapper/5 prev_pid=0 prev_prio=120 prev_state=R ==> next_comm=Chrome_IOThread next_pid=1860 next_prio=120
 Chrome_IOThread-1860  [005] d...    87.314820: sched_waking: comm=SimpleCacheWork pid=2425 prio=120 target_cpu=002
 Chrome_IOThread-1860  [005] d...    87.314823: sched_wake_idle_without_ipi: cpu=2
 Chrome_IOThread-1860  [005] d...    87.314823: sched_wakeup: comm=SimpleCacheWork pid=2425 prio=120 target_cpu=002
 Chrome_IOThread-1860  [005] d...    87.315034: sched_waking: comm=chrome pid=1524 prio=120 target_cpu=006
 Chrome_IOThread-1860  [005] d...    87.315037: sched_wake_idle_without_ipi: cpu=6
 Chrome_IOThread-1860  [005] d...    87.315037: sched_wakeup: comm=chrome pid=1524 prio=120 target_cpu=006
 Chrome_IOThread-1860  [005] d...    87.315130: sched_waking: comm=SimpleCacheWork pid=2370 prio=120 target_cpu=000
 Chrome_IOThread-1860  [005] d...    87.315132: sched_migrate_task: comm=SimpleCacheWork pid=2370 prio=120 orig_cpu=0 dest_cpu=2
 Chrome_IOThread-1860  [005] d...    87.315133: sutil_marker: Schedutil: attach_entity_load_avg: 0: 0
 Chrome_IOThread-1860  [005] d...    87.315134: sched_wake_idle_without_ipi: cpu=2
 Chrome_IOThread-1860  [005] d...    87.315135: sched_wakeup: comm=SimpleCacheWork pid=2370 prio=120 target_cpu=002
 Chrome_IOThread-1860  [005] d...    87.315262: sched_stat_runtime: comm=Chrome_IOThread pid=1860 runtime=659450 [ns] vruntime=7555141184 [ns]
 Chrome_IOThread-1860  [005] d...    87.315264: sutil_marker: Schedutil: get_next_freq: 800000: 1024
 Chrome_IOThread-1860  [005] d...    87.315265: sutil_marker: Schedutil: update-single-util: 274: 484
 Chrome_IOThread-1860  [005] d...    87.315266: sutil_marker: Schedutil: update-single-boost: 274: 484
 Chrome_IOThread-1860  [005] d...    87.315266: sutil_marker: Schedutil: update-single-freq: 800000: 800000
 Chrome_IOThread-1860  [005] d...    87.315267: sched_switch: prev_comm=Chrome_IOThread prev_pid=1860 prev_prio=120 prev_state=S ==> next_comm=swapper/5 next_pid=0 next_prio=120
          <idle>-0     [005] d...    87.315271: cpu_idle: state=3 cpu_id=5
          <idle>-0     [005] dN..    87.315301: cpu_idle: state=4294967295 cpu_id=5
          <idle>-0     [005] d...    87.315303: sched_switch: prev_comm=swapper/5 prev_pid=0 prev_prio=120 prev_state=R ==> next_comm=Chrome_IOThread next_pid=1860 next_prio=120
 Chrome_IOThread-1860  [005] d...    87.315346: sched_waking: comm=chrome pid=1524 prio=120 target_cpu=006
 Chrome_IOThread-1860  [005] d...    87.315348: sched_wake_idle_without_ipi: cpu=6
 Chrome_IOThread-1860  [005] d...    87.315348: sched_wakeup: comm=chrome pid=1524 prio=120 target_cpu=006
 Chrome_IOThread-1860  [005] d...    87.315358: sched_stat_runtime: comm=Chrome_IOThread pid=1860 runtime=57932 [ns] vruntime=7555199116 [ns]
 Chrome_IOThread-1860  [005] d...    87.315359: sched_switch: prev_comm=Chrome_IOThread prev_pid=1860 prev_prio=120 prev_state=S ==> next_comm=swapper/5 next_pid=0 next_prio=120
          <idle>-0     [005] d...    87.315360: cpu_idle: state=2 cpu_id=5
          <idle>-0     [005] dN..    87.315383: cpu_idle: state=4294967295 cpu_id=5
          <idle>-0     [005] d...    87.315384: sched_switch: prev_comm=swapper/5 prev_pid=0 prev_prio=120 prev_state=R ==> next_comm=Chrome_IOThread next_pid=1860 next_prio=120
 Chrome_IOThread-1860  [005] d...    87.315398: sched_waking: comm=chrome pid=1524 prio=120 target_cpu=006
 Chrome_IOThread-1860  [005] d...    87.315400: sched_wake_idle_without_ipi: cpu=6
 Chrome_IOThread-1860  [005] d...    87.315400: sched_wakeup: comm=chrome pid=1524 prio=120 target_cpu=006
 Chrome_IOThread-1860  [005] d...    87.315405: sched_stat_runtime: comm=Chrome_IOThread pid=1860 runtime=22868 [ns] vruntime=7555221984 [ns]
 Chrome_IOThread-1860  [005] d...    87.315406: sched_switch: prev_comm=Chrome_IOThread prev_pid=1860 prev_prio=120 prev_state=S ==> next_comm=swapper/5 next_pid=0 next_prio=120
          <idle>-0     [005] d...    87.315407: cpu_idle: state=2 cpu_id=5
          <idle>-0     [005] d...    87.315409: cpu_idle: state=4294967295 cpu_id=5
          <idle>-0     [005] d.s.    87.315418: sched_waking: comm=SimpleCacheWork pid=2370 prio=120 target_cpu=002
          <idle>-0     [005] d.s.    87.315419: sched_migrate_task: comm=SimpleCacheWork pid=2370 prio=120 orig_cpu=2 dest_cpu=5
          <idle>-0     [005] d.s.    87.315420: sutil_marker: Schedutil: get_next_freq: 800000: 4000000
          <idle>-0     [005] d.s.    87.315420: sutil_marker: Schedutil: update-single-util: 484: 484
          <idle>-0     [005] d.s.    87.315420: sutil_marker: Schedutil: update-single-boost: 484: 4000000
          <idle>-0     [005] d.s.    87.315420: sutil_marker: Schedutil: update-single-freq: 800000: 1000000
          <idle>-0     [005] d.s.    87.315423: cpu_frequency: state=1000000 cpu_id=5
          <idle>-0     [005] d.s.    87.315423: sutil_marker: Schedutil: attach_entity_load_avg: 0: 0
          <idle>-0     [005] dNs.    87.315424: sched_wakeup: comm=SimpleCacheWork pid=2370 prio=120 target_cpu=005
          <idle>-0     [005] d...    87.315430: sched_switch: prev_comm=swapper/5 prev_pid=0 prev_prio=120 prev_state=R ==> next_comm=SimpleCacheWork next_pid=2370 next_prio=120
           <...>-2370  [005] d...    87.315459: sched_stat_runtime: comm=SimpleCacheWork pid=2370 runtime=40042 [ns] vruntime=7543393127 [ns]
           <...>-2370  [005] d...    87.315460: sched_switch: prev_comm=SimpleCacheWork prev_pid=2370 prev_prio=120 prev_state=D|K ==> next_comm=swapper/5 next_pid=0 next_prio=120
          <idle>-0     [005] d...    87.315462: cpu_idle: state=1 cpu_id=5
          <idle>-0     [005] d...    87.315483: cpu_idle: state=4294967295 cpu_id=5
          <idle>-0     [005] d...    87.315500: cpu_idle: state=2 cpu_id=5
          <idle>-0     [005] d...    87.315582: cpu_idle: state=4294967295 cpu_id=5
          <idle>-0     [005] d.s.    87.315587: sched_waking: comm=SimpleCacheWork pid=2370 prio=120 target_cpu=005
          <idle>-0     [005] d.s.    87.315588: sutil_marker: Schedutil: update-single-return: 484: 478
          <idle>-0     [005] dNs.    87.315589: sched_wakeup: comm=SimpleCacheWork pid=2370 prio=120 target_cpu=005
          <idle>-0     [005] d...    87.315591: sched_switch: prev_comm=swapper/5 prev_pid=0 prev_prio=120 prev_state=R ==> next_comm=SimpleCacheWork next_pid=2370 next_prio=120
           <...>-2370  [005] d...    87.315642: sched_waking: comm=Chrome_IOThread pid=1860 prio=120 target_cpu=005
           <...>-2370  [005] d...    87.315643: sched_migrate_task: comm=Chrome_IOThread pid=1860 prio=120 orig_cpu=5 dest_cpu=6
           <...>-2370  [005] d...    87.315644: sutil_marker: Schedutil: attach_entity_load_avg: 0: 0
           <...>-2370  [005] d...    87.315645: sched_wake_idle_without_ipi: cpu=6
           <...>-2370  [005] d...    87.315645: sched_wakeup: comm=Chrome_IOThread pid=1860 prio=120 target_cpu=006
           <...>-2370  [005] d...    87.315650: sched_stat_runtime: comm=SimpleCacheWork pid=2370 runtime=61826 [ns] vruntime=7543454953 [ns]
           <...>-2370  [005] d...    87.315651: sched_switch: prev_comm=SimpleCacheWork prev_pid=2370 prev_prio=120 prev_state=S ==> next_comm=swapper/5 next_pid=0 next_prio=120
          <idle>-0     [005] d...    87.315652: cpu_idle: state=6 cpu_id=5
          <idle>-0     [005] d...    87.319512: cpu_idle: state=4294967295 cpu_id=5
          <idle>-0     [005] d.s.    87.319518: sutil_marker: Schedutil: update-single-return: 478: 237
          <idle>-0     [005] d...    87.319523: cpu_idle: state=6 cpu_id=5
          <idle>-0     [005] d...    87.323558: cpu_idle: state=4294967295 cpu_id=5
          <idle>-0     [005] d.s.    87.323566: sutil_marker: Schedutil: update-single-return: 237: 218
          <idle>-0     [005] d...    87.323589: cpu_idle: state=6 cpu_id=5
          <idle>-0     [005] d...    87.327598: cpu_idle: state=4294967295 cpu_id=5
          <idle>-0     [005] d.s.    87.327628: sutil_marker: Schedutil: get_next_freq: 1000000: 1024
          <idle>-0     [005] d.s.    87.327628: sutil_marker: Schedutil: update-single-util: 218: 200
          <idle>-0     [005] d.s.    87.327629: sutil_marker: Schedutil: update-single-boost: 218: 200
          <idle>-0     [005] d.s.    87.327629: sutil_marker: Schedutil: update-single-freq: 1000000: 800000
          <idle>-0     [005] d.s.    87.327649: cpu_frequency: state=800000 cpu_id=5
          <idle>-0     [005] d...    87.327652: cpu_idle: state=6 cpu_id=5
          <idle>-0     [005] dN..    87.329409: cpu_idle: state=4294967295 cpu_id=5
          <idle>-0     [005] d...    87.329412: sched_switch: prev_comm=swapper/5 prev_pid=0 prev_prio=120 prev_state=R ==> next_comm=SimpleCacheWork next_pid=2424 next_prio=120
 SimpleCacheWork-2424  [005] d...    87.329425: sched_stat_runtime: comm=SimpleCacheWork pid=2424 runtime=40916 [ns] vruntime=7543269698 [ns]
 SimpleCacheWork-2424  [005] d...    87.329427: sched_switch: prev_comm=SimpleCacheWork prev_pid=2424 prev_prio=120 prev_state=S ==> next_comm=swapper/5 next_pid=0 next_prio=120
          <idle>-0     [005] d...    87.329428: cpu_idle: state=6 cpu_id=5
          <idle>-0     [005] d...    87.331612: cpu_idle: state=4294967295 cpu_id=5
          <idle>-0     [005] d.s.    87.331650: sutil_marker: Schedutil: update-single-return: 200: 185
          <idle>-0     [005] d...    87.331662: cpu_idle: state=6 cpu_id=5
          <idle>-0     [005] d...    87.335530: cpu_idle: state=4294967295 cpu_id=5
          <idle>-0     [005] d.s.    87.335535: sutil_marker: Schedutil: update-single-return: 185: 171
          <idle>-0     [005] d...    87.335541: cpu_idle: state=6 cpu_id=5
          <idle>-0     [005] d...    87.339485: cpu_idle: state=4294967295 cpu_id=5
          <idle>-0     [005] d.s.    87.339487: sutil_marker: Schedutil: get_next_freq: 800000: 1024
          <idle>-0     [005] d.s.    87.339488: sutil_marker: Schedutil: update-single-util: 171: 157
          <idle>-0     [005] d.s.    87.339488: sutil_marker: Schedutil: update-single-boost: 171: 157
          <idle>-0     [005] d.s.    87.339488: sutil_marker: Schedutil: update-single-freq: 800000: 800000
          <idle>-0     [005] d...    87.339508: cpu_idle: state=6 cpu_id=5
          <idle>-0     [005] d...    87.343608: cpu_idle: state=4294967295 cpu_id=5
          <idle>-0     [005] d.s.    87.343635: sutil_marker: Schedutil: get_next_freq: 800000: 1024
          <idle>-0     [005] d.s.    87.343635: sutil_marker: Schedutil: update-single-util: 157: 145
          <idle>-0     [005] d.s.    87.343635: sutil_marker: Schedutil: update-single-boost: 157: 145
          <idle>-0     [005] d.s.    87.343636: sutil_marker: Schedutil: update-single-freq: 800000: 800000
          <idle>-0     [005] d...    87.343639: cpu_idle: state=6 cpu_id=5
          <idle>-0     [005] d...    87.347509: cpu_idle: state=4294967295 cpu_id=5
          <idle>-0     [005] d.s.    87.347512: sutil_marker: Schedutil: get_next_freq: 800000: 1024
          <idle>-0     [005] d.s.    87.347512: sutil_marker: Schedutil: update-single-util: 145: 133
