      Compositor-3069  [005] d...    87.497548: sched_switch: prev_comm=Compositor prev_pid=3069 prev_prio=120 prev_state=S ==> next_comm=swapper/5 next_pid=0 next_prio=120
          <idle>-0     [005] d...    87.497549: cpu_idle: state=4 cpu_id=5
          <idle>-0     [005] dN..    87.497665: cpu_idle: state=4294967295 cpu_id=5
          <idle>-0     [005] d...    87.497666: sched_switch: prev_comm=swapper/5 prev_pid=0 prev_prio=120 prev_state=R ==> next_comm=chrome next_pid=1896 next_prio=120
          chrome-1896  [005] d...    87.497752: sched_waking: comm=Xorg pid=1080 prio=120 target_cpu=001
          chrome-1896  [005] d...    87.497754: sched_wake_idle_without_ipi: cpu=1
          chrome-1896  [005] d...    87.497754: sched_wakeup: comm=Xorg pid=1080 prio=120 target_cpu=001
          chrome-1896  [005] d...    87.497757: sched_stat_runtime: comm=chrome pid=1896 runtime=116898 [ns] vruntime=7552458264 [ns]
          chrome-1896  [005] d...    87.497758: sched_switch: prev_comm=chrome prev_pid=1896 prev_prio=120 prev_state=S ==> next_comm=swapper/5 next_pid=0 next_prio=120
          <idle>-0     [005] d...    87.497759: cpu_idle: state=4 cpu_id=5
          <idle>-0     [005] dN..    87.497819: cpu_idle: state=4294967295 cpu_id=5
          <idle>-0     [005] d...    87.497820: sched_switch: prev_comm=swapper/5 prev_pid=0 prev_prio=120 prev_state=R ==> next_comm=chrome next_pid=1896 next_prio=120
          chrome-1896  [005] d...    87.498085: sched_waking: comm=Xorg pid=1080 prio=120 target_cpu=001
          chrome-1896  [005] d...    87.498087: sched_wake_idle_without_ipi: cpu=1
          chrome-1896  [005] d...    87.498088: sched_wakeup: comm=Xorg pid=1080 prio=120 target_cpu=001
          chrome-1896  [005] d...    87.498089: sched_stat_runtime: comm=chrome pid=1896 runtime=271391 [ns] vruntime=7552729655 [ns]
          chrome-1896  [005] d...    87.498090: sched_switch: prev_comm=chrome prev_pid=1896 prev_prio=120 prev_state=S ==> next_comm=swapper/5 next_pid=0 next_prio=120
          <idle>-0     [005] d...    87.498092: cpu_idle: state=4 cpu_id=5
          <idle>-0     [005] dN..    87.498119: cpu_idle: state=4294967295 cpu_id=5
          <idle>-0     [005] d...    87.498120: sched_switch: prev_comm=swapper/5 prev_pid=0 prev_prio=120 prev_state=R ==> next_comm=chrome next_pid=1896 next_prio=120
          chrome-1896  [005] d...    87.498131: sched_waking: comm=Xorg pid=1080 prio=120 target_cpu=001
          chrome-1896  [005] d...    87.498132: sched_wake_idle_without_ipi: cpu=1
          chrome-1896  [005] d...    87.498132: sched_wakeup: comm=Xorg pid=1080 prio=120 target_cpu=001
          chrome-1896  [005] d...    87.498133: sched_stat_runtime: comm=chrome pid=1896 runtime=15116 [ns] vruntime=7552744771 [ns]
          chrome-1896  [005] d...    87.498133: sched_switch: prev_comm=chrome prev_pid=1896 prev_prio=120 prev_state=S ==> next_comm=swapper/5 next_pid=0 next_prio=120
          <idle>-0     [005] d...    87.498134: cpu_idle: state=4 cpu_id=5
          <idle>-0     [005] dN..    87.498145: cpu_idle: state=4294967295 cpu_id=5
          <idle>-0     [005] d...    87.498146: sched_switch: prev_comm=swapper/5 prev_pid=0 prev_prio=120 prev_state=R ==> next_comm=chrome next_pid=1896 next_prio=120
          chrome-1896  [005] d...    87.498152: sched_stat_runtime: comm=chrome pid=1896 runtime=7769 [ns] vruntime=7552752540 [ns]
          chrome-1896  [005] d...    87.498152: sched_switch: prev_comm=chrome prev_pid=1896 prev_prio=120 prev_state=S ==> next_comm=swapper/5 next_pid=0 next_prio=120
          <idle>-0     [005] d...    87.498153: cpu_idle: state=4 cpu_id=5
          <idle>-0     [005] dN..    87.498159: cpu_idle: state=4294967295 cpu_id=5
          <idle>-0     [005] d...    87.498160: sched_switch: prev_comm=swapper/5 prev_pid=0 prev_prio=120 prev_state=R ==> next_comm=chrome next_pid=1896 next_prio=120
          chrome-1896  [005] d...    87.498165: sched_stat_runtime: comm=chrome pid=1896 runtime=7303 [ns] vruntime=7552759843 [ns]
          chrome-1896  [005] d...    87.498166: sched_switch: prev_comm=chrome prev_pid=1896 prev_prio=120 prev_state=S ==> next_comm=swapper/5 next_pid=0 next_prio=120
          <idle>-0     [005] d...    87.498167: cpu_idle: state=1 cpu_id=5
          <idle>-0     [005] dN..    87.498171: cpu_idle: state=4294967295 cpu_id=5
          <idle>-0     [005] d...    87.498172: sched_switch: prev_comm=swapper/5 prev_pid=0 prev_prio=120 prev_state=R ==> next_comm=chrome next_pid=1896 next_prio=120
          chrome-1896  [005] d...    87.498185: sched_waking: comm=Chrome_ChildIOT pid=1903 prio=120 target_cpu=007
          chrome-1896  [005] d...    87.498186: sched_wake_idle_without_ipi: cpu=7
          chrome-1896  [005] d...    87.498186: sched_wakeup: comm=Chrome_ChildIOT pid=1903 prio=120 target_cpu=007
          chrome-1896  [005] d...    87.498248: sched_waking: comm=Xorg pid=1080 prio=120 target_cpu=001
          chrome-1896  [005] d...    87.498249: sched_wake_idle_without_ipi: cpu=1
          chrome-1896  [005] d...    87.498249: sched_wakeup: comm=Xorg pid=1080 prio=120 target_cpu=001
          chrome-1896  [005] d...    87.498252: sched_stat_runtime: comm=chrome pid=1896 runtime=80841 [ns] vruntime=7552840684 [ns]
          chrome-1896  [005] d...    87.498252: sched_switch: prev_comm=chrome prev_pid=1896 prev_prio=120 prev_state=S ==> next_comm=swapper/5 next_pid=0 next_prio=120
          <idle>-0     [005] d...    87.498254: cpu_idle: state=1 cpu_id=5
          <idle>-0     [005] dN..    87.498274: cpu_idle: state=4294967295 cpu_id=5
          <idle>-0     [005] d...    87.498275: sched_switch: prev_comm=swapper/5 prev_pid=0 prev_prio=120 prev_state=R ==> next_comm=chrome next_pid=1896 next_prio=120
          chrome-1896  [005] d...    87.498287: sched_waking: comm=Chrome_ChildIOT pid=1903 prio=120 target_cpu=007
          chrome-1896  [005] d...    87.498287: sched_wake_idle_without_ipi: cpu=7
          chrome-1896  [005] d...    87.498288: sched_wakeup: comm=Chrome_ChildIOT pid=1903 prio=120 target_cpu=007
          chrome-1896  [005] d...    87.498326: sched_stat_runtime: comm=chrome pid=1896 runtime=52277 [ns] vruntime=7552892961 [ns]
          chrome-1896  [005] d...    87.498326: sched_switch: prev_comm=chrome prev_pid=1896 prev_prio=120 prev_state=S ==> next_comm=swapper/5 next_pid=0 next_prio=120
          <idle>-0     [005] d...    87.498327: cpu_idle: state=1 cpu_id=5
          <idle>-0     [005] d...    87.500004: cpu_idle: state=4294967295 cpu_id=5
          <idle>-0     [005] d...    87.500007: cpu_idle: state=1 cpu_id=5
          <idle>-0     [005] d...    87.511516: cpu_idle: state=4294967295 cpu_id=5
          <idle>-0     [005] d.h.    87.511520: sched_waking: comm=Compositor pid=3069 prio=120 target_cpu=005
          <idle>-0     [005] d.h.    87.511522: sutil_marker: Schedutil: get_next_freq: 800000: 1024
          <idle>-0     [005] d.h.    87.511522: sutil_marker: Schedutil: update-single-util: 139: 133
          <idle>-0     [005] d.h.    87.511523: sutil_marker: Schedutil: update-single-boost: 139: 133
          <idle>-0     [005] d.h.    87.511523: sutil_marker: Schedutil: update-single-freq: 800000: 800000
          <idle>-0     [005] dNh.    87.511523: sched_wakeup: comm=Compositor pid=3069 prio=120 target_cpu=005
          <idle>-0     [005] d...    87.511526: sched_switch: prev_comm=swapper/5 prev_pid=0 prev_prio=120 prev_state=R ==> next_comm=Compositor next_pid=3069 next_prio=120
      Compositor-3069  [005] d...    87.511552: sched_stat_runtime: comm=Compositor pid=3069 runtime=26876 [ns] vruntime=7548677711 [ns]
      Compositor-3069  [005] d...    87.511553: sched_switch: prev_comm=Compositor prev_pid=3069 prev_prio=120 prev_state=S ==> next_comm=swapper/5 next_pid=0 next_prio=120
          <idle>-0     [005] d...    87.511555: cpu_idle: state=1 cpu_id=5
          <idle>-0     [005] dN..    87.512387: cpu_idle: state=4294967295 cpu_id=5
          <idle>-0     [005] d...    87.512389: sched_switch: prev_comm=swapper/5 prev_pid=0 prev_prio=120 prev_state=R ==> next_comm=chrome next_pid=1896 next_prio=120
          chrome-1896  [005] d...    87.512419: sched_stat_runtime: comm=chrome pid=1896 runtime=33256 [ns] vruntime=7552926217 [ns]
          chrome-1896  [005] d...    87.512420: sched_switch: prev_comm=chrome prev_pid=1896 prev_prio=120 prev_state=S ==> next_comm=swapper/5 next_pid=0 next_prio=120
          <idle>-0     [005] d...    87.512423: cpu_idle: state=3 cpu_id=5
          <idle>-0     [005] dN..    87.512546: cpu_idle: state=4294967295 cpu_id=5
          <idle>-0     [005] d...    87.512548: sched_switch: prev_comm=swapper/5 prev_pid=0 prev_prio=120 prev_state=R ==> next_comm=marco next_pid=2113 next_prio=120
           marco-2113  [005] d...    87.512601: sched_stat_runtime: comm=marco pid=2113 runtime=57477 [ns] vruntime=7545990223 [ns]
           marco-2113  [005] d...    87.512609: sched_switch: prev_comm=marco prev_pid=2113 prev_prio=120 prev_state=S ==> next_comm=swapper/5 next_pid=0 next_prio=120
          <idle>-0     [005] d...    87.512612: cpu_idle: state=2 cpu_id=5
          <idle>-0     [005] dN..    87.512640: cpu_idle: state=4294967295 cpu_id=5
          <idle>-0     [005] d...    87.512642: sched_switch: prev_comm=swapper/5 prev_pid=0 prev_prio=120 prev_state=R ==> next_comm=marco next_pid=2113 next_prio=120
           marco-2113  [005] d...    87.512693: sched_waking: comm=Xorg pid=1080 prio=120 target_cpu=001
           marco-2113  [005] d...    87.512695: sched_wake_idle_without_ipi: cpu=1
           marco-2113  [005] d...    87.512695: sched_wakeup: comm=Xorg pid=1080 prio=120 target_cpu=001
           marco-2113  [005] d...    87.512697: sched_stat_runtime: comm=marco pid=2113 runtime=58390 [ns] vruntime=7546048613 [ns]
           marco-2113  [005] d...    87.512698: sched_switch: prev_comm=marco prev_pid=2113 prev_prio=120 prev_state=S ==> next_comm=swapper/5 next_pid=0 next_prio=120
          <idle>-0     [005] d...    87.512701: cpu_idle: state=2 cpu_id=5
          <idle>-0     [005] d...    87.512819: cpu_idle: state=4294967295 cpu_id=5
          <idle>-0     [005] d.h.    87.512822: sched_waking: comm=Compositor pid=3069 prio=120 target_cpu=005
          <idle>-0     [005] dNh.    87.512823: sched_wakeup: comm=Compositor pid=3069 prio=120 target_cpu=005
          <idle>-0     [005] d...    87.512826: sched_switch: prev_comm=swapper/5 prev_pid=0 prev_prio=120 prev_state=R ==> next_comm=Compositor next_pid=3069 next_prio=120
      Compositor-3069  [005] d...    87.512848: sched_stat_runtime: comm=Compositor pid=3069 runtime=25236 [ns] vruntime=7548702947 [ns]
      Compositor-3069  [005] d...    87.512849: sutil_marker: Schedutil: get_next_freq: 800000: 1024
      Compositor-3069  [005] d...    87.512850: sutil_marker: Schedutil: update-single-util: 133: 133
      Compositor-3069  [005] d...    87.512850: sutil_marker: Schedutil: update-single-boost: 133: 133
      Compositor-3069  [005] d...    87.512851: sutil_marker: Schedutil: update-single-freq: 800000: 800000
      Compositor-3069  [005] d...    87.512851: sched_switch: prev_comm=Compositor prev_pid=3069 prev_prio=120 prev_state=S ==> next_comm=swapper/5 next_pid=0 next_prio=120
          <idle>-0     [005] d...    87.512855: cpu_idle: state=6 cpu_id=5
          <idle>-0     [005] dN..    87.512890: cpu_idle: state=4294967295 cpu_id=5
          <idle>-0     [005] d...    87.512893: sched_switch: prev_comm=swapper/5 prev_pid=0 prev_prio=120 prev_state=R ==> next_comm=marco next_pid=2113 next_prio=120
           marco-2113  [005] d...    87.512918: sched_stat_runtime: comm=marco pid=2113 runtime=30734 [ns] vruntime=7546079347 [ns]
           marco-2113  [005] d...    87.512920: sched_switch: prev_comm=marco prev_pid=2113 prev_prio=120 prev_state=S ==> next_comm=swapper/5 next_pid=0 next_prio=120
          <idle>-0     [005] d...    87.512922: cpu_idle: state=6 cpu_id=5
          <idle>-0     [005] dN..    87.513870: cpu_idle: state=4294967295 cpu_id=5
          <idle>-0     [005] d...    87.513882: sched_switch: prev_comm=swapper/5 prev_pid=0 prev_prio=120 prev_state=R ==> next_comm=Compositor next_pid=3069 next_prio=120
      Compositor-3069  [005] d...    87.513975: sched_waking: comm=chrome pid=3067 prio=120 target_cpu=006
      Compositor-3069  [005] d...    87.513982: sched_wake_idle_without_ipi: cpu=6
      Compositor-3069  [005] d...    87.513983: sched_wakeup: comm=chrome pid=3067 prio=120 target_cpu=006
      Compositor-3069  [005] d...    87.514026: sched_stat_runtime: comm=Compositor pid=3069 runtime=192356 [ns] vruntime=7548895303 [ns]
      Compositor-3069  [005] d...    87.514030: sutil_marker: Schedutil: get_next_freq: 800000: 1024
      Compositor-3069  [005] d...    87.514031: sutil_marker: Schedutil: update-single-util: 133: 135
      Compositor-3069  [005] d...    87.514031: sutil_marker: Schedutil: update-single-boost: 133: 135
      Compositor-3069  [005] d...    87.514032: sutil_marker: Schedutil: update-single-freq: 800000: 800000
      Compositor-3069  [005] d...    87.514034: sched_switch: prev_comm=Compositor prev_pid=3069 prev_prio=120 prev_state=S ==> next_comm=swapper/5 next_pid=0 next_prio=120
          <idle>-0     [005] d...    87.514044: cpu_idle: state=6 cpu_id=5
          <idle>-0     [005] dN..    87.514561: cpu_idle: state=4294967295 cpu_id=5
          <idle>-0     [005] d...    87.514580: sched_switch: prev_comm=swapper/5 prev_pid=0 prev_prio=120 prev_state=R ==> next_comm=Compositor next_pid=3069 next_prio=120
      Compositor-3069  [005] d...    87.514892: sched_waking: comm=Chrome_ChildIOT pid=3068 prio=120 target_cpu=003
      Compositor-3069  [005] d...    87.514901: sched_wake_idle_without_ipi: cpu=3
      Compositor-3069  [005] d...    87.514902: sched_wakeup: comm=Chrome_ChildIOT pid=3068 prio=120 target_cpu=003
      Compositor-3069  [005] d...    87.514986: sched_waking: comm=CompositorTileW pid=3072 prio=120 target_cpu=000
      Compositor-3069  [005] d...    87.514991: sched_wake_idle_without_ipi: cpu=0
      Compositor-3069  [005] d...    87.514991: sched_wakeup: comm=CompositorTileW pid=3072 prio=120 target_cpu=000
      Compositor-3069  [005] d...    87.515019: sched_stat_runtime: comm=Compositor pid=3069 runtime=491339 [ns] vruntime=7549386642 [ns]
      Compositor-3069  [005] d...    87.515024: sutil_marker: Schedutil: get_next_freq: 800000: 1024
      Compositor-3069  [005] d...    87.515025: sutil_marker: Schedutil: update-single-util: 135: 142
      Compositor-3069  [005] d...    87.515026: sutil_marker: Schedutil: update-single-boost: 135: 142
      Compositor-3069  [005] d...    87.515026: sutil_marker: Schedutil: update-single-freq: 800000: 800000
      Compositor-3069  [005] d...    87.515029: sched_switch: prev_comm=Compositor prev_pid=3069 prev_prio=120 prev_state=S ==> next_comm=swapper/5 next_pid=0 next_prio=120
          <idle>-0     [005] d...    87.515039: cpu_idle: state=6 cpu_id=5
          <idle>-0     [005] dN..    87.515099: cpu_idle: state=4294967295 cpu_id=5
          <idle>-0     [005] d...    87.515104: sched_switch: prev_comm=swapper/5 prev_pid=0 prev_prio=120 prev_state=R ==> next_comm=Compositor next_pid=3069 next_prio=120
      Compositor-3069  [005] d...    87.515173: sched_stat_runtime: comm=Compositor pid=3069 runtime=80668 [ns] vruntime=7549467310 [ns]
      Compositor-3069  [005] d...    87.515177: sched_switch: prev_comm=Compositor prev_pid=3069 prev_prio=120 prev_state=S ==> next_comm=swapper/5 next_pid=0 next_prio=120
          <idle>-0     [005] d...    87.515183: cpu_idle: state=6 cpu_id=5
          <idle>-0     [005] dN..    87.515939: cpu_idle: state=4294967295 cpu_id=5
          <idle>-0     [005] d...    87.515948: sched_switch: prev_comm=swapper/5 prev_pid=0 prev_prio=120 prev_state=R ==> next_comm=Compositor next_pid=3069 next_prio=120
      Compositor-3069  [005] d...    87.516012: sched_waking: comm=chrome pid=3067 prio=120 target_cpu=006
      Compositor-3069  [005] d...    87.516018: sched_wake_idle_without_ipi: cpu=6
      Compositor-3069  [005] d...    87.516019: sched_wakeup: comm=chrome pid=3067 prio=120 target_cpu=006
      Compositor-3069  [005] d...    87.516047: sched_stat_runtime: comm=Compositor pid=3069 runtime=104835 [ns] vruntime=7549572145 [ns]
      Compositor-3069  [005] d...    87.516050: sutil_marker: Schedutil: get_next_freq: 800000: 1024
      Compositor-3069  [005] d...    87.516052: sutil_marker: Schedutil: update-single-util: 142: 143
      Compositor-3069  [005] d...    87.516052: sutil_marker: Schedutil: update-single-boost: 142: 143
      Compositor-3069  [005] d...    87.516053: sutil_marker: Schedutil: update-single-freq: 800000: 800000
      Compositor-3069  [005] d...    87.516055: sched_switch: prev_comm=Compositor prev_pid=3069 prev_prio=120 prev_state=S ==> next_comm=swapper/5 next_pid=0 next_prio=120
          <idle>-0     [005] d...    87.516063: cpu_idle: state=6 cpu_id=5
          <idle>-0     [005] dN..    87.521220: cpu_idle: state=4294967295 cpu_id=5
          <idle>-0     [005] dN..    87.521233: sutil_marker: Schedutil: get_next_freq: 800000: 1024
          <idle>-0     [005] dN..    87.521234: sutil_marker: Schedutil: update-single-util: 143: 76
          <idle>-0     [005] dN..    87.521235: sutil_marker: Schedutil: update-single-boost: 143: 76
          <idle>-0     [005] dN..    87.521235: sutil_marker: Schedutil: update-single-freq: 800000: 800000
          <idle>-0     [005] d...    87.521237: sched_switch: prev_comm=swapper/5 prev_pid=0 prev_prio=120 prev_state=R ==> next_comm=Compositor next_pid=3069 next_prio=120
      Compositor-3069  [005] d...    87.521276: sched_stat_runtime: comm=Compositor pid=3069 runtime=50400 [ns] vruntime=7549622545 [ns]
      Compositor-3069  [005] d...    87.521280: sched_switch: prev_comm=Compositor prev_pid=3069 prev_prio=120 prev_state=S ==> next_comm=swapper/5 next_pid=0 next_prio=120
          <idle>-0     [005] d...    87.521294: cpu_idle: state=6 cpu_id=5
          <idle>-0     [005] d...    87.528213: cpu_idle: state=4294967295 cpu_id=5
          <idle>-0     [005] d.h.    87.528220: sched_waking: comm=Compositor pid=3069 prio=120 target_cpu=005
          <idle>-0     [005] d.h.    87.528226: sutil_marker: Schedutil: get_next_freq: 800000: 1024
          <idle>-0     [005] d.h.    87.528232: sutil_marker: Schedutil: update-single-util: 76: 66
          <idle>-0     [005] d.h.    87.528233: sutil_marker: Schedutil: update-single-boost: 76: 66
          <idle>-0     [005] d.h.    87.528234: sutil_marker: Schedutil: update-single-freq: 800000: 800000
          <idle>-0     [005] dNh.    87.528236: sched_wakeup: comm=Compositor pid=3069 prio=120 target_cpu=005
          <idle>-0     [005] d...    87.528246: sched_switch: prev_comm=swapper/5 prev_pid=0 prev_prio=120 prev_state=R ==> next_comm=Compositor next_pid=3069 next_prio=120
      Compositor-3069  [005] d...    87.528292: sched_stat_runtime: comm=Compositor pid=3069 runtime=51071 [ns] vruntime=7549673616 [ns]
      Compositor-3069  [005] d...    87.528295: sched_switch: prev_comm=Compositor prev_pid=3069 prev_prio=120 prev_state=S ==> next_comm=swapper/5 next_pid=0 next_prio=120
          <idle>-0     [005] d...    87.528303: cpu_idle: state=4 cpu_id=5
          <idle>-0     [005] dN..    87.528771: cpu_idle: state=4294967295 cpu_id=5
          <idle>-0     [005] d...    87.528779: sched_switch: prev_comm=swapper/5 prev_pid=0 prev_prio=120 prev_state=R ==> next_comm=Chrome_DBThread next_pid=1854 next_prio=120
           <...>-1854  [005] d...    87.528973: sched_waking: comm=Chrome_IOThread pid=1860 prio=120 target_cpu=001
           <...>-1854  [005] d...    87.528977: sched_wake_idle_without_ipi: cpu=1
           <...>-1854  [005] d...    87.528978: sched_wakeup: comm=Chrome_IOThread pid=1860 prio=120 target_cpu=001
           <...>-1854  [005] d...    87.528999: sched_stat_runtime: comm=Chrome_DBThread pid=1854 runtime=235123 [ns] vruntime=7545871320 [ns]
           <...>-1854  [005] d...    87.529002: sched_switch: prev_comm=Chrome_DBThread prev_pid=1854 prev_prio=120 prev_state=S ==> next_comm=swapper/5 next_pid=0 next_prio=120
          <idle>-0     [005] d...    87.529011: cpu_idle: state=4 cpu_id=5
          <idle>-0     [005] dN..    87.529400: cpu_idle: state=4294967295 cpu_id=5
          <idle>-0     [005] d...    87.529410: sched_switch: prev_comm=swapper/5 prev_pid=0 prev_prio=120 prev_state=R ==> next_comm=marco next_pid=2113 next_prio=120
           marco-2113  [005] d...    87.529493: sched_waking: comm=Xorg pid=1080 prio=120 target_cpu=002
           marco-2113  [005] d...    87.529500: sched_wake_idle_without_ipi: cpu=2
           marco-2113  [005] d...    87.529501: sched_wakeup: comm=Xorg pid=1080 prio=120 target_cpu=002
           marco-2113  [005] d.h.    87.529505: sched_waking: comm=Compositor pid=3069 prio=120 target_cpu=005
           marco-2113  [005] d.h.    87.529509: sched_migrate_task: comm=Compositor pid=3069 prio=120 orig_cpu=5 dest_cpu=7
           marco-2113  [005] d.h.    87.529511: sutil_marker: Schedutil: attach_entity_load_avg: 0: 0
           marco-2113  [005] d.h.    87.529514: sched_wake_idle_without_ipi: cpu=7
           marco-2113  [005] d.h.    87.529514: sched_wakeup: comm=Compositor pid=3069 prio=120 target_cpu=007
           marco-2113  [005] d...    87.529525: sched_stat_runtime: comm=marco pid=2113 runtime=205144 [ns] vruntime=7546284491 [ns]
           marco-2113  [005] d...    87.529530: sched_switch: prev_comm=marco prev_pid=2113 prev_prio=120 prev_state=S ==> next_comm=swapper/5 next_pid=0 next_prio=120
          <idle>-0     [005] d...    87.529540: cpu_idle: state=6 cpu_id=5
          <idle>-0     [005] dN..    87.529629: cpu_idle: state=4294967295 cpu_id=5
          <idle>-0     [005] d...    87.529635: sched_switch: prev_comm=swapper/5 prev_pid=0 prev_prio=120 prev_state=R ==> next_comm=marco next_pid=2113 next_prio=120
           marco-2113  [005] d...    87.529730: sched_waking: comm=Xorg pid=1080 prio=120 target_cpu=002
           marco-2113  [005] d...    87.529735: sched_wake_idle_without_ipi: cpu=2
           marco-2113  [005] d...    87.529735: sched_wakeup: comm=Xorg pid=1080 prio=120 target_cpu=002
           marco-2113  [005] d...    87.529740: sched_stat_runtime: comm=marco pid=2113 runtime=118152 [ns] vruntime=7546402643 [ns]
           marco-2113  [005] d...    87.529743: sched_switch: prev_comm=marco prev_pid=2113 prev_prio=120 prev_state=S ==> next_comm=swapper/5 next_pid=0 next_prio=120
          <idle>-0     [005] d...    87.529750: cpu_idle: state=6 cpu_id=5
          <idle>-0     [005] dN..    87.529758: cpu_idle: state=4294967295 cpu_id=5
          <idle>-0     [005] d...    87.529762: sched_switch: prev_comm=swapper/5 prev_pid=0 prev_prio=120 prev_state=R ==> next_comm=skype next_pid=1528 next_prio=120
           skype-1528  [005] d...    87.530742: sched_stat_runtime: comm=skype pid=1528 runtime=992254 [ns] vruntime=7547978382 [ns]
           skype-1528  [005] d...    87.530746: sutil_marker: Schedutil: get_next_freq: 800000: 1024
           skype-1528  [005] d...    87.530747: sutil_marker: Schedutil: update-single-util: 66: 61
           skype-1528  [005] d...    87.530748: sutil_marker: Schedutil: update-single-boost: 66: 61
           skype-1528  [005] d...    87.530748: sutil_marker: Schedutil: update-single-freq: 800000: 800000
           skype-1528  [005] d...    87.530750: sched_switch: prev_comm=skype prev_pid=1528 prev_prio=120 prev_state=S ==> next_comm=swapper/5 next_pid=0 next_prio=120
          <idle>-0     [005] d...    87.530757: cpu_idle: state=6 cpu_id=5
          <idle>-0     [005] d...    87.531373: cpu_idle: state=4294967295 cpu_id=5
          <idle>-0     [005] d.s.    87.531412: sched_waking: comm=SimpleCacheWork pid=2424 prio=120 target_cpu=004
          <idle>-0     [005] d.s.    87.531416: sched_migrate_task: comm=SimpleCacheWork pid=2424 prio=120 orig_cpu=4 dest_cpu=5
          <idle>-0     [005] d.s.    87.531419: sutil_marker: Schedutil: get_next_freq: 800000: 4000000
          <idle>-0     [005] d.s.    87.531420: sutil_marker: Schedutil: update-single-util: 61: 56
          <idle>-0     [005] d.s.    87.531421: sutil_marker: Schedutil: update-single-boost: 61: 4000000
          <idle>-0     [005] d.s.    87.531421: sutil_marker: Schedutil: update-single-freq: 800000: 1000000
          <idle>-0     [005] d.s.    87.531425: cpu_frequency: state=1000000 cpu_id=5
          <idle>-0     [005] d.s.    87.531427: sutil_marker: Schedutil: attach_entity_load_avg: 0: 0
          <idle>-0     [005] dNs.    87.531431: sched_wakeup: comm=SimpleCacheWork pid=2424 prio=120 target_cpu=005
          <idle>-0     [005] d...    87.531473: sched_switch: prev_comm=swapper/5 prev_pid=0 prev_prio=120 prev_state=R ==> next_comm=SimpleCacheWork next_pid=2424 next_prio=120
 SimpleCacheWork-2424  [005] d.h.    87.531505: sched_stat_runtime: comm=SimpleCacheWork pid=2424 runtime=86304 [ns] vruntime=7546120665 [ns]
 SimpleCacheWork-2424  [005] d...    87.531671: sched_stat_runtime: comm=SimpleCacheWork pid=2424 runtime=166934 [ns] vruntime=7546287599 [ns]
 SimpleCacheWork-2424  [005] d...    87.531676: sched_switch: prev_comm=SimpleCacheWork prev_pid=2424 prev_prio=120 prev_state=S ==> next_comm=swapper/5 next_pid=0 next_prio=120
          <idle>-0     [005] d...    87.531681: cpu_idle: state=6 cpu_id=5
          <idle>-0     [005] dN..    87.533460: cpu_idle: state=4294967295 cpu_id=5
          <idle>-0     [005] d...    87.533466: sched_switch: prev_comm=swapper/5 prev_pid=0 prev_prio=120 prev_state=R ==> next_comm=SimpleCacheWork next_pid=2425 next_prio=120
 SimpleCacheWork-2425  [005] d...    87.533477: sched_waking: comm=SimpleCacheWork pid=1906 prio=120 target_cpu=007
 SimpleCacheWork-2425  [005] d...    87.533482: sched_wake_idle_without_ipi: cpu=7
 SimpleCacheWork-2425  [005] d...    87.533483: sched_wakeup: comm=SimpleCacheWork pid=1906 prio=120 target_cpu=007
 SimpleCacheWork-2425  [005] d...    87.533534: sched_stat_runtime: comm=SimpleCacheWork pid=2425 runtime=79651 [ns] vruntime=7545576042 [ns]
 SimpleCacheWork-2425  [005] d...    87.533537: sched_switch: prev_comm=SimpleCacheWork prev_pid=2425 prev_prio=120 prev_state=D|K ==> next_comm=swapper/5 next_pid=0 next_prio=120
          <idle>-0     [005] d...    87.533541: cpu_idle: state=2 cpu_id=5
          <idle>-0     [005] d...    87.533623: cpu_idle: state=4294967295 cpu_id=5
          <idle>-0     [005] d.s.    87.533640: sched_waking: comm=SimpleCacheWork pid=2425 prio=120 target_cpu=005
          <idle>-0     [005] d.s.    87.533642: sutil_marker: Schedutil: update-single-return: 56: 69
          <idle>-0     [005] dNs.    87.533644: sched_wakeup: comm=SimpleCacheWork pid=2425 prio=120 target_cpu=005
          <idle>-0     [005] d...    87.533652: sched_switch: prev_comm=swapper/5 prev_pid=0 prev_prio=120 prev_state=R ==> next_comm=SimpleCacheWork next_pid=2425 next_prio=120
 SimpleCacheWork-2425  [005] d...    87.533716: sched_waking: comm=Chrome_IOThread pid=1860 prio=120 target_cpu=001
 SimpleCacheWork-2425  [005] d...    87.533718: sched_wake_idle_without_ipi: cpu=1
 SimpleCacheWork-2425  [005] d...    87.533718: sched_wakeup: comm=Chrome_IOThread pid=1860 prio=120 target_cpu=001
 SimpleCacheWork-2425  [005] d...    87.533727: sched_stat_runtime: comm=SimpleCacheWork pid=2425 runtime=85095 [ns] vruntime=7545661137 [ns]
 SimpleCacheWork-2425  [005] d...    87.533728: sched_switch: prev_comm=SimpleCacheWork prev_pid=2425 prev_prio=120 prev_state=S ==> next_comm=swapper/5 next_pid=0 next_prio=120
          <idle>-0     [005] d...    87.533731: cpu_idle: state=4 cpu_id=5
          <idle>-0     [005] dN..    87.534425: cpu_idle: state=4294967295 cpu_id=5
          <idle>-0     [005] d...    87.534431: sched_switch: prev_comm=swapper/5 prev_pid=0 prev_prio=120 prev_state=R ==> next_comm=SimpleCacheWork next_pid=2424 next_prio=120
 SimpleCacheWork-2424  [005] d...    87.534442: sched_waking: comm=SimpleCacheWork pid=1906 prio=120 target_cpu=007
 SimpleCacheWork-2424  [005] d...    87.534447: sched_migrate_task: comm=SimpleCacheWork pid=1906 prio=120 orig_cpu=7 dest_cpu=0
 SimpleCacheWork-2424  [005] d...    87.534450: sutil_marker: Schedutil: attach_entity_load_avg: 0: 0
 SimpleCacheWork-2424  [005] d...    87.534452: sched_wake_idle_without_ipi: cpu=0
 SimpleCacheWork-2424  [005] d...    87.534453: sched_wakeup: comm=SimpleCacheWork pid=1906 prio=120 target_cpu=000
 SimpleCacheWork-2424  [005] d...    87.534485: sched_stat_runtime: comm=SimpleCacheWork pid=2424 runtime=65050 [ns] vruntime=7546352649 [ns]
 SimpleCacheWork-2424  [005] d...    87.534489: sched_switch: prev_comm=SimpleCacheWork prev_pid=2424 prev_prio=120 prev_state=S ==> next_comm=swapper/5 next_pid=0 next_prio=120
          <idle>-0     [005] d...    87.534495: cpu_idle: state=4 cpu_id=5
          <idle>-0     [005] dN..    87.534685: cpu_idle: state=4294967295 cpu_id=5
          <idle>-0     [005] d...    87.534689: sched_switch: prev_comm=swapper/5 prev_pid=0 prev_prio=120 prev_state=R ==> next_comm=acpid next_pid=865 next_prio=120
           acpid-865   [005] d...    87.534748: sched_stat_runtime: comm=acpid pid=865 runtime=73414 [ns] vruntime=7956616 [ns]
           acpid-865   [005] d...    87.534750: sched_switch: prev_comm=acpid prev_pid=865 prev_prio=120 prev_state=S ==> next_comm=swapper/5 next_pid=0 next_prio=120
          <idle>-0     [005] d...    87.534753: cpu_idle: state=4 cpu_id=5
          <idle>-0     [005] d...    87.534814: cpu_idle: state=4294967295 cpu_id=5
          <idle>-0     [005] d...    87.534855: cpu_idle: state=4 cpu_id=5
          <idle>-0     [005] d...    87.535544: cpu_idle: state=4294967295 cpu_id=5
          <idle>-0     [005] d.s.    87.535558: sutil_marker: Schedutil: update-single-return: 69: 72
          <idle>-0     [005] d...    87.535572: cpu_idle: state=6 cpu_id=5
          <idle>-0     [005] d...    87.539501: cpu_idle: state=4294967295 cpu_id=5
          <idle>-0     [005] d.s.    87.539512: sutil_marker: Schedutil: update-single-return: 72: 67
          <idle>-0     [005] d...    87.539520: cpu_idle: state=6 cpu_id=5
          <idle>-0     [005] d...    87.543502: cpu_idle: state=4294967295 cpu_id=5
          <idle>-0     [005] d.s.    87.543512: sutil_marker: Schedutil: get_next_freq: 1000000: 1024
          <idle>-0     [005] d.s.    87.543513: sutil_marker: Schedutil: update-single-util: 67: 61
          <idle>-0     [005] d.s.    87.543514: sutil_marker: Schedutil: update-single-boost: 67: 61
          <idle>-0     [005] d.s.    87.543514: sutil_marker: Schedutil: update-single-freq: 1000000: 800000
          <idle>-0     [005] d.s.    87.543517: cpu_frequency: state=800000 cpu_id=5
          <idle>-0     [005] d...    87.543552: cpu_idle: state=6 cpu_id=5
          <idle>-0     [005] d...    87.547544: cpu_idle: state=4294967295 cpu_id=5
          <idle>-0     [005] d.s.    87.547565: sutil_marker: Schedutil: update-single-return: 61: 56
          <idle>-0     [005] d...    87.547583: cpu_idle: state=6 cpu_id=5
          <idle>-0     [005] dN..    87.547910: cpu_idle: state=4294967295 cpu_id=5
          <idle>-0     [005] d...    87.547918: sched_switch: prev_comm=swapper/5 prev_pid=0 prev_prio=120 prev_state=R ==> next_comm=CompositorTileW next_pid=3074 next_prio=120
           <...>-3074  [005] d...    87.547956: sched_waking: comm=Compositor pid=3069 prio=120 target_cpu=007
           <...>-3074  [005] d...    87.547962: sched_wake_idle_without_ipi: cpu=7
           <...>-3074  [005] d...    87.547964: sched_wakeup: comm=Compositor pid=3069 prio=120 target_cpu=007
           <...>-3074  [005] d...    87.547987: sched_stat_runtime: comm=CompositorTileW pid=3074 runtime=111288 [ns] vruntime=7551369542 [ns]
           <...>-3074  [005] d...    87.547991: sched_switch: prev_comm=CompositorTileW prev_pid=3074 prev_prio=120 prev_state=S ==> next_comm=swapper/5 next_pid=0 next_prio=120
          <idle>-0     [005] d...    87.547997: cpu_idle: state=6 cpu_id=5
          <idle>-0     [005] dN..    87.548896: cpu_idle: state=4294967295 cpu_id=5
          <idle>-0     [005] d...    87.548904: sched_switch: prev_comm=swapper/5 prev_pid=0 prev_prio=120 prev_state=R ==> next_comm=Compositor next_pid=3069 next_prio=120
      Compositor-3069  [005] d...    87.548978: sched_waking: comm=chrome pid=3067 prio=120 target_cpu=006
      Compositor-3069  [005] d...    87.548985: sched_wake_idle_without_ipi: cpu=6
      Compositor-3069  [005] d...    87.548987: sched_wakeup: comm=chrome pid=3067 prio=120 target_cpu=006
      Compositor-3069  [005] d...    87.549010: sched_stat_runtime: comm=Compositor pid=3069 runtime=145695 [ns] vruntime=7551773410 [ns]
      Compositor-3069  [005] d...    87.549014: sched_switch: prev_comm=Compositor prev_pid=3069 prev_prio=120 prev_state=S ==> next_comm=swapper/5 next_pid=0 next_prio=120
          <idle>-0     [005] d...    87.549020: cpu_idle: state=4 cpu_id=5
          <idle>-0     [005] d...    87.550820: cpu_idle: state=4294967295 cpu_id=5
          <idle>-0     [005] d.h.    87.550828: sched_waking: comm=skype pid=1528 prio=120 target_cpu=005
          <idle>-0     [005] d.h.    87.550833: sutil_marker: Schedutil: update-single-return: 56: 116
          <idle>-0     [005] dNh.    87.550836: sched_wakeup: comm=skype pid=1528 prio=120 target_cpu=005
          <idle>-0     [005] d...    87.550841: sched_switch: prev_comm=swapper/5 prev_pid=0 prev_prio=120 prev_state=R ==> next_comm=skype next_pid=1528 next_prio=120
           skype-1528  [005] d...    87.551173: sched_stat_runtime: comm=skype pid=1528 runtime=341857 [ns] vruntime=7548320239 [ns]
           skype-1528  [005] d...    87.551178: sched_switch: prev_comm=skype prev_pid=1528 prev_prio=120 prev_state=S ==> next_comm=swapper/5 next_pid=0 next_prio=120
          <idle>-0     [005] d...    87.551185: cpu_idle: state=3 cpu_id=5
          <idle>-0     [005] d...    87.551504: cpu_idle: state=4294967295 cpu_id=5
          <idle>-0     [005] d...    87.551537: sched_switch: prev_comm=swapper/5 prev_pid=0 prev_prio=120 prev_state=R ==> next_comm=rcu_sched next_pid=8 next_prio=120
       rcu_sched-8     [005] d...    87.551560: sched_stat_runtime: comm=rcu_sched pid=8 runtime=36240 [ns] vruntime=43601912155 [ns]
       rcu_sched-8     [005] d...    87.551563: sched_switch: prev_comm=rcu_sched prev_pid=8 prev_prio=120 prev_state=S ==> next_comm=swapper/5 next_pid=0 next_prio=120
          <idle>-0     [005] d...    87.551566: cpu_idle: state=6 cpu_id=5
          <idle>-0     [005] d...    87.555545: cpu_idle: state=4294967295 cpu_id=5
          <idle>-0     [005] d.s.    87.555562: sutil_marker: Schedutil: get_next_freq: 800000: 1024
          <idle>-0     [005] d.s.    87.555564: sutil_marker: Schedutil: update-single-util: 116: 114
          <idle>-0     [005] d.s.    87.555565: sutil_marker: Schedutil: update-single-boost: 116: 114
          <idle>-0     [005] d.s.    87.555566: sutil_marker: Schedutil: update-single-freq: 800000: 800000
          <idle>-0     [005] d...    87.555578: cpu_idle: state=6 cpu_id=5
          <idle>-0     [005] d...    87.559544: cpu_idle: state=4294967295 cpu_id=5
          <idle>-0     [005] d.s.    87.559559: sched_waking: comm=rcu_sched pid=8 prio=120 target_cpu=005
          <idle>-0     [005] d.s.    87.559562: sutil_marker: Schedutil: get_next_freq: 800000: 1024
          <idle>-0     [005] d.s.    87.559563: sutil_marker: Schedutil: update-single-util: 114: 105
          <idle>-0     [005] d.s.    87.559564: sutil_marker: Schedutil: update-single-boost: 114: 105
          <idle>-0     [005] d.s.    87.559565: sutil_marker: Schedutil: update-single-freq: 800000: 800000
          <idle>-0     [005] dNs.    87.559568: sched_wakeup: comm=rcu_sched pid=8 prio=120 target_cpu=005
          <idle>-0     [005] d...    87.559579: sched_switch: prev_comm=swapper/5 prev_pid=0 prev_prio=120 prev_state=R ==> next_comm=rcu_sched next_pid=8 next_prio=120
       rcu_sched-8     [005] d...    87.559588: sched_stat_runtime: comm=rcu_sched pid=8 runtime=17394 [ns] vruntime=43601929549 [ns]
       rcu_sched-8     [005] d...    87.559590: sched_switch: prev_comm=rcu_sched prev_pid=8 prev_prio=120 prev_state=S ==> next_comm=swapper/5 next_pid=0 next_prio=120
          <idle>-0     [005] d...    87.559594: cpu_idle: state=6 cpu_id=5
          <idle>-0     [005] d...    87.561576: cpu_idle: state=4294967295 cpu_id=5
          <idle>-0     [005] d.h.    87.561584: sched_waking: comm=Compositor pid=3069 prio=120 target_cpu=005
          <idle>-0     [005] d.h.    87.561589: sutil_marker: Schedutil: get_next_freq: 800000: 1024
          <idle>-0     [005] d.h.    87.561590: sutil_marker: Schedutil: update-single-util: 105: 101
          <idle>-0     [005] d.h.    87.561590: sutil_marker: Schedutil: update-single-boost: 105: 101
          <idle>-0     [005] d.h.    87.561591: sutil_marker: Schedutil: update-single-freq: 800000: 800000
          <idle>-0     [005] dNh.    87.561593: sched_wakeup: comm=Compositor pid=3069 prio=120 target_cpu=005
          <idle>-0     [005] d...    87.561599: sched_switch: prev_comm=swapper/5 prev_pid=0 prev_prio=120 prev_state=R ==> next_comm=Compositor next_pid=3069 next_prio=120
      Compositor-3069  [005] d...    87.561653: sched_stat_runtime: comm=Compositor pid=3069 runtime=67030 [ns] vruntime=7551840440 [ns]
      Compositor-3069  [005] d...    87.561657: sched_switch: prev_comm=Compositor prev_pid=3069 prev_prio=120 prev_state=S ==> next_comm=swapper/5 next_pid=0 next_prio=120
          <idle>-0     [005] d...    87.561662: cpu_idle: state=4 cpu_id=5
          <idle>-0     [005] d...    87.562881: cpu_idle: state=4294967295 cpu_id=5
          <idle>-0     [005] d.h.    87.562883: sched_waking: comm=Compositor pid=3069 prio=120 target_cpu=005
          <idle>-0     [005] d.h.    87.562884: sutil_marker: Schedutil: get_next_freq: 800000: 1024
          <idle>-0     [005] d.h.    87.562884: sutil_marker: Schedutil: update-single-util: 101: 100
          <idle>-0     [005] d.h.    87.562884: sutil_marker: Schedutil: update-single-boost: 101: 100
          <idle>-0     [005] d.h.    87.562884: sutil_marker: Schedutil: update-single-freq: 800000: 800000
          <idle>-0     [005] dNh.    87.562885: sched_wakeup: comm=Compositor pid=3069 prio=120 target_cpu=005
          <idle>-0     [005] d...    87.562886: sched_switch: prev_comm=swapper/5 prev_pid=0 prev_prio=120 prev_state=R ==> next_comm=Compositor next_pid=3069 next_prio=120
      Compositor-3069  [005] d...    87.562911: sched_stat_runtime: comm=Compositor pid=3069 runtime=27612 [ns] vruntime=7551868052 [ns]
      Compositor-3069  [005] d...    87.562912: sched_switch: prev_comm=Compositor prev_pid=3069 prev_prio=120 prev_state=S ==> next_comm=swapper/5 next_pid=0 next_prio=120
          <idle>-0     [005] d...    87.562913: cpu_idle: state=4 cpu_id=5
          <idle>-0     [005] dN..    87.563302: cpu_idle: state=4294967295 cpu_id=5
          <idle>-0     [005] d...    87.563304: sched_switch: prev_comm=swapper/5 prev_pid=0 prev_prio=120 prev_state=R ==> next_comm=Compositor next_pid=3069 next_prio=120
      Compositor-3069  [005] d...    87.563335: sched_waking: comm=chrome pid=3067 prio=120 target_cpu=006
      Compositor-3069  [005] d...    87.563336: sched_wake_idle_without_ipi: cpu=6
      Compositor-3069  [005] d...    87.563337: sched_wakeup: comm=chrome pid=3067 prio=120 target_cpu=006
      Compositor-3069  [005] d...    87.563365: sched_stat_runtime: comm=Compositor pid=3069 runtime=95391 [ns] vruntime=7551963443 [ns]
      Compositor-3069  [005] d...    87.563366: sched_switch: prev_comm=Compositor prev_pid=3069 prev_prio=120 prev_state=S ==> next_comm=swapper/5 next_pid=0 next_prio=120
          <idle>-0     [005] d...    87.563367: cpu_idle: state=2 cpu_id=5
          <idle>-0     [005] dN..    87.563438: cpu_idle: state=4294967295 cpu_id=5
          <idle>-0     [005] d...    87.563439: sched_switch: prev_comm=swapper/5 prev_pid=0 prev_prio=120 prev_state=R ==> next_comm=Compositor next_pid=3069 next_prio=120
      Compositor-3069  [005] d...    87.563444: sched_stat_runtime: comm=Compositor pid=3069 runtime=6080 [ns] vruntime=7551969523 [ns]
      Compositor-3069  [005] d...    87.563444: sched_switch: prev_comm=Compositor prev_pid=3069 prev_prio=120 prev_state=S ==> next_comm=swapper/5 next_pid=0 next_prio=120
          <idle>-0     [005] d...    87.563444: cpu_idle: state=2 cpu_id=5
          <idle>-0     [005] d...    87.563501: cpu_idle: state=4294967295 cpu_id=5
          <idle>-0     [005] d...    87.563532: cpu_idle: state=6 cpu_id=5
          <idle>-0     [005] dN..    87.564228: cpu_idle: state=4294967295 cpu_id=5
          <idle>-0     [005] d...    87.564231: sched_switch: prev_comm=swapper/5 prev_pid=0 prev_prio=120 prev_state=R ==> next_comm=Compositor next_pid=3069 next_prio=120
      Compositor-3069  [005] d...    87.564317: sched_waking: comm=chrome pid=3067 prio=120 target_cpu=006
      Compositor-3069  [005] d...    87.564319: sched_wake_idle_without_ipi: cpu=6
      Compositor-3069  [005] d...    87.564319: sched_wakeup: comm=chrome pid=3067 prio=120 target_cpu=006
      Compositor-3069  [005] d...    87.564438: sched_waking: comm=CompositorTileW pid=3071 prio=120 target_cpu=007
      Compositor-3069  [005] d...    87.564439: sched_wake_idle_without_ipi: cpu=7
      Compositor-3069  [005] d...    87.564439: sched_wakeup: comm=CompositorTileW pid=3071 prio=120 target_cpu=007
      Compositor-3069  [005] d...    87.564447: sched_stat_runtime: comm=Compositor pid=3069 runtime=244918 [ns] vruntime=7552214441 [ns]
      Compositor-3069  [005] d...    87.564449: sutil_marker: Schedutil: get_next_freq: 800000: 1024
      Compositor-3069  [005] d...    87.564449: sutil_marker: Schedutil: update-single-util: 100: 105
      Compositor-3069  [005] d...    87.564449: sutil_marker: Schedutil: update-single-boost: 100: 105
      Compositor-3069  [005] d...    87.564449: sutil_marker: Schedutil: update-single-freq: 800000: 800000
      Compositor-3069  [005] d...    87.564450: sched_switch: prev_comm=Compositor prev_pid=3069 prev_prio=120 prev_state=S ==> next_comm=swapper/5 next_pid=0 next_prio=120
          <idle>-0     [005] d...    87.564452: cpu_idle: state=6 cpu_id=5
          <idle>-0     [005] dN..    87.564572: cpu_idle: state=4294967295 cpu_id=5
          <idle>-0     [005] d...    87.564573: sched_switch: prev_comm=swapper/5 prev_pid=0 prev_prio=120 prev_state=R ==> next_comm=Compositor next_pid=3069 next_prio=120
      Compositor-3069  [005] d...    87.564591: sched_stat_runtime: comm=Compositor pid=3069 runtime=69957 [ns] vruntime=7552284398 [ns]
      Compositor-3069  [005] d...    87.564592: sched_switch: prev_comm=Compositor prev_pid=3069 prev_prio=120 prev_state=S ==> next_comm=swapper/5 next_pid=0 next_prio=120
          <idle>-0     [005] d...    87.564594: cpu_idle: state=6 cpu_id=5
          <idle>-0     [005] dN..    87.564983: cpu_idle: state=4294967295 cpu_id=5
          <idle>-0     [005] d...    87.564985: sched_switch: prev_comm=swapper/5 prev_pid=0 prev_prio=120 prev_state=R ==> next_comm=Compositor next_pid=3069 next_prio=120
      Compositor-3069  [005] d...    87.565173: sched_waking: comm=Chrome_ChildIOT pid=3068 prio=120 target_cpu=004
      Compositor-3069  [005] d...    87.565176: sched_wake_idle_without_ipi: cpu=4
      Compositor-3069  [005] d...    87.565176: sched_wakeup: comm=Chrome_ChildIOT pid=3068 prio=120 target_cpu=004
      Compositor-3069  [005] d...    87.565217: sched_stat_runtime: comm=Compositor pid=3069 runtime=256375 [ns] vruntime=7552540773 [ns]
      Compositor-3069  [005] d...    87.565218: sched_switch: prev_comm=Compositor prev_pid=3069 prev_prio=120 prev_state=S ==> next_comm=swapper/5 next_pid=0 next_prio=120
          <idle>-0     [005] d...    87.565220: cpu_idle: state=6 cpu_id=5
          <idle>-0     [005] dN..    87.565470: cpu_idle: state=4294967295 cpu_id=5
          <idle>-0     [005] d...    87.565472: sched_switch: prev_comm=swapper/5 prev_pid=0 prev_prio=120 prev_state=R ==> next_comm=Compositor next_pid=3069 next_prio=120
      Compositor-3069  [005] d...    87.565489: sched_waking: comm=Chrome_ChildIOT pid=3068 prio=120 target_cpu=004
      Compositor-3069  [005] d...    87.565490: sched_wake_idle_without_ipi: cpu=4
      Compositor-3069  [005] d...    87.565491: sched_wakeup: comm=Chrome_ChildIOT pid=3068 prio=120 target_cpu=004
      Compositor-3069  [005] d...    87.565528: sched_waking: comm=Chrome_ChildIOT pid=3068 prio=120 target_cpu=004
      Compositor-3069  [005] d...    87.565529: sched_wake_idle_without_ipi: cpu=4
      Compositor-3069  [005] d...    87.565529: sched_wakeup: comm=Chrome_ChildIOT pid=3068 prio=120 target_cpu=004
      Compositor-3069  [005] d...    87.565545: sched_waking: comm=chrome pid=3067 prio=120 target_cpu=006
      Compositor-3069  [005] d...    87.565548: sched_wake_idle_without_ipi: cpu=6
      Compositor-3069  [005] d...    87.565548: sched_wakeup: comm=chrome pid=3067 prio=120 target_cpu=006
      Compositor-3069  [005] d...    87.565585: sched_stat_runtime: comm=Compositor pid=3069 runtime=149068 [ns] vruntime=7552689841 [ns]
      Compositor-3069  [005] d...    87.565586: sched_switch: prev_comm=Compositor prev_pid=3069 prev_prio=120 prev_state=S ==> next_comm=swapper/5 next_pid=0 next_prio=120
          <idle>-0     [005] d...    87.565589: cpu_idle: state=6 cpu_id=5
          <idle>-0     [005] dN..    87.566416: cpu_idle: state=4294967295 cpu_id=5
          <idle>-0     [005] d...    87.566417: sched_switch: prev_comm=swapper/5 prev_pid=0 prev_prio=120 prev_state=R ==> next_comm=Compositor next_pid=3069 next_prio=120
      Compositor-3069  [005] d...    87.566458: sched_waking: comm=chrome pid=3067 prio=120 target_cpu=006
      Compositor-3069  [005] d...    87.566459: sched_wake_idle_without_ipi: cpu=6
      Compositor-3069  [005] d...    87.566460: sched_wakeup: comm=chrome pid=3067 prio=120 target_cpu=006
      Compositor-3069  [005] d...    87.566466: sched_stat_runtime: comm=Compositor pid=3069 runtime=72600 [ns] vruntime=7552762441 [ns]
      Compositor-3069  [005] d...    87.566483: sched_switch: prev_comm=Compositor prev_pid=3069 prev_prio=120 prev_state=S ==> next_comm=swapper/5 next_pid=0 next_prio=120
          <idle>-0     [005] d...    87.566484: cpu_idle: state=4 cpu_id=5
          <idle>-0     [005] d...    87.567519: cpu_idle: state=4294967295 cpu_id=5
          <idle>-0     [005] d.s.    87.567524: sched_waking: comm=rcu_sched pid=8 prio=120 target_cpu=005
          <idle>-0     [005] d.s.    87.567542: sutil_marker: Schedutil: get_next_freq: 800000: 1024
          <idle>-0     [005] d.s.    87.567542: sutil_marker: Schedutil: update-single-util: 105: 112
          <idle>-0     [005] d.s.    87.567542: sutil_marker: Schedutil: update-single-boost: 105: 112
          <idle>-0     [005] d.s.    87.567542: sutil_marker: Schedutil: update-single-freq: 800000: 800000
          <idle>-0     [005] dNs.    87.567543: sched_wakeup: comm=rcu_sched pid=8 prio=120 target_cpu=005
          <idle>-0     [005] d...    87.567547: sched_switch: prev_comm=swapper/5 prev_pid=0 prev_prio=120 prev_state=R ==> next_comm=rcu_sched next_pid=8 next_prio=120
       rcu_sched-8     [005] d...    87.567550: sched_stat_runtime: comm=rcu_sched pid=8 runtime=6176 [ns] vruntime=43603676165 [ns]
       rcu_sched-8     [005] d...    87.567551: sched_switch: prev_comm=rcu_sched prev_pid=8 prev_prio=120 prev_state=S ==> next_comm=swapper/5 next_pid=0 next_prio=120
          <idle>-0     [005] d...    87.567553: cpu_idle: state=6 cpu_id=5
          <idle>-0     [005] dN..    87.570982: cpu_idle: state=4294967295 cpu_id=5
          <idle>-0     [005] d...    87.570985: sched_switch: prev_comm=swapper/5 prev_pid=0 prev_prio=120 prev_state=R ==> next_comm=SimpleCacheWork next_pid=2425 next_prio=120
 SimpleCacheWork-2425  [005] d...    87.570991: sched_waking: comm=SimpleCacheWork pid=2370 prio=120 target_cpu=007
 SimpleCacheWork-2425  [005] d...    87.570993: sched_wake_idle_without_ipi: cpu=7
 SimpleCacheWork-2425  [005] d...    87.570993: sched_wakeup: comm=SimpleCacheWork pid=2370 prio=120 target_cpu=007
 SimpleCacheWork-2425  [005] d...    87.571032: sched_stat_runtime: comm=SimpleCacheWork pid=2425 runtime=52116 [ns] vruntime=7545713253 [ns]
 SimpleCacheWork-2425  [005] d...    87.571033: sched_switch: prev_comm=SimpleCacheWork prev_pid=2425 prev_prio=120 prev_state=S ==> next_comm=swapper/5 next_pid=0 next_prio=120
          <idle>-0     [005] d...    87.571036: cpu_idle: state=4 cpu_id=5
          <idle>-0     [005] d...    87.572249: cpu_idle: state=4294967295 cpu_id=5
          <idle>-0     [005] d.h.    87.572256: sched_waking: comm=skype pid=1528 prio=120 target_cpu=005
          <idle>-0     [005] d.h.    87.572261: sutil_marker: Schedutil: get_next_freq: 800000: 1024
          <idle>-0     [005] d.h.    87.572262: sutil_marker: Schedutil: update-single-util: 112: 103
          <idle>-0     [005] d.h.    87.572262: sutil_marker: Schedutil: update-single-boost: 112: 103
          <idle>-0     [005] d.h.    87.572263: sutil_marker: Schedutil: update-single-freq: 800000: 800000
          <idle>-0     [005] dNh.    87.572265: sched_wakeup: comm=skype pid=1528 prio=120 target_cpu=005
          <idle>-0     [005] d...    87.572273: sched_switch: prev_comm=swapper/5 prev_pid=0 prev_prio=120 prev_state=R ==> next_comm=skype next_pid=1528 next_prio=120
           skype-1528  [005] d...    87.572739: sched_stat_runtime: comm=skype pid=1528 runtime=470622 [ns] vruntime=7548790861 [ns]
           skype-1528  [005] d...    87.572739: sutil_marker: Schedutil: get_next_freq: 800000: 1024
