           <...>-3066  [006] d.h.    87.194267: sched_waking: comm=alsa-sink-USB A pid=2139 prio=94 target_cpu=006
           <...>-3066  [006] dNh.    87.194269: sched_wakeup: comm=alsa-sink-USB A pid=2139 prio=94 target_cpu=006
           <...>-3066  [006] dN..    87.194275: sched_stat_runtime: comm=trace-cmd pid=3066 runtime=2754316 [ns] vruntime=101539164 [ns]
           <...>-3066  [006] dN..    87.194276: sutil_marker: Schedutil: get_next_freq: 2700000: 1024
           <...>-3066  [006] dN..    87.194276: sutil_marker: Schedutil: update-single-util: 565: 590
           <...>-3066  [006] dN..    87.194276: sutil_marker: Schedutil: update-single-boost: 565: 590
           <...>-3066  [006] dN..    87.194276: sutil_marker: Schedutil: update-single-freq: 2678833: 1944580
           <...>-3066  [006] dN..    87.194277: cpu_frequency: state=2000000 cpu_id=6
           <...>-3066  [006] d...    87.194278: sched_switch: prev_comm=trace-cmd prev_pid=3066 prev_prio=120 prev_state=R+ ==> next_comm=alsa-sink-USB A next_pid=2139 next_prio=94
 alsa-sink-USB A-2139  [006] d...    87.194370: sched_waking: comm=pulseaudio pid=1481 prio=109 target_cpu=001
 alsa-sink-USB A-2139  [006] d...    87.194372: sched_wake_idle_without_ipi: cpu=1
 alsa-sink-USB A-2139  [006] d...    87.194372: sched_wakeup: comm=pulseaudio pid=1481 prio=109 target_cpu=001
 alsa-sink-USB A-2139  [006] d...    87.194568: sutil_marker: Schedutil: update-single-return: 590: 590
 alsa-sink-USB A-2139  [006] d...    87.194569: sched_switch: prev_comm=alsa-sink-USB A prev_pid=2139 prev_prio=94 prev_state=S ==> next_comm=trace-cmd next_pid=3066 next_prio=120
           <...>-3066  [006] ....    87.194618: sched_process_exit: comm=trace-cmd pid=3066 prio=120
           <...>-3066  [006] d...    87.194623: sched_stat_runtime: comm=trace-cmd pid=3066 runtime=54579 [ns] vruntime=101593743 [ns]
           <...>-3066  [006] d...    87.194624: sutil_marker: Schedutil: detach_entity_load_avg: 0: 0
           <...>-3066  [006] d...    87.194624: sutil_marker: Schedutil: attach_entity_load_avg: 0: 0
           <...>-3066  [006] d...    87.194624: sutil_marker: Schedutil: update-single-return: 590: 592
           <...>-3066  [006] d...    87.194627: sched_waking: comm=runme-trace.sh pid=3064 prio=120 target_cpu=005
           <...>-3066  [006] d...    87.194627: sched_migrate_task: comm=runme-trace.sh pid=3064 prio=120 orig_cpu=5 dest_cpu=7
           <...>-3066  [006] d...    87.194628: sutil_marker: Schedutil: attach_entity_load_avg: 0: 0
           <...>-3066  [006] d...    87.194628: sched_wake_idle_without_ipi: cpu=7
           <...>-3066  [006] d...    87.194629: sched_wakeup: comm=runme-trace.sh pid=3064 prio=120 target_cpu=007
           <...>-3066  [006] d...    87.194630: sched_stat_runtime: comm=trace-cmd pid=3066 runtime=7038 [ns] vruntime=44879060323 [ns]
           <...>-3066  [006] d...    87.194632: sched_switch: prev_comm=trace-cmd prev_pid=3066 prev_prio=120 prev_state=x ==> next_comm=swapper/6 next_pid=0 next_prio=120
          <idle>-0     [006] d...    87.194653: cpu_idle: state=4 cpu_id=6
          <idle>-0     [006] dN..    87.195491: cpu_idle: state=4294967295 cpu_id=6
          <idle>-0     [006] d...    87.195497: sched_switch: prev_comm=swapper/6 prev_pid=0 prev_prio=120 prev_state=R ==> next_comm=chrome next_pid=1896 next_prio=120
          chrome-1896  [006] d...    87.195536: sched_stat_runtime: comm=chrome pid=1896 runtime=41424 [ns] vruntime=7243844847 [ns]
          chrome-1896  [006] d...    87.195537: sched_switch: prev_comm=chrome prev_pid=1896 prev_prio=120 prev_state=S ==> next_comm=swapper/6 next_pid=0 next_prio=120
          <idle>-0     [006] d...    87.195538: cpu_idle: state=6 cpu_id=6
          <idle>-0     [006] dN..    87.196685: cpu_idle: state=4294967295 cpu_id=6
          <idle>-0     [006] d...    87.196687: sched_switch: prev_comm=swapper/6 prev_pid=0 prev_prio=120 prev_state=R ==> next_comm=ServiceWorker T next_pid=3076 next_prio=120
           <...>-3076  [006] d...    87.196698: sched_waking: comm=chrome pid=3067 prio=120 target_cpu=002
           <...>-3076  [006] d...    87.196699: sched_wake_idle_without_ipi: cpu=2
           <...>-3076  [006] d...    87.196699: sched_wakeup: comm=chrome pid=3067 prio=120 target_cpu=002
           <...>-3076  [006] d...    87.196700: sched_stat_runtime: comm=ServiceWorker T pid=3076 runtime=17149 [ns] vruntime=7241362736 [ns]
           <...>-3076  [006] d...    87.196701: sched_switch: prev_comm=ServiceWorker T prev_pid=3076 prev_prio=120 prev_state=S ==> next_comm=swapper/6 next_pid=0 next_prio=120
          <idle>-0     [006] d...    87.196703: cpu_idle: state=6 cpu_id=6
          <idle>-0     [006] dN..    87.196821: cpu_idle: state=4294967295 cpu_id=6
          <idle>-0     [006] d...    87.196822: sched_switch: prev_comm=swapper/6 prev_pid=0 prev_prio=120 prev_state=R ==> next_comm=chrome next_pid=1896 next_prio=120
          chrome-1896  [006] d...    87.197806: sched_stat_runtime: comm=chrome pid=1896 runtime=986728 [ns] vruntime=7244831575 [ns]
          chrome-1896  [006] d...    87.197807: sutil_marker: Schedutil: update-single-return: 592: 299
          chrome-1896  [006] d...    87.197808: sched_switch: prev_comm=chrome prev_pid=1896 prev_prio=120 prev_state=S ==> next_comm=swapper/6 next_pid=0 next_prio=120
          <idle>-0     [006] d...    87.197809: cpu_idle: state=4 cpu_id=6
          <idle>-0     [006] d...    87.199132: cpu_idle: state=4294967295 cpu_id=6
          <idle>-0     [006] d...    87.199136: cpu_idle: state=4 cpu_id=6
          <idle>-0     [006] d...    87.199517: cpu_idle: state=4294967295 cpu_id=6
          <idle>-0     [006] d.s.    87.199521: sched_waking: comm=rcu_sched pid=8 prio=120 target_cpu=006
          <idle>-0     [006] d.s.    87.199522: sutil_marker: Schedutil: update-single-return: 299: 265
          <idle>-0     [006] dNs.    87.199523: sched_wakeup: comm=rcu_sched pid=8 prio=120 target_cpu=006
          <idle>-0     [006] d...    87.199527: sched_switch: prev_comm=swapper/6 prev_pid=0 prev_prio=120 prev_state=R ==> next_comm=rcu_sched next_pid=8 next_prio=120
       rcu_sched-8     [006] d...    87.199530: sched_stat_runtime: comm=rcu_sched pid=8 runtime=6002 [ns] vruntime=44870647475 [ns]
       rcu_sched-8     [006] d...    87.199531: sched_switch: prev_comm=rcu_sched prev_pid=8 prev_prio=120 prev_state=S ==> next_comm=swapper/6 next_pid=0 next_prio=120
          <idle>-0     [006] d...    87.199532: cpu_idle: state=4 cpu_id=6
          <idle>-0     [006] d...    87.199886: cpu_idle: state=4294967295 cpu_id=6
          <idle>-0     [006] d.h.    87.199888: sched_waking: comm=chrome pid=1896 prio=120 target_cpu=006
          <idle>-0     [006] dNh.    87.199889: sched_wakeup: comm=chrome pid=1896 prio=120 target_cpu=006
          <idle>-0     [006] d...    87.199891: sched_switch: prev_comm=swapper/6 prev_pid=0 prev_prio=120 prev_state=R ==> next_comm=chrome next_pid=1896 next_prio=120
          chrome-1896  [006] d...    87.199914: sched_stat_runtime: comm=chrome pid=1896 runtime=25316 [ns] vruntime=7244856891 [ns]
          chrome-1896  [006] d...    87.199915: sched_switch: prev_comm=chrome prev_pid=1896 prev_prio=120 prev_state=S ==> next_comm=swapper/6 next_pid=0 next_prio=120
          <idle>-0     [006] d...    87.199916: cpu_idle: state=6 cpu_id=6
          <idle>-0     [006] d...    87.203509: cpu_idle: state=4294967295 cpu_id=6
          <idle>-0     [006] d.s.    87.203514: sutil_marker: Schedutil: update-single-return: 265: 244
          <idle>-0     [006] d...    87.203520: cpu_idle: state=6 cpu_id=6
          <idle>-0     [006] d...    87.207508: cpu_idle: state=4294967295 cpu_id=6
          <idle>-0     [006] d.s.    87.207512: sched_waking: comm=rcu_sched pid=8 prio=120 target_cpu=006
          <idle>-0     [006] d.s.    87.207513: sutil_marker: Schedutil: get_next_freq: 2000000: 1024
          <idle>-0     [006] d.s.    87.207513: sutil_marker: Schedutil: update-single-util: 244: 225
          <idle>-0     [006] d.s.    87.207513: sutil_marker: Schedutil: update-single-boost: 244: 225
          <idle>-0     [006] d.s.    87.207513: sutil_marker: Schedutil: update-single-freq: 1944580: 800000
          <idle>-0     [006] d.s.    87.207515: cpu_frequency: state=800000 cpu_id=6
          <idle>-0     [006] dNs.    87.207516: sched_wakeup: comm=rcu_sched pid=8 prio=120 target_cpu=006
          <idle>-0     [006] d...    87.207535: sched_switch: prev_comm=swapper/6 prev_pid=0 prev_prio=120 prev_state=R ==> next_comm=rcu_sched next_pid=8 next_prio=120
       rcu_sched-8     [006] d...    87.207539: sched_stat_runtime: comm=rcu_sched pid=8 runtime=22351 [ns] vruntime=44870752300 [ns]
       rcu_sched-8     [006] d...    87.207540: sched_switch: prev_comm=rcu_sched prev_pid=8 prev_prio=120 prev_state=S ==> next_comm=swapper/6 next_pid=0 next_prio=120
          <idle>-0     [006] d...    87.207542: cpu_idle: state=6 cpu_id=6
          <idle>-0     [006] d...    87.211501: cpu_idle: state=4294967295 cpu_id=6
          <idle>-0     [006] d.s.    87.211509: sutil_marker: Schedutil: update-single-return: 225: 207
          <idle>-0     [006] d...    87.211519: cpu_idle: state=6 cpu_id=6
          <idle>-0     [006] dN..    87.213257: cpu_idle: state=4294967295 cpu_id=6
          <idle>-0     [006] d...    87.213261: sched_switch: prev_comm=swapper/6 prev_pid=0 prev_prio=120 prev_state=R ==> next_comm=CompositorTileW next_pid=1862 next_prio=120
 CompositorTileW-1862  [006] d...    87.213290: sched_waking: comm=chrome pid=1524 prio=120 target_cpu=001
 CompositorTileW-1862  [006] d...    87.213293: sched_wake_idle_without_ipi: cpu=1
 CompositorTileW-1862  [006] d...    87.213293: sched_wakeup: comm=chrome pid=1524 prio=120 target_cpu=001
 CompositorTileW-1862  [006] d...    87.213302: sched_stat_runtime: comm=CompositorTileW pid=1862 runtime=70679 [ns] vruntime=7232927570 [ns]
 CompositorTileW-1862  [006] d...    87.213303: sched_switch: prev_comm=CompositorTileW prev_pid=1862 prev_prio=120 prev_state=S ==> next_comm=swapper/6 next_pid=0 next_prio=120
          <idle>-0     [006] d...    87.213306: cpu_idle: state=6 cpu_id=6
          <idle>-0     [006] d...    87.215503: cpu_idle: state=4294967295 cpu_id=6
          <idle>-0     [006] d.s.    87.215509: sched_waking: comm=rcu_sched pid=8 prio=120 target_cpu=006
          <idle>-0     [006] d.s.    87.215510: sutil_marker: Schedutil: update-single-return: 207: 192
          <idle>-0     [006] dNs.    87.215512: sched_wakeup: comm=rcu_sched pid=8 prio=120 target_cpu=006
          <idle>-0     [006] d...    87.215518: sched_switch: prev_comm=swapper/6 prev_pid=0 prev_prio=120 prev_state=R ==> next_comm=rcu_sched next_pid=8 next_prio=120
       rcu_sched-8     [006] d...    87.215522: sched_stat_runtime: comm=rcu_sched pid=8 runtime=9117 [ns] vruntime=44870963138 [ns]
       rcu_sched-8     [006] d...    87.215524: sched_switch: prev_comm=rcu_sched prev_pid=8 prev_prio=120 prev_state=S ==> next_comm=swapper/6 next_pid=0 next_prio=120
          <idle>-0     [006] d...    87.215526: cpu_idle: state=6 cpu_id=6
          <idle>-0     [006] dN..    87.215743: cpu_idle: state=4294967295 cpu_id=6
          <idle>-0     [006] d...    87.215746: sched_switch: prev_comm=swapper/6 prev_pid=0 prev_prio=120 prev_state=R ==> next_comm=Chrome_DBThread next_pid=1854 next_prio=120
           <...>-1854  [006] d...    87.215840: sched_waking: comm=Chrome_IOThread pid=1860 prio=120 target_cpu=007
           <...>-1854  [006] d...    87.215843: sched_wake_idle_without_ipi: cpu=7
           <...>-1854  [006] d...    87.215844: sched_wakeup: comm=Chrome_IOThread pid=1860 prio=120 target_cpu=007
           <...>-1854  [006] d...    87.215853: sched_stat_runtime: comm=Chrome_DBThread pid=1854 runtime=138088 [ns] vruntime=7232994979 [ns]
           <...>-1854  [006] d...    87.215855: sched_switch: prev_comm=Chrome_DBThread prev_pid=1854 prev_prio=120 prev_state=S ==> next_comm=swapper/6 next_pid=0 next_prio=120
          <idle>-0     [006] d...    87.215858: cpu_idle: state=6 cpu_id=6
          <idle>-0     [006] d...    87.219479: cpu_idle: state=4294967295 cpu_id=6
          <idle>-0     [006] d.s.    87.219489: sutil_marker: Schedutil: get_next_freq: 800000: 1024
          <idle>-0     [006] d.s.    87.219490: sutil_marker: Schedutil: update-single-util: 192: 180
          <idle>-0     [006] d.s.    87.219490: sutil_marker: Schedutil: update-single-boost: 192: 180
          <idle>-0     [006] d.s.    87.219491: sutil_marker: Schedutil: update-single-freq: 800000: 800000
          <idle>-0     [006] d...    87.219524: cpu_idle: state=6 cpu_id=6
          <idle>-0     [006] d...    87.223480: cpu_idle: state=4294967295 cpu_id=6
          <idle>-0     [006] d.s.    87.223490: sched_waking: comm=rcu_sched pid=8 prio=120 target_cpu=006
          <idle>-0     [006] d.s.    87.223493: sutil_marker: Schedutil: get_next_freq: 800000: 1024
          <idle>-0     [006] d.s.    87.223494: sutil_marker: Schedutil: update-single-util: 180: 166
          <idle>-0     [006] d.s.    87.223495: sutil_marker: Schedutil: update-single-boost: 180: 166
          <idle>-0     [006] d.s.    87.223495: sutil_marker: Schedutil: update-single-freq: 800000: 800000
          <idle>-0     [006] dNs.    87.223498: sched_wakeup: comm=rcu_sched pid=8 prio=120 target_cpu=006
          <idle>-0     [006] d...    87.223511: sched_switch: prev_comm=swapper/6 prev_pid=0 prev_prio=120 prev_state=R ==> next_comm=rcu_sched next_pid=8 next_prio=120
       rcu_sched-8     [006] d...    87.223517: sched_stat_runtime: comm=rcu_sched pid=8 runtime=16931 [ns] vruntime=44871410088 [ns]
       rcu_sched-8     [006] d...    87.223520: sched_switch: prev_comm=rcu_sched prev_pid=8 prev_prio=120 prev_state=S ==> next_comm=swapper/6 next_pid=0 next_prio=120
          <idle>-0     [006] d...    87.223526: cpu_idle: state=6 cpu_id=6
          <idle>-0     [006] d...    87.227451: cpu_idle: state=4294967295 cpu_id=6
          <idle>-0     [006] d...    87.227454: cpu_idle: state=6 cpu_id=6
          <idle>-0     [006] d...    87.227478: cpu_idle: state=4294967295 cpu_id=6
          <idle>-0     [006] d...    87.227488: cpu_idle: state=4 cpu_id=6
          <idle>-0     [006] dN..    87.227542: cpu_idle: state=4294967295 cpu_id=6
          <idle>-0     [006] d...    87.227549: sched_switch: prev_comm=swapper/6 prev_pid=0 prev_prio=120 prev_state=R ==> next_comm=rcu_sched next_pid=8 next_prio=120
       rcu_sched-8     [006] d...    87.227555: sched_stat_runtime: comm=rcu_sched pid=8 runtime=52367 [ns] vruntime=44871462455 [ns]
       rcu_sched-8     [006] d...    87.227557: sched_switch: prev_comm=rcu_sched prev_pid=8 prev_prio=120 prev_state=S ==> next_comm=swapper/6 next_pid=0 next_prio=120
          <idle>-0     [006] d...    87.227561: cpu_idle: state=4 cpu_id=6
          <idle>-0     [006] d...    87.228428: cpu_idle: state=4294967295 cpu_id=6
          <idle>-0     [006] d.h.    87.228433: sched_waking: comm=alsa-sink-USB A pid=2139 prio=94 target_cpu=006
          <idle>-0     [006] dNh.    87.228436: sched_wakeup: comm=alsa-sink-USB A pid=2139 prio=94 target_cpu=006
          <idle>-0     [006] d...    87.228441: sched_switch: prev_comm=swapper/6 prev_pid=0 prev_prio=120 prev_state=R ==> next_comm=alsa-sink-USB A next_pid=2139 next_prio=94
 alsa-sink-USB A-2139  [006] d...    87.228529: sched_waking: comm=pulseaudio pid=1481 prio=109 target_cpu=001
 alsa-sink-USB A-2139  [006] d...    87.228533: sched_migrate_task: comm=pulseaudio pid=1481 prio=109 orig_cpu=1 dest_cpu=7
 alsa-sink-USB A-2139  [006] d...    87.228536: sutil_marker: Schedutil: attach_entity_load_avg: 0: 0
 alsa-sink-USB A-2139  [006] d...    87.228539: sched_wake_idle_without_ipi: cpu=7
 alsa-sink-USB A-2139  [006] d...    87.228540: sched_wakeup: comm=pulseaudio pid=1481 prio=109 target_cpu=007
 alsa-sink-USB A-2139  [006] d...    87.229591: sutil_marker: Schedutil: update-single-util: 166: 153
 alsa-sink-USB A-2139  [006] d...    87.229593: sutil_marker: Schedutil: update-single-boost: 166: 153
 alsa-sink-USB A-2139  [006] d...    87.229594: sutil_marker: Schedutil: update-single-freq: 800000: 4000000
 alsa-sink-USB A-2139  [006] d...    87.229597: cpu_frequency: state=4000000 cpu_id=6
 alsa-sink-USB A-2139  [006] d...    87.229602: sched_switch: prev_comm=alsa-sink-USB A prev_pid=2139 prev_prio=94 prev_state=S ==> next_comm=swapper/6 next_pid=0 next_prio=120
          <idle>-0     [006] d...    87.229608: cpu_idle: state=6 cpu_id=6
          <idle>-0     [006] dN..    87.230572: cpu_idle: state=4294967295 cpu_id=6
          <idle>-0     [006] d...    87.230574: sched_switch: prev_comm=swapper/6 prev_pid=0 prev_prio=120 prev_state=R ==> next_comm=CompositorTileW next_pid=1862 next_prio=120
 CompositorTileW-1862  [006] d...    87.230798: sched_waking: comm=chrome pid=1524 prio=120 target_cpu=002
 CompositorTileW-1862  [006] d...    87.230800: sched_wake_idle_without_ipi: cpu=2
 CompositorTileW-1862  [006] d...    87.230800: sched_wakeup: comm=chrome pid=1524 prio=120 target_cpu=002
 CompositorTileW-1862  [006] d...    87.230803: sched_stat_runtime: comm=CompositorTileW pid=1862 runtime=232749 [ns] vruntime=7233160319 [ns]
 CompositorTileW-1862  [006] d...    87.230804: sutil_marker: Schedutil: update-single-return: 153: 149
 CompositorTileW-1862  [006] d...    87.230805: sched_switch: prev_comm=CompositorTileW prev_pid=1862 prev_prio=120 prev_state=S ==> next_comm=swapper/6 next_pid=0 next_prio=120
          <idle>-0     [006] d...    87.230806: cpu_idle: state=4 cpu_id=6
          <idle>-0     [006] d...    87.231477: cpu_idle: state=4294967295 cpu_id=6
          <idle>-0     [006] d...    87.231521: cpu_idle: state=6 cpu_id=6
          <idle>-0     [006] dN..    87.232194: cpu_idle: state=4294967295 cpu_id=6
          <idle>-0     [006] d...    87.232195: sched_switch: prev_comm=swapper/6 prev_pid=0 prev_prio=120 prev_state=R ==> next_comm=Xorg next_pid=1080 next_prio=120
            Xorg-1080  [006] d...    87.232256: sched_waking: comm=marco pid=2113 prio=120 target_cpu=001
            Xorg-1080  [006] d...    87.232258: sched_migrate_task: comm=marco pid=2113 prio=120 orig_cpu=1 dest_cpu=0
            Xorg-1080  [006] d...    87.232259: sutil_marker: Schedutil: attach_entity_load_avg: 0: 0
            Xorg-1080  [006] d...    87.232259: sched_wake_idle_without_ipi: cpu=0
            Xorg-1080  [006] d...    87.232260: sched_wakeup: comm=marco pid=2113 prio=120 target_cpu=000
            Xorg-1080  [006] d...    87.232263: sched_waking: comm=chrome pid=1896 prio=120 target_cpu=005
            Xorg-1080  [006] d...    87.232264: sched_wake_idle_without_ipi: cpu=5
            Xorg-1080  [006] d...    87.232264: sched_wakeup: comm=chrome pid=1896 prio=120 target_cpu=005
            Xorg-1080  [006] d...    87.232301: sched_stat_runtime: comm=Xorg pid=1080 runtime=109299 [ns] vruntime=266555978 [ns]
            Xorg-1080  [006] d...    87.232302: sched_switch: prev_comm=Xorg prev_pid=1080 prev_prio=120 prev_state=S ==> next_comm=swapper/6 next_pid=0 next_prio=120
          <idle>-0     [006] d...    87.232304: cpu_idle: state=6 cpu_id=6
          <idle>-0     [006] dN..    87.232332: cpu_idle: state=4294967295 cpu_id=6
          <idle>-0     [006] d...    87.232333: sched_switch: prev_comm=swapper/6 prev_pid=0 prev_prio=120 prev_state=R ==> next_comm=Xorg next_pid=1080 next_prio=120
            Xorg-1080  [006] d...    87.232349: sched_waking: comm=marco pid=2113 prio=120 target_cpu=000
            Xorg-1080  [006] d...    87.232351: sched_wake_idle_without_ipi: cpu=0
            Xorg-1080  [006] d...    87.232351: sched_wakeup: comm=marco pid=2113 prio=120 target_cpu=000
            Xorg-1080  [006] d...    87.232360: sched_stat_runtime: comm=Xorg pid=1080 runtime=28585 [ns] vruntime=266584563 [ns]
            Xorg-1080  [006] d...    87.232360: sched_switch: prev_comm=Xorg prev_pid=1080 prev_prio=120 prev_state=S ==> next_comm=swapper/6 next_pid=0 next_prio=120
          <idle>-0     [006] d...    87.232361: cpu_idle: state=6 cpu_id=6
          <idle>-0     [006] dN..    87.232430: cpu_idle: state=4294967295 cpu_id=6
          <idle>-0     [006] d...    87.232430: sched_switch: prev_comm=swapper/6 prev_pid=0 prev_prio=120 prev_state=R ==> next_comm=Xorg next_pid=1080 next_prio=120
            Xorg-1080  [006] d...    87.232523: sched_waking: comm=marco pid=2113 prio=120 target_cpu=000
            Xorg-1080  [006] d...    87.232525: sched_wake_idle_without_ipi: cpu=0
            Xorg-1080  [006] d...    87.232525: sched_wakeup: comm=marco pid=2113 prio=120 target_cpu=000
            Xorg-1080  [006] d...    87.232532: sched_stat_runtime: comm=Xorg pid=1080 runtime=104148 [ns] vruntime=266688711 [ns]
            Xorg-1080  [006] d...    87.232533: sched_switch: prev_comm=Xorg prev_pid=1080 prev_prio=120 prev_state=S ==> next_comm=swapper/6 next_pid=0 next_prio=120
          <idle>-0     [006] d...    87.232534: cpu_idle: state=6 cpu_id=6
          <idle>-0     [006] d...    87.235403: cpu_idle: state=4294967295 cpu_id=6
          <idle>-0     [006] d...    87.235406: cpu_idle: state=6 cpu_id=6
          <idle>-0     [006] d...    87.235450: cpu_idle: state=4294967295 cpu_id=6
          <idle>-0     [006] d...    87.235451: cpu_idle: state=6 cpu_id=6
          <idle>-0     [006] d...    87.235477: cpu_idle: state=4294967295 cpu_id=6
          <idle>-0     [006] d.s.    87.235485: sched_waking: comm=rcu_sched pid=8 prio=120 target_cpu=006
          <idle>-0     [006] d.s.    87.235488: sutil_marker: Schedutil: update-single-return: 149: 153
          <idle>-0     [006] dNs.    87.235488: sched_wakeup: comm=rcu_sched pid=8 prio=120 target_cpu=006
          <idle>-0     [006] d...    87.235511: sched_switch: prev_comm=swapper/6 prev_pid=0 prev_prio=120 prev_state=R ==> next_comm=rcu_sched next_pid=8 next_prio=120
       rcu_sched-8     [006] d...    87.235517: sched_stat_runtime: comm=rcu_sched pid=8 runtime=11810 [ns] vruntime=44872110100 [ns]
       rcu_sched-8     [006] d...    87.235518: sched_switch: prev_comm=rcu_sched prev_pid=8 prev_prio=120 prev_state=S ==> next_comm=swapper/6 next_pid=0 next_prio=120
          <idle>-0     [006] d...    87.235520: cpu_idle: state=6 cpu_id=6
          <idle>-0     [006] dN..    87.235731: cpu_idle: state=4294967295 cpu_id=6
          <idle>-0     [006] d...    87.235733: sched_switch: prev_comm=swapper/6 prev_pid=0 prev_prio=120 prev_state=R ==> next_comm=Chrome_DBThread next_pid=1854 next_prio=120
           <...>-1854  [006] d...    87.235849: sched_waking: comm=Chrome_IOThread pid=1860 prio=120 target_cpu=002
           <...>-1854  [006] d...    87.235850: sched_wake_idle_without_ipi: cpu=2
           <...>-1854  [006] d...    87.235850: sched_wakeup: comm=Chrome_IOThread pid=1860 prio=120 target_cpu=002
           <...>-1854  [006] d...    87.235856: sched_stat_runtime: comm=Chrome_DBThread pid=1854 runtime=126718 [ns] vruntime=7233121697 [ns]
           <...>-1854  [006] d...    87.235856: sched_switch: prev_comm=Chrome_DBThread prev_pid=1854 prev_prio=120 prev_state=S ==> next_comm=swapper/6 next_pid=0 next_prio=120
          <idle>-0     [006] d...    87.235859: cpu_idle: state=6 cpu_id=6
          <idle>-0     [006] dN..    87.237145: cpu_idle: state=4294967295 cpu_id=6
          <idle>-0     [006] d...    87.237147: sched_switch: prev_comm=swapper/6 prev_pid=0 prev_prio=120 prev_state=R ==> next_comm=chrome next_pid=1524 next_prio=120
          chrome-1524  [006] d...    87.237196: sched_stat_runtime: comm=chrome pid=1524 runtime=53191 [ns] vruntime=7244481936 [ns]
          chrome-1524  [006] d...    87.237196: sched_switch: prev_comm=chrome prev_pid=1524 prev_prio=120 prev_state=S ==> next_comm=swapper/6 next_pid=0 next_prio=120
          <idle>-0     [006] d...    87.237198: cpu_idle: state=6 cpu_id=6
          <idle>-0     [006] dN..    87.237286: cpu_idle: state=4294967295 cpu_id=6
          <idle>-0     [006] d...    87.237288: sched_switch: prev_comm=swapper/6 prev_pid=0 prev_prio=120 prev_state=R ==> next_comm=Chrome_ChildIOT next_pid=3068 next_prio=120
 Chrome_ChildIOT-3068  [006] d...    87.237300: sched_waking: comm=Chrome_ChildIOT pid=1903 prio=120 target_cpu=004
 Chrome_ChildIOT-3068  [006] d...    87.237302: sched_wakeup: comm=Chrome_ChildIOT pid=1903 prio=120 target_cpu=004
 Chrome_ChildIOT-3068  [006] d...    87.237326: sched_stat_runtime: comm=Chrome_ChildIOT pid=3068 runtime=41626 [ns] vruntime=7237677005 [ns]
 Chrome_ChildIOT-3068  [006] d...    87.237327: sched_switch: prev_comm=Chrome_ChildIOT prev_pid=3068 prev_prio=120 prev_state=S ==> next_comm=swapper/6 next_pid=0 next_prio=120
          <idle>-0     [006] d...    87.237329: sched_switch: prev_comm=swapper/6 prev_pid=0 prev_prio=120 prev_state=R ==> next_comm=Chrome_ChildIOT next_pid=3068 next_prio=120
 Chrome_ChildIOT-3068  [006] d...    87.237341: sched_waking: comm=Chrome_IOThread pid=1860 prio=120 target_cpu=002
 Chrome_ChildIOT-3068  [006] d...    87.237342: sched_migrate_task: comm=Chrome_IOThread pid=1860 prio=120 orig_cpu=2 dest_cpu=0
 Chrome_ChildIOT-3068  [006] d...    87.237342: sutil_marker: Schedutil: attach_entity_load_avg: 0: 0
 Chrome_ChildIOT-3068  [006] d...    87.237343: sched_wake_idle_without_ipi: cpu=0
 Chrome_ChildIOT-3068  [006] d...    87.237343: sched_wakeup: comm=Chrome_IOThread pid=1860 prio=120 target_cpu=000
 Chrome_ChildIOT-3068  [006] d...    87.237354: sched_stat_runtime: comm=Chrome_ChildIOT pid=3068 runtime=26199 [ns] vruntime=7237703204 [ns]
 Chrome_ChildIOT-3068  [006] d...    87.237355: sched_switch: prev_comm=Chrome_ChildIOT prev_pid=3068 prev_prio=120 prev_state=S ==> next_comm=swapper/6 next_pid=0 next_prio=120
          <idle>-0     [006] d...    87.237356: cpu_idle: state=6 cpu_id=6
          <idle>-0     [006] dN..    87.237385: cpu_idle: state=4294967295 cpu_id=6
          <idle>-0     [006] d...    87.237386: sched_switch: prev_comm=swapper/6 prev_pid=0 prev_prio=120 prev_state=R ==> next_comm=Chrome_ChildIOT next_pid=3068 next_prio=120
 Chrome_ChildIOT-3068  [006] d...    87.237397: sched_waking: comm=Chrome_ChildIOT pid=1903 prio=120 target_cpu=004
 Chrome_ChildIOT-3068  [006] d...    87.237398: sched_wake_idle_without_ipi: cpu=4
 Chrome_ChildIOT-3068  [006] d...    87.237399: sched_wakeup: comm=Chrome_ChildIOT pid=1903 prio=120 target_cpu=004
 Chrome_ChildIOT-3068  [006] d...    87.237416: sched_waking: comm=CompositorTileW pid=3073 prio=120 target_cpu=002
 Chrome_ChildIOT-3068  [006] d...    87.237416: sched_migrate_task: comm=CompositorTileW pid=3073 prio=120 orig_cpu=2 dest_cpu=4
 Chrome_ChildIOT-3068  [006] d...    87.237417: sutil_marker: Schedutil: attach_entity_load_avg: 0: 0
 Chrome_ChildIOT-3068  [006] d...    87.237417: sched_wake_idle_without_ipi: cpu=4
 Chrome_ChildIOT-3068  [006] d...    87.237417: sched_wakeup: comm=CompositorTileW pid=3073 prio=120 target_cpu=004
 Chrome_ChildIOT-3068  [006] d...    87.237432: sched_waking: comm=CompositorTileW pid=3071 prio=120 target_cpu=000
 Chrome_ChildIOT-3068  [006] d...    87.237432: sched_migrate_task: comm=CompositorTileW pid=3071 prio=120 orig_cpu=0 dest_cpu=5
 Chrome_ChildIOT-3068  [006] d...    87.237433: sutil_marker: Schedutil: attach_entity_load_avg: 0: 0
 Chrome_ChildIOT-3068  [006] d...    87.237433: sched_wake_idle_without_ipi: cpu=5
 Chrome_ChildIOT-3068  [006] d...    87.237434: sched_wakeup: comm=CompositorTileW pid=3071 prio=120 target_cpu=005
 Chrome_ChildIOT-3068  [006] d...    87.237435: sched_waking: comm=CompositorTileW pid=3074 prio=120 target_cpu=007
 Chrome_ChildIOT-3068  [006] d...    87.237436: sched_wakeup: comm=CompositorTileW pid=3074 prio=120 target_cpu=007
 Chrome_ChildIOT-3068  [006] d...    87.237446: sched_stat_runtime: comm=Chrome_ChildIOT pid=3068 runtime=62519 [ns] vruntime=7237765723 [ns]
 Chrome_ChildIOT-3068  [006] d...    87.237452: sched_switch: prev_comm=Chrome_ChildIOT prev_pid=3068 prev_prio=120 prev_state=S ==> next_comm=swapper/6 next_pid=0 next_prio=120
          <idle>-0     [006] d...    87.237455: sched_switch: prev_comm=swapper/6 prev_pid=0 prev_prio=120 prev_state=R ==> next_comm=Chrome_ChildIOT next_pid=3068 next_prio=120
 Chrome_ChildIOT-3068  [006] d...    87.237458: sched_waking: comm=Chrome_ChildIOT pid=1903 prio=120 target_cpu=004
 Chrome_ChildIOT-3068  [006] d...    87.237459: sched_migrate_task: comm=Chrome_ChildIOT pid=1903 prio=120 orig_cpu=4 dest_cpu=0
 Chrome_ChildIOT-3068  [006] d...    87.237459: sutil_marker: Schedutil: attach_entity_load_avg: 0: 0
 Chrome_ChildIOT-3068  [006] d...    87.237460: sched_wake_idle_without_ipi: cpu=0
 Chrome_ChildIOT-3068  [006] d...    87.237460: sched_wakeup: comm=Chrome_ChildIOT pid=1903 prio=120 target_cpu=000
 Chrome_ChildIOT-3068  [006] d...    87.237467: sched_waking: comm=Chrome_IOThread pid=1860 prio=120 target_cpu=000
 Chrome_ChildIOT-3068  [006] d...    87.237468: sched_stat_runtime: comm=Chrome_ChildIOT pid=1903 runtime=9287 [ns] vruntime=43840298624 [ns]
 Chrome_ChildIOT-3068  [006] d...    87.237469: sched_wakeup: comm=Chrome_IOThread pid=1860 prio=120 target_cpu=000
 Chrome_ChildIOT-3068  [006] d...    87.237495: sched_stat_runtime: comm=Chrome_ChildIOT pid=3068 runtime=41580 [ns] vruntime=7237807303 [ns]
 Chrome_ChildIOT-3068  [006] d...    87.237498: sched_switch: prev_comm=Chrome_ChildIOT prev_pid=3068 prev_prio=120 prev_state=S ==> next_comm=swapper/6 next_pid=0 next_prio=120
          <idle>-0     [006] d...    87.237500: cpu_idle: state=4 cpu_id=6
          <idle>-0     [006] dN..    87.237543: cpu_idle: state=4294967295 cpu_id=6
          <idle>-0     [006] d...    87.237545: sched_switch: prev_comm=swapper/6 prev_pid=0 prev_prio=120 prev_state=R ==> next_comm=Chrome_ChildIOT next_pid=3068 next_prio=120
 Chrome_ChildIOT-3068  [006] d...    87.237562: sched_waking: comm=CompositorTileW pid=3072 prio=120 target_cpu=005
 Chrome_ChildIOT-3068  [006] d...    87.237563: sched_migrate_task: comm=CompositorTileW pid=3072 prio=120 orig_cpu=5 dest_cpu=7
 Chrome_ChildIOT-3068  [006] d...    87.237564: sutil_marker: Schedutil: attach_entity_load_avg: 0: 0
 Chrome_ChildIOT-3068  [006] d...    87.237565: sched_wake_idle_without_ipi: cpu=7
 Chrome_ChildIOT-3068  [006] d...    87.237565: sched_wakeup: comm=CompositorTileW pid=3072 prio=120 target_cpu=007
 Chrome_ChildIOT-3068  [006] d...    87.237578: sched_waking: comm=CompositorTileW pid=3074 prio=120 target_cpu=007
 Chrome_ChildIOT-3068  [006] d...    87.237579: sched_stat_runtime: comm=CompositorTileW pid=3072 runtime=15377 [ns] vruntime=6553755558 [ns]
 Chrome_ChildIOT-3068  [006] d...    87.237580: sched_wakeup: comm=CompositorTileW pid=3074 prio=120 target_cpu=007
 Chrome_ChildIOT-3068  [006] d...    87.237592: sched_stat_runtime: comm=Chrome_ChildIOT pid=3068 runtime=50888 [ns] vruntime=7237858191 [ns]
 Chrome_ChildIOT-3068  [006] d...    87.237595: sched_switch: prev_comm=Chrome_ChildIOT prev_pid=3068 prev_prio=120 prev_state=S ==> next_comm=swapper/6 next_pid=0 next_prio=120
          <idle>-0     [006] d...    87.237597: cpu_idle: state=4 cpu_id=6
          <idle>-0     [006] dN..    87.237622: cpu_idle: state=4294967295 cpu_id=6
          <idle>-0     [006] d...    87.237623: sched_switch: prev_comm=swapper/6 prev_pid=0 prev_prio=120 prev_state=R ==> next_comm=Chrome_ChildIOT next_pid=3068 next_prio=120
 Chrome_ChildIOT-3068  [006] d...    87.237664: sched_waking: comm=Chrome_IOThread pid=1860 prio=120 target_cpu=000
 Chrome_ChildIOT-3068  [006] d...    87.237665: sched_stat_runtime: comm=CompositorTileW pid=3074 runtime=45552 [ns] vruntime=43840541656 [ns]
 Chrome_ChildIOT-3068  [006] d...    87.237665: sched_wakeup: comm=Chrome_IOThread pid=1860 prio=120 target_cpu=000
 Chrome_ChildIOT-3068  [006] d...    87.237668: sched_stat_runtime: comm=Chrome_ChildIOT pid=3068 runtime=59082 [ns] vruntime=7237917273 [ns]
 Chrome_ChildIOT-3068  [006] d...    87.237668: sched_switch: prev_comm=Chrome_ChildIOT prev_pid=3068 prev_prio=120 prev_state=S ==> next_comm=swapper/6 next_pid=0 next_prio=120
          <idle>-0     [006] d...    87.237669: cpu_idle: state=2 cpu_id=6
          <idle>-0     [006] dN..    87.237746: cpu_idle: state=4294967295 cpu_id=6
          <idle>-0     [006] d...    87.237747: sched_switch: prev_comm=swapper/6 prev_pid=0 prev_prio=120 prev_state=R ==> next_comm=threaded-ml next_pid=1603 next_prio=120
     threaded-ml-1603  [006] d...    87.237756: sched_waking: comm=pulseaudio pid=1481 prio=109 target_cpu=007
     threaded-ml-1603  [006] d...    87.237758: sched_wake_idle_without_ipi: cpu=7
     threaded-ml-1603  [006] d...    87.237758: sched_wakeup: comm=pulseaudio pid=1481 prio=109 target_cpu=007
     threaded-ml-1603  [006] d...    87.237763: sched_stat_runtime: comm=threaded-ml pid=1603 runtime=17995 [ns] vruntime=7232874886 [ns]
     threaded-ml-1603  [006] d...    87.237764: sched_switch: prev_comm=threaded-ml prev_pid=1603 prev_prio=120 prev_state=S ==> next_comm=Chrome_ChildIOT next_pid=3068 next_prio=120
 Chrome_ChildIOT-3068  [006] d...    87.237772: sched_waking: comm=Chrome_ChildIOT pid=1903 prio=120 target_cpu=000
 Chrome_ChildIOT-3068  [006] d...    87.237773: sched_stat_runtime: comm=CompositorTileW pid=3074 runtime=108521 [ns] vruntime=43840650177 [ns]
 Chrome_ChildIOT-3068  [006] d...    87.237774: sched_wakeup: comm=Chrome_ChildIOT pid=1903 prio=120 target_cpu=000
 Chrome_ChildIOT-3068  [006] d...    87.237786: sched_stat_runtime: comm=Chrome_ChildIOT pid=3068 runtime=22841 [ns] vruntime=7237940114 [ns]
 Chrome_ChildIOT-3068  [006] d...    87.237787: sched_switch: prev_comm=Chrome_ChildIOT prev_pid=3068 prev_prio=120 prev_state=S ==> next_comm=swapper/6 next_pid=0 next_prio=120
          <idle>-0     [006] d...    87.237789: cpu_idle: state=4 cpu_id=6
          <idle>-0     [006] dN..    87.237794: cpu_idle: state=4294967295 cpu_id=6
          <idle>-0     [006] d...    87.237795: sched_switch: prev_comm=swapper/6 prev_pid=0 prev_prio=120 prev_state=R ==> next_comm=alsa-sink-USB A next_pid=2139 next_prio=94
 alsa-sink-USB A-2139  [006] d...    87.237850: sutil_marker: Schedutil: update-single-return: 153: 234
 alsa-sink-USB A-2139  [006] d...    87.237851: sched_switch: prev_comm=alsa-sink-USB A prev_pid=2139 prev_prio=94 prev_state=S ==> next_comm=swapper/6 next_pid=0 next_prio=120
          <idle>-0     [006] d...    87.237853: cpu_idle: state=4 cpu_id=6
          <idle>-0     [006] dN..    87.237910: cpu_idle: state=4294967295 cpu_id=6
          <idle>-0     [006] d...    87.237912: sched_switch: prev_comm=swapper/6 prev_pid=0 prev_prio=120 prev_state=R ==> next_comm=chrome next_pid=1524 next_prio=120
          chrome-1524  [006] d...    87.237943: sched_stat_runtime: comm=chrome pid=1524 runtime=35327 [ns] vruntime=7244840206 [ns]
          chrome-1524  [006] d...    87.237944: sched_switch: prev_comm=chrome prev_pid=1524 prev_prio=120 prev_state=S ==> next_comm=swapper/6 next_pid=0 next_prio=120
          <idle>-0     [006] d...    87.237946: cpu_idle: state=1 cpu_id=6
          <idle>-0     [006] dN..    87.238040: cpu_idle: state=4294967295 cpu_id=6
          <idle>-0     [006] d...    87.238041: sched_switch: prev_comm=swapper/6 prev_pid=0 prev_prio=120 prev_state=R ==> next_comm=Compositor next_pid=3069 next_prio=120
      Compositor-3069  [006] dN..    87.238149: sched_stat_runtime: comm=Compositor pid=3069 runtime=109001 [ns] vruntime=7233787752 [ns]
      Compositor-3069  [006] dN..    87.238150: sutil_marker: Schedutil: update-single-return: 234: 296
      Compositor-3069  [006] d...    87.238151: sched_switch: prev_comm=Compositor prev_pid=3069 prev_prio=120 prev_state=R ==> next_comm=alsa-sink-USB A next_pid=2139 next_prio=94
 alsa-sink-USB A-2139  [006] d...    87.238180: sutil_marker: Schedutil: update-single-return: 296: 305
 alsa-sink-USB A-2139  [006] d...    87.238181: sched_switch: prev_comm=alsa-sink-USB A prev_pid=2139 prev_prio=94 prev_state=S ==> next_comm=Compositor next_pid=3069 next_prio=120
      Compositor-3069  [006] d...    87.238212: sched_stat_runtime: comm=Compositor pid=3069 runtime=32103 [ns] vruntime=7233819855 [ns]
      Compositor-3069  [006] d...    87.238213: sched_switch: prev_comm=Compositor prev_pid=3069 prev_prio=120 prev_state=S ==> next_comm=swapper/6 next_pid=0 next_prio=120
          <idle>-0     [006] d...    87.238215: cpu_idle: state=1 cpu_id=6
          <idle>-0     [006] dN..    87.238435: cpu_idle: state=4294967295 cpu_id=6
          <idle>-0     [006] d...    87.238437: sched_switch: prev_comm=swapper/6 prev_pid=0 prev_prio=120 prev_state=R ==> next_comm=chrome next_pid=1524 next_prio=120
          chrome-1524  [006] d...    87.238530: sched_waking: comm=Chrome_ChildIOT pid=3068 prio=120 target_cpu=007
          chrome-1524  [006] d...    87.238531: sched_wake_idle_without_ipi: cpu=7
          chrome-1524  [006] d...    87.238531: sched_wakeup: comm=Chrome_ChildIOT pid=3068 prio=120 target_cpu=007
          chrome-1524  [006] d...    87.238556: sched_stat_runtime: comm=chrome pid=1524 runtime=121478 [ns] vruntime=7244961684 [ns]
          chrome-1524  [006] d...    87.238556: sched_switch: prev_comm=chrome prev_pid=1524 prev_prio=120 prev_state=S ==> next_comm=swapper/6 next_pid=0 next_prio=120
          <idle>-0     [006] d...    87.238558: cpu_idle: state=4 cpu_id=6
          <idle>-0     [006] dN..    87.238746: cpu_idle: state=4294967295 cpu_id=6
          <idle>-0     [006] d...    87.238747: sched_switch: prev_comm=swapper/6 prev_pid=0 prev_prio=120 prev_state=R ==> next_comm=chrome next_pid=1524 next_prio=120
          chrome-1524  [006] d...    87.238759: sched_stat_runtime: comm=chrome pid=1524 runtime=14216 [ns] vruntime=7244975900 [ns]
          chrome-1524  [006] d...    87.238759: sched_switch: prev_comm=chrome prev_pid=1524 prev_prio=120 prev_state=S ==> next_comm=swapper/6 next_pid=0 next_prio=120
          <idle>-0     [006] d...    87.238760: cpu_idle: state=3 cpu_id=6
          <idle>-0     [006] dN..    87.238834: cpu_idle: state=4294967295 cpu_id=6
          <idle>-0     [006] d...    87.238835: sched_switch: prev_comm=swapper/6 prev_pid=0 prev_prio=120 prev_state=R ==> next_comm=chrome next_pid=1524 next_prio=120
          chrome-1524  [006] d...    87.238847: sched_stat_runtime: comm=chrome pid=1524 runtime=13817 [ns] vruntime=7244989717 [ns]
          chrome-1524  [006] d...    87.238847: sched_switch: prev_comm=chrome prev_pid=1524 prev_prio=120 prev_state=S ==> next_comm=swapper/6 next_pid=0 next_prio=120
          <idle>-0     [006] d...    87.238848: cpu_idle: state=3 cpu_id=6
          <idle>-0     [006] dN..    87.238901: cpu_idle: state=4294967295 cpu_id=6
          <idle>-0     [006] d...    87.238902: sched_switch: prev_comm=swapper/6 prev_pid=0 prev_prio=120 prev_state=R ==> next_comm=chrome next_pid=1524 next_prio=120
          chrome-1524  [006] d...    87.238915: sched_stat_runtime: comm=chrome pid=1524 runtime=14494 [ns] vruntime=7245004211 [ns]
          chrome-1524  [006] d...    87.238915: sched_switch: prev_comm=chrome prev_pid=1524 prev_prio=120 prev_state=S ==> next_comm=swapper/6 next_pid=0 next_prio=120
          <idle>-0     [006] d...    87.238916: cpu_idle: state=3 cpu_id=6
          <idle>-0     [006] dN..    87.238974: cpu_idle: state=4294967295 cpu_id=6
          <idle>-0     [006] d...    87.238975: sched_switch: prev_comm=swapper/6 prev_pid=0 prev_prio=120 prev_state=R ==> next_comm=chrome next_pid=1524 next_prio=120
          chrome-1524  [006] d...    87.239215: sched_waking: comm=Chrome_IOThread pid=1860 prio=120 target_cpu=000
          chrome-1524  [006] d...    87.239216: sched_wake_idle_without_ipi: cpu=0
          chrome-1524  [006] d...    87.239217: sched_wakeup: comm=Chrome_IOThread pid=1860 prio=120 target_cpu=000
          chrome-1524  [006] d...    87.239258: sched_stat_runtime: comm=chrome pid=1524 runtime=285066 [ns] vruntime=7245289277 [ns]
          chrome-1524  [006] d...    87.239259: sutil_marker: Schedutil: update-single-return: 305: 314
          chrome-1524  [006] d...    87.239259: sched_switch: prev_comm=chrome prev_pid=1524 prev_prio=120 prev_state=S ==> next_comm=swapper/6 next_pid=0 next_prio=120
          <idle>-0     [006] d...    87.239263: cpu_idle: state=2 cpu_id=6
          <idle>-0     [006] dN..    87.239325: cpu_idle: state=4294967295 cpu_id=6
          <idle>-0     [006] d...    87.239326: sched_switch: prev_comm=swapper/6 prev_pid=0 prev_prio=120 prev_state=R ==> next_comm=chrome next_pid=1524 next_prio=120
          chrome-1524  [006] d...    87.239340: sched_stat_runtime: comm=chrome pid=1524 runtime=15440 [ns] vruntime=7245304717 [ns]
          chrome-1524  [006] d...    87.239341: sched_switch: prev_comm=chrome prev_pid=1524 prev_prio=120 prev_state=S ==> next_comm=swapper/6 next_pid=0 next_prio=120
          <idle>-0     [006] d...    87.239342: cpu_idle: state=2 cpu_id=6
          <idle>-0     [006] dN..    87.239391: cpu_idle: state=4294967295 cpu_id=6
          <idle>-0     [006] d...    87.239392: sched_switch: prev_comm=swapper/6 prev_pid=0 prev_prio=120 prev_state=R ==> next_comm=chrome next_pid=1524 next_prio=120
          chrome-1524  [006] d...    87.239400: sched_stat_runtime: comm=chrome pid=1524 runtime=10099 [ns] vruntime=7245314816 [ns]
          chrome-1524  [006] d...    87.239401: sched_switch: prev_comm=chrome prev_pid=1524 prev_prio=120 prev_state=S ==> next_comm=swapper/6 next_pid=0 next_prio=120
          <idle>-0     [006] d...    87.239401: cpu_idle: state=2 cpu_id=6
          <idle>-0     [006] dN..    87.239402: cpu_idle: state=4294967295 cpu_id=6
          <idle>-0     [006] d...    87.239403: sched_switch: prev_comm=swapper/6 prev_pid=0 prev_prio=120 prev_state=R ==> next_comm=chrome next_pid=1524 next_prio=120
          chrome-1524  [006] d...    87.239418: sched_stat_runtime: comm=chrome pid=1524 runtime=16229 [ns] vruntime=7245331045 [ns]
          chrome-1524  [006] d...    87.239418: sched_switch: prev_comm=chrome prev_pid=1524 prev_prio=120 prev_state=S ==> next_comm=swapper/6 next_pid=0 next_prio=120
          <idle>-0     [006] d...    87.239419: cpu_idle: state=2 cpu_id=6
          <idle>-0     [006] dN..    87.239451: cpu_idle: state=4294967295 cpu_id=6
          <idle>-0     [006] d...    87.239451: sched_switch: prev_comm=swapper/6 prev_pid=0 prev_prio=120 prev_state=R ==> next_comm=chrome next_pid=1524 next_prio=120
          chrome-1524  [006] d...    87.239468: sched_stat_runtime: comm=chrome pid=1524 runtime=17863 [ns] vruntime=7245348908 [ns]
          chrome-1524  [006] d...    87.239468: sched_switch: prev_comm=chrome prev_pid=1524 prev_prio=120 prev_state=S ==> next_comm=swapper/6 next_pid=0 next_prio=120
          <idle>-0     [006] d...    87.239469: cpu_idle: state=2 cpu_id=6
          <idle>-0     [006] dN..    87.240510: cpu_idle: state=4294967295 cpu_id=6
          <idle>-0     [006] d...    87.240511: sched_switch: prev_comm=swapper/6 prev_pid=0 prev_prio=120 prev_state=R ==> next_comm=chrome next_pid=1524 next_prio=120
          chrome-1524  [006] d...    87.240524: sched_stat_runtime: comm=chrome pid=1524 runtime=13847 [ns] vruntime=7245362755 [ns]
          chrome-1524  [006] d...    87.240524: sched_switch: prev_comm=chrome prev_pid=1524 prev_prio=120 prev_state=S ==> next_comm=swapper/6 next_pid=0 next_prio=120
          <idle>-0     [006] d...    87.240525: cpu_idle: state=2 cpu_id=6
          <idle>-0     [006] dN..    87.240537: cpu_idle: state=4294967295 cpu_id=6
          <idle>-0     [006] d...    87.240538: sched_switch: prev_comm=swapper/6 prev_pid=0 prev_prio=120 prev_state=R ==> next_comm=chrome next_pid=1524 next_prio=120
          chrome-1524  [006] d...    87.240546: sched_stat_runtime: comm=chrome pid=1524 runtime=9903 [ns] vruntime=7245372658 [ns]
          chrome-1524  [006] d...    87.240547: sched_switch: prev_comm=chrome prev_pid=1524 prev_prio=120 prev_state=S ==> next_comm=swapper/6 next_pid=0 next_prio=120
          <idle>-0     [006] d...    87.240547: cpu_idle: state=1 cpu_id=6
          <idle>-0     [006] d...    87.240577: cpu_idle: state=4294967295 cpu_id=6
          <idle>-0     [006] d.h.    87.240578: sched_waking: comm=Xorg pid=1080 prio=120 target_cpu=006
          <idle>-0     [006] dNh.    87.240579: sched_wakeup: comm=Xorg pid=1080 prio=120 target_cpu=006
          <idle>-0     [006] d...    87.240580: sched_switch: prev_comm=swapper/6 prev_pid=0 prev_prio=120 prev_state=R ==> next_comm=Xorg next_pid=1080 next_prio=120
            Xorg-1080  [006] d...    87.240639: sched_waking: comm=kworker/u16:5 pid=196 prio=120 target_cpu=007
            Xorg-1080  [006] d...    87.240641: sched_wake_idle_without_ipi: cpu=7
            Xorg-1080  [006] d...    87.240642: sched_wakeup: comm=kworker/u16:5 pid=196 prio=120 target_cpu=007
            Xorg-1080  [006] d...    87.240643: sched_waking: comm=kworker/6:0 pid=47 prio=120 target_cpu=006
            Xorg-1080  [006] d...    87.240644: sched_wakeup: comm=kworker/6:0 pid=47 prio=120 target_cpu=006
            Xorg-1080  [006] d...    87.240657: sched_stat_runtime: comm=Xorg pid=1080 runtime=78369 [ns] vruntime=266767080 [ns]
            Xorg-1080  [006] d...    87.240657: sched_switch: prev_comm=Xorg prev_pid=1080 prev_prio=120 prev_state=S ==> next_comm=kworker/6:0 next_pid=47 next_prio=120
     kworker/6:0-47    [006] d...    87.240659: sched_stat_runtime: comm=kworker/6:0 pid=47 runtime=2009 [ns] vruntime=44875825221 [ns]
     kworker/6:0-47    [006] d...    87.240659: sched_switch: prev_comm=kworker/6:0 prev_pid=47 prev_prio=120 prev_state=S ==> next_comm=swapper/6 next_pid=0 next_prio=120
          <idle>-0     [006] d...    87.240660: cpu_idle: state=2 cpu_id=6
          <idle>-0     [006] d...    87.243478: cpu_idle: state=4294967295 cpu_id=6
          <idle>-0     [006] d.s.    87.243481: sched_waking: comm=rcu_sched pid=8 prio=120 target_cpu=006
          <idle>-0     [006] d.s.    87.243482: sutil_marker: Schedutil: get_next_freq: 4000000: 1024
          <idle>-0     [006] d.s.    87.243482: sutil_marker: Schedutil: update-single-util: 314: 291
          <idle>-0     [006] d.s.    87.243483: sutil_marker: Schedutil: update-single-boost: 314: 291
          <idle>-0     [006] d.s.    87.243483: sutil_marker: Schedutil: update-single-freq: 4000000: 1420898
          <idle>-0     [006] d.s.    87.243484: cpu_frequency: state=1500000 cpu_id=6
          <idle>-0     [006] dNs.    87.243484: sched_wakeup: comm=rcu_sched pid=8 prio=120 target_cpu=006
          <idle>-0     [006] d...    87.243488: sched_switch: prev_comm=swapper/6 prev_pid=0 prev_prio=120 prev_state=R ==> next_comm=rcu_sched next_pid=8 next_prio=120
       rcu_sched-8     [006] d...    87.243507: sched_stat_runtime: comm=rcu_sched pid=8 runtime=22094 [ns] vruntime=44875845306 [ns]
       rcu_sched-8     [006] d...    87.243511: sched_switch: prev_comm=rcu_sched prev_pid=8 prev_prio=120 prev_state=S ==> next_comm=swapper/6 next_pid=0 next_prio=120
          <idle>-0     [006] d...    87.243514: cpu_idle: state=2 cpu_id=6
          <idle>-0     [006] d...    87.244854: cpu_idle: state=4294967295 cpu_id=6
          <idle>-0     [006] d.h.    87.244857: sched_waking: comm=Compositor pid=3069 prio=120 target_cpu=006
          <idle>-0     [006] d.h.    87.244859: sutil_marker: Schedutil: update-single-return: 291: 162
          <idle>-0     [006] dNh.    87.244860: sched_wakeup: comm=Compositor pid=3069 prio=120 target_cpu=006
          <idle>-0     [006] d...    87.244865: sched_switch: prev_comm=swapper/6 prev_pid=0 prev_prio=120 prev_state=R ==> next_comm=Compositor next_pid=3069 next_prio=120
      Compositor-3069  [006] d...    87.244885: sched_stat_runtime: comm=Compositor pid=3069 runtime=22467 [ns] vruntime=7233842322 [ns]
      Compositor-3069  [006] d...    87.244886: sched_switch: prev_comm=Compositor prev_pid=3069 prev_prio=120 prev_state=S ==> next_comm=swapper/6 next_pid=0 next_prio=120
          <idle>-0     [006] d...    87.244892: sched_switch: prev_comm=swapper/6 prev_pid=0 prev_prio=120 prev_state=R ==> next_comm=Xorg next_pid=1080 next_prio=120
            Xorg-1080  [006] d...    87.244952: sched_waking: comm=chrome pid=1524 prio=120 target_cpu=004
            Xorg-1080  [006] d...    87.244955: sched_wake_idle_without_ipi: cpu=4
            Xorg-1080  [006] d...    87.244955: sched_wakeup: comm=chrome pid=1524 prio=120 target_cpu=004
            Xorg-1080  [006] d...    87.244982: sched_stat_runtime: comm=Xorg pid=1080 runtime=93026 [ns] vruntime=266860106 [ns]
            Xorg-1080  [006] d...    87.244983: sched_switch: prev_comm=Xorg prev_pid=1080 prev_prio=120 prev_state=S ==> next_comm=swapper/6 next_pid=0 next_prio=120
          <idle>-0     [006] d...    87.244988: cpu_idle: state=4 cpu_id=6
          <idle>-0     [006] dN..    87.245023: cpu_idle: state=4294967295 cpu_id=6
          <idle>-0     [006] d...    87.245026: sched_switch: prev_comm=swapper/6 prev_pid=0 prev_prio=120 prev_state=R ==> next_comm=Xorg next_pid=1080 next_prio=120
            Xorg-1080  [006] d...    87.245062: sched_waking: comm=chrome pid=1524 prio=120 target_cpu=004
            Xorg-1080  [006] d...    87.245065: sched_wake_idle_without_ipi: cpu=4
            Xorg-1080  [006] d...    87.245065: sched_wakeup: comm=chrome pid=1524 prio=120 target_cpu=004
            Xorg-1080  [006] d...    87.245088: sched_stat_runtime: comm=Xorg pid=1080 runtime=68381 [ns] vruntime=266928487 [ns]
            Xorg-1080  [006] d...    87.245090: sched_switch: prev_comm=Xorg prev_pid=1080 prev_prio=120 prev_state=S ==> next_comm=swapper/6 next_pid=0 next_prio=120
          <idle>-0     [006] d...    87.245093: cpu_idle: state=4 cpu_id=6
          <idle>-0     [006] dN..    87.245124: cpu_idle: state=4294967295 cpu_id=6
