 alsa-sink-USB A-2139  [006] d...    87.799803: sched_waking: comm=pulseaudio pid=1481 prio=109 target_cpu=003
 alsa-sink-USB A-2139  [006] d...    87.799805: sched_wake_idle_without_ipi: cpu=3
 alsa-sink-USB A-2139  [006] d...    87.799805: sched_wakeup: comm=pulseaudio pid=1481 prio=109 target_cpu=003
 alsa-sink-USB A-2139  [006] d...    87.800085: sutil_marker: Schedutil: update-single-util: 365: 289
 alsa-sink-USB A-2139  [006] d...    87.800086: sutil_marker: Schedutil: update-single-boost: 365: 289
 alsa-sink-USB A-2139  [006] d...    87.800086: sutil_marker: Schedutil: update-single-freq: 1782226: 4000000
 alsa-sink-USB A-2139  [006] d...    87.800087: cpu_frequency: state=4000000 cpu_id=6
 alsa-sink-USB A-2139  [006] d...    87.800088: sched_switch: prev_comm=alsa-sink-USB A prev_pid=2139 prev_prio=94 prev_state=S ==> next_comm=swapper/6 next_pid=0 next_prio=120
          <idle>-0     [006] d...    87.800090: cpu_idle: state=6 cpu_id=6
          <idle>-0     [006] dN..    87.812149: cpu_idle: state=4294967295 cpu_id=6
          <idle>-0     [006] d...    87.812151: sched_switch: prev_comm=swapper/6 prev_pid=0 prev_prio=120 prev_state=R ==> next_comm=vlc next_pid=2959 next_prio=120
             vlc-2959  [006] d...    87.812158: sched_stat_runtime: comm=vlc pid=2959 runtime=7793 [ns] vruntime=7306346602 [ns]
             vlc-2959  [006] d...    87.812158: sched_switch: prev_comm=vlc prev_pid=2959 prev_prio=120 prev_state=S ==> next_comm=swapper/6 next_pid=0 next_prio=120
          <idle>-0     [006] d...    87.812160: cpu_idle: state=1 cpu_id=6
          <idle>-0     [006] d...    87.812179: cpu_idle: state=4294967295 cpu_id=6
          <idle>-0     [006] d.h.    87.812180: sched_waking: comm=vlc pid=2959 prio=120 target_cpu=006
          <idle>-0     [006] dNh.    87.812181: sched_wakeup: comm=vlc pid=2959 prio=120 target_cpu=006
          <idle>-0     [006] d...    87.812182: sched_switch: prev_comm=swapper/6 prev_pid=0 prev_prio=120 prev_state=R ==> next_comm=vlc next_pid=2959 next_prio=120
             vlc-2959  [006] d...    87.812500: sched_waking: comm=threaded-ml pid=1603 prio=120 target_cpu=004
             vlc-2959  [006] d...    87.812501: sched_wake_idle_without_ipi: cpu=4
             vlc-2959  [006] d...    87.812501: sched_wakeup: comm=threaded-ml pid=1603 prio=120 target_cpu=004
             vlc-2959  [006] d...    87.812522: sched_stat_runtime: comm=vlc pid=2959 runtime=341603 [ns] vruntime=7306688205 [ns]
             vlc-2959  [006] d...    87.812523: sched_switch: prev_comm=vlc prev_pid=2959 prev_prio=120 prev_state=S ==> next_comm=swapper/6 next_pid=0 next_prio=120
          <idle>-0     [006] d...    87.812524: cpu_idle: state=1 cpu_id=6
          <idle>-0     [006] d...    87.812532: cpu_idle: state=4294967295 cpu_id=6
          <idle>-0     [006] d.h.    87.812533: sched_waking: comm=vlc pid=2959 prio=120 target_cpu=006
          <idle>-0     [006] dNh.    87.812533: sched_wakeup: comm=vlc pid=2959 prio=120 target_cpu=006
          <idle>-0     [006] d...    87.812534: sched_switch: prev_comm=swapper/6 prev_pid=0 prev_prio=120 prev_state=R ==> next_comm=vlc next_pid=2959 next_prio=120
             vlc-2959  [006] dN..    87.812577: sched_stat_runtime: comm=vlc pid=2959 runtime=42430 [ns] vruntime=7306730635 [ns]
             vlc-2959  [006] d...    87.812577: sched_switch: prev_comm=vlc prev_pid=2959 prev_prio=120 prev_state=R ==> next_comm=alsa-sink-USB A next_pid=2139 next_prio=94
 alsa-sink-USB A-2139  [006] d...    87.812615: sutil_marker: Schedutil: update-single-util: 289: 203
 alsa-sink-USB A-2139  [006] d...    87.812616: sutil_marker: Schedutil: update-single-boost: 289: 203
 alsa-sink-USB A-2139  [006] d...    87.812616: sutil_marker: Schedutil: update-single-freq: 4000000: 4000000
 alsa-sink-USB A-2139  [006] d...    87.812616: sched_switch: prev_comm=alsa-sink-USB A prev_pid=2139 prev_prio=94 prev_state=S ==> next_comm=vlc next_pid=2959 next_prio=120
             vlc-2959  [006] d...    87.812954: sched_waking: comm=threaded-ml pid=1603 prio=120 target_cpu=004
             vlc-2959  [006] d...    87.812954: sched_wake_idle_without_ipi: cpu=4
             vlc-2959  [006] d...    87.812954: sched_wakeup: comm=threaded-ml pid=1603 prio=120 target_cpu=004
             vlc-2959  [006] d...    87.812956: sched_stat_runtime: comm=vlc pid=2959 runtime=340565 [ns] vruntime=7307071200 [ns]
             vlc-2959  [006] d...    87.812956: sutil_marker: Schedutil: get_next_freq: 4000000: 1024
             vlc-2959  [006] d...    87.812956: sutil_marker: Schedutil: update-single-util: 203: 215
             vlc-2959  [006] d...    87.812956: sutil_marker: Schedutil: update-single-boost: 203: 215
             vlc-2959  [006] d...    87.812957: sutil_marker: Schedutil: update-single-freq: 4000000: 4000000
             vlc-2959  [006] d...    87.812957: sched_switch: prev_comm=vlc prev_pid=2959 prev_prio=120 prev_state=S ==> next_comm=swapper/6 next_pid=0 next_prio=120
          <idle>-0     [006] d...    87.812958: cpu_idle: state=6 cpu_id=6
          <idle>-0     [006] dN..    87.813099: cpu_idle: state=4294967295 cpu_id=6
          <idle>-0     [006] d...    87.813101: sched_switch: prev_comm=swapper/6 prev_pid=0 prev_prio=120 prev_state=R ==> next_comm=alsa-sink-USB A next_pid=2139 next_prio=94
 alsa-sink-USB A-2139  [006] d...    87.813139: sutil_marker: Schedutil: update-single-util: 215: 215
 alsa-sink-USB A-2139  [006] d...    87.813139: sutil_marker: Schedutil: update-single-boost: 215: 215
 alsa-sink-USB A-2139  [006] d...    87.813139: sutil_marker: Schedutil: update-single-freq: 4000000: 4000000
 alsa-sink-USB A-2139  [006] d...    87.813140: sched_switch: prev_comm=alsa-sink-USB A prev_pid=2139 prev_prio=94 prev_state=S ==> next_comm=swapper/6 next_pid=0 next_prio=120
          <idle>-0     [006] d...    87.813141: cpu_idle: state=6 cpu_id=6
          <idle>-0     [006] d...    87.823918: cpu_idle: state=4294967295 cpu_id=6
          <idle>-0     [006] d.h.    87.823943: sched_waking: comm=skype pid=1528 prio=120 target_cpu=006
          <idle>-0     [006] d.h.    87.823944: sutil_marker: Schedutil: get_next_freq: 4000000: 1024
          <idle>-0     [006] d.h.    87.823944: sutil_marker: Schedutil: update-single-util: 215: 171
          <idle>-0     [006] d.h.    87.823944: sutil_marker: Schedutil: update-single-boost: 215: 171
          <idle>-0     [006] d.h.    87.823944: sutil_marker: Schedutil: update-single-freq: 4000000: 834960
          <idle>-0     [006] d.h.    87.823945: cpu_frequency: state=900000 cpu_id=6
          <idle>-0     [006] dNh.    87.823945: sched_wakeup: comm=skype pid=1528 prio=120 target_cpu=006
          <idle>-0     [006] d...    87.823947: sched_switch: prev_comm=swapper/6 prev_pid=0 prev_prio=120 prev_state=R ==> next_comm=skype next_pid=1528 next_prio=120
           skype-1528  [006] d...    87.824856: sched_stat_runtime: comm=skype pid=1528 runtime=909381 [ns] vruntime=7307737719 [ns]
           skype-1528  [006] d...    87.824856: sutil_marker: Schedutil: update-single-return: 171: 187
           skype-1528  [006] d...    87.824857: sched_switch: prev_comm=skype prev_pid=1528 prev_prio=120 prev_state=S ==> next_comm=swapper/6 next_pid=0 next_prio=120
          <idle>-0     [006] d...    87.824859: cpu_idle: state=6 cpu_id=6
          <idle>-0     [006] d...    87.835058: cpu_idle: state=4294967295 cpu_id=6
          <idle>-0     [006] d.h.    87.835061: sched_waking: comm=alsa-sink-USB A pid=2139 prio=94 target_cpu=006
          <idle>-0     [006] dNh.    87.835062: sched_wakeup: comm=alsa-sink-USB A pid=2139 prio=94 target_cpu=006
          <idle>-0     [006] d...    87.835064: sched_switch: prev_comm=swapper/6 prev_pid=0 prev_prio=120 prev_state=R ==> next_comm=alsa-sink-USB A next_pid=2139 next_prio=94
 alsa-sink-USB A-2139  [006] d...    87.835107: sched_waking: comm=pulseaudio pid=1481 prio=109 target_cpu=003
 alsa-sink-USB A-2139  [006] d...    87.835108: sched_wake_idle_without_ipi: cpu=3
 alsa-sink-USB A-2139  [006] d...    87.835109: sched_wakeup: comm=pulseaudio pid=1481 prio=109 target_cpu=003
 alsa-sink-USB A-2139  [006] d...    87.835240: sched_waking: comm=pulseaudio pid=1481 prio=109 target_cpu=003
 alsa-sink-USB A-2139  [006] d...    87.835240: sched_wake_idle_without_ipi: cpu=3
 alsa-sink-USB A-2139  [006] d...    87.835241: sched_wakeup: comm=pulseaudio pid=1481 prio=109 target_cpu=003
 alsa-sink-USB A-2139  [006] d...    87.835390: sutil_marker: Schedutil: update-single-util: 187: 187
 alsa-sink-USB A-2139  [006] d...    87.835391: sutil_marker: Schedutil: update-single-boost: 187: 187
 alsa-sink-USB A-2139  [006] d...    87.835391: sutil_marker: Schedutil: update-single-freq: 834960: 4000000
 alsa-sink-USB A-2139  [006] d...    87.835391: cpu_frequency: state=4000000 cpu_id=6
 alsa-sink-USB A-2139  [006] d...    87.835392: sched_switch: prev_comm=alsa-sink-USB A prev_pid=2139 prev_prio=94 prev_state=S ==> next_comm=swapper/6 next_pid=0 next_prio=120
          <idle>-0     [006] d...    87.835394: cpu_idle: state=6 cpu_id=6
          <idle>-0     [006] d...    87.850949: cpu_idle: state=4294967295 cpu_id=6
          <idle>-0     [006] d.h.    87.850951: sched_waking: comm=skype pid=1528 prio=120 target_cpu=006
          <idle>-0     [006] d.h.    87.850952: sutil_marker: Schedutil: get_next_freq: 4000000: 1024
          <idle>-0     [006] d.h.    87.850952: sutil_marker: Schedutil: update-single-util: 187: 109
          <idle>-0     [006] d.h.    87.850952: sutil_marker: Schedutil: update-single-boost: 187: 109
          <idle>-0     [006] d.h.    87.850953: sutil_marker: Schedutil: update-single-freq: 4000000: 800000
          <idle>-0     [006] d.h.    87.850953: cpu_frequency: state=800000 cpu_id=6
          <idle>-0     [006] dNh.    87.850954: sched_wakeup: comm=skype pid=1528 prio=120 target_cpu=006
          <idle>-0     [006] d...    87.850956: sched_switch: prev_comm=swapper/6 prev_pid=0 prev_prio=120 prev_state=R ==> next_comm=skype next_pid=1528 next_prio=120
           skype-1528  [006] d...    87.851161: sched_stat_runtime: comm=skype pid=1528 runtime=205895 [ns] vruntime=7307943614 [ns]
           skype-1528  [006] d...    87.851161: sched_switch: prev_comm=skype prev_pid=1528 prev_prio=120 prev_state=S ==> next_comm=swapper/6 next_pid=0 next_prio=120
          <idle>-0     [006] d...    87.851163: cpu_idle: state=6 cpu_id=6
          <idle>-0     [006] dN..    87.862797: cpu_idle: state=4294967295 cpu_id=6
          <idle>-0     [006] d...    87.862800: sched_switch: prev_comm=swapper/6 prev_pid=0 prev_prio=120 prev_state=R ==> next_comm=acpid next_pid=865 next_prio=120
           acpid-865   [006] d...    87.862847: sched_stat_runtime: comm=acpid pid=865 runtime=48394 [ns] vruntime=5659809 [ns]
           acpid-865   [006] d...    87.862848: sched_switch: prev_comm=acpid prev_pid=865 prev_prio=120 prev_state=S ==> next_comm=swapper/6 next_pid=0 next_prio=120
          <idle>-0     [006] d...    87.862850: cpu_idle: state=6 cpu_id=6
          <idle>-0     [006] dN..    87.863384: cpu_idle: state=4294967295 cpu_id=6
          <idle>-0     [006] d...    87.863386: sched_switch: prev_comm=swapper/6 prev_pid=0 prev_prio=120 prev_state=R ==> next_comm=marco next_pid=2113 next_prio=120
           marco-2113  [006] d...    87.863427: sched_waking: comm=Xorg pid=1080 prio=120 target_cpu=001
           marco-2113  [006] d...    87.863428: sched_wake_idle_without_ipi: cpu=1
           marco-2113  [006] d...    87.863428: sched_wakeup: comm=Xorg pid=1080 prio=120 target_cpu=001
           marco-2113  [006] d...    87.863430: sched_stat_runtime: comm=marco pid=2113 runtime=47018 [ns] vruntime=7306559180 [ns]
           marco-2113  [006] d...    87.863431: sched_switch: prev_comm=marco prev_pid=2113 prev_prio=120 prev_state=S ==> next_comm=swapper/6 next_pid=0 next_prio=120
          <idle>-0     [006] d...    87.863433: cpu_idle: state=6 cpu_id=6
          <idle>-0     [006] dN..    87.863444: cpu_idle: state=4294967295 cpu_id=6
          <idle>-0     [006] d...    87.863445: sched_switch: prev_comm=swapper/6 prev_pid=0 prev_prio=120 prev_state=R ==> next_comm=marco next_pid=2113 next_prio=120
           marco-2113  [006] d...    87.863475: sched_waking: comm=Xorg pid=1080 prio=120 target_cpu=001
           marco-2113  [006] d...    87.863476: sched_wake_idle_without_ipi: cpu=1
           marco-2113  [006] d...    87.863476: sched_wakeup: comm=Xorg pid=1080 prio=120 target_cpu=001
           marco-2113  [006] d...    87.863477: sched_stat_runtime: comm=marco pid=2113 runtime=34572 [ns] vruntime=7306593752 [ns]
           marco-2113  [006] d...    87.863478: sched_switch: prev_comm=marco prev_pid=2113 prev_prio=120 prev_state=S ==> next_comm=swapper/6 next_pid=0 next_prio=120
          <idle>-0     [006] d...    87.863479: cpu_idle: state=6 cpu_id=6
          <idle>-0     [006] dN..    87.863562: cpu_idle: state=4294967295 cpu_id=6
          <idle>-0     [006] d...    87.863563: sched_switch: prev_comm=swapper/6 prev_pid=0 prev_prio=120 prev_state=R ==> next_comm=marco next_pid=2113 next_prio=120
           marco-2113  [006] d...    87.863572: sched_waking: comm=Xorg pid=1080 prio=120 target_cpu=001
           marco-2113  [006] d...    87.863573: sched_wake_idle_without_ipi: cpu=1
           marco-2113  [006] d...    87.863573: sched_wakeup: comm=Xorg pid=1080 prio=120 target_cpu=001
           marco-2113  [006] d...    87.863574: sched_stat_runtime: comm=marco pid=2113 runtime=11344 [ns] vruntime=7306605096 [ns]
           marco-2113  [006] d...    87.863574: sched_switch: prev_comm=marco prev_pid=2113 prev_prio=120 prev_state=S ==> next_comm=swapper/6 next_pid=0 next_prio=120
          <idle>-0     [006] d...    87.863576: cpu_idle: state=6 cpu_id=6
          <idle>-0     [006] dN..    87.863584: cpu_idle: state=4294967295 cpu_id=6
          <idle>-0     [006] d...    87.863585: sched_switch: prev_comm=swapper/6 prev_pid=0 prev_prio=120 prev_state=R ==> next_comm=marco next_pid=2113 next_prio=120
           marco-2113  [006] d...    87.863613: sched_stat_runtime: comm=marco pid=2113 runtime=29763 [ns] vruntime=7306634859 [ns]
           marco-2113  [006] d...    87.863613: sched_switch: prev_comm=marco prev_pid=2113 prev_prio=120 prev_state=S ==> next_comm=swapper/6 next_pid=0 next_prio=120
          <idle>-0     [006] d...    87.863614: cpu_idle: state=4 cpu_id=6
          <idle>-0     [006] dN..    87.863745: cpu_idle: state=4294967295 cpu_id=6
          <idle>-0     [006] d...    87.863746: sched_switch: prev_comm=swapper/6 prev_pid=0 prev_prio=120 prev_state=R ==> next_comm=Chrome_DBThread next_pid=1854 next_prio=120
           <...>-1854  [006] d...    87.864466: sched_stat_runtime: comm=Chrome_DBThread pid=1854 runtime=722038 [ns] vruntime=7307060847 [ns]
           <...>-1854  [006] d...    87.864467: sutil_marker: Schedutil: get_next_freq: 800000: 1024
           <...>-1854  [006] d...    87.864467: sutil_marker: Schedutil: update-single-util: 109: 104
           <...>-1854  [006] d...    87.864468: sutil_marker: Schedutil: update-single-boost: 109: 104
           <...>-1854  [006] d...    87.864468: sutil_marker: Schedutil: update-single-freq: 800000: 800000
           <...>-1854  [006] d...    87.864469: sched_switch: prev_comm=Chrome_DBThread prev_pid=1854 prev_prio=120 prev_state=D ==> next_comm=swapper/6 next_pid=0 next_prio=120
          <idle>-0     [006] d...    87.864470: cpu_idle: state=2 cpu_id=6
          <idle>-0     [006] dN..    87.864708: cpu_idle: state=4294967295 cpu_id=6
          <idle>-0     [006] d...    87.864710: sched_switch: prev_comm=swapper/6 prev_pid=0 prev_prio=120 prev_state=R ==> next_comm=alsa-sink-USB A next_pid=2139 next_prio=94
 alsa-sink-USB A-2139  [006] d...    87.864816: sched_waking: comm=pulseaudio pid=1481 prio=109 target_cpu=003
 alsa-sink-USB A-2139  [006] d...    87.864818: sched_wake_idle_without_ipi: cpu=3
 alsa-sink-USB A-2139  [006] d...    87.864818: sched_wakeup: comm=pulseaudio pid=1481 prio=109 target_cpu=003
 alsa-sink-USB A-2139  [006] d...    87.865075: sutil_marker: Schedutil: update-single-util: 104: 108
 alsa-sink-USB A-2139  [006] d...    87.865076: sutil_marker: Schedutil: update-single-boost: 104: 108
 alsa-sink-USB A-2139  [006] d...    87.865077: sutil_marker: Schedutil: update-single-freq: 800000: 4000000
 alsa-sink-USB A-2139  [006] d...    87.865079: cpu_frequency: state=4000000 cpu_id=6
 alsa-sink-USB A-2139  [006] d...    87.865082: sched_switch: prev_comm=alsa-sink-USB A prev_pid=2139 prev_prio=94 prev_state=S ==> next_comm=swapper/6 next_pid=0 next_prio=120
          <idle>-0     [006] d...    87.865086: cpu_idle: state=2 cpu_id=6
          <idle>-0     [006] dN..    87.865209: cpu_idle: state=4294967295 cpu_id=6
          <idle>-0     [006] d...    87.865210: sched_switch: prev_comm=swapper/6 prev_pid=0 prev_prio=120 prev_state=R ==> next_comm=alsa-sink-USB A next_pid=2139 next_prio=94
 alsa-sink-USB A-2139  [006] d...    87.865230: sutil_marker: Schedutil: update-single-return: 108: 108
 alsa-sink-USB A-2139  [006] d...    87.865231: sched_switch: prev_comm=alsa-sink-USB A prev_pid=2139 prev_prio=94 prev_state=S ==> next_comm=swapper/6 next_pid=0 next_prio=120
          <idle>-0     [006] d...    87.865232: cpu_idle: state=2 cpu_id=6
          <idle>-0     [006] dN..    87.865479: cpu_idle: state=4294967295 cpu_id=6
          <idle>-0     [006] d...    87.865481: sched_switch: prev_comm=swapper/6 prev_pid=0 prev_prio=120 prev_state=R ==> next_comm=chrome next_pid=1765 next_prio=120
           <...>-1765  [006] d...    87.865512: sched_stat_runtime: comm=chrome pid=1765 runtime=34752 [ns] vruntime=7306373561 [ns]
           <...>-1765  [006] dN..    87.865583: sched_stat_runtime: comm=chrome pid=1765 runtime=69572 [ns] vruntime=7306443133 [ns]
           <...>-1765  [006] d...    87.865584: sched_switch: prev_comm=chrome prev_pid=1765 prev_prio=120 prev_state=R+ ==> next_comm=alsa-sink-USB A next_pid=2139 next_prio=94
 alsa-sink-USB A-2139  [006] d...    87.865622: sutil_marker: Schedutil: update-single-return: 108: 107
 alsa-sink-USB A-2139  [006] d...    87.865623: sched_switch: prev_comm=alsa-sink-USB A prev_pid=2139 prev_prio=94 prev_state=S ==> next_comm=chrome next_pid=1765 next_prio=120
           <...>-1765  [006] ....    87.866152: sched_process_fork: comm=chrome pid=1765 child_comm=chrome child_pid=3090
           <...>-1765  [006] d...    87.866154: sutil_marker: Schedutil: attach_entity_load_avg: 0: 0
           <...>-1765  [006] d...    87.866155: sched_wakeup_new: comm=chrome pid=3090 prio=120 target_cpu=000
           <...>-1765  [006] d...    87.866155: sched_wake_idle_without_ipi: cpu=0
           <...>-1765  [006] d...    87.866164: sched_stat_runtime: comm=chrome pid=1765 runtime=542186 [ns] vruntime=7306985319 [ns]
           <...>-1765  [006] d...    87.866165: sched_switch: prev_comm=chrome prev_pid=1765 prev_prio=120 prev_state=S ==> next_comm=swapper/6 next_pid=0 next_prio=120
          <idle>-0     [006] d...    87.866166: cpu_idle: state=2 cpu_id=6
          <idle>-0     [006] dN..    87.866209: cpu_idle: state=4294967295 cpu_id=6
          <idle>-0     [006] d...    87.866209: sched_switch: prev_comm=swapper/6 prev_pid=0 prev_prio=120 prev_state=R ==> next_comm=chrome next_pid=1765 next_prio=120
           <...>-1765  [006] d.h.    87.866211: sched_waking: comm=skype pid=1528 prio=120 target_cpu=006
           <...>-1765  [006] d.h.    87.866212: sched_migrate_task: comm=skype pid=1528 prio=120 orig_cpu=6 dest_cpu=7
           <...>-1765  [006] d.h.    87.866212: sutil_marker: Schedutil: attach_entity_load_avg: 0: 0
           <...>-1765  [006] d.h.    87.866213: sched_wake_idle_without_ipi: cpu=7
           <...>-1765  [006] d.h.    87.866213: sched_wakeup: comm=skype pid=1528 prio=120 target_cpu=007
           <...>-1765  [006] d...    87.866216: sched_waking: comm=chrome pid=3090 prio=120 target_cpu=000
           <...>-1765  [006] d...    87.866217: sched_wake_idle_without_ipi: cpu=0
           <...>-1765  [006] d...    87.866217: sched_wakeup: comm=chrome pid=3090 prio=120 target_cpu=000
           <...>-1765  [006] d...    87.866242: sched_waking: comm=Chrome_ProcessL pid=1857 prio=120 target_cpu=002
           <...>-1765  [006] d...    87.866243: sched_migrate_task: comm=Chrome_ProcessL pid=1857 prio=120 orig_cpu=2 dest_cpu=4
           <...>-1765  [006] d...    87.866244: sutil_marker: Schedutil: attach_entity_load_avg: 0: 0
           <...>-1765  [006] d...    87.866244: sched_wake_idle_without_ipi: cpu=4
           <...>-1765  [006] d...    87.866244: sched_wakeup: comm=Chrome_ProcessL pid=1857 prio=120 target_cpu=004
           <...>-1765  [006] d...    87.866246: sched_stat_runtime: comm=chrome pid=1765 runtime=37780 [ns] vruntime=7307023099 [ns]
           <...>-1765  [006] d...    87.866246: sched_switch: prev_comm=chrome prev_pid=1765 prev_prio=120 prev_state=S ==> next_comm=swapper/6 next_pid=0 next_prio=120
          <idle>-0     [006] d...    87.866247: cpu_idle: state=4 cpu_id=6
          <idle>-0     [006] d...    87.867482: cpu_idle: state=4294967295 cpu_id=6
          <idle>-0     [006] d...    87.867485: cpu_idle: state=2 cpu_id=6
          <idle>-0     [006] d...    87.867523: cpu_idle: state=4294967295 cpu_id=6
          <idle>-0     [006] d.s.    87.867527: sutil_marker: Schedutil: update-single-return: 107: 75
          <idle>-0     [006] d...    87.867532: cpu_idle: state=6 cpu_id=6
          <idle>-0     [006] d...    87.868194: cpu_idle: state=4294967295 cpu_id=6
          <idle>-0     [006] d...    87.868197: cpu_idle: state=6 cpu_id=6
          <idle>-0     [006] d...    87.868200: cpu_idle: state=4294967295 cpu_id=6
          <idle>-0     [006] d...    87.868202: cpu_idle: state=6 cpu_id=6
          <idle>-0     [006] d...    87.868204: cpu_idle: state=4294967295 cpu_id=6
          <idle>-0     [006] d...    87.868205: cpu_idle: state=4 cpu_id=6
          <idle>-0     [006] dN..    87.869521: cpu_idle: state=4294967295 cpu_id=6
          <idle>-0     [006] d...    87.869522: sched_switch: prev_comm=swapper/6 prev_pid=0 prev_prio=120 prev_state=R ==> next_comm=chrome next_pid=1896 next_prio=120
          chrome-1896  [006] d...    87.869656: sched_stat_runtime: comm=chrome pid=1896 runtime=137729 [ns] vruntime=7306476538 [ns]
          chrome-1896  [006] d...    87.869657: sched_switch: prev_comm=chrome prev_pid=1896 prev_prio=120 prev_state=S ==> next_comm=swapper/6 next_pid=0 next_prio=120
          <idle>-0     [006] d...    87.869659: cpu_idle: state=4 cpu_id=6
          <idle>-0     [006] dN..    87.870025: cpu_idle: state=4294967295 cpu_id=6
          <idle>-0     [006] d...    87.870026: sched_switch: prev_comm=swapper/6 prev_pid=0 prev_prio=120 prev_state=R ==> next_comm=chrome next_pid=1896 next_prio=120
          chrome-1896  [006] d...    87.870684: sched_waking: comm=Xorg pid=1080 prio=120 target_cpu=003
          chrome-1896  [006] d...    87.870685: sched_migrate_task: comm=Xorg pid=1080 prio=120 orig_cpu=3 dest_cpu=5
          chrome-1896  [006] d...    87.870686: sutil_marker: Schedutil: attach_entity_load_avg: 0: 0
          chrome-1896  [006] d...    87.870687: sched_wake_idle_without_ipi: cpu=5
          chrome-1896  [006] d...    87.870687: sched_wakeup: comm=Xorg pid=1080 prio=120 target_cpu=005
          chrome-1896  [006] d...    87.870689: sched_stat_runtime: comm=chrome pid=1896 runtime=221000 [ns] vruntime=7307142155 [ns]
          chrome-1896  [006] d...    87.870690: sched_switch: prev_comm=chrome prev_pid=1896 prev_prio=120 prev_state=S ==> next_comm=swapper/6 next_pid=0 next_prio=120
          <idle>-0     [006] d...    87.870691: cpu_idle: state=4 cpu_id=6
          <idle>-0     [006] dN..    87.870726: cpu_idle: state=4294967295 cpu_id=6
          <idle>-0     [006] d...    87.870727: sched_switch: prev_comm=swapper/6 prev_pid=0 prev_prio=120 prev_state=R ==> next_comm=chrome next_pid=1896 next_prio=120
          chrome-1896  [006] d...    87.870994: sched_waking: comm=Xorg pid=1080 prio=120 target_cpu=005
          chrome-1896  [006] d...    87.870995: sched_wake_idle_without_ipi: cpu=5
          chrome-1896  [006] d...    87.870995: sched_wakeup: comm=Xorg pid=1080 prio=120 target_cpu=005
          chrome-1896  [006] d...    87.870997: sched_stat_runtime: comm=chrome pid=1896 runtime=247737 [ns] vruntime=7307414290 [ns]
          chrome-1896  [006] d...    87.870998: sched_switch: prev_comm=chrome prev_pid=1896 prev_prio=120 prev_state=S ==> next_comm=chrome next_pid=3094 next_prio=120
           <...>-3094  [006] d...    87.871017: sched_waking: comm=chrome pid=3090 prio=120 target_cpu=000
           <...>-3094  [006] d...    87.871018: sched_wake_idle_without_ipi: cpu=0
           <...>-3094  [006] d...    87.871018: sched_wakeup: comm=chrome pid=3090 prio=120 target_cpu=000
           <...>-3094  [006] d...    87.871019: sched_stat_runtime: comm=CompositorTileW pid=3094 runtime=22463 [ns] vruntime=7330361265 [ns]
           <...>-3094  [006] d...    87.871023: sched_switch: prev_comm=CompositorTileW prev_pid=3094 prev_prio=120 prev_state=S ==> next_comm=swapper/6 next_pid=0 next_prio=120
          <idle>-0     [006] d...    87.871024: cpu_idle: state=4 cpu_id=6
          <idle>-0     [006] dN..    87.871306: cpu_idle: state=4294967295 cpu_id=6
          <idle>-0     [006] d...    87.871307: sched_switch: prev_comm=swapper/6 prev_pid=0 prev_prio=120 prev_state=R ==> next_comm=marco next_pid=2113 next_prio=120
           marco-2113  [006] d...    87.871339: sched_waking: comm=Xorg pid=1080 prio=120 target_cpu=005
           marco-2113  [006] d...    87.871341: sched_wake_idle_without_ipi: cpu=5
           marco-2113  [006] d...    87.871341: sched_wakeup: comm=Xorg pid=1080 prio=120 target_cpu=005
           marco-2113  [006] d...    87.871343: sched_stat_runtime: comm=marco pid=2113 runtime=38406 [ns] vruntime=7318399671 [ns]
           marco-2113  [006] d...    87.871346: sched_switch: prev_comm=marco prev_pid=2113 prev_prio=120 prev_state=S ==> next_comm=swapper/6 next_pid=0 next_prio=120
          <idle>-0     [006] d...    87.871347: cpu_idle: state=2 cpu_id=6
          <idle>-0     [006] dN..    87.871357: cpu_idle: state=4294967295 cpu_id=6
          <idle>-0     [006] d...    87.871357: sched_switch: prev_comm=swapper/6 prev_pid=0 prev_prio=120 prev_state=R ==> next_comm=marco next_pid=2113 next_prio=120
           marco-2113  [006] d...    87.871386: sched_waking: comm=Xorg pid=1080 prio=120 target_cpu=005
           marco-2113  [006] d...    87.871387: sched_wake_idle_without_ipi: cpu=5
           marco-2113  [006] d...    87.871387: sched_wakeup: comm=Xorg pid=1080 prio=120 target_cpu=005
           marco-2113  [006] d...    87.871388: sched_stat_runtime: comm=marco pid=2113 runtime=32368 [ns] vruntime=7318432039 [ns]
           marco-2113  [006] d...    87.871389: sched_switch: prev_comm=marco prev_pid=2113 prev_prio=120 prev_state=S ==> next_comm=swapper/6 next_pid=0 next_prio=120
          <idle>-0     [006] d...    87.871389: cpu_idle: state=2 cpu_id=6
          <idle>-0     [006] dN..    87.871492: cpu_idle: state=4294967295 cpu_id=6
          <idle>-0     [006] d...    87.871493: sched_switch: prev_comm=swapper/6 prev_pid=0 prev_prio=120 prev_state=R ==> next_comm=marco next_pid=2113 next_prio=120
           marco-2113  [006] d...    87.871500: sched_stat_runtime: comm=marco pid=2113 runtime=9152 [ns] vruntime=7318441191 [ns]
           marco-2113  [006] d...    87.871501: sched_switch: prev_comm=marco prev_pid=2113 prev_prio=120 prev_state=S ==> next_comm=swapper/6 next_pid=0 next_prio=120
          <idle>-0     [006] d...    87.871501: cpu_idle: state=1 cpu_id=6
          <idle>-0     [006] d...    87.871523: cpu_idle: state=4294967295 cpu_id=6
          <idle>-0     [006] d...    87.871533: cpu_idle: state=6 cpu_id=6
          <idle>-0     [006] d...    87.875526: cpu_idle: state=4294967295 cpu_id=6
          <idle>-0     [006] d.s.    87.875534: sutil_marker: Schedutil: get_next_freq: 4000000: 1024
          <idle>-0     [006] d.s.    87.875535: sutil_marker: Schedutil: update-single-util: 75: 497
          <idle>-0     [006] d.s.    87.875535: sutil_marker: Schedutil: update-single-boost: 75: 497
          <idle>-0     [006] d.s.    87.875535: sutil_marker: Schedutil: update-single-freq: 4000000: 2426757
          <idle>-0     [006] d.s.    87.875555: cpu_frequency: state=2500000 cpu_id=6
          <idle>-0     [006] d...    87.875558: cpu_idle: state=6 cpu_id=6
          <idle>-0     [006] d...    87.879548: cpu_idle: state=4294967295 cpu_id=6
          <idle>-0     [006] d.s.    87.879554: sutil_marker: Schedutil: update-single-return: 497: 458
          <idle>-0     [006] d...    87.879558: cpu_idle: state=6 cpu_id=6
          <idle>-0     [006] d...    87.883525: cpu_idle: state=4294967295 cpu_id=6
          <idle>-0     [006] d.s.    87.883531: sutil_marker: Schedutil: update-single-return: 458: 422
          <idle>-0     [006] d...    87.883537: cpu_idle: state=6 cpu_id=6
          <idle>-0     [006] dN..    87.884026: cpu_idle: state=4294967295 cpu_id=6
          <idle>-0     [006] d...    87.884028: sched_switch: prev_comm=swapper/6 prev_pid=0 prev_prio=120 prev_state=R ==> next_comm=Chrome_FileUser next_pid=1856 next_prio=120
           <...>-1856  [006] d...    87.884067: sched_stat_runtime: comm=Chrome_FileUser pid=1856 runtime=67045 [ns] vruntime=7318728141 [ns]
           <...>-1856  [006] d...    87.884068: sutil_marker: Schedutil: update-single-return: 422: 433
           <...>-1856  [006] d...    87.884069: sched_switch: prev_comm=Chrome_FileUser prev_pid=1856 prev_prio=120 prev_state=S ==> next_comm=swapper/6 next_pid=0 next_prio=120
          <idle>-0     [006] d...    87.884070: cpu_idle: state=6 cpu_id=6
          <idle>-0     [006] dN..    87.884071: cpu_idle: state=4294967295 cpu_id=6
          <idle>-0     [006] d...    87.884072: sched_switch: prev_comm=swapper/6 prev_pid=0 prev_prio=120 prev_state=R ==> next_comm=Chrome_FileUser next_pid=1856 next_prio=120
           <...>-1856  [006] d...    87.884078: sched_stat_runtime: comm=Chrome_FileUser pid=1856 runtime=8002 [ns] vruntime=7318736143 [ns]
           <...>-1856  [006] d...    87.884079: sched_switch: prev_comm=Chrome_FileUser prev_pid=1856 prev_prio=120 prev_state=S ==> next_comm=swapper/6 next_pid=0 next_prio=120
          <idle>-0     [006] d...    87.884080: cpu_idle: state=6 cpu_id=6
          <idle>-0     [006] dN..    87.887506: cpu_idle: state=4294967295 cpu_id=6
          <idle>-0     [006] d...    87.887507: sched_switch: prev_comm=swapper/6 prev_pid=0 prev_prio=120 prev_state=R ==> next_comm=Chrome_FileUser next_pid=1856 next_prio=120
           <...>-1856  [006] d.h.    87.887526: sched_stat_runtime: comm=Chrome_FileUser pid=1856 runtime=22577 [ns] vruntime=7318758720 [ns]
           <...>-1856  [006] d...    87.887547: sched_waking: comm=Chrome_IOThread pid=1860 prio=120 target_cpu=003
           <...>-1856  [006] d...    87.887549: sched_wake_idle_without_ipi: cpu=3
           <...>-1856  [006] d...    87.887549: sched_wakeup: comm=Chrome_IOThread pid=1860 prio=120 target_cpu=003
           <...>-1856  [006] d...    87.887553: sched_stat_runtime: comm=Chrome_FileUser pid=1856 runtime=26555 [ns] vruntime=7318785275 [ns]
           <...>-1856  [006] d...    87.887554: sched_switch: prev_comm=Chrome_FileUser prev_pid=1856 prev_prio=120 prev_state=S ==> next_comm=swapper/6 next_pid=0 next_prio=120
          <idle>-0     [006] d...    87.887555: cpu_idle: state=6 cpu_id=6
          <idle>-0     [006] dN..    87.887977: cpu_idle: state=4294967295 cpu_id=6
          <idle>-0     [006] d...    87.887979: sched_switch: prev_comm=swapper/6 prev_pid=0 prev_prio=120 prev_state=R ==> next_comm=Chrome_FileUser next_pid=1856 next_prio=120
           <...>-1856  [006] d...    87.888008: sched_waking: comm=Chrome_IOThread pid=1860 prio=120 target_cpu=003
           <...>-1856  [006] d...    87.888010: sched_wake_idle_without_ipi: cpu=3
           <...>-1856  [006] d...    87.888011: sched_wakeup: comm=Chrome_IOThread pid=1860 prio=120 target_cpu=003
           <...>-1856  [006] d...    87.888015: sched_stat_runtime: comm=Chrome_FileUser pid=1856 runtime=66157 [ns] vruntime=7318851432 [ns]
           <...>-1856  [006] d...    87.888016: sched_switch: prev_comm=Chrome_FileUser prev_pid=1856 prev_prio=120 prev_state=S ==> next_comm=swapper/6 next_pid=0 next_prio=120
          <idle>-0     [006] d...    87.888018: cpu_idle: state=6 cpu_id=6
          <idle>-0     [006] dN..    87.888216: cpu_idle: state=4294967295 cpu_id=6
          <idle>-0     [006] d...    87.888218: sched_switch: prev_comm=swapper/6 prev_pid=0 prev_prio=120 prev_state=R ==> next_comm=Chrome_FileUser next_pid=1856 next_prio=120
           <...>-1856  [006] d...    87.888253: sched_stat_runtime: comm=Chrome_FileUser pid=1856 runtime=39048 [ns] vruntime=7318890480 [ns]
           <...>-1856  [006] d...    87.888254: sutil_marker: Schedutil: get_next_freq: 2500000: 1024
           <...>-1856  [006] d...    87.888255: sutil_marker: Schedutil: update-single-util: 433: 400
           <...>-1856  [006] d...    87.888255: sutil_marker: Schedutil: update-single-boost: 433: 400
           <...>-1856  [006] d...    87.888255: sutil_marker: Schedutil: update-single-freq: 2426757: 1220703
           <...>-1856  [006] d...    87.888257: cpu_frequency: state=1300000 cpu_id=6
           <...>-1856  [006] d...    87.888258: sched_switch: prev_comm=Chrome_FileUser prev_pid=1856 prev_prio=120 prev_state=S ==> next_comm=swapper/6 next_pid=0 next_prio=120
          <idle>-0     [006] d...    87.888260: cpu_idle: state=6 cpu_id=6
          <idle>-0     [006] d...    87.891560: cpu_idle: state=4294967295 cpu_id=6
          <idle>-0     [006] d.s.    87.891572: sutil_marker: Schedutil: update-single-return: 400: 374
          <idle>-0     [006] d...    87.891580: cpu_idle: state=6 cpu_id=6
          <idle>-0     [006] dN..    87.892720: cpu_idle: state=4294967295 cpu_id=6
          <idle>-0     [006] d...    87.892723: sched_switch: prev_comm=swapper/6 prev_pid=0 prev_prio=120 prev_state=R ==> next_comm=SimpleCacheWork next_pid=2425 next_prio=120
 SimpleCacheWork-2425  [006] d...    87.892731: sched_stat_runtime: comm=SimpleCacheWork pid=2425 runtime=14899 [ns] vruntime=7318417117 [ns]
 SimpleCacheWork-2425  [006] d...    87.892734: sched_switch: prev_comm=SimpleCacheWork prev_pid=2425 prev_prio=120 prev_state=S ==> next_comm=swapper/6 next_pid=0 next_prio=120
          <idle>-0     [006] d...    87.892737: cpu_idle: state=6 cpu_id=6
          <idle>-0     [006] dN..    87.893232: cpu_idle: state=4294967295 cpu_id=6
          <idle>-0     [006] d...    87.893236: sched_switch: prev_comm=swapper/6 prev_pid=0 prev_prio=120 prev_state=R ==> next_comm=SimpleCacheWork next_pid=1906 next_prio=120
           <...>-1906  [006] d...    87.893244: sched_waking: comm=SimpleCacheWork pid=2425 prio=120 target_cpu=006
           <...>-1906  [006] d...    87.893247: sched_migrate_task: comm=SimpleCacheWork pid=2425 prio=120 orig_cpu=6 dest_cpu=1
           <...>-1906  [006] d...    87.893249: sutil_marker: Schedutil: attach_entity_load_avg: 0: 0
           <...>-1906  [006] d...    87.893251: sched_wake_idle_without_ipi: cpu=1
           <...>-1906  [006] d...    87.893252: sched_wakeup: comm=SimpleCacheWork pid=2425 prio=120 target_cpu=001
           <...>-1906  [006] d...    87.893284: sched_stat_runtime: comm=SimpleCacheWork pid=1906 runtime=55512 [ns] vruntime=7318461453 [ns]
           <...>-1906  [006] d...    87.893287: sched_switch: prev_comm=SimpleCacheWork prev_pid=1906 prev_prio=120 prev_state=S ==> next_comm=swapper/6 next_pid=0 next_prio=120
          <idle>-0     [006] d...    87.893291: cpu_idle: state=6 cpu_id=6
          <idle>-0     [006] dN..    87.894348: cpu_idle: state=4294967295 cpu_id=6
          <idle>-0     [006] d...    87.894352: sched_switch: prev_comm=swapper/6 prev_pid=0 prev_prio=120 prev_state=R ==> next_comm=Chrome_FileUser next_pid=1856 next_prio=120
           <...>-1856  [006] d...    87.894414: sched_waking: comm=Chrome_IOThread pid=1860 prio=120 target_cpu=004
           <...>-1856  [006] d...    87.894417: sched_wake_idle_without_ipi: cpu=4
           <...>-1856  [006] d...    87.894418: sched_wakeup: comm=Chrome_IOThread pid=1860 prio=120 target_cpu=004
           <...>-1856  [006] d...    87.894426: sched_stat_runtime: comm=Chrome_FileUser pid=1856 runtime=106488 [ns] vruntime=7318996968 [ns]
           <...>-1856  [006] d...    87.894428: sched_switch: prev_comm=Chrome_FileUser prev_pid=1856 prev_prio=120 prev_state=S ==> next_comm=swapper/6 next_pid=0 next_prio=120
          <idle>-0     [006] d...    87.894432: cpu_idle: state=4 cpu_id=6
          <idle>-0     [006] dN..    87.894950: cpu_idle: state=4294967295 cpu_id=6
          <idle>-0     [006] d...    87.894955: sched_switch: prev_comm=swapper/6 prev_pid=0 prev_prio=120 prev_state=R ==> next_comm=Chrome_FileUser next_pid=1856 next_prio=120
           <...>-1856  [006] d...    87.895013: sched_waking: comm=Chrome_IOThread pid=1860 prio=120 target_cpu=004
           <...>-1856  [006] d...    87.895016: sched_wake_idle_without_ipi: cpu=4
           <...>-1856  [006] d...    87.895017: sched_wakeup: comm=Chrome_IOThread pid=1860 prio=120 target_cpu=004
           <...>-1856  [006] d...    87.895025: sched_stat_runtime: comm=Chrome_FileUser pid=1856 runtime=102530 [ns] vruntime=7319099498 [ns]
           <...>-1856  [006] d...    87.895027: sched_switch: prev_comm=Chrome_FileUser prev_pid=1856 prev_prio=120 prev_state=S ==> next_comm=swapper/6 next_pid=0 next_prio=120
          <idle>-0     [006] d...    87.895031: cpu_idle: state=4 cpu_id=6
          <idle>-0     [006] d...    87.895527: cpu_idle: state=4294967295 cpu_id=6
          <idle>-0     [006] d...    87.895543: cpu_idle: state=6 cpu_id=6
          <idle>-0     [006] dN..    87.898054: cpu_idle: state=4294967295 cpu_id=6
          <idle>-0     [006] d...    87.898058: sched_switch: prev_comm=swapper/6 prev_pid=0 prev_prio=120 prev_state=R ==> next_comm=Chrome_ChildIOT next_pid=1903 next_prio=120
 Chrome_ChildIOT-1903  [006] d...    87.898104: sched_waking: comm=chrome pid=1896 prio=120 target_cpu=000
 Chrome_ChildIOT-1903  [006] d...    87.898108: sched_wake_idle_without_ipi: cpu=0
 Chrome_ChildIOT-1903  [006] d...    87.898109: sched_wakeup: comm=chrome pid=1896 prio=120 target_cpu=000
 Chrome_ChildIOT-1903  [006] d...    87.898122: sched_stat_runtime: comm=Chrome_ChildIOT pid=1903 runtime=97327 [ns] vruntime=7319409677 [ns]
 Chrome_ChildIOT-1903  [006] d...    87.898124: sched_switch: prev_comm=Chrome_ChildIOT prev_pid=1903 prev_prio=120 prev_state=S ==> next_comm=swapper/6 next_pid=0 next_prio=120
          <idle>-0     [006] d...    87.898128: cpu_idle: state=4 cpu_id=6
          <idle>-0     [006] dN..    87.898577: cpu_idle: state=4294967295 cpu_id=6
          <idle>-0     [006] d...    87.898582: sched_switch: prev_comm=swapper/6 prev_pid=0 prev_prio=120 prev_state=R ==> next_comm=Chrome_ChildIOT next_pid=1903 next_prio=120
 Chrome_ChildIOT-1903  [006] d...    87.898622: sched_waking: comm=chrome pid=1896 prio=120 target_cpu=000
 Chrome_ChildIOT-1903  [006] d...    87.898626: sched_wake_idle_without_ipi: cpu=0
 Chrome_ChildIOT-1903  [006] d...    87.898626: sched_wakeup: comm=chrome pid=1896 prio=120 target_cpu=000
 Chrome_ChildIOT-1903  [006] d...    87.898646: sched_stat_runtime: comm=Chrome_ChildIOT pid=1903 runtime=94598 [ns] vruntime=7319504275 [ns]
 Chrome_ChildIOT-1903  [006] d...    87.898648: sched_switch: prev_comm=Chrome_ChildIOT prev_pid=1903 prev_prio=120 prev_state=S ==> next_comm=swapper/6 next_pid=0 next_prio=120
          <idle>-0     [006] d...    87.898651: cpu_idle: state=4 cpu_id=6
          <idle>-0     [006] d...    87.899518: cpu_idle: state=4294967295 cpu_id=6
          <idle>-0     [006] d.h.    87.899522: sched_waking: comm=alsa-sink-USB A pid=2139 prio=94 target_cpu=006
          <idle>-0     [006] dNh.    87.899524: sched_wakeup: comm=alsa-sink-USB A pid=2139 prio=94 target_cpu=006
          <idle>-0     [006] d...    87.899528: sched_switch: prev_comm=swapper/6 prev_pid=0 prev_prio=120 prev_state=R ==> next_comm=alsa-sink-USB A next_pid=2139 next_prio=94
 alsa-sink-USB A-2139  [006] d.h.    87.899538: sutil_marker: Schedutil: update-single-util: 374: 345
 alsa-sink-USB A-2139  [006] d.h.    87.899539: sutil_marker: Schedutil: update-single-boost: 374: 345
 alsa-sink-USB A-2139  [006] d.h.    87.899540: sutil_marker: Schedutil: update-single-freq: 1220703: 4000000
 alsa-sink-USB A-2139  [006] d.h.    87.899542: cpu_frequency: state=4000000 cpu_id=6
 alsa-sink-USB A-2139  [006] d.s.    87.899546: sched_waking: comm=kworker/6:0 pid=47 prio=120 target_cpu=006
 alsa-sink-USB A-2139  [006] d.s.    87.899548: sutil_marker: Schedutil: update-single-return: 345: 343
 alsa-sink-USB A-2139  [006] d.s.    87.899549: sched_wakeup: comm=kworker/6:0 pid=47 prio=120 target_cpu=006
 alsa-sink-USB A-2139  [006] d...    87.899730: sched_waking: comm=pulseaudio pid=1481 prio=109 target_cpu=003
 alsa-sink-USB A-2139  [006] d...    87.899731: sched_wake_idle_without_ipi: cpu=3
 alsa-sink-USB A-2139  [006] d...    87.899732: sched_wakeup: comm=pulseaudio pid=1481 prio=109 target_cpu=003
 alsa-sink-USB A-2139  [006] d...    87.900082: sutil_marker: Schedutil: update-single-return: 343: 343
 alsa-sink-USB A-2139  [006] d...    87.900084: sutil_marker: Schedutil: update-single-return: 343: 339
 alsa-sink-USB A-2139  [006] d...    87.900084: sched_switch: prev_comm=alsa-sink-USB A prev_pid=2139 prev_prio=94 prev_state=S ==> next_comm=kworker/6:0 next_pid=47 next_prio=120
     kworker/6:0-47    [006] d...    87.900088: sched_stat_runtime: comm=kworker/6:0 pid=47 runtime=5537 [ns] vruntime=45144699524 [ns]
     kworker/6:0-47    [006] d...    87.900092: sched_switch: prev_comm=kworker/6:0 prev_pid=47 prev_prio=120 prev_state=S ==> next_comm=swapper/6 next_pid=0 next_prio=120
          <idle>-0     [006] d...    87.900093: cpu_idle: state=6 cpu_id=6
          <idle>-0     [006] dN..    87.900145: cpu_idle: state=4294967295 cpu_id=6
          <idle>-0     [006] d...    87.900146: sched_switch: prev_comm=swapper/6 prev_pid=0 prev_prio=120 prev_state=R ==> next_comm=marco next_pid=2113 next_prio=120
           marco-2113  [006] d...    87.900224: sched_waking: comm=Xorg pid=1080 prio=120 target_cpu=002
           marco-2113  [006] d...    87.900225: sched_wake_idle_without_ipi: cpu=2
           marco-2113  [006] d...    87.900225: sched_wakeup: comm=Xorg pid=1080 prio=120 target_cpu=002
           marco-2113  [006] d...    87.900227: sched_stat_runtime: comm=marco pid=2113 runtime=83249 [ns] vruntime=7318524440 [ns]
           marco-2113  [006] d...    87.900228: sched_switch: prev_comm=marco prev_pid=2113 prev_prio=120 prev_state=S ==> next_comm=swapper/6 next_pid=0 next_prio=120
          <idle>-0     [006] d...    87.900230: cpu_idle: state=6 cpu_id=6
          <idle>-0     [006] dN..    87.900243: cpu_idle: state=4294967295 cpu_id=6
          <idle>-0     [006] d...    87.900243: sched_switch: prev_comm=swapper/6 prev_pid=0 prev_prio=120 prev_state=R ==> next_comm=marco next_pid=2113 next_prio=120
           marco-2113  [006] d...    87.900302: sched_waking: comm=Xorg pid=1080 prio=120 target_cpu=002
           marco-2113  [006] d...    87.900303: sched_wake_idle_without_ipi: cpu=2
           marco-2113  [006] d...    87.900303: sched_wakeup: comm=Xorg pid=1080 prio=120 target_cpu=002
           marco-2113  [006] d...    87.900304: sched_stat_runtime: comm=marco pid=2113 runtime=62231 [ns] vruntime=7318586671 [ns]
           marco-2113  [006] d...    87.900304: sched_switch: prev_comm=marco prev_pid=2113 prev_prio=120 prev_state=S ==> next_comm=swapper/6 next_pid=0 next_prio=120
          <idle>-0     [006] d...    87.900305: cpu_idle: state=6 cpu_id=6
          <idle>-0     [006] dN..    87.900399: cpu_idle: state=4294967295 cpu_id=6
          <idle>-0     [006] d...    87.900400: sched_switch: prev_comm=swapper/6 prev_pid=0 prev_prio=120 prev_state=R ==> next_comm=marco next_pid=2113 next_prio=120
           marco-2113  [006] d...    87.900415: sched_stat_runtime: comm=marco pid=2113 runtime=16622 [ns] vruntime=7318603293 [ns]
           marco-2113  [006] d...    87.900415: sched_switch: prev_comm=marco prev_pid=2113 prev_prio=120 prev_state=S ==> next_comm=swapper/6 next_pid=0 next_prio=120
          <idle>-0     [006] d...    87.900416: cpu_idle: state=4 cpu_id=6
          <idle>-0     [006] dN..    87.900542: cpu_idle: state=4294967295 cpu_id=6
          <idle>-0     [006] d...    87.900543: sched_switch: prev_comm=swapper/6 prev_pid=0 prev_prio=120 prev_state=R ==> next_comm=SimpleCacheWork next_pid=2370 next_prio=120
           <...>-2370  [006] d...    87.900546: sched_stat_runtime: comm=SimpleCacheWork pid=2370 runtime=5548 [ns] vruntime=7318536626 [ns]
           <...>-2370  [006] d...    87.900547: sched_switch: prev_comm=SimpleCacheWork prev_pid=2370 prev_prio=120 prev_state=S ==> next_comm=swapper/6 next_pid=0 next_prio=120
          <idle>-0     [006] d...    87.900547: cpu_idle: state=4 cpu_id=6
          <idle>-0     [006] dN..    87.900821: cpu_idle: state=4294967295 cpu_id=6
          <idle>-0     [006] d...    87.900822: sched_switch: prev_comm=swapper/6 prev_pid=0 prev_prio=120 prev_state=R ==> next_comm=SimpleCacheWork next_pid=1906 next_prio=120
           <...>-1906  [006] d...    87.900826: sched_waking: comm=SimpleCacheWork pid=2370 prio=120 target_cpu=006
           <...>-1906  [006] d...    87.900844: sched_migrate_task: comm=SimpleCacheWork pid=2370 prio=120 orig_cpu=6 dest_cpu=0
           <...>-1906  [006] d...    87.900845: sutil_marker: Schedutil: attach_entity_load_avg: 0: 0
           <...>-1906  [006] d...    87.900845: sched_wake_idle_without_ipi: cpu=0
           <...>-1906  [006] d...    87.900845: sched_wakeup: comm=SimpleCacheWork pid=2370 prio=120 target_cpu=000
           <...>-1906  [006] d...    87.900875: sched_stat_runtime: comm=SimpleCacheWork pid=1906 runtime=55225 [ns] vruntime=7318516678 [ns]
           <...>-1906  [006] d...    87.900876: sched_switch: prev_comm=SimpleCacheWork prev_pid=1906 prev_prio=120 prev_state=S ==> next_comm=swapper/6 next_pid=0 next_prio=120
          <idle>-0     [006] d...    87.900876: cpu_idle: state=4 cpu_id=6
          <idle>-0     [006] dN..    87.902017: cpu_idle: state=4294967295 cpu_id=6
          <idle>-0     [006] d...    87.902019: sched_switch: prev_comm=swapper/6 prev_pid=0 prev_prio=120 prev_state=R ==> next_comm=SimpleCacheWork next_pid=1906 next_prio=120
           <...>-1906  [006] d...    87.902023: sched_waking: comm=SimpleCacheWork pid=2425 prio=120 target_cpu=004
           <...>-1906  [006] d...    87.902024: sched_wake_idle_without_ipi: cpu=4
           <...>-1906  [006] d...    87.902024: sched_wakeup: comm=SimpleCacheWork pid=2425 prio=120 target_cpu=004
           <...>-1906  [006] d...    87.902047: sched_waking: comm=Chrome_IOThread pid=1860 prio=120 target_cpu=004
           <...>-1906  [006] d...    87.902047: sched_wake_idle_without_ipi: cpu=4
           <...>-1906  [006] d...    87.902048: sched_wakeup: comm=Chrome_IOThread pid=1860 prio=120 target_cpu=004
           <...>-1906  [006] d...    87.902049: sched_stat_runtime: comm=SimpleCacheWork pid=1906 runtime=34762 [ns] vruntime=7318551440 [ns]
           <...>-1906  [006] d...    87.902050: sched_switch: prev_comm=SimpleCacheWork prev_pid=1906 prev_prio=120 prev_state=S ==> next_comm=swapper/6 next_pid=0 next_prio=120
          <idle>-0     [006] d...    87.902051: cpu_idle: state=4 cpu_id=6
          <idle>-0     [006] dN..    87.903228: cpu_idle: state=4294967295 cpu_id=6
          <idle>-0     [006] d...    87.903230: sched_switch: prev_comm=swapper/6 prev_pid=0 prev_prio=120 prev_state=R ==> next_comm=SimpleCacheWork next_pid=1906 next_prio=120
           <...>-1906  [006] d...    87.903241: sched_waking: comm=SimpleCacheWork pid=2370 prio=120 target_cpu=000
           <...>-1906  [006] d...    87.903243: sched_wake_idle_without_ipi: cpu=0
           <...>-1906  [006] d...    87.903243: sched_wakeup: comm=SimpleCacheWork pid=2370 prio=120 target_cpu=000
           <...>-1906  [006] d...    87.903343: sched_waking: comm=Chrome_IOThread pid=1860 prio=120 target_cpu=004
           <...>-1906  [006] d...    87.903343: sched_wake_idle_without_ipi: cpu=4
           <...>-1906  [006] d...    87.903343: sched_wakeup: comm=Chrome_IOThread pid=1860 prio=120 target_cpu=004
           <...>-1906  [006] d...    87.903346: sched_stat_runtime: comm=SimpleCacheWork pid=1906 runtime=168438 [ns] vruntime=7318719878 [ns]
           <...>-1906  [006] d...    87.903347: sched_switch: prev_comm=SimpleCacheWork prev_pid=1906 prev_prio=120 prev_state=S ==> next_comm=swapper/6 next_pid=0 next_prio=120
          <idle>-0     [006] d...    87.903365: cpu_idle: state=2 cpu_id=6
          <idle>-0     [006] d...    87.903526: cpu_idle: state=4294967295 cpu_id=6
          <idle>-0     [006] d.s.    87.903538: sched_waking: comm=rcu_sched pid=8 prio=120 target_cpu=002
          <idle>-0     [006] d.s.    87.903539: sched_migrate_task: comm=rcu_sched pid=8 prio=120 orig_cpu=2 dest_cpu=6
          <idle>-0     [006] d.s.    87.903540: sutil_marker: Schedutil: attach_entity_load_avg: 0: 0
          <idle>-0     [006] d.s.    87.903540: sutil_marker: Schedutil: update-single-return: 339: 304
          <idle>-0     [006] dNs.    87.903540: sched_wakeup: comm=rcu_sched pid=8 prio=120 target_cpu=006
          <idle>-0     [006] d...    87.903541: sched_switch: prev_comm=swapper/6 prev_pid=0 prev_prio=120 prev_state=R ==> next_comm=rcu_sched next_pid=8 next_prio=120
