          <idle>-0     [006] d...    87.245127: sched_switch: prev_comm=swapper/6 prev_pid=0 prev_prio=120 prev_state=R ==> next_comm=Xorg next_pid=1080 next_prio=120
            Xorg-1080  [006] d...    87.245161: sched_waking: comm=chrome pid=1524 prio=120 target_cpu=004
            Xorg-1080  [006] d...    87.245163: sched_wake_idle_without_ipi: cpu=4
            Xorg-1080  [006] d...    87.245163: sched_wakeup: comm=chrome pid=1524 prio=120 target_cpu=004
            Xorg-1080  [006] d...    87.245183: sched_stat_runtime: comm=Xorg pid=1080 runtime=62297 [ns] vruntime=266990784 [ns]
            Xorg-1080  [006] d...    87.245184: sched_switch: prev_comm=Xorg prev_pid=1080 prev_prio=120 prev_state=S ==> next_comm=swapper/6 next_pid=0 next_prio=120
          <idle>-0     [006] d...    87.245187: cpu_idle: state=4 cpu_id=6
          <idle>-0     [006] dN..    87.245230: cpu_idle: state=4294967295 cpu_id=6
          <idle>-0     [006] d...    87.245234: sched_switch: prev_comm=swapper/6 prev_pid=0 prev_prio=120 prev_state=R ==> next_comm=Xorg next_pid=1080 next_prio=120
            Xorg-1080  [006] d...    87.245271: sched_waking: comm=chrome pid=1524 prio=120 target_cpu=004
            Xorg-1080  [006] d...    87.245274: sched_wake_idle_without_ipi: cpu=4
            Xorg-1080  [006] d...    87.245275: sched_wakeup: comm=chrome pid=1524 prio=120 target_cpu=004
            Xorg-1080  [006] d...    87.245297: sched_stat_runtime: comm=Xorg pid=1080 runtime=77563 [ns] vruntime=267068347 [ns]
            Xorg-1080  [006] d...    87.245300: sched_switch: prev_comm=Xorg prev_pid=1080 prev_prio=120 prev_state=S ==> next_comm=swapper/6 next_pid=0 next_prio=120
          <idle>-0     [006] d...    87.245304: cpu_idle: state=4 cpu_id=6
          <idle>-0     [006] dN..    87.245334: cpu_idle: state=4294967295 cpu_id=6
          <idle>-0     [006] d...    87.245336: sched_switch: prev_comm=swapper/6 prev_pid=0 prev_prio=120 prev_state=R ==> next_comm=Xorg next_pid=1080 next_prio=120
            Xorg-1080  [006] d...    87.245364: sched_waking: comm=chrome pid=1524 prio=120 target_cpu=004
            Xorg-1080  [006] d...    87.245367: sched_wake_idle_without_ipi: cpu=4
            Xorg-1080  [006] d...    87.245367: sched_wakeup: comm=chrome pid=1524 prio=120 target_cpu=004
            Xorg-1080  [006] d...    87.245387: sched_stat_runtime: comm=Xorg pid=1080 runtime=56307 [ns] vruntime=267124654 [ns]
            Xorg-1080  [006] d...    87.245389: sched_switch: prev_comm=Xorg prev_pid=1080 prev_prio=120 prev_state=S ==> next_comm=swapper/6 next_pid=0 next_prio=120
          <idle>-0     [006] d...    87.245393: cpu_idle: state=1 cpu_id=6
          <idle>-0     [006] dN..    87.245409: cpu_idle: state=4294967295 cpu_id=6
          <idle>-0     [006] d...    87.245411: sched_switch: prev_comm=swapper/6 prev_pid=0 prev_prio=120 prev_state=R ==> next_comm=Xorg next_pid=1080 next_prio=120
            Xorg-1080  [006] d...    87.245442: sched_waking: comm=chrome pid=1896 prio=120 target_cpu=002
            Xorg-1080  [006] d...    87.245445: sched_wake_idle_without_ipi: cpu=2
            Xorg-1080  [006] d...    87.245445: sched_wakeup: comm=chrome pid=1896 prio=120 target_cpu=002
            Xorg-1080  [006] d...    87.245477: sched_waking: comm=chrome pid=1524 prio=120 target_cpu=004
            Xorg-1080  [006] d...    87.245480: sched_wake_idle_without_ipi: cpu=4
            Xorg-1080  [006] d...    87.245480: sched_wakeup: comm=chrome pid=1524 prio=120 target_cpu=004
            Xorg-1080  [006] d...    87.245499: sched_stat_runtime: comm=Xorg pid=1080 runtime=91014 [ns] vruntime=267215668 [ns]
            Xorg-1080  [006] d...    87.245500: sutil_marker: Schedutil: update-single-return: 162: 170
            Xorg-1080  [006] d...    87.245500: sched_switch: prev_comm=Xorg prev_pid=1080 prev_prio=120 prev_state=S ==> next_comm=swapper/6 next_pid=0 next_prio=120
          <idle>-0     [006] d...    87.245503: cpu_idle: state=1 cpu_id=6
          <idle>-0     [006] dN..    87.245520: cpu_idle: state=4294967295 cpu_id=6
          <idle>-0     [006] d...    87.245521: sched_switch: prev_comm=swapper/6 prev_pid=0 prev_prio=120 prev_state=R ==> next_comm=Xorg next_pid=1080 next_prio=120
            Xorg-1080  [006] d...    87.245535: sched_waking: comm=chrome pid=1524 prio=120 target_cpu=004
            Xorg-1080  [006] d...    87.245537: sched_wake_idle_without_ipi: cpu=4
            Xorg-1080  [006] d...    87.245537: sched_wakeup: comm=chrome pid=1524 prio=120 target_cpu=004
            Xorg-1080  [006] d...    87.245556: sched_waking: comm=chrome pid=1524 prio=120 target_cpu=004
            Xorg-1080  [006] d...    87.245558: sched_wake_idle_without_ipi: cpu=4
            Xorg-1080  [006] d...    87.245558: sched_wakeup: comm=chrome pid=1524 prio=120 target_cpu=004
            Xorg-1080  [006] d...    87.245576: sched_waking: comm=chrome pid=1524 prio=120 target_cpu=004
            Xorg-1080  [006] d...    87.245577: sched_wake_idle_without_ipi: cpu=4
            Xorg-1080  [006] d...    87.245578: sched_wakeup: comm=chrome pid=1524 prio=120 target_cpu=004
            Xorg-1080  [006] d...    87.245597: sched_waking: comm=chrome pid=1524 prio=120 target_cpu=004
            Xorg-1080  [006] d...    87.245599: sched_wake_idle_without_ipi: cpu=4
            Xorg-1080  [006] d...    87.245599: sched_wakeup: comm=chrome pid=1524 prio=120 target_cpu=004
            Xorg-1080  [006] d...    87.245626: sched_waking: comm=chrome pid=1524 prio=120 target_cpu=004
            Xorg-1080  [006] d...    87.245628: sched_wake_idle_without_ipi: cpu=4
            Xorg-1080  [006] d...    87.245628: sched_wakeup: comm=chrome pid=1524 prio=120 target_cpu=004
            Xorg-1080  [006] d...    87.245656: sched_waking: comm=chrome pid=1524 prio=120 target_cpu=004
            Xorg-1080  [006] d...    87.245658: sched_wake_idle_without_ipi: cpu=4
            Xorg-1080  [006] d...    87.245658: sched_wakeup: comm=chrome pid=1524 prio=120 target_cpu=004
            Xorg-1080  [006] d...    87.245682: sched_waking: comm=chrome pid=1524 prio=120 target_cpu=004
            Xorg-1080  [006] d...    87.245684: sched_wake_idle_without_ipi: cpu=4
            Xorg-1080  [006] d...    87.245684: sched_wakeup: comm=chrome pid=1524 prio=120 target_cpu=004
            Xorg-1080  [006] d...    87.245703: sched_waking: comm=chrome pid=1524 prio=120 target_cpu=004
            Xorg-1080  [006] d...    87.245705: sched_wake_idle_without_ipi: cpu=4
            Xorg-1080  [006] d...    87.245705: sched_wakeup: comm=chrome pid=1524 prio=120 target_cpu=004
            Xorg-1080  [006] d...    87.245723: sched_waking: comm=chrome pid=1524 prio=120 target_cpu=004
            Xorg-1080  [006] d...    87.245724: sched_wake_idle_without_ipi: cpu=4
            Xorg-1080  [006] d...    87.245725: sched_wakeup: comm=chrome pid=1524 prio=120 target_cpu=004
            Xorg-1080  [006] d...    87.245743: sched_waking: comm=chrome pid=1524 prio=120 target_cpu=004
            Xorg-1080  [006] d...    87.245744: sched_wake_idle_without_ipi: cpu=4
            Xorg-1080  [006] d...    87.245745: sched_wakeup: comm=chrome pid=1524 prio=120 target_cpu=004
            Xorg-1080  [006] d...    87.245765: sched_waking: comm=chrome pid=1524 prio=120 target_cpu=004
            Xorg-1080  [006] d...    87.245766: sched_wake_idle_without_ipi: cpu=4
            Xorg-1080  [006] d...    87.245767: sched_wakeup: comm=chrome pid=1524 prio=120 target_cpu=004
            Xorg-1080  [006] d...    87.245798: sched_waking: comm=chrome pid=1524 prio=120 target_cpu=004
            Xorg-1080  [006] d...    87.245800: sched_wake_idle_without_ipi: cpu=4
            Xorg-1080  [006] d...    87.245800: sched_wakeup: comm=chrome pid=1524 prio=120 target_cpu=004
            Xorg-1080  [006] d...    87.245821: sched_waking: comm=chrome pid=1524 prio=120 target_cpu=004
            Xorg-1080  [006] d...    87.245822: sched_wake_idle_without_ipi: cpu=4
            Xorg-1080  [006] d...    87.245823: sched_wakeup: comm=chrome pid=1524 prio=120 target_cpu=004
            Xorg-1080  [006] d...    87.245846: sched_waking: comm=chrome pid=1524 prio=120 target_cpu=004
            Xorg-1080  [006] d...    87.245848: sched_wake_idle_without_ipi: cpu=4
            Xorg-1080  [006] d...    87.245848: sched_wakeup: comm=chrome pid=1524 prio=120 target_cpu=004
            Xorg-1080  [006] d...    87.245866: sched_stat_runtime: comm=Xorg pid=1080 runtime=347849 [ns] vruntime=267563517 [ns]
            Xorg-1080  [006] d...    87.245868: sched_switch: prev_comm=Xorg prev_pid=1080 prev_prio=120 prev_state=S ==> next_comm=swapper/6 next_pid=0 next_prio=120
          <idle>-0     [006] d...    87.245872: cpu_idle: state=1 cpu_id=6
          <idle>-0     [006] d...    87.245929: cpu_idle: state=4294967295 cpu_id=6
          <idle>-0     [006] d.h.    87.245932: sched_waking: comm=Compositor pid=3069 prio=120 target_cpu=006
          <idle>-0     [006] dNh.    87.245934: sched_wakeup: comm=Compositor pid=3069 prio=120 target_cpu=006
          <idle>-0     [006] d...    87.245938: sched_switch: prev_comm=swapper/6 prev_pid=0 prev_prio=120 prev_state=R ==> next_comm=Compositor next_pid=3069 next_prio=120
      Compositor-3069  [006] d...    87.245957: sched_stat_runtime: comm=Compositor pid=3069 runtime=23957 [ns] vruntime=7233866279 [ns]
      Compositor-3069  [006] d...    87.245958: sched_switch: prev_comm=Compositor prev_pid=3069 prev_prio=120 prev_state=S ==> next_comm=swapper/6 next_pid=0 next_prio=120
          <idle>-0     [006] d...    87.245961: cpu_idle: state=2 cpu_id=6
          <idle>-0     [006] d...    87.246232: cpu_idle: state=4294967295 cpu_id=6
          <idle>-0     [006] d...    87.246239: cpu_idle: state=2 cpu_id=6
          <idle>-0     [006] dN..    87.246587: cpu_idle: state=4294967295 cpu_id=6
          <idle>-0     [006] d...    87.246589: sched_switch: prev_comm=swapper/6 prev_pid=0 prev_prio=120 prev_state=R ==> next_comm=Compositor next_pid=3069 next_prio=120
      Compositor-3069  [006] d...    87.246657: sched_stat_runtime: comm=Compositor pid=3069 runtime=72648 [ns] vruntime=7233938927 [ns]
      Compositor-3069  [006] d...    87.246659: sched_switch: prev_comm=Compositor prev_pid=3069 prev_prio=120 prev_state=S ==> next_comm=swapper/6 next_pid=0 next_prio=120
          <idle>-0     [006] d...    87.246663: cpu_idle: state=2 cpu_id=6
          <idle>-0     [006] dN..    87.247659: cpu_idle: state=4294967295 cpu_id=6
          <idle>-0     [006] d...    87.247661: sched_switch: prev_comm=swapper/6 prev_pid=0 prev_prio=120 prev_state=R ==> next_comm=CompositorTileW next_pid=1862 next_prio=120
 CompositorTileW-1862  [006] d...    87.248032: sched_waking: comm=chrome pid=1524 prio=120 target_cpu=004
 CompositorTileW-1862  [006] d...    87.248036: sched_wake_idle_without_ipi: cpu=4
 CompositorTileW-1862  [006] d...    87.248036: sched_wakeup: comm=chrome pid=1524 prio=120 target_cpu=004
 CompositorTileW-1862  [006] d...    87.248043: sched_stat_runtime: comm=CompositorTileW pid=1862 runtime=386742 [ns] vruntime=7233759400 [ns]
 CompositorTileW-1862  [006] d...    87.248044: sched_switch: prev_comm=CompositorTileW prev_pid=1862 prev_prio=120 prev_state=S ==> next_comm=swapper/6 next_pid=0 next_prio=120
          <idle>-0     [006] d...    87.248048: cpu_idle: state=6 cpu_id=6
          <idle>-0     [006] d...    87.251482: cpu_idle: state=4294967295 cpu_id=6
          <idle>-0     [006] d.s.    87.251493: sched_waking: comm=rcu_sched pid=8 prio=120 target_cpu=006
          <idle>-0     [006] d.s.    87.251495: sutil_marker: Schedutil: update-single-return: 170: 111
          <idle>-0     [006] dNs.    87.251497: sched_wakeup: comm=rcu_sched pid=8 prio=120 target_cpu=006
          <idle>-0     [006] d...    87.251506: sched_switch: prev_comm=swapper/6 prev_pid=0 prev_prio=120 prev_state=R ==> next_comm=rcu_sched next_pid=8 next_prio=120
       rcu_sched-8     [006] d...    87.251514: sched_stat_runtime: comm=rcu_sched pid=8 runtime=15814 [ns] vruntime=44877433216 [ns]
       rcu_sched-8     [006] d...    87.251515: sched_switch: prev_comm=rcu_sched prev_pid=8 prev_prio=120 prev_state=S ==> next_comm=swapper/6 next_pid=0 next_prio=120
          <idle>-0     [006] d...    87.251520: cpu_idle: state=6 cpu_id=6
          <idle>-0     [006] dN..    87.254257: cpu_idle: state=4294967295 cpu_id=6
          <idle>-0     [006] d...    87.254260: sched_switch: prev_comm=swapper/6 prev_pid=0 prev_prio=120 prev_state=R ==> next_comm=Compositor next_pid=3069 next_prio=120
      Compositor-3069  [006] d...    87.254337: sched_waking: comm=chrome pid=3067 prio=120 target_cpu=001
      Compositor-3069  [006] d...    87.254339: sched_wake_idle_without_ipi: cpu=1
      Compositor-3069  [006] d...    87.254340: sched_wakeup: comm=chrome pid=3067 prio=120 target_cpu=001
      Compositor-3069  [006] d...    87.254503: sched_waking: comm=Chrome_ChildIOT pid=3068 prio=120 target_cpu=002
      Compositor-3069  [006] d...    87.254505: sched_wake_idle_without_ipi: cpu=2
      Compositor-3069  [006] d...    87.254505: sched_wakeup: comm=Chrome_ChildIOT pid=3068 prio=120 target_cpu=002
      Compositor-3069  [006] d...    87.254519: sched_waking: comm=CompositorTileW pid=3072 prio=120 target_cpu=007
      Compositor-3069  [006] d...    87.254522: sched_wakeup: comm=CompositorTileW pid=3072 prio=120 target_cpu=007
      Compositor-3069  [006] d...    87.254542: sched_stat_runtime: comm=Compositor pid=3069 runtime=289292 [ns] vruntime=7234228219 [ns]
      Compositor-3069  [006] d...    87.254545: sched_switch: prev_comm=Compositor prev_pid=3069 prev_prio=120 prev_state=S ==> next_comm=swapper/6 next_pid=0 next_prio=120
          <idle>-0     [006] d...    87.254550: sched_switch: prev_comm=swapper/6 prev_pid=0 prev_prio=120 prev_state=R ==> next_comm=Compositor next_pid=3069 next_prio=120
      Compositor-3069  [006] d...    87.254570: sched_stat_runtime: comm=Compositor pid=3069 runtime=23145 [ns] vruntime=7234251364 [ns]
      Compositor-3069  [006] d...    87.254580: sched_switch: prev_comm=Compositor prev_pid=3069 prev_prio=120 prev_state=S ==> next_comm=swapper/6 next_pid=0 next_prio=120
          <idle>-0     [006] d...    87.254583: cpu_idle: state=6 cpu_id=6
          <idle>-0     [006] dN..    87.254601: cpu_idle: state=4294967295 cpu_id=6
          <idle>-0     [006] d...    87.254604: sched_switch: prev_comm=swapper/6 prev_pid=0 prev_prio=120 prev_state=R ==> next_comm=chrome next_pid=1896 next_prio=120
          chrome-1896  [006] d...    87.255281: sched_stat_runtime: comm=chrome pid=1896 runtime=683610 [ns] vruntime=7246056268 [ns]
          chrome-1896  [006] d...    87.255283: sutil_marker: Schedutil: get_next_freq: 1500000: 1024
          chrome-1896  [006] d...    87.255284: sutil_marker: Schedutil: update-single-util: 111: 210
          chrome-1896  [006] d...    87.255284: sutil_marker: Schedutil: update-single-boost: 111: 210
          chrome-1896  [006] d...    87.255284: sutil_marker: Schedutil: update-single-freq: 1420898: 800000
          chrome-1896  [006] d...    87.255286: cpu_frequency: state=800000 cpu_id=6
          chrome-1896  [006] d...    87.255287: sched_switch: prev_comm=chrome prev_pid=1896 prev_prio=120 prev_state=S ==> next_comm=swapper/6 next_pid=0 next_prio=120
          <idle>-0     [006] d...    87.255312: cpu_idle: state=4 cpu_id=6
          <idle>-0     [006] dN..    87.257099: cpu_idle: state=4294967295 cpu_id=6
          <idle>-0     [006] d...    87.257107: sched_switch: prev_comm=swapper/6 prev_pid=0 prev_prio=120 prev_state=R ==> next_comm=WorkerPool/1819 next_pid=1819 next_prio=120
           <...>-1819  [006] d...    87.257115: sched_waking: comm=WorkerPool/1900 pid=1900 prio=120 target_cpu=002
           <...>-1819  [006] d...    87.257119: sched_wake_idle_without_ipi: cpu=2
           <...>-1819  [006] d...    87.257119: sched_wakeup: comm=WorkerPool/1900 pid=1900 prio=120 target_cpu=002
           <...>-1819  [006] d...    87.257148: sched_stat_runtime: comm=WorkerPool/1819 pid=1819 runtime=45687 [ns] vruntime=7234241364 [ns]
           <...>-1819  [006] d...    87.257150: sched_switch: prev_comm=WorkerPool/1819 prev_pid=1819 prev_prio=120 prev_state=S ==> next_comm=swapper/6 next_pid=0 next_prio=120
          <idle>-0     [006] d...    87.257154: cpu_idle: state=2 cpu_id=6
          <idle>-0     [006] dN..    87.257162: cpu_idle: state=4294967295 cpu_id=6
          <idle>-0     [006] d...    87.257164: sched_switch: prev_comm=swapper/6 prev_pid=0 prev_prio=120 prev_state=R ==> next_comm=WorkerPool/1900 next_pid=1900 next_prio=120
           <...>-1900  [006] d...    87.257168: sched_waking: comm=WorkerPool/1819 pid=1819 prio=120 target_cpu=006
           <...>-1900  [006] d...    87.257170: sched_migrate_task: comm=WorkerPool/1819 pid=1819 prio=120 orig_cpu=6 dest_cpu=7
           <...>-1900  [006] d...    87.257172: sutil_marker: Schedutil: attach_entity_load_avg: 0: 0
           <...>-1900  [006] d...    87.257174: sched_wake_idle_without_ipi: cpu=7
           <...>-1900  [006] d...    87.257175: sched_wakeup: comm=WorkerPool/1819 pid=1819 prio=120 target_cpu=007
           <...>-1900  [006] d...    87.257239: sched_stat_runtime: comm=WorkerPool/1900 pid=1900 runtime=79900 [ns] vruntime=7234568977 [ns]
           <...>-1900  [006] d...    87.257243: sched_switch: prev_comm=WorkerPool/1900 prev_pid=1900 prev_prio=120 prev_state=S ==> next_comm=swapper/6 next_pid=0 next_prio=120
          <idle>-0     [006] d...    87.257248: cpu_idle: state=2 cpu_id=6
          <idle>-0     [006] d...    87.257329: cpu_idle: state=4294967295 cpu_id=6
          <idle>-0     [006] d.h.    87.257332: sched_waking: comm=chrome pid=1896 prio=120 target_cpu=006
          <idle>-0     [006] dNh.    87.257334: sched_wakeup: comm=chrome pid=1896 prio=120 target_cpu=006
          <idle>-0     [006] d...    87.257337: sched_switch: prev_comm=swapper/6 prev_pid=0 prev_prio=120 prev_state=R ==> next_comm=chrome next_pid=1896 next_prio=120
          chrome-1896  [006] d...    87.257425: sched_stat_runtime: comm=chrome pid=1896 runtime=91853 [ns] vruntime=7246148121 [ns]
          chrome-1896  [006] d...    87.257427: sched_switch: prev_comm=chrome prev_pid=1896 prev_prio=120 prev_state=S ==> next_comm=swapper/6 next_pid=0 next_prio=120
          <idle>-0     [006] d...    87.257430: cpu_idle: state=4 cpu_id=6
          <idle>-0     [006] dN..    87.257892: cpu_idle: state=4294967295 cpu_id=6
          <idle>-0     [006] d...    87.257895: sched_switch: prev_comm=swapper/6 prev_pid=0 prev_prio=120 prev_state=R ==> next_comm=WorkerPool/1900 next_pid=1900 next_prio=120
           <...>-1900  [006] d...    87.257938: sched_stat_runtime: comm=WorkerPool/1900 pid=1900 runtime=62291 [ns] vruntime=7234631268 [ns]
           <...>-1900  [006] d...    87.257940: sched_switch: prev_comm=WorkerPool/1900 prev_pid=1900 prev_prio=120 prev_state=S ==> next_comm=swapper/6 next_pid=0 next_prio=120
          <idle>-0     [006] d...    87.257942: cpu_idle: state=4 cpu_id=6
          <idle>-0     [006] dN..    87.258522: cpu_idle: state=4294967295 cpu_id=6
          <idle>-0     [006] d...    87.258525: sched_switch: prev_comm=swapper/6 prev_pid=0 prev_prio=120 prev_state=R ==> next_comm=WorkerPool/1900 next_pid=1900 next_prio=120
           <...>-1900  [006] d...    87.258550: sched_stat_runtime: comm=WorkerPool/1900 pid=1900 runtime=44036 [ns] vruntime=7234675304 [ns]
           <...>-1900  [006] d...    87.258551: sched_switch: prev_comm=WorkerPool/1900 prev_pid=1900 prev_prio=120 prev_state=S ==> next_comm=swapper/6 next_pid=0 next_prio=120
          <idle>-0     [006] d...    87.258554: cpu_idle: state=4 cpu_id=6
          <idle>-0     [006] d...    87.259503: cpu_idle: state=4294967295 cpu_id=6
          <idle>-0     [006] d.s.    87.259512: sched_waking: comm=rcu_sched pid=8 prio=120 target_cpu=006
          <idle>-0     [006] dNs.    87.259514: sched_wakeup: comm=rcu_sched pid=8 prio=120 target_cpu=006
          <idle>-0     [006] d...    87.259521: sched_switch: prev_comm=swapper/6 prev_pid=0 prev_prio=120 prev_state=R ==> next_comm=rcu_sched next_pid=8 next_prio=120
       rcu_sched-8     [006] d...    87.259525: sched_stat_runtime: comm=rcu_sched pid=8 runtime=10207 [ns] vruntime=44882368371 [ns]
       rcu_sched-8     [006] d...    87.259526: sched_switch: prev_comm=rcu_sched prev_pid=8 prev_prio=120 prev_state=S ==> next_comm=swapper/6 next_pid=0 next_prio=120
          <idle>-0     [006] d...    87.259530: cpu_idle: state=6 cpu_id=6
          <idle>-0     [006] dN..    87.262225: cpu_idle: state=4294967295 cpu_id=6
          <idle>-0     [006] d...    87.262232: sched_switch: prev_comm=swapper/6 prev_pid=0 prev_prio=120 prev_state=R ==> next_comm=chrome next_pid=1896 next_prio=120
          chrome-1896  [006] d...    87.262277: sched_stat_runtime: comm=chrome pid=1896 runtime=57203 [ns] vruntime=7246205324 [ns]
          chrome-1896  [006] d...    87.262280: sutil_marker: Schedutil: update-single-return: 210: 184
          chrome-1896  [006] d...    87.262281: sched_switch: prev_comm=chrome prev_pid=1896 prev_prio=120 prev_state=S ==> next_comm=swapper/6 next_pid=0 next_prio=120
          <idle>-0     [006] d...    87.262287: cpu_idle: state=6 cpu_id=6
          <idle>-0     [006] dN..    87.262859: cpu_idle: state=4294967295 cpu_id=6
          <idle>-0     [006] d...    87.262868: sched_switch: prev_comm=swapper/6 prev_pid=0 prev_prio=120 prev_state=R ==> next_comm=WorkerPool/1900 next_pid=1900 next_prio=120
           <...>-1900  [006] d...    87.262906: sched_stat_runtime: comm=WorkerPool/1900 pid=1900 runtime=70853 [ns] vruntime=7234746157 [ns]
           <...>-1900  [006] d...    87.262909: sched_switch: prev_comm=WorkerPool/1900 prev_pid=1900 prev_prio=120 prev_state=S ==> next_comm=swapper/6 next_pid=0 next_prio=120
          <idle>-0     [006] d...    87.262916: cpu_idle: state=6 cpu_id=6
          <idle>-0     [006] dN..    87.263041: cpu_idle: state=4294967295 cpu_id=6
          <idle>-0     [006] d...    87.263049: sched_switch: prev_comm=swapper/6 prev_pid=0 prev_prio=120 prev_state=R ==> next_comm=Compositor next_pid=3069 next_prio=120
      Compositor-3069  [006] d...    87.263188: sched_waking: comm=Chrome_ChildIOT pid=3068 prio=120 target_cpu=003
      Compositor-3069  [006] d...    87.263193: sched_wake_idle_without_ipi: cpu=3
      Compositor-3069  [006] d...    87.263194: sched_wakeup: comm=Chrome_ChildIOT pid=3068 prio=120 target_cpu=003
      Compositor-3069  [006] d...    87.263207: sched_waking: comm=CompositorTileW pid=3074 prio=120 target_cpu=000
      Compositor-3069  [006] d...    87.263209: sched_wake_idle_without_ipi: cpu=0
      Compositor-3069  [006] d...    87.263209: sched_wakeup: comm=CompositorTileW pid=3074 prio=120 target_cpu=000
      Compositor-3069  [006] d...    87.263228: sched_stat_runtime: comm=Compositor pid=3069 runtime=221100 [ns] vruntime=7235577867 [ns]
      Compositor-3069  [006] d...    87.263231: sched_switch: prev_comm=Compositor prev_pid=3069 prev_prio=120 prev_state=S ==> next_comm=swapper/6 next_pid=0 next_prio=120
          <idle>-0     [006] d...    87.263239: cpu_idle: state=4 cpu_id=6
          <idle>-0     [006] dN..    87.263295: cpu_idle: state=4294967295 cpu_id=6
          <idle>-0     [006] d...    87.263302: sched_switch: prev_comm=swapper/6 prev_pid=0 prev_prio=120 prev_state=R ==> next_comm=Compositor next_pid=3069 next_prio=120
      Compositor-3069  [006] d...    87.263360: sched_stat_runtime: comm=Compositor pid=3069 runtime=97855 [ns] vruntime=7235675722 [ns]
      Compositor-3069  [006] d...    87.263363: sutil_marker: Schedutil: update-single-return: 184: 224
      Compositor-3069  [006] d...    87.263366: sched_switch: prev_comm=Compositor prev_pid=3069 prev_prio=120 prev_state=S ==> next_comm=swapper/6 next_pid=0 next_prio=120
          <idle>-0     [006] d...    87.263374: cpu_idle: state=4 cpu_id=6
          <idle>-0     [006] dN..    87.263391: cpu_idle: state=4294967295 cpu_id=6
          <idle>-0     [006] d...    87.263394: sched_switch: prev_comm=swapper/6 prev_pid=0 prev_prio=120 prev_state=R ==> next_comm=chrome next_pid=1896 next_prio=120
          chrome-1896  [006] d.h.    87.263486: sched_stat_runtime: comm=chrome pid=1896 runtime=99474 [ns] vruntime=7246304798 [ns]
          chrome-1896  [006] d...    87.265114: sched_stat_runtime: comm=chrome pid=1896 runtime=1628027 [ns] vruntime=7247932825 [ns]
          chrome-1896  [006] d...    87.265117: sutil_marker: Schedutil: update-single-return: 224: 250
          chrome-1896  [006] d...    87.265119: sched_switch: prev_comm=chrome prev_pid=1896 prev_prio=120 prev_state=S ==> next_comm=swapper/6 next_pid=0 next_prio=120
          <idle>-0     [006] d...    87.265126: cpu_idle: state=4 cpu_id=6
          <idle>-0     [006] dN..    87.265349: cpu_idle: state=4294967295 cpu_id=6
          <idle>-0     [006] d...    87.265357: sched_switch: prev_comm=swapper/6 prev_pid=0 prev_prio=120 prev_state=R ==> next_comm=Compositor next_pid=3069 next_prio=120
      Compositor-3069  [006] d...    87.265387: sched_stat_runtime: comm=Compositor pid=3069 runtime=69608 [ns] vruntime=7236002433 [ns]
      Compositor-3069  [006] d...    87.265390: sutil_marker: Schedutil: get_next_freq: 800000: 1024
      Compositor-3069  [006] d...    87.265391: sutil_marker: Schedutil: update-single-util: 250: 250
      Compositor-3069  [006] d...    87.265391: sutil_marker: Schedutil: update-single-boost: 250: 250
      Compositor-3069  [006] d...    87.265391: sutil_marker: Schedutil: update-single-freq: 800000: 800000
      Compositor-3069  [006] d...    87.265393: sched_switch: prev_comm=Compositor prev_pid=3069 prev_prio=120 prev_state=S ==> next_comm=swapper/6 next_pid=0 next_prio=120
          <idle>-0     [006] d...    87.265400: cpu_idle: state=3 cpu_id=6
          <idle>-0     [006] d...    87.265990: cpu_idle: state=4294967295 cpu_id=6
          <idle>-0     [006] d...    87.265999: cpu_idle: state=2 cpu_id=6
          <idle>-0     [006] d...    87.266040: cpu_idle: state=4294967295 cpu_id=6
          <idle>-0     [006] d.h.    87.266042: sched_waking: comm=alsa-sink-USB A pid=2139 prio=94 target_cpu=006
          <idle>-0     [006] dNh.    87.266045: sched_wakeup: comm=alsa-sink-USB A pid=2139 prio=94 target_cpu=006
          <idle>-0     [006] d...    87.266049: sched_switch: prev_comm=swapper/6 prev_pid=0 prev_prio=120 prev_state=R ==> next_comm=alsa-sink-USB A next_pid=2139 next_prio=94
 alsa-sink-USB A-2139  [006] d...    87.266126: sched_waking: comm=pulseaudio pid=1481 prio=109 target_cpu=007
 alsa-sink-USB A-2139  [006] d...    87.266131: sched_wake_idle_without_ipi: cpu=7
 alsa-sink-USB A-2139  [006] d...    87.266132: sched_wakeup: comm=pulseaudio pid=1481 prio=109 target_cpu=007
 alsa-sink-USB A-2139  [006] d...    87.266386: sched_waking: comm=pulseaudio pid=1481 prio=109 target_cpu=007
 alsa-sink-USB A-2139  [006] d...    87.266388: sched_wake_idle_without_ipi: cpu=7
 alsa-sink-USB A-2139  [006] d...    87.266388: sched_wakeup: comm=pulseaudio pid=1481 prio=109 target_cpu=007
 alsa-sink-USB A-2139  [006] d...    87.266812: sutil_marker: Schedutil: update-single-util: 250: 250
 alsa-sink-USB A-2139  [006] d...    87.266813: sutil_marker: Schedutil: update-single-boost: 250: 250
 alsa-sink-USB A-2139  [006] d...    87.266813: sutil_marker: Schedutil: update-single-freq: 800000: 4000000
 alsa-sink-USB A-2139  [006] d...    87.266816: cpu_frequency: state=4000000 cpu_id=6
 alsa-sink-USB A-2139  [006] d...    87.266819: sched_switch: prev_comm=alsa-sink-USB A prev_pid=2139 prev_prio=94 prev_state=S ==> next_comm=swapper/6 next_pid=0 next_prio=120
          <idle>-0     [006] d...    87.266824: cpu_idle: state=3 cpu_id=6
          <idle>-0     [006] d...    87.267182: cpu_idle: state=4294967295 cpu_id=6
          <idle>-0     [006] d.h.    87.267183: sched_waking: comm=chrome pid=1896 prio=120 target_cpu=006
          <idle>-0     [006] d.h.    87.267185: sutil_marker: Schedutil: update-single-return: 250: 241
          <idle>-0     [006] dNh.    87.267186: sched_wakeup: comm=chrome pid=1896 prio=120 target_cpu=006
          <idle>-0     [006] d...    87.267188: sched_switch: prev_comm=swapper/6 prev_pid=0 prev_prio=120 prev_state=R ==> next_comm=chrome next_pid=1896 next_prio=120
          chrome-1896  [006] d...    87.267228: sched_stat_runtime: comm=chrome pid=1896 runtime=44602 [ns] vruntime=7247977427 [ns]
          chrome-1896  [006] d...    87.267229: sched_switch: prev_comm=chrome prev_pid=1896 prev_prio=120 prev_state=S ==> next_comm=swapper/6 next_pid=0 next_prio=120
          <idle>-0     [006] d...    87.267230: cpu_idle: state=6 cpu_id=6
          <idle>-0     [006] dN..    87.267588: cpu_idle: state=4294967295 cpu_id=6
          <idle>-0     [006] d...    87.267590: sched_switch: prev_comm=swapper/6 prev_pid=0 prev_prio=120 prev_state=R ==> next_comm=WorkerPool/1900 next_pid=1900 next_prio=120
           <...>-1900  [006] d...    87.267722: sched_stat_runtime: comm=WorkerPool/1900 pid=1900 runtime=163164 [ns] vruntime=7236140591 [ns]
           <...>-1900  [006] d...    87.267724: sched_switch: prev_comm=WorkerPool/1900 prev_pid=1900 prev_prio=120 prev_state=S ==> next_comm=swapper/6 next_pid=0 next_prio=120
          <idle>-0     [006] d...    87.267726: cpu_idle: state=6 cpu_id=6
          <idle>-0     [006] dN..    87.267951: cpu_idle: state=4294967295 cpu_id=6
          <idle>-0     [006] d...    87.267953: sched_switch: prev_comm=swapper/6 prev_pid=0 prev_prio=120 prev_state=R ==> next_comm=WorkerPool/1900 next_pid=1900 next_prio=120
           <...>-1900  [006] d...    87.268656: sched_stat_runtime: comm=WorkerPool/1900 pid=1900 runtime=726921 [ns] vruntime=7236867512 [ns]
           <...>-1900  [006] d...    87.268657: sutil_marker: Schedutil: update-single-return: 241: 253
           <...>-1900  [006] d...    87.268657: sched_switch: prev_comm=WorkerPool/1900 prev_pid=1900 prev_prio=120 prev_state=S ==> next_comm=swapper/6 next_pid=0 next_prio=120
          <idle>-0     [006] d...    87.268660: cpu_idle: state=6 cpu_id=6
          <idle>-0     [006] dN..    87.269833: cpu_idle: state=4294967295 cpu_id=6
          <idle>-0     [006] d...    87.269835: sched_switch: prev_comm=swapper/6 prev_pid=0 prev_prio=120 prev_state=R ==> next_comm=Chrome_DBThread next_pid=1854 next_prio=120
           <...>-1854  [006] d...    87.269901: sched_stat_runtime: comm=Chrome_DBThread pid=1854 runtime=69223 [ns] vruntime=7236046650 [ns]
           <...>-1854  [006] d...    87.269902: sched_switch: prev_comm=Chrome_DBThread prev_pid=1854 prev_prio=120 prev_state=S ==> next_comm=swapper/6 next_pid=0 next_prio=120
          <idle>-0     [006] d...    87.269903: cpu_idle: state=6 cpu_id=6
          <idle>-0     [006] d...    87.275510: cpu_idle: state=4294967295 cpu_id=6
          <idle>-0     [006] d...    87.275514: cpu_idle: state=6 cpu_id=6
          <idle>-0     [006] d...    87.279392: cpu_idle: state=4294967295 cpu_id=6
          <idle>-0     [006] d.h.    87.279395: sched_waking: comm=Compositor pid=3069 prio=120 target_cpu=006
          <idle>-0     [006] d.h.    87.279397: sutil_marker: Schedutil: get_next_freq: 4000000: 1024
          <idle>-0     [006] d.h.    87.279398: sutil_marker: Schedutil: update-single-util: 253: 204
          <idle>-0     [006] d.h.    87.279398: sutil_marker: Schedutil: update-single-boost: 253: 204
          <idle>-0     [006] d.h.    87.279398: sutil_marker: Schedutil: update-single-freq: 4000000: 996093
          <idle>-0     [006] d.h.    87.279400: cpu_frequency: state=1000000 cpu_id=6
          <idle>-0     [006] dNh.    87.279400: sched_wakeup: comm=Compositor pid=3069 prio=120 target_cpu=006
          <idle>-0     [006] d...    87.279403: sched_switch: prev_comm=swapper/6 prev_pid=0 prev_prio=120 prev_state=R ==> next_comm=Compositor next_pid=3069 next_prio=120
      Compositor-3069  [006] d...    87.279456: sched_stat_runtime: comm=Compositor pid=3069 runtime=53391 [ns] vruntime=7236055824 [ns]
      Compositor-3069  [006] d...    87.279458: sched_switch: prev_comm=Compositor prev_pid=3069 prev_prio=120 prev_state=S ==> next_comm=swapper/6 next_pid=0 next_prio=120
          <idle>-0     [006] d...    87.279464: cpu_idle: state=6 cpu_id=6
          <idle>-0     [006] dN..    87.280282: cpu_idle: state=4294967295 cpu_id=6
          <idle>-0     [006] d...    87.280291: sched_switch: prev_comm=swapper/6 prev_pid=0 prev_prio=120 prev_state=R ==> next_comm=CompositorTileW next_pid=1862 next_prio=120
 CompositorTileW-1862  [006] d...    87.280322: sched_stat_runtime: comm=CompositorTileW pid=1862 runtime=35780 [ns] vruntime=7236013207 [ns]
 CompositorTileW-1862  [006] d...    87.280325: sched_switch: prev_comm=CompositorTileW prev_pid=1862 prev_prio=120 prev_state=S ==> next_comm=swapper/6 next_pid=0 next_prio=120
          <idle>-0     [006] d...    87.280332: cpu_idle: state=6 cpu_id=6
          <idle>-0     [006] dN..    87.280500: cpu_idle: state=4294967295 cpu_id=6
          <idle>-0     [006] d...    87.280508: sched_switch: prev_comm=swapper/6 prev_pid=0 prev_prio=120 prev_state=R ==> next_comm=Compositor next_pid=3069 next_prio=120
      Compositor-3069  [006] d...    87.280565: sched_waking: comm=chrome pid=3067 prio=120 target_cpu=001
      Compositor-3069  [006] d...    87.280570: sched_wake_idle_without_ipi: cpu=1
      Compositor-3069  [006] d...    87.280571: sched_wakeup: comm=chrome pid=3067 prio=120 target_cpu=001
      Compositor-3069  [006] d...    87.280601: sched_stat_runtime: comm=Compositor pid=3069 runtime=133554 [ns] vruntime=7236189378 [ns]
      Compositor-3069  [006] d...    87.280604: sched_switch: prev_comm=Compositor prev_pid=3069 prev_prio=120 prev_state=S ==> next_comm=swapper/6 next_pid=0 next_prio=120
          <idle>-0     [006] d...    87.280611: cpu_idle: state=6 cpu_id=6
          <idle>-0     [006] dN..    87.280940: cpu_idle: state=4294967295 cpu_id=6
          <idle>-0     [006] d...    87.280949: sched_switch: prev_comm=swapper/6 prev_pid=0 prev_prio=120 prev_state=R ==> next_comm=Compositor next_pid=3069 next_prio=120
      Compositor-3069  [006] d...    87.280979: sched_stat_runtime: comm=Compositor pid=3069 runtime=72024 [ns] vruntime=7236261402 [ns]
      Compositor-3069  [006] d...    87.280982: sched_switch: prev_comm=Compositor prev_pid=3069 prev_prio=120 prev_state=S ==> next_comm=swapper/6 next_pid=0 next_prio=120
          <idle>-0     [006] d...    87.280989: cpu_idle: state=6 cpu_id=6
          <idle>-0     [006] dN..    87.291086: cpu_idle: state=4294967295 cpu_id=6
          <idle>-0     [006] d...    87.291095: sched_switch: prev_comm=swapper/6 prev_pid=0 prev_prio=120 prev_state=R ==> next_comm=alsa-sink-USB A next_pid=2139 next_prio=94
 alsa-sink-USB A-2139  [006] d...    87.291252: sched_waking: comm=pulseaudio pid=1481 prio=109 target_cpu=007
 alsa-sink-USB A-2139  [006] d...    87.291257: sched_wake_idle_without_ipi: cpu=7
 alsa-sink-USB A-2139  [006] d...    87.291258: sched_wakeup: comm=pulseaudio pid=1481 prio=109 target_cpu=007
 alsa-sink-USB A-2139  [006] d.h.    87.291488: sutil_marker: Schedutil: update-single-util: 204: 201
 alsa-sink-USB A-2139  [006] d.h.    87.291489: sutil_marker: Schedutil: update-single-boost: 204: 201
 alsa-sink-USB A-2139  [006] d.h.    87.291489: sutil_marker: Schedutil: update-single-freq: 996093: 4000000
 alsa-sink-USB A-2139  [006] d.h.    87.291492: cpu_frequency: state=4000000 cpu_id=6
 alsa-sink-USB A-2139  [006] d.s.    87.291500: sutil_marker: Schedutil: update-single-return: 201: 164
 alsa-sink-USB A-2139  [006] d...    87.291658: sutil_marker: Schedutil: update-single-return: 164: 164
 alsa-sink-USB A-2139  [006] d...    87.291658: sched_switch: prev_comm=alsa-sink-USB A prev_pid=2139 prev_prio=94 prev_state=S ==> next_comm=swapper/6 next_pid=0 next_prio=120
          <idle>-0     [006] d...    87.291660: cpu_idle: state=6 cpu_id=6
          <idle>-0     [006] dN..    87.291865: cpu_idle: state=4294967295 cpu_id=6
          <idle>-0     [006] d...    87.291867: sched_switch: prev_comm=swapper/6 prev_pid=0 prev_prio=120 prev_state=R ==> next_comm=alsa-sink-USB A next_pid=2139 next_prio=94
 alsa-sink-USB A-2139  [006] d...    87.291889: sutil_marker: Schedutil: update-single-return: 164: 164
 alsa-sink-USB A-2139  [006] d...    87.291890: sched_switch: prev_comm=alsa-sink-USB A prev_pid=2139 prev_prio=94 prev_state=S ==> next_comm=swapper/6 next_pid=0 next_prio=120
          <idle>-0     [006] d...    87.291892: cpu_idle: state=6 cpu_id=6
          <idle>-0     [006] dN..    87.292300: cpu_idle: state=4294967295 cpu_id=6
          <idle>-0     [006] d...    87.292302: sched_switch: prev_comm=swapper/6 prev_pid=0 prev_prio=120 prev_state=R ==> next_comm=alsa-sink-USB A next_pid=2139 next_prio=94
 alsa-sink-USB A-2139  [006] d...    87.292350: sutil_marker: Schedutil: update-single-return: 164: 164
 alsa-sink-USB A-2139  [006] d...    87.292351: sched_switch: prev_comm=alsa-sink-USB A prev_pid=2139 prev_prio=94 prev_state=S ==> next_comm=swapper/6 next_pid=0 next_prio=120
          <idle>-0     [006] d...    87.292352: cpu_idle: state=4 cpu_id=6
          <idle>-0     [006] dN..    87.294514: cpu_idle: state=4294967295 cpu_id=6
          <idle>-0     [006] d...    87.294516: sched_switch: prev_comm=swapper/6 prev_pid=0 prev_prio=120 prev_state=R ==> next_comm=Compositor next_pid=3069 next_prio=120
      Compositor-3069  [006] d...    87.294594: sched_waking: comm=chrome pid=3067 prio=120 target_cpu=001
      Compositor-3069  [006] d...    87.294595: sched_wake_idle_without_ipi: cpu=1
      Compositor-3069  [006] d...    87.294595: sched_wakeup: comm=chrome pid=3067 prio=120 target_cpu=001
      Compositor-3069  [006] d...    87.294752: sched_waking: comm=CompositorTileW pid=3072 prio=120 target_cpu=000
      Compositor-3069  [006] d...    87.294753: sched_wake_idle_without_ipi: cpu=0
      Compositor-3069  [006] d...    87.294754: sched_wakeup: comm=CompositorTileW pid=3072 prio=120 target_cpu=000
      Compositor-3069  [006] d...    87.294777: sched_stat_runtime: comm=Compositor pid=3069 runtime=290073 [ns] vruntime=7236551475 [ns]
      Compositor-3069  [006] d...    87.294778: sutil_marker: Schedutil: update-single-return: 164: 159
      Compositor-3069  [006] d...    87.294779: sched_switch: prev_comm=Compositor prev_pid=3069 prev_prio=120 prev_state=S ==> next_comm=swapper/6 next_pid=0 next_prio=120
          <idle>-0     [006] d...    87.294781: cpu_idle: state=2 cpu_id=6
          <idle>-0     [006] d...    87.294802: cpu_idle: state=4294967295 cpu_id=6
          <idle>-0     [006] d...    87.294804: cpu_idle: state=2 cpu_id=6
          <idle>-0     [006] dN..    87.294809: cpu_idle: state=4294967295 cpu_id=6
          <idle>-0     [006] d...    87.294810: sched_switch: prev_comm=swapper/6 prev_pid=0 prev_prio=120 prev_state=R ==> next_comm=Compositor next_pid=3069 next_prio=120
      Compositor-3069  [006] d...    87.294820: sched_stat_runtime: comm=Compositor pid=3069 runtime=11406 [ns] vruntime=7236562881 [ns]
      Compositor-3069  [006] d...    87.294821: sched_switch: prev_comm=Compositor prev_pid=3069 prev_prio=120 prev_state=S ==> next_comm=swapper/6 next_pid=0 next_prio=120
          <idle>-0     [006] d...    87.294823: sched_switch: prev_comm=swapper/6 prev_pid=0 prev_prio=120 prev_state=R ==> next_comm=CompositorTileW next_pid=3073 next_prio=120
           <...>-3073  [006] d...    87.294824: sched_stat_runtime: comm=CompositorTileW pid=3073 runtime=2447 [ns] vruntime=7235985331 [ns]
           <...>-3073  [006] d...    87.294824: sched_switch: prev_comm=CompositorTileW prev_pid=3073 prev_prio=120 prev_state=S ==> next_comm=swapper/6 next_pid=0 next_prio=120
          <idle>-0     [006] d...    87.294825: cpu_idle: state=2 cpu_id=6
          <idle>-0     [006] dN..    87.294826: cpu_idle: state=4294967295 cpu_id=6
          <idle>-0     [006] d...    87.294827: sched_switch: prev_comm=swapper/6 prev_pid=0 prev_prio=120 prev_state=R ==> next_comm=CompositorTileW next_pid=3073 next_prio=120
           <...>-3073  [006] d...    87.294831: sched_stat_runtime: comm=CompositorTileW pid=3073 runtime=5376 [ns] vruntime=7235990707 [ns]
           <...>-3073  [006] d...    87.294831: sched_switch: prev_comm=CompositorTileW prev_pid=3073 prev_prio=120 prev_state=S ==> next_comm=swapper/6 next_pid=0 next_prio=120
          <idle>-0     [006] d...    87.294832: cpu_idle: state=2 cpu_id=6
          <idle>-0     [006] dN..    87.294838: cpu_idle: state=4294967295 cpu_id=6
          <idle>-0     [006] d...    87.294839: sched_switch: prev_comm=swapper/6 prev_pid=0 prev_prio=120 prev_state=R ==> next_comm=CompositorTileW next_pid=3073 next_prio=120
           <...>-3073  [006] d.h.    87.294895: sched_waking: comm=Compositor pid=3069 prio=120 target_cpu=006
           <...>-3073  [006] d.h.    87.294896: sched_migrate_task: comm=Compositor pid=3069 prio=120 orig_cpu=6 dest_cpu=7
           <...>-3073  [006] d.h.    87.294897: sutil_marker: Schedutil: attach_entity_load_avg: 0: 0
           <...>-3073  [006] d.h.    87.294897: sched_wake_idle_without_ipi: cpu=7
           <...>-3073  [006] d.h.    87.294897: sched_wakeup: comm=Compositor pid=3069 prio=120 target_cpu=007
           <...>-3073  [006] d.h.    87.295483: sched_stat_runtime: comm=CompositorTileW pid=3073 runtime=645328 [ns] vruntime=7236636035 [ns]
           <...>-3073  [006] d.s.    87.295487: sched_waking: comm=rcu_sched pid=8 prio=120 target_cpu=000
           <...>-3073  [006] d.s.    87.295488: sched_migrate_task: comm=rcu_sched pid=8 prio=120 orig_cpu=0 dest_cpu=3
           <...>-3073  [006] d.s.    87.295489: sutil_marker: Schedutil: attach_entity_load_avg: 0: 0
           <...>-3073  [006] d.s.    87.295489: sched_wakeup: comm=rcu_sched pid=8 prio=120 target_cpu=003
           <...>-3073  [006] d...    87.297625: sched_stat_runtime: comm=CompositorTileW pid=3073 runtime=2142315 [ns] vruntime=7238778350 [ns]
           <...>-3073  [006] d...    87.297628: sutil_marker: Schedutil: update-single-return: 159: 102
           <...>-3073  [006] d...    87.297628: sched_switch: prev_comm=CompositorTileW prev_pid=3073 prev_prio=120 prev_state=S ==> next_comm=swapper/6 next_pid=0 next_prio=120
          <idle>-0     [006] d...    87.297635: sched_switch: prev_comm=swapper/6 prev_pid=0 prev_prio=120 prev_state=R ==> next_comm=CompositorTileW next_pid=3073 next_prio=120
           <...>-3073  [006] d...    87.297638: sched_stat_runtime: comm=CompositorTileW pid=3073 runtime=7177 [ns] vruntime=7238785527 [ns]
           <...>-3073  [006] d...    87.297638: sched_switch: prev_comm=CompositorTileW prev_pid=3073 prev_prio=120 prev_state=S ==> next_comm=swapper/6 next_pid=0 next_prio=120
          <idle>-0     [006] d...    87.297641: cpu_idle: state=6 cpu_id=6
          <idle>-0     [006] dN..    87.297653: cpu_idle: state=4294967295 cpu_id=6
          <idle>-0     [006] d...    87.297655: sched_switch: prev_comm=swapper/6 prev_pid=0 prev_prio=120 prev_state=R ==> next_comm=CompositorTileW next_pid=3073 next_prio=120
           <...>-3073  [006] d...    87.297656: sched_stat_runtime: comm=CompositorTileW pid=3073 runtime=4026 [ns] vruntime=7238789553 [ns]
           <...>-3073  [006] d...    87.297657: sched_switch: prev_comm=CompositorTileW prev_pid=3073 prev_prio=120 prev_state=S ==> next_comm=swapper/6 next_pid=0 next_prio=120
          <idle>-0     [006] d...    87.297658: cpu_idle: state=6 cpu_id=6
          <idle>-0     [006] dN..    87.297664: cpu_idle: state=4294967295 cpu_id=6
          <idle>-0     [006] d...    87.297665: sched_switch: prev_comm=swapper/6 prev_pid=0 prev_prio=120 prev_state=R ==> next_comm=CompositorTileW next_pid=3073 next_prio=120
           <...>-3073  [006] d...    87.297668: sched_waking: comm=CompositorTileW pid=3074 prio=120 target_cpu=004
           <...>-3073  [006] d...    87.297670: sched_wake_idle_without_ipi: cpu=4
           <...>-3073  [006] d...    87.297670: sched_wakeup: comm=CompositorTileW pid=3074 prio=120 target_cpu=004
           <...>-3073  [006] d...    87.297673: sched_waking: comm=CompositorTileW pid=3074 prio=120 target_cpu=004
           <...>-3073  [006] d...    87.297674: sched_wake_idle_without_ipi: cpu=4
           <...>-3073  [006] d...    87.297674: sched_wakeup: comm=CompositorTileW pid=3074 prio=120 target_cpu=004
           <...>-3073  [006] d...    87.297676: sched_stat_runtime: comm=CompositorTileW pid=3073 runtime=12173 [ns] vruntime=7238801726 [ns]
           <...>-3073  [006] d...    87.297676: sched_switch: prev_comm=CompositorTileW prev_pid=3073 prev_prio=120 prev_state=S ==> next_comm=swapper/6 next_pid=0 next_prio=120
          <idle>-0     [006] d...    87.297677: cpu_idle: state=1 cpu_id=6
          <idle>-0     [006] dN..    87.297679: cpu_idle: state=4294967295 cpu_id=6
          <idle>-0     [006] d...    87.297680: sched_switch: prev_comm=swapper/6 prev_pid=0 prev_prio=120 prev_state=R ==> next_comm=CompositorTileW next_pid=3073 next_prio=120
           <...>-3073  [006] d...    87.297690: sched_waking: comm=CompositorTileW pid=3074 prio=120 target_cpu=004
           <...>-3073  [006] d...    87.297691: sched_wake_idle_without_ipi: cpu=4
           <...>-3073  [006] d...    87.297691: sched_wakeup: comm=CompositorTileW pid=3074 prio=120 target_cpu=004
           <...>-3073  [006] d...    87.297723: sched_waking: comm=CompositorTileW pid=3074 prio=120 target_cpu=004
           <...>-3073  [006] d...    87.297724: sched_wake_idle_without_ipi: cpu=4
           <...>-3073  [006] d...    87.297724: sched_wakeup: comm=CompositorTileW pid=3074 prio=120 target_cpu=004
           <...>-3073  [006] d...    87.297748: sched_waking: comm=CompositorTileW pid=3074 prio=120 target_cpu=004
           <...>-3073  [006] d...    87.297749: sched_wake_idle_without_ipi: cpu=4
           <...>-3073  [006] d...    87.297749: sched_wakeup: comm=CompositorTileW pid=3074 prio=120 target_cpu=004
           <...>-3073  [006] d...    87.297762: sched_waking: comm=CompositorTileW pid=3074 prio=120 target_cpu=004
           <...>-3073  [006] d...    87.297763: sched_wake_idle_without_ipi: cpu=4
           <...>-3073  [006] d...    87.297763: sched_wakeup: comm=CompositorTileW pid=3074 prio=120 target_cpu=004
           <...>-3073  [006] d...    87.297770: sched_waking: comm=CompositorTileW pid=3074 prio=120 target_cpu=004
           <...>-3073  [006] d...    87.297771: sched_wake_idle_without_ipi: cpu=4
           <...>-3073  [006] d...    87.297771: sched_wakeup: comm=CompositorTileW pid=3074 prio=120 target_cpu=004
           <...>-3073  [006] d...    87.297811: sched_waking: comm=CompositorTileW pid=3074 prio=120 target_cpu=004
           <...>-3073  [006] d...    87.297812: sched_wakeup: comm=CompositorTileW pid=3074 prio=120 target_cpu=004
           <...>-3073  [006] d...    87.297820: sched_waking: comm=CompositorTileW pid=3074 prio=120 target_cpu=004
           <...>-3073  [006] d...    87.297821: sched_wake_idle_without_ipi: cpu=4
           <...>-3073  [006] d...    87.297821: sched_wakeup: comm=CompositorTileW pid=3074 prio=120 target_cpu=004
           <...>-3073  [006] d...    87.297826: sched_waking: comm=CompositorTileW pid=3074 prio=120 target_cpu=004
           <...>-3073  [006] d...    87.297826: sched_wake_idle_without_ipi: cpu=4
           <...>-3073  [006] d...    87.297826: sched_wakeup: comm=CompositorTileW pid=3074 prio=120 target_cpu=004
           <...>-3073  [006] d...    87.297857: sched_waking: comm=CompositorTileW pid=3074 prio=120 target_cpu=004
           <...>-3073  [006] d...    87.297858: sched_wake_idle_without_ipi: cpu=4
           <...>-3073  [006] d...    87.297858: sched_wakeup: comm=CompositorTileW pid=3074 prio=120 target_cpu=004
           <...>-3073  [006] d...    87.297865: sched_waking: comm=CompositorTileW pid=3074 prio=120 target_cpu=004
           <...>-3073  [006] d...    87.297865: sched_wake_idle_without_ipi: cpu=4
           <...>-3073  [006] d...    87.297865: sched_wakeup: comm=CompositorTileW pid=3074 prio=120 target_cpu=004
           <...>-3073  [006] d...    87.297875: sched_waking: comm=CompositorTileW pid=3074 prio=120 target_cpu=004
           <...>-3073  [006] d...    87.297875: sched_wake_idle_without_ipi: cpu=4
           <...>-3073  [006] d...    87.297875: sched_wakeup: comm=CompositorTileW pid=3074 prio=120 target_cpu=004
           <...>-3073  [006] d...    87.297877: sched_stat_runtime: comm=CompositorTileW pid=3073 runtime=199389 [ns] vruntime=7239001115 [ns]
           <...>-3073  [006] d...    87.297878: sched_switch: prev_comm=CompositorTileW prev_pid=3073 prev_prio=120 prev_state=S ==> next_comm=swapper/6 next_pid=0 next_prio=120
          <idle>-0     [006] d...    87.297880: cpu_idle: state=1 cpu_id=6
          <idle>-0     [006] dN..    87.297910: cpu_idle: state=4294967295 cpu_id=6
          <idle>-0     [006] d...    87.297911: sched_switch: prev_comm=swapper/6 prev_pid=0 prev_prio=120 prev_state=R ==> next_comm=CompositorTileW next_pid=3073 next_prio=120
           <...>-3073  [006] d...    87.297912: sched_stat_runtime: comm=CompositorTileW pid=3073 runtime=2597 [ns] vruntime=7239003712 [ns]
           <...>-3073  [006] d...    87.297912: sched_switch: prev_comm=CompositorTileW prev_pid=3073 prev_prio=120 prev_state=S ==> next_comm=swapper/6 next_pid=0 next_prio=120
          <idle>-0     [006] d...    87.297913: cpu_idle: state=1 cpu_id=6
          <idle>-0     [006] dN..    87.297918: cpu_idle: state=4294967295 cpu_id=6
          <idle>-0     [006] d...    87.297918: sched_switch: prev_comm=swapper/6 prev_pid=0 prev_prio=120 prev_state=R ==> next_comm=CompositorTileW next_pid=3073 next_prio=120
