       rcu_sched-8     [006] d...    87.903544: sched_stat_runtime: comm=rcu_sched pid=8 runtime=4304 [ns] vruntime=45147820996 [ns]
       rcu_sched-8     [006] d...    87.903544: sched_switch: prev_comm=rcu_sched prev_pid=8 prev_prio=120 prev_state=S ==> next_comm=swapper/6 next_pid=0 next_prio=120
          <idle>-0     [006] d...    87.903545: cpu_idle: state=6 cpu_id=6
          <idle>-0     [006] dN..    87.903761: cpu_idle: state=4294967295 cpu_id=6
          <idle>-0     [006] d...    87.903763: sched_switch: prev_comm=swapper/6 prev_pid=0 prev_prio=120 prev_state=R ==> next_comm=SimpleCacheWork next_pid=1906 next_prio=120
           <...>-1906  [006] d...    87.903767: sched_waking: comm=SimpleCacheWork pid=2425 prio=120 target_cpu=004
           <...>-1906  [006] d...    87.903768: sched_migrate_task: comm=SimpleCacheWork pid=2425 prio=120 orig_cpu=4 dest_cpu=7
           <...>-1906  [006] d...    87.903769: sutil_marker: Schedutil: attach_entity_load_avg: 0: 0
           <...>-1906  [006] d...    87.903770: sched_wake_idle_without_ipi: cpu=7
           <...>-1906  [006] d...    87.903770: sched_wakeup: comm=SimpleCacheWork pid=2425 prio=120 target_cpu=007
           <...>-1906  [006] d...    87.903785: sched_stat_runtime: comm=SimpleCacheWork pid=1906 runtime=25594 [ns] vruntime=7318745472 [ns]
           <...>-1906  [006] d...    87.903786: sched_switch: prev_comm=SimpleCacheWork prev_pid=1906 prev_prio=120 prev_state=S ==> next_comm=swapper/6 next_pid=0 next_prio=120
          <idle>-0     [006] d...    87.903788: cpu_idle: state=6 cpu_id=6
          <idle>-0     [006] d...    87.907552: cpu_idle: state=4294967295 cpu_id=6
          <idle>-0     [006] d.s.    87.907559: sutil_marker: Schedutil: update-single-return: 304: 282
          <idle>-0     [006] d...    87.907564: cpu_idle: state=6 cpu_id=6
          <idle>-0     [006] d...    87.911526: cpu_idle: state=4294967295 cpu_id=6
          <idle>-0     [006] d.s.    87.911530: sched_waking: comm=rcu_sched pid=8 prio=120 target_cpu=006
          <idle>-0     [006] d.s.    87.911547: sutil_marker: Schedutil: get_next_freq: 4000000: 1024
          <idle>-0     [006] d.s.    87.911547: sutil_marker: Schedutil: update-single-util: 282: 260
          <idle>-0     [006] d.s.    87.911548: sutil_marker: Schedutil: update-single-boost: 282: 260
          <idle>-0     [006] d.s.    87.911548: sutil_marker: Schedutil: update-single-freq: 4000000: 1269531
          <idle>-0     [006] d.s.    87.911549: cpu_frequency: state=1300000 cpu_id=6
          <idle>-0     [006] dNs.    87.911549: sched_wakeup: comm=rcu_sched pid=8 prio=120 target_cpu=006
          <idle>-0     [006] d...    87.911552: sched_switch: prev_comm=swapper/6 prev_pid=0 prev_prio=120 prev_state=R ==> next_comm=rcu_sched next_pid=8 next_prio=120
       rcu_sched-8     [006] d...    87.911554: sched_stat_runtime: comm=rcu_sched pid=8 runtime=4495 [ns] vruntime=45148003188 [ns]
       rcu_sched-8     [006] d...    87.911555: sched_switch: prev_comm=rcu_sched prev_pid=8 prev_prio=120 prev_state=S ==> next_comm=swapper/6 next_pid=0 next_prio=120
          <idle>-0     [006] d...    87.911573: cpu_idle: state=6 cpu_id=6
          <idle>-0     [006] dN..    87.914561: cpu_idle: state=4294967295 cpu_id=6
          <idle>-0     [006] d...    87.914566: sched_switch: prev_comm=swapper/6 prev_pid=0 prev_prio=120 prev_state=R ==> next_comm=SimpleCacheWork next_pid=1906 next_prio=120
           <...>-1906  [006] d...    87.914577: sched_waking: comm=SimpleCacheWork pid=2370 prio=120 target_cpu=000
           <...>-1906  [006] d...    87.914580: sched_wake_idle_without_ipi: cpu=0
           <...>-1906  [006] d...    87.914581: sched_wakeup: comm=SimpleCacheWork pid=2370 prio=120 target_cpu=000
           <...>-1906  [006] d...    87.914623: sched_waking: comm=Chrome_IOThread pid=1860 prio=120 target_cpu=004
           <...>-1906  [006] d...    87.914625: sched_wake_idle_without_ipi: cpu=4
           <...>-1906  [006] d...    87.914625: sched_wakeup: comm=Chrome_IOThread pid=1860 prio=120 target_cpu=004
           <...>-1906  [006] d...    87.914634: sched_stat_runtime: comm=SimpleCacheWork pid=1906 runtime=105081 [ns] vruntime=7318850553 [ns]
           <...>-1906  [006] d...    87.914636: sched_switch: prev_comm=SimpleCacheWork prev_pid=1906 prev_prio=120 prev_state=S ==> next_comm=swapper/6 next_pid=0 next_prio=120
          <idle>-0     [006] d...    87.914643: cpu_idle: state=4 cpu_id=6
          <idle>-0     [006] d...    87.915564: cpu_idle: state=4294967295 cpu_id=6
          <idle>-0     [006] d.s.    87.915575: sutil_marker: Schedutil: update-single-return: 260: 241
          <idle>-0     [006] d...    87.915583: cpu_idle: state=6 cpu_id=6
          <idle>-0     [006] d...    87.919554: cpu_idle: state=4294967295 cpu_id=6
          <idle>-0     [006] d.s.    87.919564: sutil_marker: Schedutil: update-single-return: 241: 222
          <idle>-0     [006] d...    87.919592: cpu_idle: state=6 cpu_id=6
          <idle>-0     [006] dN..    87.921277: cpu_idle: state=4294967295 cpu_id=6
          <idle>-0     [006] d...    87.921281: sched_switch: prev_comm=swapper/6 prev_pid=0 prev_prio=120 prev_state=R ==> next_comm=SimpleCacheWork next_pid=2424 next_prio=120
 SimpleCacheWork-2424  [006] d...    87.921291: sched_waking: comm=SimpleCacheWork pid=2425 prio=120 target_cpu=007
 SimpleCacheWork-2424  [006] d...    87.921294: sched_wake_idle_without_ipi: cpu=7
 SimpleCacheWork-2424  [006] d...    87.921295: sched_wakeup: comm=SimpleCacheWork pid=2425 prio=120 target_cpu=007
 SimpleCacheWork-2424  [006] d...    87.921402: sched_waking: comm=Chrome_IOThread pid=1860 prio=120 target_cpu=004
 SimpleCacheWork-2424  [006] d...    87.921405: sched_wake_idle_without_ipi: cpu=4
 SimpleCacheWork-2424  [006] d...    87.921405: sched_wakeup: comm=Chrome_IOThread pid=1860 prio=120 target_cpu=004
 SimpleCacheWork-2424  [006] d...    87.921412: sched_stat_runtime: comm=SimpleCacheWork pid=2424 runtime=157318 [ns] vruntime=7319657646 [ns]
 SimpleCacheWork-2424  [006] d...    87.921414: sched_switch: prev_comm=SimpleCacheWork prev_pid=2424 prev_prio=120 prev_state=S ==> next_comm=swapper/6 next_pid=0 next_prio=120
          <idle>-0     [006] d...    87.921417: cpu_idle: state=6 cpu_id=6
          <idle>-0     [006] d...    87.923577: cpu_idle: state=4294967295 cpu_id=6
          <idle>-0     [006] d.s.    87.923606: sutil_marker: Schedutil: get_next_freq: 1300000: 1024
          <idle>-0     [006] d.s.    87.923607: sutil_marker: Schedutil: update-single-util: 222: 224
          <idle>-0     [006] d.s.    87.923608: sutil_marker: Schedutil: update-single-boost: 222: 224
          <idle>-0     [006] d.s.    87.923608: sutil_marker: Schedutil: update-single-freq: 1269531: 800000
          <idle>-0     [006] d.s.    87.923610: cpu_frequency: state=800000 cpu_id=6
          <idle>-0     [006] d...    87.923634: cpu_idle: state=6 cpu_id=6
          <idle>-0     [006] d...    87.927575: cpu_idle: state=4294967295 cpu_id=6
          <idle>-0     [006] d.s.    87.927611: sutil_marker: Schedutil: update-single-return: 224: 206
          <idle>-0     [006] d...    87.927620: cpu_idle: state=6 cpu_id=6
          <idle>-0     [006] d...    87.931532: cpu_idle: state=4294967295 cpu_id=6
          <idle>-0     [006] d.s.    87.931548: sutil_marker: Schedutil: update-single-return: 206: 190
          <idle>-0     [006] d...    87.931563: cpu_idle: state=6 cpu_id=6
          <idle>-0     [006] dN..    87.931971: cpu_idle: state=4294967295 cpu_id=6
          <idle>-0     [006] d...    87.931977: sched_switch: prev_comm=swapper/6 prev_pid=0 prev_prio=120 prev_state=R ==> next_comm=marco next_pid=2113 next_prio=120
           marco-2113  [006] d...    87.932071: sched_waking: comm=Xorg pid=1080 prio=120 target_cpu=002
           marco-2113  [006] d...    87.932077: sched_wake_idle_without_ipi: cpu=2
           marco-2113  [006] d...    87.932077: sched_wakeup: comm=Xorg pid=1080 prio=120 target_cpu=002
           marco-2113  [006] d...    87.932098: sched_stat_runtime: comm=marco pid=2113 runtime=133567 [ns] vruntime=7318736860 [ns]
           marco-2113  [006] d...    87.932103: sched_switch: prev_comm=marco prev_pid=2113 prev_prio=120 prev_state=S ==> next_comm=swapper/6 next_pid=0 next_prio=120
          <idle>-0     [006] d...    87.932108: cpu_idle: state=6 cpu_id=6
          <idle>-0     [006] dN..    87.932161: cpu_idle: state=4294967295 cpu_id=6
          <idle>-0     [006] d...    87.932165: sched_switch: prev_comm=swapper/6 prev_pid=0 prev_prio=120 prev_state=R ==> next_comm=marco next_pid=2113 next_prio=120
           marco-2113  [006] d...    87.932255: sched_waking: comm=Xorg pid=1080 prio=120 target_cpu=002
           marco-2113  [006] d...    87.932259: sched_wake_idle_without_ipi: cpu=2
           marco-2113  [006] d...    87.932260: sched_wakeup: comm=Xorg pid=1080 prio=120 target_cpu=002
           marco-2113  [006] d...    87.932264: sched_stat_runtime: comm=marco pid=2113 runtime=107517 [ns] vruntime=7318844377 [ns]
           marco-2113  [006] d...    87.932267: sched_switch: prev_comm=marco prev_pid=2113 prev_prio=120 prev_state=S ==> next_comm=swapper/6 next_pid=0 next_prio=120
          <idle>-0     [006] d...    87.932271: cpu_idle: state=6 cpu_id=6
          <idle>-0     [006] dN..    87.932569: cpu_idle: state=4294967295 cpu_id=6
          <idle>-0     [006] d...    87.932573: sched_switch: prev_comm=swapper/6 prev_pid=0 prev_prio=120 prev_state=R ==> next_comm=marco next_pid=2113 next_prio=120
           marco-2113  [006] d...    87.932618: sched_stat_runtime: comm=marco pid=2113 runtime=55217 [ns] vruntime=7318899594 [ns]
           marco-2113  [006] d...    87.932621: sched_switch: prev_comm=marco prev_pid=2113 prev_prio=120 prev_state=S ==> next_comm=swapper/6 next_pid=0 next_prio=120
          <idle>-0     [006] d...    87.932624: cpu_idle: state=4 cpu_id=6
          <idle>-0     [006] d...    87.933973: cpu_idle: state=4294967295 cpu_id=6
          <idle>-0     [006] d.h.    87.933982: sched_waking: comm=alsa-sink-USB A pid=2139 prio=94 target_cpu=006
          <idle>-0     [006] dNh.    87.933988: sched_wakeup: comm=alsa-sink-USB A pid=2139 prio=94 target_cpu=006
          <idle>-0     [006] d...    87.933995: sched_switch: prev_comm=swapper/6 prev_pid=0 prev_prio=120 prev_state=R ==> next_comm=alsa-sink-USB A next_pid=2139 next_prio=94
 alsa-sink-USB A-2139  [006] d...    87.934098: sched_waking: comm=pulseaudio pid=1481 prio=109 target_cpu=003
 alsa-sink-USB A-2139  [006] d...    87.934109: sched_wake_idle_without_ipi: cpu=3
 alsa-sink-USB A-2139  [006] d...    87.934109: sched_wakeup: comm=pulseaudio pid=1481 prio=109 target_cpu=003
 alsa-sink-USB A-2139  [006] d...    87.934894: sutil_marker: Schedutil: update-single-util: 190: 191
 alsa-sink-USB A-2139  [006] d...    87.934895: sutil_marker: Schedutil: update-single-boost: 190: 191
 alsa-sink-USB A-2139  [006] d...    87.934895: sutil_marker: Schedutil: update-single-freq: 800000: 4000000
 alsa-sink-USB A-2139  [006] d...    87.934900: cpu_frequency: state=4000000 cpu_id=6
 alsa-sink-USB A-2139  [006] d...    87.934906: sched_switch: prev_comm=alsa-sink-USB A prev_pid=2139 prev_prio=94 prev_state=S ==> next_comm=swapper/6 next_pid=0 next_prio=120
          <idle>-0     [006] d...    87.934913: cpu_idle: state=4 cpu_id=6
          <idle>-0     [006] d...    87.935653: cpu_idle: state=4294967295 cpu_id=6
          <idle>-0     [006] d.s.    87.935689: sutil_marker: Schedutil: update-single-return: 191: 180
          <idle>-0     [006] d...    87.935697: cpu_idle: state=6 cpu_id=6
          <idle>-0     [006] d...    87.939588: cpu_idle: state=4294967295 cpu_id=6
          <idle>-0     [006] d.s.    87.939612: sutil_marker: Schedutil: update-single-return: 180: 166
          <idle>-0     [006] d...    87.939615: cpu_idle: state=6 cpu_id=6
          <idle>-0     [006] dN..    87.943387: cpu_idle: state=4294967295 cpu_id=6
          <idle>-0     [006] d...    87.943389: sched_switch: prev_comm=swapper/6 prev_pid=0 prev_prio=120 prev_state=R ==> next_comm=marco next_pid=2113 next_prio=120
           marco-2113  [006] dN..    87.943401: sched_stat_runtime: comm=marco pid=2113 runtime=13362 [ns] vruntime=7318912956 [ns]
           marco-2113  [006] d...    87.943402: sched_switch: prev_comm=marco prev_pid=2113 prev_prio=120 prev_state=R ==> next_comm=alsa-sink-USB A next_pid=2139 next_prio=94
 alsa-sink-USB A-2139  [006] d...    87.943448: sutil_marker: Schedutil: update-single-return: 166: 154
 alsa-sink-USB A-2139  [006] d...    87.943449: sched_switch: prev_comm=alsa-sink-USB A prev_pid=2139 prev_prio=94 prev_state=S ==> next_comm=marco next_pid=2113 next_prio=120
           marco-2113  [006] d...    87.943468: sched_waking: comm=Xorg pid=1080 prio=120 target_cpu=002
           marco-2113  [006] d...    87.943470: sched_wake_idle_without_ipi: cpu=2
           marco-2113  [006] d...    87.943470: sched_wakeup: comm=Xorg pid=1080 prio=120 target_cpu=002
           marco-2113  [006] d...    87.943471: sched_stat_runtime: comm=marco pid=2113 runtime=23319 [ns] vruntime=7318936275 [ns]
           marco-2113  [006] d...    87.943475: sched_switch: prev_comm=marco prev_pid=2113 prev_prio=120 prev_state=S ==> next_comm=swapper/6 next_pid=0 next_prio=120
          <idle>-0     [006] d...    87.943476: cpu_idle: state=2 cpu_id=6
          <idle>-0     [006] dN..    87.943487: cpu_idle: state=4294967295 cpu_id=6
          <idle>-0     [006] d...    87.943488: sched_switch: prev_comm=swapper/6 prev_pid=0 prev_prio=120 prev_state=R ==> next_comm=marco next_pid=2113 next_prio=120
           marco-2113  [006] d...    87.943510: sched_waking: comm=Xorg pid=1080 prio=120 target_cpu=002
           marco-2113  [006] d...    87.943510: sched_wake_idle_without_ipi: cpu=2
           marco-2113  [006] d...    87.943511: sched_wakeup: comm=Xorg pid=1080 prio=120 target_cpu=002
           marco-2113  [006] d...    87.943512: sched_stat_runtime: comm=marco pid=2113 runtime=25085 [ns] vruntime=7318961360 [ns]
           marco-2113  [006] d...    87.943512: sched_switch: prev_comm=marco prev_pid=2113 prev_prio=120 prev_state=S ==> next_comm=swapper/6 next_pid=0 next_prio=120
          <idle>-0     [006] d...    87.943513: cpu_idle: state=1 cpu_id=6
          <idle>-0     [006] d...    87.943528: cpu_idle: state=4294967295 cpu_id=6
          <idle>-0     [006] d...    87.943533: cpu_idle: state=6 cpu_id=6
          <idle>-0     [006] dN..    87.943756: cpu_idle: state=4294967295 cpu_id=6
          <idle>-0     [006] d...    87.943757: sched_switch: prev_comm=swapper/6 prev_pid=0 prev_prio=120 prev_state=R ==> next_comm=marco next_pid=2113 next_prio=120
           marco-2113  [006] d...    87.943767: sched_stat_runtime: comm=marco pid=2113 runtime=12106 [ns] vruntime=7318973466 [ns]
           marco-2113  [006] d...    87.943767: sched_switch: prev_comm=marco prev_pid=2113 prev_prio=120 prev_state=S ==> next_comm=swapper/6 next_pid=0 next_prio=120
          <idle>-0     [006] d...    87.943768: cpu_idle: state=6 cpu_id=6
          <idle>-0     [006] dN..    87.943884: cpu_idle: state=4294967295 cpu_id=6
          <idle>-0     [006] d...    87.943885: sched_switch: prev_comm=swapper/6 prev_pid=0 prev_prio=120 prev_state=R ==> next_comm=alsa-sink-USB A next_pid=2139 next_prio=94
 alsa-sink-USB A-2139  [006] d...    87.943953: sutil_marker: Schedutil: update-single-return: 154: 154
 alsa-sink-USB A-2139  [006] d...    87.943954: sched_switch: prev_comm=alsa-sink-USB A prev_pid=2139 prev_prio=94 prev_state=S ==> next_comm=swapper/6 next_pid=0 next_prio=120
          <idle>-0     [006] d...    87.943955: cpu_idle: state=6 cpu_id=6
          <idle>-0     [006] d...    87.947652: cpu_idle: state=4294967295 cpu_id=6
          <idle>-0     [006] d.s.    87.947663: sutil_marker: Schedutil: get_next_freq: 4000000: 1024
          <idle>-0     [006] d.s.    87.947663: sutil_marker: Schedutil: update-single-util: 154: 142
          <idle>-0     [006] d.s.    87.947664: sutil_marker: Schedutil: update-single-boost: 154: 142
          <idle>-0     [006] d.s.    87.947664: sutil_marker: Schedutil: update-single-freq: 4000000: 800000
          <idle>-0     [006] d.s.    87.947683: cpu_frequency: state=800000 cpu_id=6
          <idle>-0     [006] d...    87.947686: cpu_idle: state=6 cpu_id=6
          <idle>-0     [006] d...    87.951563: cpu_idle: state=4294967295 cpu_id=6
          <idle>-0     [006] d.s.    87.951578: sutil_marker: Schedutil: update-single-return: 142: 131
          <idle>-0     [006] d...    87.951596: cpu_idle: state=6 cpu_id=6
          <idle>-0     [006] dN..    87.958695: cpu_idle: state=4294967295 cpu_id=6
          <idle>-0     [006] d...    87.958708: sched_switch: prev_comm=swapper/6 prev_pid=0 prev_prio=120 prev_state=R ==> next_comm=acpid next_pid=865 next_prio=120
           acpid-865   [006] d...    87.958796: sched_stat_runtime: comm=acpid pid=865 runtime=94206 [ns] vruntime=5754015 [ns]
           acpid-865   [006] d...    87.958812: sched_switch: prev_comm=acpid prev_pid=865 prev_prio=120 prev_state=S ==> next_comm=swapper/6 next_pid=0 next_prio=120
          <idle>-0     [006] d...    87.958823: cpu_idle: state=6 cpu_id=6
          <idle>-0     [006] dN..    87.959585: cpu_idle: state=4294967295 cpu_id=6
          <idle>-0     [006] d...    87.959596: sched_switch: prev_comm=swapper/6 prev_pid=0 prev_prio=120 prev_state=R ==> next_comm=rcu_sched next_pid=8 next_prio=120
       rcu_sched-8     [006] d...    87.959603: sched_stat_runtime: comm=rcu_sched pid=8 runtime=12554 [ns] vruntime=45151283551 [ns]
       rcu_sched-8     [006] d...    87.959605: sched_switch: prev_comm=rcu_sched prev_pid=8 prev_prio=120 prev_state=S ==> next_comm=swapper/6 next_pid=0 next_prio=120
          <idle>-0     [006] d...    87.959613: cpu_idle: state=6 cpu_id=6
          <idle>-0     [006] dN..    87.963802: cpu_idle: state=4294967295 cpu_id=6
          <idle>-0     [006] d...    87.963811: sched_switch: prev_comm=swapper/6 prev_pid=0 prev_prio=120 prev_state=R ==> next_comm=marco next_pid=2113 next_prio=120
           marco-2113  [006] d...    87.963908: sched_waking: comm=Xorg pid=1080 prio=120 target_cpu=002
           marco-2113  [006] d...    87.963913: sched_wake_idle_without_ipi: cpu=2
           marco-2113  [006] d...    87.963915: sched_wakeup: comm=Xorg pid=1080 prio=120 target_cpu=002
           marco-2113  [006] d...    87.963923: sched_stat_runtime: comm=marco pid=2113 runtime=118098 [ns] vruntime=7319091564 [ns]
           marco-2113  [006] d...    87.963927: sched_switch: prev_comm=marco prev_pid=2113 prev_prio=120 prev_state=S ==> next_comm=swapper/6 next_pid=0 next_prio=120
          <idle>-0     [006] d...    87.963934: cpu_idle: state=6 cpu_id=6
          <idle>-0     [006] dN..    87.963991: cpu_idle: state=4294967295 cpu_id=6
          <idle>-0     [006] d...    87.963994: sched_switch: prev_comm=swapper/6 prev_pid=0 prev_prio=120 prev_state=R ==> next_comm=marco next_pid=2113 next_prio=120
           marco-2113  [006] d...    87.964085: sched_waking: comm=Xorg pid=1080 prio=120 target_cpu=002
           marco-2113  [006] d...    87.964089: sched_wake_idle_without_ipi: cpu=2
           marco-2113  [006] d...    87.964090: sched_wakeup: comm=Xorg pid=1080 prio=120 target_cpu=002
           marco-2113  [006] d...    87.964094: sched_stat_runtime: comm=marco pid=2113 runtime=107932 [ns] vruntime=7319199496 [ns]
           marco-2113  [006] d...    87.964097: sched_switch: prev_comm=marco prev_pid=2113 prev_prio=120 prev_state=S ==> next_comm=swapper/6 next_pid=0 next_prio=120
          <idle>-0     [006] d...    87.964102: cpu_idle: state=6 cpu_id=6
          <idle>-0     [006] dN..    87.964424: cpu_idle: state=4294967295 cpu_id=6
          <idle>-0     [006] d...    87.964429: sched_switch: prev_comm=swapper/6 prev_pid=0 prev_prio=120 prev_state=R ==> next_comm=marco next_pid=2113 next_prio=120
           marco-2113  [006] d...    87.964491: sched_stat_runtime: comm=marco pid=2113 runtime=73582 [ns] vruntime=7319273078 [ns]
           marco-2113  [006] d...    87.964493: sched_switch: prev_comm=marco prev_pid=2113 prev_prio=120 prev_state=S ==> next_comm=swapper/6 next_pid=0 next_prio=120
          <idle>-0     [006] d...    87.964499: cpu_idle: state=4 cpu_id=6
          <idle>-0     [006] d...    87.965829: cpu_idle: state=4294967295 cpu_id=6
          <idle>-0     [006] d.h.    87.965835: sched_waking: comm=alsa-sink-USB A pid=2139 prio=94 target_cpu=006
          <idle>-0     [006] dNh.    87.965842: sched_wakeup: comm=alsa-sink-USB A pid=2139 prio=94 target_cpu=006
          <idle>-0     [006] d...    87.965849: sched_switch: prev_comm=swapper/6 prev_pid=0 prev_prio=120 prev_state=R ==> next_comm=alsa-sink-USB A next_pid=2139 next_prio=94
 alsa-sink-USB A-2139  [006] d...    87.965954: sched_waking: comm=pulseaudio pid=1481 prio=109 target_cpu=003
 alsa-sink-USB A-2139  [006] d...    87.965962: sched_wake_idle_without_ipi: cpu=3
 alsa-sink-USB A-2139  [006] d...    87.965963: sched_wakeup: comm=pulseaudio pid=1481 prio=109 target_cpu=003
 alsa-sink-USB A-2139  [006] d...    87.966383: sched_waking: comm=pulseaudio pid=1481 prio=109 target_cpu=003
 alsa-sink-USB A-2139  [006] d...    87.966388: sched_wake_idle_without_ipi: cpu=3
 alsa-sink-USB A-2139  [006] d...    87.966388: sched_wakeup: comm=pulseaudio pid=1481 prio=109 target_cpu=003
 alsa-sink-USB A-2139  [006] d...    87.966910: sutil_marker: Schedutil: update-single-util: 131: 105
 alsa-sink-USB A-2139  [006] d...    87.966911: sutil_marker: Schedutil: update-single-boost: 131: 105
 alsa-sink-USB A-2139  [006] d...    87.966911: sutil_marker: Schedutil: update-single-freq: 800000: 4000000
 alsa-sink-USB A-2139  [006] d...    87.966916: cpu_frequency: state=4000000 cpu_id=6
 alsa-sink-USB A-2139  [006] d...    87.966921: sched_switch: prev_comm=alsa-sink-USB A prev_pid=2139 prev_prio=94 prev_state=S ==> next_comm=swapper/6 next_pid=0 next_prio=120
          <idle>-0     [006] d...    87.966928: cpu_idle: state=4 cpu_id=6
          <idle>-0     [006] d...    87.967575: cpu_idle: state=4294967295 cpu_id=6
          <idle>-0     [006] d.s.    87.967579: sched_waking: comm=rcu_sched pid=8 prio=120 target_cpu=006
          <idle>-0     [006] d.s.    87.967580: sutil_marker: Schedutil: update-single-return: 105: 103
          <idle>-0     [006] dNs.    87.967581: sched_wakeup: comm=rcu_sched pid=8 prio=120 target_cpu=006
          <idle>-0     [006] d...    87.967585: sched_switch: prev_comm=swapper/6 prev_pid=0 prev_prio=120 prev_state=R ==> next_comm=rcu_sched next_pid=8 next_prio=120
       rcu_sched-8     [006] d...    87.967588: sched_stat_runtime: comm=rcu_sched pid=8 runtime=5793 [ns] vruntime=45152278837 [ns]
       rcu_sched-8     [006] d...    87.967588: sched_switch: prev_comm=rcu_sched prev_pid=8 prev_prio=120 prev_state=S ==> next_comm=swapper/6 next_pid=0 next_prio=120
          <idle>-0     [006] d...    87.967590: cpu_idle: state=6 cpu_id=6
          <idle>-0     [006] d...    87.975603: cpu_idle: state=4294967295 cpu_id=6
          <idle>-0     [006] d.s.    87.975630: sched_waking: comm=rcu_sched pid=8 prio=120 target_cpu=006
          <idle>-0     [006] d.s.    87.975632: sutil_marker: Schedutil: update-single-return: 103: 83
          <idle>-0     [006] dNs.    87.975633: sched_wakeup: comm=rcu_sched pid=8 prio=120 target_cpu=006
          <idle>-0     [006] d...    87.975655: sched_switch: prev_comm=swapper/6 prev_pid=0 prev_prio=120 prev_state=R ==> next_comm=rcu_sched next_pid=8 next_prio=120
       rcu_sched-8     [006] d...    87.975657: sched_stat_runtime: comm=rcu_sched pid=8 runtime=23510 [ns] vruntime=45152302347 [ns]
       rcu_sched-8     [006] d...    87.975658: sched_switch: prev_comm=rcu_sched prev_pid=8 prev_prio=120 prev_state=S ==> next_comm=swapper/6 next_pid=0 next_prio=120
          <idle>-0     [006] d...    87.975660: cpu_idle: state=4 cpu_id=6
          <idle>-0     [006] d...    87.976647: cpu_idle: state=4294967295 cpu_id=6
          <idle>-0     [006] d.h.    87.976650: sched_waking: comm=marco pid=2113 prio=120 target_cpu=006
          <idle>-0     [006] d.h.    87.976652: sutil_marker: Schedutil: update-single-return: 83: 82
          <idle>-0     [006] dNh.    87.976653: sched_wakeup: comm=marco pid=2113 prio=120 target_cpu=006
          <idle>-0     [006] d...    87.976655: sched_switch: prev_comm=swapper/6 prev_pid=0 prev_prio=120 prev_state=R ==> next_comm=marco next_pid=2113 next_prio=120
           marco-2113  [006] d...    87.976703: sched_waking: comm=Xorg pid=1080 prio=120 target_cpu=002
           marco-2113  [006] d...    87.976704: sched_wake_idle_without_ipi: cpu=2
           marco-2113  [006] d...    87.976704: sched_wakeup: comm=Xorg pid=1080 prio=120 target_cpu=002
           marco-2113  [006] d...    87.976712: sched_stat_runtime: comm=marco pid=2113 runtime=61584 [ns] vruntime=7319334662 [ns]
           marco-2113  [006] d...    87.976713: sched_switch: prev_comm=marco prev_pid=2113 prev_prio=120 prev_state=S ==> next_comm=swapper/6 next_pid=0 next_prio=120
          <idle>-0     [006] d...    87.976715: cpu_idle: state=6 cpu_id=6
          <idle>-0     [006] d...    87.983654: cpu_idle: state=4294967295 cpu_id=6
          <idle>-0     [006] d.s.    87.983661: sched_waking: comm=rcu_sched pid=8 prio=120 target_cpu=006
          <idle>-0     [006] d.s.    87.983663: sutil_marker: Schedutil: get_next_freq: 4000000: 1024
          <idle>-0     [006] d.s.    87.983663: sutil_marker: Schedutil: update-single-util: 82: 72
          <idle>-0     [006] d.s.    87.983663: sutil_marker: Schedutil: update-single-boost: 82: 72
          <idle>-0     [006] d.s.    87.983663: sutil_marker: Schedutil: update-single-freq: 4000000: 800000
          <idle>-0     [006] d.s.    87.983666: cpu_frequency: state=800000 cpu_id=6
          <idle>-0     [006] dNs.    87.983686: sched_wakeup: comm=rcu_sched pid=8 prio=120 target_cpu=006
          <idle>-0     [006] d...    87.983689: sched_switch: prev_comm=swapper/6 prev_pid=0 prev_prio=120 prev_state=R ==> next_comm=rcu_sched next_pid=8 next_prio=120
       rcu_sched-8     [006] d...    87.983691: sched_stat_runtime: comm=rcu_sched pid=8 runtime=4664 [ns] vruntime=45152463184 [ns]
       rcu_sched-8     [006] d...    87.983692: sched_switch: prev_comm=rcu_sched prev_pid=8 prev_prio=120 prev_state=S ==> next_comm=swapper/6 next_pid=0 next_prio=120
          <idle>-0     [006] d...    87.983693: cpu_idle: state=6 cpu_id=6
          <idle>-0     [006] d...    87.991561: cpu_idle: state=4294967295 cpu_id=6
          <idle>-0     [006] d.s.    87.991573: sched_waking: comm=rcu_sched pid=8 prio=120 target_cpu=006
          <idle>-0     [006] d.s.    87.991576: sutil_marker: Schedutil: update-single-return: 72: 61
          <idle>-0     [006] dNs.    87.991579: sched_wakeup: comm=rcu_sched pid=8 prio=120 target_cpu=006
          <idle>-0     [006] d...    87.991596: sched_switch: prev_comm=swapper/6 prev_pid=0 prev_prio=120 prev_state=R ==> next_comm=rcu_sched next_pid=8 next_prio=120
       rcu_sched-8     [006] d...    87.991603: sched_stat_runtime: comm=rcu_sched pid=8 runtime=21240 [ns] vruntime=45152484424 [ns]
       rcu_sched-8     [006] d...    87.991606: sched_switch: prev_comm=rcu_sched prev_pid=8 prev_prio=120 prev_state=S ==> next_comm=swapper/6 next_pid=0 next_prio=120
          <idle>-0     [006] d...    87.991613: cpu_idle: state=6 cpu_id=6
          <idle>-0     [006] dN..    87.994392: cpu_idle: state=4294967295 cpu_id=6
          <idle>-0     [006] d...    87.994402: sched_switch: prev_comm=swapper/6 prev_pid=0 prev_prio=120 prev_state=R ==> next_comm=marco next_pid=2113 next_prio=120
           marco-2113  [006] d...    87.994487: sched_waking: comm=Xorg pid=1080 prio=120 target_cpu=002
           marco-2113  [006] d...    87.994492: sched_wake_idle_without_ipi: cpu=2
           marco-2113  [006] d...    87.994493: sched_wakeup: comm=Xorg pid=1080 prio=120 target_cpu=002
           marco-2113  [006] d...    87.994502: sched_stat_runtime: comm=marco pid=2113 runtime=117172 [ns] vruntime=7319451834 [ns]
           marco-2113  [006] d...    87.994506: sched_switch: prev_comm=marco prev_pid=2113 prev_prio=120 prev_state=S ==> next_comm=swapper/6 next_pid=0 next_prio=120
          <idle>-0     [006] d...    87.994514: cpu_idle: state=6 cpu_id=6
          <idle>-0     [006] dN..    87.994585: cpu_idle: state=4294967295 cpu_id=6
          <idle>-0     [006] d...    87.994591: sched_switch: prev_comm=swapper/6 prev_pid=0 prev_prio=120 prev_state=R ==> next_comm=marco next_pid=2113 next_prio=120
           marco-2113  [006] d...    87.994678: sched_waking: comm=Xorg pid=1080 prio=120 target_cpu=002
           marco-2113  [006] d...    87.994682: sched_wake_idle_without_ipi: cpu=2
           marco-2113  [006] d...    87.994683: sched_wakeup: comm=Xorg pid=1080 prio=120 target_cpu=002
           marco-2113  [006] d...    87.994688: sched_stat_runtime: comm=marco pid=2113 runtime=106844 [ns] vruntime=7319558678 [ns]
           marco-2113  [006] d...    87.994691: sched_switch: prev_comm=marco prev_pid=2113 prev_prio=120 prev_state=S ==> next_comm=swapper/6 next_pid=0 next_prio=120
          <idle>-0     [006] d...    87.994697: cpu_idle: state=6 cpu_id=6
          <idle>-0     [006] dN..    87.995029: cpu_idle: state=4294967295 cpu_id=6
          <idle>-0     [006] d...    87.995037: sched_switch: prev_comm=swapper/6 prev_pid=0 prev_prio=120 prev_state=R ==> next_comm=marco next_pid=2113 next_prio=120
           marco-2113  [006] d...    87.995096: sched_stat_runtime: comm=marco pid=2113 runtime=72580 [ns] vruntime=7319631258 [ns]
           marco-2113  [006] d...    87.995099: sched_switch: prev_comm=marco prev_pid=2113 prev_prio=120 prev_state=S ==> next_comm=swapper/6 next_pid=0 next_prio=120
          <idle>-0     [006] d...    87.995105: cpu_idle: state=6 cpu_id=6
          <idle>-0     [006] dN..    87.997079: cpu_idle: state=4294967295 cpu_id=6
          <idle>-0     [006] d...    87.997091: sched_switch: prev_comm=swapper/6 prev_pid=0 prev_prio=120 prev_state=R ==> next_comm=alsa-sink-USB A next_pid=2139 next_prio=94
 alsa-sink-USB A-2139  [006] d...    87.997540: sched_waking: comm=pulseaudio pid=1481 prio=109 target_cpu=003
 alsa-sink-USB A-2139  [006] d...    87.997547: sched_wake_idle_without_ipi: cpu=3
 alsa-sink-USB A-2139  [006] d...    87.997548: sched_wakeup: comm=pulseaudio pid=1481 prio=109 target_cpu=003
 alsa-sink-USB A-2139  [006] d...    87.998003: sutil_marker: Schedutil: update-single-util: 61: 58
 alsa-sink-USB A-2139  [006] d...    87.998004: sutil_marker: Schedutil: update-single-boost: 61: 58
 alsa-sink-USB A-2139  [006] d...    87.998004: sutil_marker: Schedutil: update-single-freq: 800000: 4000000
 alsa-sink-USB A-2139  [006] d...    87.998009: cpu_frequency: state=4000000 cpu_id=6
 alsa-sink-USB A-2139  [006] d...    87.998013: sched_switch: prev_comm=alsa-sink-USB A prev_pid=2139 prev_prio=94 prev_state=S ==> next_comm=swapper/6 next_pid=0 next_prio=120
          <idle>-0     [006] d...    87.998021: cpu_idle: state=4 cpu_id=6
          <idle>-0     [006] dN..    87.998371: cpu_idle: state=4294967295 cpu_id=6
          <idle>-0     [006] d...    87.998372: sched_switch: prev_comm=swapper/6 prev_pid=0 prev_prio=120 prev_state=R ==> next_comm=alsa-sink-USB A next_pid=2139 next_prio=94
 alsa-sink-USB A-2139  [006] d...    87.998412: sutil_marker: Schedutil: update-single-return: 58: 58
 alsa-sink-USB A-2139  [006] d...    87.998413: sched_switch: prev_comm=alsa-sink-USB A prev_pid=2139 prev_prio=94 prev_state=S ==> next_comm=swapper/6 next_pid=0 next_prio=120
          <idle>-0     [006] d...    87.998414: cpu_idle: state=4 cpu_id=6
          <idle>-0     [006] dN..    87.998869: cpu_idle: state=4294967295 cpu_id=6
          <idle>-0     [006] d...    87.998870: sched_switch: prev_comm=swapper/6 prev_pid=0 prev_prio=120 prev_state=R ==> next_comm=alsa-sink-USB A next_pid=2139 next_prio=94
 alsa-sink-USB A-2139  [006] d...    87.998902: sutil_marker: Schedutil: update-single-return: 58: 58
 alsa-sink-USB A-2139  [006] d...    87.998903: sched_switch: prev_comm=alsa-sink-USB A prev_pid=2139 prev_prio=94 prev_state=S ==> next_comm=swapper/6 next_pid=0 next_prio=120
          <idle>-0     [006] d...    87.998904: cpu_idle: state=4 cpu_id=6
          <idle>-0     [006] d...    87.999654: cpu_idle: state=4294967295 cpu_id=6
          <idle>-0     [006] d.s.    87.999662: sched_waking: comm=rcu_sched pid=8 prio=120 target_cpu=006
          <idle>-0     [006] d.s.    87.999664: sutil_marker: Schedutil: update-single-return: 58: 58
          <idle>-0     [006] dNs.    87.999665: sched_wakeup: comm=rcu_sched pid=8 prio=120 target_cpu=006
          <idle>-0     [006] d...    87.999687: sched_switch: prev_comm=swapper/6 prev_pid=0 prev_prio=120 prev_state=R ==> next_comm=rcu_sched next_pid=8 next_prio=120
       rcu_sched-8     [006] d...    87.999690: sched_stat_runtime: comm=rcu_sched pid=8 runtime=23672 [ns] vruntime=45153229515 [ns]
       rcu_sched-8     [006] d...    87.999690: sched_switch: prev_comm=rcu_sched prev_pid=8 prev_prio=120 prev_state=S ==> next_comm=swapper/6 next_pid=0 next_prio=120
          <idle>-0     [006] d...    87.999692: cpu_idle: state=6 cpu_id=6
          <idle>-0     [006] d...    88.007655: cpu_idle: state=4294967295 cpu_id=6
          <idle>-0     [006] d.s.    88.007662: sched_waking: comm=rcu_sched pid=8 prio=120 target_cpu=006
          <idle>-0     [006] d.s.    88.007664: sutil_marker: Schedutil: update-single-return: 58: 49
          <idle>-0     [006] dNs.    88.007665: sched_wakeup: comm=rcu_sched pid=8 prio=120 target_cpu=006
          <idle>-0     [006] d...    88.007690: sched_switch: prev_comm=swapper/6 prev_pid=0 prev_prio=120 prev_state=R ==> next_comm=rcu_sched next_pid=8 next_prio=120
       rcu_sched-8     [006] d...    88.007692: sched_stat_runtime: comm=rcu_sched pid=8 runtime=25929 [ns] vruntime=45153255444 [ns]
       rcu_sched-8     [006] d...    88.007692: sched_switch: prev_comm=rcu_sched prev_pid=8 prev_prio=120 prev_state=S ==> next_comm=swapper/6 next_pid=0 next_prio=120
          <idle>-0     [006] d...    88.007694: cpu_idle: state=6 cpu_id=6
          <idle>-0     [006] d...    88.015655: cpu_idle: state=4294967295 cpu_id=6
          <idle>-0     [006] d.s.    88.015661: sched_waking: comm=rcu_sched pid=8 prio=120 target_cpu=006
          <idle>-0     [006] d.s.    88.015663: sutil_marker: Schedutil: get_next_freq: 4000000: 1024
          <idle>-0     [006] d.s.    88.015664: sutil_marker: Schedutil: update-single-util: 49: 42
          <idle>-0     [006] d.s.    88.015664: sutil_marker: Schedutil: update-single-boost: 49: 42
          <idle>-0     [006] d.s.    88.015664: sutil_marker: Schedutil: update-single-freq: 4000000: 800000
          <idle>-0     [006] d.s.    88.015666: cpu_frequency: state=800000 cpu_id=6
          <idle>-0     [006] dNs.    88.015667: sched_wakeup: comm=rcu_sched pid=8 prio=120 target_cpu=006
          <idle>-0     [006] d...    88.015688: sched_switch: prev_comm=swapper/6 prev_pid=0 prev_prio=120 prev_state=R ==> next_comm=rcu_sched next_pid=8 next_prio=120
       rcu_sched-8     [006] d...    88.015690: sched_stat_runtime: comm=rcu_sched pid=8 runtime=22050 [ns] vruntime=45153277494 [ns]
       rcu_sched-8     [006] d...    88.015690: sched_switch: prev_comm=rcu_sched prev_pid=8 prev_prio=120 prev_state=S ==> next_comm=swapper/6 next_pid=0 next_prio=120
          <idle>-0     [006] d...    88.015692: cpu_idle: state=6 cpu_id=6
          <idle>-0     [006] d...    88.023572: cpu_idle: state=4294967295 cpu_id=6
          <idle>-0     [006] d.s.    88.023584: sched_waking: comm=rcu_sched pid=8 prio=120 target_cpu=006
          <idle>-0     [006] d.s.    88.023588: sutil_marker: Schedutil: update-single-return: 42: 36
          <idle>-0     [006] dNs.    88.023590: sched_wakeup: comm=rcu_sched pid=8 prio=120 target_cpu=006
          <idle>-0     [006] d...    88.023606: sched_switch: prev_comm=swapper/6 prev_pid=0 prev_prio=120 prev_state=R ==> next_comm=rcu_sched next_pid=8 next_prio=120
       rcu_sched-8     [006] d...    88.023614: sched_stat_runtime: comm=rcu_sched pid=8 runtime=20390 [ns] vruntime=45153297884 [ns]
       rcu_sched-8     [006] d...    88.023616: sched_switch: prev_comm=rcu_sched prev_pid=8 prev_prio=120 prev_state=S ==> next_comm=swapper/6 next_pid=0 next_prio=120
          <idle>-0     [006] d...    88.023623: cpu_idle: state=6 cpu_id=6
          <idle>-0     [006] dN..    88.025264: cpu_idle: state=4294967295 cpu_id=6
          <idle>-0     [006] d...    88.025276: sched_switch: prev_comm=swapper/6 prev_pid=0 prev_prio=120 prev_state=R ==> next_comm=marco next_pid=2113 next_prio=120
           marco-2113  [006] d...    88.025362: sched_waking: comm=Xorg pid=1080 prio=120 target_cpu=003
           marco-2113  [006] d...    88.025368: sched_wake_idle_without_ipi: cpu=3
           marco-2113  [006] d...    88.025369: sched_wakeup: comm=Xorg pid=1080 prio=120 target_cpu=003
           marco-2113  [006] d...    88.025377: sched_stat_runtime: comm=marco pid=2113 runtime=152159 [ns] vruntime=7319783417 [ns]
           marco-2113  [006] d...    88.025380: sched_switch: prev_comm=marco prev_pid=2113 prev_prio=120 prev_state=S ==> next_comm=swapper/6 next_pid=0 next_prio=120
          <idle>-0     [006] d...    88.025389: cpu_idle: state=6 cpu_id=6
          <idle>-0     [006] dN..    88.025493: cpu_idle: state=4294967295 cpu_id=6
          <idle>-0     [006] d...    88.025502: sched_switch: prev_comm=swapper/6 prev_pid=0 prev_prio=120 prev_state=R ==> next_comm=marco next_pid=2113 next_prio=120
           marco-2113  [006] d...    88.025629: sched_waking: comm=Xorg pid=1080 prio=120 target_cpu=003
           marco-2113  [006] d...    88.025635: sched_wake_idle_without_ipi: cpu=3
           marco-2113  [006] d...    88.025635: sched_wakeup: comm=Xorg pid=1080 prio=120 target_cpu=003
           marco-2113  [006] d...    88.025644: sched_stat_runtime: comm=marco pid=2113 runtime=155975 [ns] vruntime=7319939392 [ns]
           marco-2113  [006] d...    88.025648: sutil_marker: Schedutil: update-single-return: 36: 41
           marco-2113  [006] d...    88.025651: sched_switch: prev_comm=marco prev_pid=2113 prev_prio=120 prev_state=S ==> next_comm=swapper/6 next_pid=0 next_prio=120
          <idle>-0     [006] d...    88.025664: cpu_idle: state=6 cpu_id=6
          <idle>-0     [006] dN..    88.026099: cpu_idle: state=4294967295 cpu_id=6
          <idle>-0     [006] d...    88.026113: sched_switch: prev_comm=swapper/6 prev_pid=0 prev_prio=120 prev_state=R ==> next_comm=marco next_pid=2113 next_prio=120
           marco-2113  [006] d...    88.026185: sched_stat_runtime: comm=marco pid=2113 runtime=117922 [ns] vruntime=7320057314 [ns]
           marco-2113  [006] d...    88.026189: sched_switch: prev_comm=marco prev_pid=2113 prev_prio=120 prev_state=S ==> next_comm=swapper/6 next_pid=0 next_prio=120
          <idle>-0     [006] d...    88.026198: cpu_idle: state=6 cpu_id=6
          <idle>-0     [006] d...    88.031562: cpu_idle: state=4294967295 cpu_id=6
          <idle>-0     [006] d.s.    88.031579: sched_waking: comm=rcu_sched pid=8 prio=120 target_cpu=006
          <idle>-0     [006] d.s.    88.031583: sutil_marker: Schedutil: get_next_freq: 800000: 1024
          <idle>-0     [006] d.s.    88.031583: sutil_marker: Schedutil: update-single-util: 41: 39
          <idle>-0     [006] d.s.    88.031584: sutil_marker: Schedutil: update-single-boost: 41: 39
          <idle>-0     [006] d.s.    88.031585: sutil_marker: Schedutil: update-single-freq: 800000: 800000
          <idle>-0     [006] dNs.    88.031587: sched_wakeup: comm=rcu_sched pid=8 prio=120 target_cpu=006
          <idle>-0     [006] d...    88.031605: sched_switch: prev_comm=swapper/6 prev_pid=0 prev_prio=120 prev_state=R ==> next_comm=rcu_sched next_pid=8 next_prio=120
       rcu_sched-8     [006] d...    88.031612: sched_stat_runtime: comm=rcu_sched pid=8 runtime=21674 [ns] vruntime=45154071986 [ns]
       rcu_sched-8     [006] d...    88.031615: sched_switch: prev_comm=rcu_sched prev_pid=8 prev_prio=120 prev_state=S ==> next_comm=swapper/6 next_pid=0 next_prio=120
          <idle>-0     [006] d...    88.031622: cpu_idle: state=4 cpu_id=6
          <idle>-0     [006] d...    88.032808: cpu_idle: state=4294967295 cpu_id=6
          <idle>-0     [006] d.h.    88.032816: sched_waking: comm=alsa-sink-USB A pid=2139 prio=94 target_cpu=006
          <idle>-0     [006] dNh.    88.032819: sched_wakeup: comm=alsa-sink-USB A pid=2139 prio=94 target_cpu=006
          <idle>-0     [006] d...    88.032827: sched_switch: prev_comm=swapper/6 prev_pid=0 prev_prio=120 prev_state=R ==> next_comm=alsa-sink-USB A next_pid=2139 next_prio=94
 alsa-sink-USB A-2139  [006] d...    88.033031: sched_waking: comm=pulseaudio pid=1481 prio=109 target_cpu=003
 alsa-sink-USB A-2139  [006] d...    88.033038: sched_wake_idle_without_ipi: cpu=3
 alsa-sink-USB A-2139  [006] d...    88.033038: sched_wakeup: comm=pulseaudio pid=1481 prio=109 target_cpu=003
 alsa-sink-USB A-2139  [006] d...    88.033774: sutil_marker: Schedutil: update-single-util: 39: 39
 alsa-sink-USB A-2139  [006] d...    88.033775: sutil_marker: Schedutil: update-single-boost: 39: 39
 alsa-sink-USB A-2139  [006] d...    88.033776: sutil_marker: Schedutil: update-single-freq: 800000: 4000000
 alsa-sink-USB A-2139  [006] d...    88.033779: cpu_frequency: state=4000000 cpu_id=6
 alsa-sink-USB A-2139  [006] d...    88.033783: sched_switch: prev_comm=alsa-sink-USB A prev_pid=2139 prev_prio=94 prev_state=S ==> next_comm=swapper/6 next_pid=0 next_prio=120
          <idle>-0     [006] d...    88.033792: cpu_idle: state=6 cpu_id=6
          <idle>-0     [006] dN..    88.050126: cpu_idle: state=4294967295 cpu_id=6
          <idle>-0     [006] d...    88.050129: sched_switch: prev_comm=swapper/6 prev_pid=0 prev_prio=120 prev_state=R ==> next_comm=ServiceWorker T next_pid=3076 next_prio=120
           <...>-3076  [006] d...    88.050306: sched_waking: comm=chrome pid=3067 prio=120 target_cpu=005
           <...>-3076  [006] d...    88.050307: sched_wake_idle_without_ipi: cpu=5
           <...>-3076  [006] d...    88.050307: sched_wakeup: comm=chrome pid=3067 prio=120 target_cpu=005
           <...>-3076  [006] d...    88.050380: sched_stat_runtime: comm=ServiceWorker T pid=3076 runtime=252802 [ns] vruntime=7318614067 [ns]
           <...>-3076  [006] d...    88.050381: sched_switch: prev_comm=ServiceWorker T prev_pid=3076 prev_prio=120 prev_state=D ==> next_comm=swapper/6 next_pid=0 next_prio=120
          <idle>-0     [006] d...    88.050384: cpu_idle: state=6 cpu_id=6
          <idle>-0     [006] dN..    88.050385: cpu_idle: state=4294967295 cpu_id=6
          <idle>-0     [006] d...    88.050386: sched_switch: prev_comm=swapper/6 prev_pid=0 prev_prio=120 prev_state=R ==> next_comm=ServiceWorker T next_pid=3076 next_prio=120
           <...>-3076  [006] d...    88.050467: sched_stat_runtime: comm=ServiceWorker T pid=3076 runtime=82801 [ns] vruntime=7318696868 [ns]
           <...>-3076  [006] d...    88.050468: sched_switch: prev_comm=ServiceWorker T prev_pid=3076 prev_prio=120 prev_state=S ==> next_comm=swapper/6 next_pid=0 next_prio=120
          <idle>-0     [006] d...    88.050471: cpu_idle: state=6 cpu_id=6
          <idle>-0     [006] dN..    88.052628: cpu_idle: state=4294967295 cpu_id=6
          <idle>-0     [006] d...    88.052631: sched_switch: prev_comm=swapper/6 prev_pid=0 prev_prio=120 prev_state=R ==> next_comm=marco next_pid=2113 next_prio=120
           marco-2113  [006] d...    88.052675: sched_waking: comm=Xorg pid=1080 prio=120 target_cpu=005
           marco-2113  [006] d...    88.052677: sched_wake_idle_without_ipi: cpu=5
           marco-2113  [006] d...    88.052677: sched_wakeup: comm=Xorg pid=1080 prio=120 target_cpu=005
           marco-2113  [006] d...    88.052679: sched_stat_runtime: comm=marco pid=2113 runtime=98522 [ns] vruntime=7320155836 [ns]
           marco-2113  [006] d...    88.052679: sched_switch: prev_comm=marco prev_pid=2113 prev_prio=120 prev_state=S ==> next_comm=swapper/6 next_pid=0 next_prio=120
          <idle>-0     [006] d...    88.052699: cpu_idle: state=6 cpu_id=6
          <idle>-0     [006] dN..    88.052754: cpu_idle: state=4294967295 cpu_id=6
          <idle>-0     [006] d...    88.052756: sched_switch: prev_comm=swapper/6 prev_pid=0 prev_prio=120 prev_state=R ==> next_comm=marco next_pid=2113 next_prio=120
           marco-2113  [006] d...    88.052798: sched_waking: comm=Xorg pid=1080 prio=120 target_cpu=005
           marco-2113  [006] d...    88.052800: sched_wake_idle_without_ipi: cpu=5
           marco-2113  [006] d...    88.052800: sched_wakeup: comm=Xorg pid=1080 prio=120 target_cpu=005
           marco-2113  [006] d...    88.052802: sched_stat_runtime: comm=marco pid=2113 runtime=65534 [ns] vruntime=7320221370 [ns]
           marco-2113  [006] d...    88.052802: sched_switch: prev_comm=marco prev_pid=2113 prev_prio=120 prev_state=S ==> next_comm=swapper/6 next_pid=0 next_prio=120
          <idle>-0     [006] d...    88.052804: cpu_idle: state=6 cpu_id=6
          <idle>-0     [006] dN..    88.052950: cpu_idle: state=4294967295 cpu_id=6
          <idle>-0     [006] d...    88.052952: sched_switch: prev_comm=swapper/6 prev_pid=0 prev_prio=120 prev_state=R ==> next_comm=marco next_pid=2113 next_prio=120
           marco-2113  [006] d...    88.052963: sched_stat_runtime: comm=marco pid=2113 runtime=36689 [ns] vruntime=7320258059 [ns]
           marco-2113  [006] d...    88.052964: sched_switch: prev_comm=marco prev_pid=2113 prev_prio=120 prev_state=S ==> next_comm=swapper/6 next_pid=0 next_prio=120
          <idle>-0     [006] d...    88.052966: cpu_idle: state=6 cpu_id=6
          <idle>-0     [006] d...    88.067659: cpu_idle: state=4294967295 cpu_id=6
          <idle>-0     [006] d.h.    88.067664: sched_waking: comm=alsa-sink-USB A pid=2139 prio=94 target_cpu=006
          <idle>-0     [006] dNh.    88.067667: sched_wakeup: comm=alsa-sink-USB A pid=2139 prio=94 target_cpu=006
          <idle>-0     [006] d...    88.067689: sched_switch: prev_comm=swapper/6 prev_pid=0 prev_prio=120 prev_state=R ==> next_comm=alsa-sink-USB A next_pid=2139 next_prio=94
 alsa-sink-USB A-2139  [006] d...    88.067749: sched_waking: comm=pulseaudio pid=1481 prio=109 target_cpu=003
 alsa-sink-USB A-2139  [006] d...    88.067751: sched_wake_idle_without_ipi: cpu=3
 alsa-sink-USB A-2139  [006] d...    88.067751: sched_wakeup: comm=pulseaudio pid=1481 prio=109 target_cpu=003
 alsa-sink-USB A-2139  [006] d...    88.067940: sched_waking: comm=pulseaudio pid=1481 prio=109 target_cpu=003
 alsa-sink-USB A-2139  [006] d...    88.067940: sched_wake_idle_without_ipi: cpu=3
 alsa-sink-USB A-2139  [006] d...    88.067940: sched_wakeup: comm=pulseaudio pid=1481 prio=109 target_cpu=003
 alsa-sink-USB A-2139  [006] d...    88.068063: sutil_marker: Schedutil: update-single-util: 39: 34
 alsa-sink-USB A-2139  [006] d...    88.068063: sutil_marker: Schedutil: update-single-boost: 39: 34
 alsa-sink-USB A-2139  [006] d...    88.068063: sutil_marker: Schedutil: update-single-freq: 4000000: 4000000
 alsa-sink-USB A-2139  [006] d...    88.068064: sched_switch: prev_comm=alsa-sink-USB A prev_pid=2139 prev_prio=94 prev_state=S ==> next_comm=swapper/6 next_pid=0 next_prio=120
          <idle>-0     [006] d...    88.068066: cpu_idle: state=6 cpu_id=6
          <idle>-0     [006] dN..    88.069103: cpu_idle: state=4294967295 cpu_id=6
          <idle>-0     [006] d...    88.069106: sched_switch: prev_comm=swapper/6 prev_pid=0 prev_prio=120 prev_state=R ==> next_comm=Chrome_ChildIOT next_pid=2362 next_prio=120
           <...>-2362  [006] d...    88.069130: sched_waking: comm=chrome pid=2361 prio=120 target_cpu=007
           <...>-2362  [006] d...    88.069132: sched_stat_runtime: comm=Chrome_ChildIOT pid=1963 runtime=4018 [ns] vruntime=6642547421 [ns]
           <...>-2362  [006] d...    88.069133: sched_wakeup: comm=chrome pid=2361 prio=120 target_cpu=007
           <...>-2362  [006] d...    88.069138: sched_stat_runtime: comm=Chrome_ChildIOT pid=2362 runtime=54513 [ns] vruntime=7318415778 [ns]
           <...>-2362  [006] d...    88.069142: sched_stat_runtime: comm=chrome pid=1915 runtime=7800 [ns] vruntime=6642154100 [ns]
           <...>-2362  [006] d...    88.069142: sched_migrate_task: comm=chrome pid=2361 prio=120 orig_cpu=7 dest_cpu=6
           <...>-2362  [006] d...    88.069142: sched_stat_runtime: comm=Chrome_ChildIOT pid=2362 runtime=4441 [ns] vruntime=7318420219 [ns]
           <...>-2362  [006] d...    88.069143: sutil_marker: Schedutil: attach_entity_load_avg: 0: 0
           <...>-2362  [006] d...    88.069144: sched_switch: prev_comm=Chrome_ChildIOT prev_pid=2362 prev_prio=120 prev_state=S ==> next_comm=chrome next_pid=2361 next_prio=120
          chrome-2361  [006] d...    88.069173: sched_stat_runtime: comm=chrome pid=2361 runtime=30384 [ns] vruntime=7318502167 [ns]
          chrome-2361  [006] d...    88.069174: sched_switch: prev_comm=chrome prev_pid=2361 prev_prio=120 prev_state=S ==> next_comm=swapper/6 next_pid=0 next_prio=120
          <idle>-0     [006] d...    88.069176: cpu_idle: state=6 cpu_id=6
          <idle>-0     [006] dN..    88.073867: cpu_idle: state=4294967295 cpu_id=6
          <idle>-0     [006] d...    88.073869: sched_switch: prev_comm=swapper/6 prev_pid=0 prev_prio=120 prev_state=R ==> next_comm=alsa-sink-USB A next_pid=2139 next_prio=94
 alsa-sink-USB A-2139  [006] d...    88.073908: sutil_marker: Schedutil: update-single-util: 34: 24
 alsa-sink-USB A-2139  [006] d...    88.073908: sutil_marker: Schedutil: update-single-boost: 34: 24
